01-13 11:55:21.116  8300  8300 I GoogleInputMethodService: GoogleInputMethodService.onStartInputView():1447 onStartInputView(EditorInfo{EditorInfo{packageName=com.android.launcher, inputType=1, inputTypeString=Normal[], enableLearning=true, autoCorrection=true, autoComplete=true, imeOptions=3, privateImeOptions=null, actionName=SEARCH, actionLabel=null, initialSelStart=0, initialSelEnd=0, initialCapsMode=0, label=null, fieldId=2131363299, fieldName=null, extras=Bundle[{androidx.core.view.inputmethod.EditorInfoCompat.STYLUS_HANDWRITING_ENABLED=true, com.oplus.im.WINDOW_MODE=1, com.oplus.im.SCENES=0}], hintText=non-empty, hintLocales=[]}}, false)
01-13 11:55:21.116  8300  8300 I KeyboardHeightUtil: KeyboardHeightUtil.getOemKeyboardHeightRatio():81 systemKeyboardHeightRatio:1.000000.
01-13 11:55:21.116 15891 23350 D EDGE_TOUCH_SERVICE: onInputtungMethodVisibilityChanged: isVisible = true
01-13 11:55:21.116  8300  8300 I AndroidIME: InputBundleManager.loadActiveInputBundleId():528 loadActiveInputBundleId: en-GB, ime_english_great_britain
01-13 11:55:21.116  3522  4225 D CoreBackPreview: Window{882e011 u0 com.android.launcher/com.android.launcher.Launcher}: Setting back callback OnBackInvokedCallbackInfo{mCallback=android.window.IOnBackInvokedCallback$Stub$Proxy@d5c28e3, mPriority=0, mIsAnimationCallback=false, mOverrideBehavior=0}
01-13 11:55:21.116  8300  8300 I AndroidIME: AbstractIme.onActivate():95 LatinIme.onActivate() : EditorInfo = EditorInfo{packageName=com.android.launcher, inputType=1, inputTypeString=Normal[], enableLearning=true, autoCorrection=true, autoComplete=true, imeOptions=3, privateImeOptions=null, actionName=SEARCH, actionLabel=null, initialSelStart=0, initialSelEnd=0, initialCapsMode=0, label=null, fieldId=2131363299, fieldName=null, extras=Bundle[{androidx.core.view.inputmethod.EditorInfoCompat.STYLUS_HANDWRITING_ENABLED=true, com.oplus.im.WINDOW_MODE=1, com.oplus.im.SCENES=0}], hintText=non-empty, hintLocales=[]}, IncognitoMode = false, DeviceLocked = false
01-13 11:55:21.116 15891 15914 D EFFECT_TOUCH_SERVICE: onInputtungMethodVisibilityChanged: isVisible = true
01-13 11:55:21.117  3522  4485 W PackageConfigPersister: App-specific configuration not found for packageName: com.android.launcher and userId: 0
01-13 11:55:21.117  8300  8300 I InputBundle: InputBundle.consumeEvent():1033 Skip consuming an event as keyboard status is INACTIVE
01-13 11:55:21.117  8300  8300 I Delight5Facilitator: Delight5Facilitator.initializeForIme():745 initializeForIme() : Locale = [en_GB], layout = qwerty
01-13 11:55:21.117  8300  8300 I LatinIme: LatinIme.updateEnableInlineSuggestionsOnDecoderSideFlags():1241 inline flag updated to:false
01-13 11:55:21.117  8300  8300 I LatinIme: LatinIme.updateEnableInlineSuggestionsOnDecoderSideFlags():1241 inline flag updated to:false
01-13 11:55:21.117 15891 16418 D OplusEffectTouchRUSConfigManager: deviceId = 0
01-13 11:55:21.117 15891 16418 D OplusEffectTouchRUSConfigManager: writeEffectTouchParam command= mod para_effect set_package_type:0;mod para_effect sensitive_level:17;mod para_effect set_package_type:4
01-13 11:55:21.118  8300  8300 I InputBundle: InputBundle.consumeEvent():1033 Skip consuming an event as keyboard status is INACTIVE
01-13 11:55:21.118  8300  8300 I LatinIme: LatinIme.resetInputContext():2247 resetInputContext(): reason=1, externalEditsInfo=ExternalEditsInfo{action=0, offset=-1, text=null, originalText=null, edits=null}
01-13 11:55:21.118  8300  8300 I InputBundle: InputBundle.consumeEvent():1033 Skip consuming an event as keyboard status is INACTIVE
01-13 11:55:21.118  8300  8300 I KeyboardWrapper: KeyboardWrapper.activateKeyboard():582 activateKeyboard(): type=prime, status=INACTIVE, imeDef=nch{stringId=ime_english_great_britain, language=en-GB, languageTag=en-GB, processedConditions={writing_helper_enable_by_word_revert=false, true=true, enable_number_row=false, device=phone, enable_pk_simulator=false}, className=com.google.android.apps.inputmethod.libs.latin5.LatinIme, label=0, keyEventInterpreter=null, inlineComposing=true, autoCapital=true, announceAutoSelectedCandidate=true, statusIcon=0, indicatorIcon=0, indicatorLabel=GB, displayAppCompletions=true, extraValues=nca{#0x7f0b02dd=TypedValue{t=0x3/d=0x0 "com.google.android.apps.inputmethod.libs.latin5.LatinIme"}}, processors=nea@76e75ec, unacceptableMetaKeys=4098, languageSpecificSettings=0, asciiCapable=true, alwaysShowSuggestions=false, useAsciiPasswordKeyboard=false, keyboardGroupDef=ndj@2cde381, phenotypeFlagId=0, localizationLanguageTag=null, supportsInlineSuggestion=true}
01-13 11:55:21.119  8300  8300 I KeyboardManager: KeyboardManager.requestKeyboard():249 Creating keyboard prime, imeId=ime_english_great_britain, cacheKey=theme,!gsf,!pgsans,!pgsf,!use_system_font,BORDER,EXPRESSION_PAPERCUTS_V2,FLAVOR_DPI=XXXHDPI,KEYBOARD_WIDTH_CATEGORY=NORMAL,KEY_BORDER_SHAPE=1,LIGHT_THEME=false,PHYSICAL_DIAGONAL=5.210806,POPUP,SCREEN_SHORTEST_WIDTH=360,SCREEN_SHORTEST_WIDTH_NO_SCALE=360,XXXHDPI,bottom4dp,enable_popup_on_keypress=true,keyboard_redesign_google_sans=true,non_linear_scale,noshadow,overlay_builtin_dynamic_color_dark_base.binarypb:gm3-dark-ff0f131c-ffaec6ff-52946fe90fbc83349ef01af751f4f0ca,silkpopup,use_expression_papercuts_v2_colors=true
01-13 11:55:21.119  2027  2027 D SensorFeature: name=ssc_screenshot_info ,index = 22
01-13 11:55:21.119  8300  8300 I KeyboardWrapper: KeyboardWrapper.onKeyboardReady():224 onKeyboardReady(): type=prime(prime), kb=com.google.android.apps.inputmethod.latin.keyboard.LatinPrimeKeyboard@dd66bb3
01-13 11:55:21.119  8300  8300 I KeyboardWrapper: KeyboardWrapper.doActivateKeyboard():612 doActivateKeyboard(): prime
01-13 11:55:21.119  2027  2027 D SensorFeature: write 39 bytes:135649725558246,135649733891579,58228,0
01-13 11:55:21.119  8300  8300 I GoogleInputMethodService: GoogleInputMethodService$1.onKeyboardViewShown():323 onKeyboardViewShown: keyboardType=prime, keyboardViewType=HEADER keyboardView=com.google.android.libraries.inputmethod.widgets.SoftKeyboardView{c729495 V.E...... ......ID 0,0-0,0 alpha=1.0 viewInfo = }
01-13 11:55:21.119  8300  8300 I BaseKeyboardSizeHelper: BaseKeyboardSizeHelper.calculateMaxKeyboardBodyHeight():73 leave 291 height for app when ime window height:2124, header height:132 and isFullscreenMode:false, so the max keyboard body height is:1701
01-13 11:55:21.119  2048  2048 D OplusTouch: WRITE info len = [104] by Binder
01-13 11:55:21.120  2048  2048 D OplusTouch: path = /proc/touchpanel/touch_scene_para,len = 102400
01-13 11:55:21.120  2048  2048 D OplusTouch: binder transfer START:flag[0]node[188]deviceId[0]str[mod para_effect set_package_type:0;mod para_effect sensitive_level:17;mod para_effect set_package_type:4]info[mod para_effect set_package_type:0;mod para_effect sensitive_level:17;mod para_effect set_package_type:4]dataLength[102400]
01-13 11:55:21.120  3301  3435 E OplusTouchDaemon: syna_touch_node_handle:Id=0, nodeFlag=188, info=mod para_effect set_package_type:0;mod para_effect sensitive_level:17;mod para_effect set_package_type:4, wrFlag=0, cbsize=2048, readlen=2048
01-13 11:55:21.120  3301  3435 I touch-algo: [id:0] appType:0,gameType:0
01-13 11:55:21.120  3301  3435 E OplusTouchDaemon: [OplusTouchDaemon][algo_set_info][8744]: algo_set_info: set paramId 10, buf: , ret=0
01-13 11:55:21.120  3301  3435 I touch-algo: [id:0] sensitiveLevel, value:17 
01-13 11:55:21.120  3301  3435 E OplusTouchDaemon: [OplusTouchDaemon][algo_set_param][8729]: algo_set_param: set paramId 4, value: 17, ret=0
01-13 11:55:21.120  3301  3435 I touch-algo: [id:0] appType:4,gameType:4
01-13 11:55:21.120  3301  3435 E OplusTouchDaemon: [OplusTouchDaemon][algo_set_info][8744]: algo_set_info: set paramId 10, buf: , ret=0
01-13 11:55:21.120  3301  3435 E OplusTouchDaemon: syna_touch_node_handle:TOUCH_SCENE_PARA_NODE set to mod para_effect set_package_type:0, ret = 0
01-13 11:55:21.120  3301  3435 D OplusTouchDaemon: touchBinder:WRITE FINISH
01-13 11:55:21.120  2048  2048 D OplusTouch: WRITE SUCCESS! by Binder, get data len[2]
01-13 11:55:21.122  8300  8300 I BaseKeyboardSizeHelper: BaseKeyboardSizeHelper.calculateMaxKeyboardBodyHeight():73 leave 291 height for app when ime window height:2124, header height:132 and isFullscreenMode:false, so the max keyboard body height is:1701
01-13 11:55:21.122  4883  4883 I SystemUi--NavBar: NavigationBarGestureExImpl-->oplusAllowSystemGestureIgnoringBarVisibility isOplusFlagAllowBackGestureIgnoreVisibilityState = false isGestureMisTouchPreventionEnable = true
01-13 11:55:21.122  4883  4883 D LauncherProxyService: Notifying sysui state change to launcher service: proxy=com.android.systemui.shared.recents.ILauncherProxy$Stub$Proxy@9145db display=0 flags=ime_visible|ime_switcher_button_visible|awake|back_dismiss_ime
01-13 11:55:21.122  8300  8300 I GoogleInputMethodService: GoogleInputMethodService$1.onKeyboardViewShown():323 onKeyboardViewShown: keyboardType=prime, keyboardViewType=BODY keyboardView=com.google.android.libraries.inputmethod.widgets.SoftKeyboardView{e3b45f8 V.E...... ......ID 0,0-0,0 alpha=1.0 viewInfo = }
01-13 11:55:21.122  8300  8300 I BaseKeyboardSizeHelper: BaseKeyboardSizeHelper.calculateMaxKeyboardBodyHeight():73 leave 291 height for app when ime window height:2124, header height:132 and isFullscreenMode:false, so the max keyboard body height is:1701
01-13 11:55:21.122  8300  8300 I GlobeKeyExtension: GlobeKeyExtension$1.onKeyboardViewShown():72 maybeDisableLanguageSwitchKeyPref when the keyboard is shown
01-13 11:55:21.122  8300  8300 I GlobeKeyExtension: GlobeKeyExtension.maybeDisableLanguageSwitchKeyPref():200 maybeDisableLanguageSwitchKeyPref hasGlobeKeyBeenDisabled: true, shouldDisableLanguageSwitchKey: true
01-13 11:55:21.122  8300  8300 I NewLanguagePromptExtension: NewLanguagePromptExtension$1.onKeyboardViewShown():88 Not show new language banner: not prime keyboard, or the extension not activated.
01-13 11:55:21.122  8300  8300 W TooltipLifecycleManager: TooltipLifecycleManager.dismissTooltips():153 Tooltip with id undo_access_point_promotion_banner not found in tooltipManager.
01-13 11:55:21.123  8300  8300 I KeyboardModeUtils: KeyboardModeUtils.getKeyboardBottomOffset():435 inch: 0.000000 ydpi: 449.756989 adjustKeyboardBottomByDisplaySize: false currentDensityDpi: 480 defaultDensityDpi: 480 keyboardBottomToScreenPx: 0 keyboardBottomToNavBarPx: -132 navBarHeight: 132
01-13 11:55:21.123  8300  8300 I BaseKeyboardSizeHelper: BaseKeyboardSizeHelper.calculateMaxKeyboardBodyHeight():73 leave 291 height for app when ime window height:2124, header height:132 and isFullscreenMode:false, so the max keyboard body height is:1701
01-13 11:55:21.123  8300  8300 I BaseKeyboardSizeHelper: BaseKeyboardSizeHelper.calculateMaxKeyboardBodyHeight():73 leave 291 height for app when ime window height:2124, header height:132 and isFullscreenMode:false, so the max keyboard body height is:1701
01-13 11:55:21.123  8300  8300 I BaseKeyboardSizeHelper: BaseKeyboardSizeHelper.calculateMaxKeyboardBodyHeight():73 leave 291 height for app when ime window height:2124, header height:132 and isFullscreenMode:false, so the max keyboard body height is:1701
01-13 11:55:21.123  8300  8300 I BaseKeyboardSizeHelper: BaseKeyboardSizeHelper.calculateMaxKeyboardBodyHeight():73 leave 291 height for app when ime window height:2124, header height:132 and isFullscreenMode:false, so the max keyboard body height is:1701
01-13 11:55:21.123  8300  8300 I GlobeKeyExtension: GlobeKeyExtension.getKeyboardInitialStates():175 
01-13 11:55:21.123  8300  8300 W Keyboard: Keyboard.getKeyboardViewHelper():604 null helper is returned: keyboardDef=ndb{processedConditions={show_comma_key=true, enable_more_candidates_view_for_multilingual=false, layout_9key_split=false, enable_secondary_symbols=false, pref_enable_flick_symbols=false, language=en-GB, deprecate_long_press_space_for_ime_picker=false, expressions=normal, android_software_xr_api_spatial=false, variant=qwerty, show_period_key=true, device=phone, keyboard_mode=normal, show_secondary_digits=true, enable_preemptive_decode=true, enable_pk_simulator=false}, globalConditions={global_theme_key=theme,!gsf,!pgsans,!pgsf,!use_system_font,BORDER,EXPRESSION_PAPERCUTS_V2,FLAVOR_DPI=XXXHDPI,KEYBOARD_WIDTH_CATEGORY=NORMAL,KEY_BORDER_SHAPE=1,LIGHT_THEME=false,PHYSICAL_DIAGONAL=5.210806,POPUP,SCREEN_SHORTEST_WIDTH=360,SCREEN_SHORTEST_WIDTH_NO_SCALE=360,XXXHDPI,bottom4dp,enable_popup_on_keypress=true,keyboard_redesign_google_sans=true,non_linear_scale,noshadow,overlay_builtin_dynamic_color_dark_base.binarypb:gm3-dark-ff0f131c-ffaec6ff-52946fe90fbc83349ef01af751f4f0ca,silkpopup,use_expression_papercuts_v2_colors=true, global_locale=en_GB, global_density_dpi=480, global_orientation=1}, className=.latin.keyboard.LatinPrimeKeyboard, resourceIds=[#0x7f170600, #0x7f170891], initialStates=0, keyboardViewDefs=[ndr{direction=null, id=#0x7f0b0227, isScalable=true, layoutId=#0x7f0e0378, type=BODY, touchable=true, defaultShow=true}, ndr{direction=null, id=#0x7f0b0227, isScalable=false, layoutId=#0x7f0e020e, type=FLOATING_CANDIDATES, touchable=false, defaultShow=false}, ndr{direction=LOCALE, id=#0x7f0b0227, isScalable=false, layoutId=#0x7f0e0514, type=HEADER, touchable=true, defaultShow=true}], persistentStates=0, persistentStatesPrefKey=null, popupBubbleLayoutId=#0x7f0e0602, recentKeyLayoutId=#0x0, recentKeyPopupLayoutId=#0x0, recentKeyType=null, rememberRecentKey=NONE, sessionStates=17592186044419}, type=WIDGET, helpersCreated={HEADER=mpl@ea12277, BODY=mpl@2261ee4, FLOATING_CANDIDATES=mpl@ffccf4d}, context.getResources().getConfiguration(): {1.0 ??mcc??mnc [en_GB,en_IN] ldltr sw360dp w360dp h792dp 480dpi nrml long hdr widecg port night finger -keyb/v/h -nav/h winConfig={ mBounds=Rect(0, 0 - 1080, 2376) mAppBounds=Rect(0, 0 - 1080, 2376) mMaxBounds=Rect(0, 0 - 1080, 2376) mDisplayRotation=ROTATION_0 mWindowingMode=fullscreen mActivityType=undefined mAlwaysOnTop=undefined mRotation=ROTATION_0} s.13133 fontWeightAdjustment=0mThemeChanged= 2, mThemeChangedFlags= 0, mFlipFont= 0, mScenario= 0, mAccessibleChanged= -1, mUxIconConfig= 4b177015e00921, mMaterialColor= 0, mUserId= 0, mFontUserId= 0, mFontVariationSettings= 1226, mFoldingAngle = -1.0, mIconPackName= , mDarkModeBackgroundMaxL= 0.0, mDarkModeDialogBgMaxL= 27.0, mDarkModeForegroundMinL= 100.0, mOplusConfigType= 1, mOplusChangedConfigs= 0, OpSans= -1, mBurmeseFontFlag= 2, mFlag= 0, mExtraFlag= 0, mFlexibleActivitySuitable= -1, mPuttDisplayFlag= -1}
01-13 11:55:21.123  8300  8300 I BaseKeyboardSizeHelper: BaseKeyboardSizeHelper.calculateMaxKeyboardBodyHeight():73 leave 291 height for app when ime window height:2124, header height:132 and isFullscreenMode:false, so the max keyboard body height is:1701
01-13 11:55:21.126  8300  8300 I AndroidIME: InputBundleManager.startInput():358 startInput() with ndn[keyboardType=prime, payload=null]
01-13 11:55:21.126  8300  8300 I GlobeKeyExtension: GlobeKeyExtension.onActivate():120 
01-13 11:55:21.126  8300  8300 I LanguagePromoExtension: LanguagePromoExtension.checkDisplayPreconditions():171 Not show language promo: exceeds the max display times.
01-13 11:55:21.126  8300  8300 I HardKeyTracker: HardKeyTracker.unregisterKeySequence():221 Unregister key sequence nys{labelResId=2132020505, callback=ctw@251b7e1, lastModifier=2, keyCodes=[56], actions=[0]}
01-13 11:55:21.126  8300  8300 I HardKeyTracker: HardKeyTracker.unregisterKeySequence():221 Unregister key sequence nys{labelResId=2132020505, callback=ctw@bd80906, lastModifier=0, keyCodes=[317], actions=[0]}
01-13 11:55:21.126  8300  8300 I HardKeyTracker: HardKeyTracker.registerKeySequence():170 Register key sequence nys{labelResId=2132020505, callback=ctw@cc13095, lastModifier=2, keyCodes=[56], actions=[0]}
01-13 11:55:21.126  8300  8300 I HardKeyTracker: HardKeyTracker.registerKeySequence():170 Register key sequence nys{labelResId=2132020505, callback=ctw@34d45aa, lastModifier=0, keyCodes=[317], actions=[0]}
01-13 11:55:21.126  8300  8300 I VoiceInputManagerWrapper: VoiceInputManagerWrapper.cancelShutdown():109 cancelShutdown()
01-13 11:55:21.126  8300  8300 I VoiceInputManagerWrapper: VoiceInputManagerWrapper.syncLanguagePacks():121 syncLanguagePacks()
01-13 11:55:21.127  8300  8300 I VoiceInputManager: VoiceInputManager.onKeyboardActivated():1213 onKeyboardActivated() [UD]
01-13 11:55:21.127  8300  9687 I SpeechFactory: SpeechRecognitionFactory.maybeScheduleAutoPackDownloadForFallback():217 maybeScheduleAutoPackDownloadForFallback()
01-13 11:55:21.127  8300  8300 I PkModeUpdater: PkModeUpdater.onActivate():74 onActivate false true
01-13 11:55:21.127  8300  9687 I FallbackOnDeviceRecognitionProvider: FallbackOnDeviceRecognitionProvider.maybeScheduleAutoPackDownload():205 maybeScheduleAutoPackDownload() for language tag en-GB
01-13 11:55:21.127  8300  8300 I AccessoryInputModeManager: AccessoryInputModeManager.onModeStarted():321 Accessory input mode started: null
01-13 11:55:21.127  8300  8300 W SupplementaryKeyboardsWrapper: SupplementaryKeyboardsWrapper.deactivateKeyboard():162 keyboard accessory_candidates_consumer is not activated before!
01-13 11:55:21.127  8300  8300 I KeyboardModeUtils: KeyboardModeUtils.getKeyboardBottomOffset():435 inch: 0.000000 ydpi: 449.756989 adjustKeyboardBottomByDisplaySize: false currentDensityDpi: 480 defaultDensityDpi: 480 keyboardBottomToScreenPx: 0 keyboardBottomToNavBarPx: -132 navBarHeight: 132
01-13 11:55:21.127  8300  8300 I BaseKeyboardSizeHelper: BaseKeyboardSizeHelper.calculateMaxKeyboardBodyHeight():73 leave 291 height for app when ime window height:2124, header height:132 and isFullscreenMode:false, so the max keyboard body height is:1701
01-13 11:55:21.127  8300  8300 I BaseKeyboardSizeHelper: BaseKeyboardSizeHelper.calculateMaxKeyboardBodyHeight():73 leave 291 height for app when ime window height:2124, header height:132 and isFullscreenMode:false, so the max keyboard body height is:1701
01-13 11:55:21.127  8300  8300 I BaseKeyboardSizeHelper: BaseKeyboardSizeHelper.calculateMaxKeyboardBodyHeight():73 leave 291 height for app when ime window height:2124, header height:132 and isFullscreenMode:false, so the max keyboard body height is:1701
01-13 11:55:21.127  8300  8300 I BaseKeyboardSizeHelper: BaseKeyboardSizeHelper.calculateMaxKeyboardBodyHeight():73 leave 291 height for app when ime window height:2124, header height:132 and isFullscreenMode:false, so the max keyboard body height is:1701
01-13 11:55:21.127  8300  8300 W NormalModeController: NormalModeController.adjustKeyboardBodyHeightRatio():214 Invalid height ratio from decoder -1.000000!
01-13 11:55:21.127  8300  8300 W ExtensionWrapper: ExtensionWrapper.setExtensionViewVisibility():863 interface msq is not activate
01-13 11:55:21.127  8300  8300 I Module  : DeviceLockedStatusModuleProvider$Module.updateDeviceLockedStatus():103 repeatCheckTimes = 1, locked = false
01-13 11:55:21.127  8300  8300 I HardKeyTracker: HardKeyTracker.unregisterKeySequence():221 Unregister key sequence nys{labelResId=2132020505, callback=ctw@4525ef2, lastModifier=2, keyCodes=[56], actions=[0]}
01-13 11:55:21.127  8300  8300 I HardKeyTracker: HardKeyTracker.unregisterKeySequence():221 Unregister key sequence nys{labelResId=2132020505, callback=ctw@12c5943, lastModifier=0, keyCodes=[317], actions=[0]}
01-13 11:55:21.127  8300  8300 I HardKeyTracker: HardKeyTracker.registerKeySequence():170 Register key sequence nys{labelResId=2132020505, callback=ctw@fd14111, lastModifier=2, keyCodes=[56], actions=[0]}
01-13 11:55:21.127  8300  8300 I HardKeyTracker: HardKeyTracker.registerKeySequence():170 Register key sequence nys{labelResId=2132020505, callback=ctw@2121276, lastModifier=0, keyCodes=[317], actions=[0]}
01-13 11:55:21.128  8300  8300 I VoiceImeExtension: VoiceImeExtension.shouldStartVoiceInputAutomaticallyInCurrentInputBox():384 No private IME option set to start voice input.
01-13 11:55:21.128  8300  8300 I StylusModule: StylusModule.onUpdateToolType():799 Update tool type = 1
01-13 11:55:21.129  3522  4225 D CoreBackPreview: Window{882e011 u0 com.android.launcher/com.android.launcher.Launcher}: Setting back callback OnBackInvokedCallbackInfo{mCallback=android.window.IOnBackInvokedCallback$Stub$Proxy@e0ac45e, mPriority=0, mIsAnimationCallback=true, mOverrideBehavior=0}
01-13 11:55:21.129  3522  4488 D ImeInsetsSourceProvider: showImePostLayout cancelled, isScheduledAndReadyToShowIme: false, mImeRequester: null, serverVisible: false, frozen: false, mWindowContainer is: non-null, windowState: Window{5ffd8a7 u0 InputMethod}, isDrawn: false, mGivenInsetsPending: false, dcTarget: Window{882e011 u0 com.android.launcher/com.android.launcher.Launcher}, controlTarget: Window{882e011 u0 com.android.launcher/com.android.launcher.Launcher}
01-13 11:55:21.129  3522  4488 I ImeTracker: system_server:c417c933: onCancelled at PHASE_WM_ABORT_SHOW_IME_POST_LAYOUT
01-13 11:55:21.130  8300  8300 D ViewRootImplExtImpl: wrapConfigInfoIntoFlags rotation=0, smallestScreenWidthDp=360, residentWS=false, scenario=0, bounds=Rect(0, 0 - 1080, 2376), relayoutAsync=false, flags=1, newFlags=1245719809, title=InputMethod
01-13 11:55:21.130  3522  4488 V WindowManager: Relayout Window{5ffd8a7 u0 InputMethod}: viewVisibility=0, oldvis=8, req=1080x2256 , apr = 0, vsysui=, x=0, y=0
01-13 11:55:21.130  3522  4488 I WindowManager: Window{5ffd8a7 u0 InputMethod} state from NO_SURFACE to DRAW_PENDING; reason: resetDrawState
01-13 11:55:21.130  3522  3700 W SmartWindowScene: updateWindowState fail! invalid window type: -1
01-13 11:55:21.131  3522  3700 W SmartWindowScene: updateWindowState fail! invalid window type: -1
01-13 11:55:21.133  3522  4488 D QuickBackInputPolicy: hasMultiChildrenInTask: false
01-13 11:55:21.133  3522  4488 D WindowManager: NFW_findFocusedWindowIfNeeded:Window{882e011 u0 com.android.launcher/com.android.launcher.Launcher} mCurrentFocus:Window{882e011 u0 com.android.launcher/com.android.launcher.Launcher}
01-13 11:55:21.133  4883  4924 D WindowManagerShell: onKeepClearAreasChanged: restricted={}, unrestricted={Rect(0, 2244 - 1080, 2376)}
01-13 11:55:21.134  8300  8300 W VRI[InputMethod]: updateBlastSurfaceIfNeeded, surfaceSize:Point(1080, 2256), lastSurfaceSize:Point(1080, 2256), format:-2, blastBufferQueue:null
01-13 11:55:21.134  8300  8300 D BufferQueueConsumer: [](id:206c000000a7,api:0,p:-1,c:8300) connect: controlledByApp=false
01-13 11:55:21.134  8300  8300 D BufferQueueConsumer: [VRI[InputMethod]#167(BLAST Consumer)167](id:206c000000a7,api:0,p:-1,c:8300) setMaxAcquiredBufferCount: 2
01-13 11:55:21.135  8300  9333 D HWUI    : createSurface new attribs array
01-13 11:55:21.135  8300  9333 D libEGL  : this is from skia gles
01-13 11:55:21.135  8300  9333 D BufferQueueProducer: [VRI[InputMethod]#167(BLAST Consumer)167](id:206c000000a7,api:1,p:8300,c:8300) connect: api=1 producerControlledByApp=true
01-13 11:55:21.135  8300  8300 I KeyboardModeUtils: KeyboardModeUtils.getKeyboardBottomOffset():435 inch: 0.000000 ydpi: 449.756989 adjustKeyboardBottomByDisplaySize: false currentDensityDpi: 480 defaultDensityDpi: 480 keyboardBottomToScreenPx: 0 keyboardBottomToNavBarPx: -132 navBarHeight: 132
01-13 11:55:21.135  8300  8300 I BaseKeyboardSizeHelper: BaseKeyboardSizeHelper.calculateMaxKeyboardBodyHeight():73 leave 291 height for app when ime window height:2124, header height:132 and isFullscreenMode:false, so the max keyboard body height is:1701
01-13 11:55:21.135  8300  8300 I BaseKeyboardSizeHelper: BaseKeyboardSizeHelper.calculateMaxKeyboardBodyHeight():73 leave 291 height for app when ime window height:2124, header height:132 and isFullscreenMode:false, so the max keyboard body height is:1701
01-13 11:55:21.136  8300  8300 I SurfaceControl:  setExtendedRangeBrightness sc=Surface(name=InputMethod)/@0xe097be,currentBufferRatio=1.0,desiredRatio=1.0
01-13 11:55:21.140  8300  9333 D BLASTBufferQueue: [VRI[InputMethod]#167](f:0,a:1) acquireNextBufferLocked size=1080x2256 mFrameNumber=1 applyTransaction=true mTimestamp=85959396098405(auto) mPendingTransactions.size=0 graphicBufferId=35648228557591 transform=0
01-13 11:55:21.141  8300  9333 D VRI[InputMethod]: Received frameCommittedCallback lastAttemptedDrawFrameNum=1 didProduceBuffer=true syncBuffer=false
01-13 11:55:21.141  8300  8300 D VRI[InputMethod]: draw finished. seqId=0
01-13 11:55:21.141 27994 27994 D WallpaperServiceExtImpl: Block update resized of Surface(name=com.heytap.colorfulengine.wallpaper.service.ColorfulWallpaperService)/@0x72653bc
01-13 11:55:21.142  8914  8914 W VRI[OplusOSEdgeFloatBar]: handleResized abandoned!
01-13 11:55:21.142  8300  8300 I GoogleInputMethodService: GoogleInputMethodService$1.onKeyboardViewShown():323 onKeyboardViewShown: keyboardType=prime, keyboardViewType=HEADER keyboardView=com.google.android.libraries.inputmethod.widgets.SoftKeyboardView{3a96f6 V.E...... ........ 0,0-1080,132 alpha=1.0 viewInfo = }
01-13 11:55:21.142 26699 26699 W VRI[Launcher]: handleResized abandoned!
01-13 11:55:21.142  8300  8300 I BaseKeyboardSizeHelper: BaseKeyboardSizeHelper.calculateMaxKeyboardBodyHeight():73 leave 291 height for app when ime window height:2124, header height:132 and isFullscreenMode:false, so the max keyboard body height is:1701
01-13 11:55:21.143  4883  4883 W VRI[StatusBar]: handleResized abandoned!
01-13 11:55:21.143  4883  4883 W VRI[NavigationBar_displayId_0]: handleResized abandoned!
01-13 11:55:21.143  8300  8300 I GoogleInputMethodService: GoogleInputMethodService$1.onKeyboardViewShown():323 onKeyboardViewShown: keyboardType=prime, keyboardViewType=BODY keyboardView=com.google.android.libraries.inputmethod.widgets.SoftKeyboardView{74ff701 V.E...... ........ 0,0-1080,633 alpha=1.0 viewInfo = }
01-13 11:55:21.143  8300  8300 I BaseKeyboardSizeHelper: BaseKeyboardSizeHelper.calculateMaxKeyboardBodyHeight():73 leave 291 height for app when ime window height:2124, header height:132 and isFullscreenMode:false, so the max keyboard body height is:1701
01-13 11:55:21.143  8300  8300 I GlobeKeyExtension: GlobeKeyExtension$1.onKeyboardViewShown():72 maybeDisableLanguageSwitchKeyPref when the keyboard is shown
01-13 11:55:21.143  8300  8300 I GlobeKeyExtension: GlobeKeyExtension.maybeDisableLanguageSwitchKeyPref():200 maybeDisableLanguageSwitchKeyPref hasGlobeKeyBeenDisabled: true, shouldDisableLanguageSwitchKey: true
01-13 11:55:21.143  8300  8300 I NewLanguagePromptExtension: NewLanguagePromptExtension$1.onKeyboardViewShown():98 Not show new language banner: no change in enabled input method entries
01-13 11:55:21.143  4883  5223 W VRI[ScreenDecorOverlay]: handleResized abandoned!
01-13 11:55:21.143  5166  5166 W VRI[Launcher]: handleResized abandoned!
01-13 11:55:21.143  4883  5223 W VRI[ScreenDecorOverlayBottom]: handleResized abandoned!
01-13 11:55:21.144  8300  8300 I DynamicLayoutHandler: DynamicLayoutHandler.loadDynamicKeys():92 This isn't a dynamic layout.
01-13 11:55:21.144  8300  8300 I KeyboardModeUtils: KeyboardModeUtils.getKeyboardBottomOffset():435 inch: 0.000000 ydpi: 449.756989 adjustKeyboardBottomByDisplaySize: false currentDensityDpi: 480 defaultDensityDpi: 480 keyboardBottomToScreenPx: 0 keyboardBottomToNavBarPx: -132 navBarHeight: 132
01-13 11:55:21.144  8300  8645 I Delight5Decoder: Delight5DecoderWrapper.setKeyboardLayout():536 setKeyboardLayout()
01-13 11:55:21.144  8300  8300 I BaseKeyboardSizeHelper: BaseKeyboardSizeHelper.calculateMaxKeyboardBodyHeight():73 leave 291 height for app when ime window height:2124, header height:132 and isFullscreenMode:false, so the max keyboard body height is:1701
01-13 11:55:21.144  4883  4924 D WindowManagerShell: onKeepClearAreasChanged: restricted={}, unrestricted={Rect(0, 1479 - 1080, 2376)}
01-13 11:55:21.144  8300  8300 I BaseKeyboardSizeHelper: BaseKeyboardSizeHelper.calculateMaxKeyboardBodyHeight():73 leave 291 height for app when ime window height:2124, header height:132 and isFullscreenMode:false, so the max keyboard body height is:1701
01-13 11:55:21.145  8300  8300 D OplusSystemUINavigationGesture: packageName: com.google.android.inputmethod.latin, systemGestureExclusionChanged region=SkRegion((0,1359,120,2190)(960,1359,1080,2190)) list:
01-13 11:55:21.145  3522  4488 I WindowManager: Window{5ffd8a7 u0 InputMethod} state from DRAW_PENDING to COMMIT_DRAW_PENDING; reason: finishDrawingLocked
01-13 11:55:21.145  8300  8300 D OplusSystemUINavigationGesture: systemGestureExclusionChanged rect=Rect(0, 1359 - 120, 2190)
01-13 11:55:21.145  8300  8300 D OplusSystemUINavigationGesture: systemGestureExclusionChanged rect=Rect(960, 1359 - 1080, 2190)
01-13 11:55:21.145  8300  8300 W VRI[InputMethod]: handleResized, msg:, frameChanged:false, configChanged:false, displayChanged:false, attachedFrameChanged:false, compatScaleChanged:false, pendingDragResizing=false
01-13 11:55:21.147  3522  3687 I WindowManager: Window{5ffd8a7 u0 InputMethod} state from COMMIT_DRAW_PENDING to READY_TO_SHOW; reason: commitFinishDrawingLocked
01-13 11:55:21.147  3522  3687 V WindowStateExtImpl: notifyWindowStateChange input show
01-13 11:55:21.147  3522  3687 I WindowManager: Window{5ffd8a7 u0 InputMethod} state from READY_TO_SHOW to HAS_DRAWN; reason: performShowLocked
01-13 11:55:21.148  2048  2048 D OplusTouch: path = /proc/touchpanel/kernel_grip_handle,len = 8192
01-13 11:55:21.149  2048  2048 D OplusTouch: binder transfer START:flag[2]node[8]deviceId[0]str[]info[]dataLength[102400]
01-13 11:55:21.149  3301  3435 E OplusTouchDaemon: syna_touch_node_handle:Id=0, nodeFlag=8, info=, wrFlag=2, cbsize=2048, readlen=2048
01-13 11:55:21.149  3301  3435 D OplusTouchDaemon: touchBinder:NODE FINISH
01-13 11:55:21.149  2048  2048 D OplusTouch: SUPPORT SUCCESS by Binder, get data[1] len[1]
01-13 11:55:21.150  4883  4924 D ZoomController: forAllRootTaskManagers  managerSize = 0
01-13 11:55:21.151  4883  4924 D TipsController: hideAllTipsView reason:0 caller:com.oplus.flexibletask.tips.TipsController.onImePositionChanged:6 com.oplus.zoom.common.ZoomInsetsController.onImePositionChanged:19 com.oplus.zoom.common.ZoomInsetsController.-$$Nest$monImePositionChanged:1 com.oplus.zoom.common.ZoomInsetsController$PerDisplay.updateImeInsetsState:64 com.oplus.zoom.common.ZoomInsetsController$PerDisplay.insetsChanged:1 com.android.wm.shell.common.DisplayInsetsController$OnInsetsChangedListener.insetsChanged:2 
01-13 11:55:21.151  4883  4924 D FlexibleTaskLingGuangTipsManager: hideLingGuangTips in post main handler=0
01-13 11:55:21.151  8914  8914 W VRI[OplusOSEdgeFloatBar]: handleResized abandoned!
01-13 11:55:21.151  4883  4883 D FlexibleTaskLingGuangTipsManager: hideLingGuangTipsInMainThread reason:0
01-13 11:55:21.151  4883  4883 D FlexibleTaskLingGuangTipsManager: not need hide mFlexibleTaskScaleTextSurface is null
01-13 11:55:21.151 26699 26699 W VRI[Launcher]: handleResized abandoned!
01-13 11:55:21.151  4883  4883 W VRI[StatusBar]: handleResized abandoned!
01-13 11:55:21.151  4883  4883 W VRI[NavigationBar_displayId_0]: handleResized abandoned!
01-13 11:55:21.151  4883  5223 W VRI[ScreenDecorOverlay]: handleResized abandoned!
01-13 11:55:21.151  4883  5223 W VRI[ScreenDecorOverlayBottom]: handleResized abandoned!
01-13 11:55:21.151  8300  9333 D VRI[InputMethod]: Received frameCommittedCallback lastAttemptedDrawFrameNum=3 didProduceBuffer=true syncBuffer=false
01-13 11:55:21.152  8300  8300 D VRI[InputMethod]: draw finished. seqId=0
01-13 11:55:21.152  8300  8300 W VRI[InputMethod]: handleResized abandoned!
01-13 11:55:21.152 27994 27994 D WallpaperServiceExtImpl: Block update resized of Surface(name=com.heytap.colorfulengine.wallpaper.service.ColorfulWallpaperService)/@0x72653bc
01-13 11:55:21.152  5166  5166 W VRI[Launcher]: handleResized abandoned!
01-13 11:55:21.152  3522  3701 D ColorTouchNodeManagerService: isTouchNodeSupport, nodeFlag: 8, dId:0, result:1
01-13 11:55:21.153  2048  2048 D OplusTouch: WRITE info len = [29] by Binder
01-13 11:55:21.153  2048  2048 D OplusTouch: path = /proc/touchpanel/kernel_grip_handle,len = 8192
01-13 11:55:21.153  2048  2048 D OplusTouch: binder transfer START:flag[0]node[8]deviceId[0]str[mod para_V2 set_ime_showing:1]info[mod para_V2 set_ime_showing:1]dataLength[102400]
01-13 11:55:21.153  3301  3435 E OplusTouchDaemon: syna_touch_node_handle:Id=0, nodeFlag=8, info=mod para_V2 set_ime_showing:1, wrFlag=0, cbsize=2048, readlen=2048
01-13 11:55:21.153  3301  3435 E OplusTouchDaemon: [prevent][grip_prase_reclining_mode_handle][6178]: grip_prase_reclining_mode_handle: enter.
01-13 11:55:21.153  3301  3435 E OplusTouchDaemon: [prevent][GripConfigWrite][5720]: change set_ime_showing to 1.
01-13 11:55:21.153  3301  3435 E OplusTouchDaemon: syna_touch_node_handle:KERNEL_GRIP_HANDLE_NODE set to mod para_V2 set_ime_showing:1, ret = 0
01-13 11:55:21.153  3301  3435 D OplusTouchDaemon: touchBinder:WRITE FINISH
01-13 11:55:21.153  2048  2048 D OplusTouch: WRITE SUCCESS! by Binder, get data len[2]
01-13 11:55:21.154  2048  2048 D OplusTouch: path = /proc/touchpanel1/kernel_grip_handle,len = 8192
01-13 11:55:21.154  2048  2048 D OplusTouch: binder transfer START:flag[2]node[8]deviceId[1]str[]info[]dataLength[102400]
01-13 11:55:21.154  3301  3435 E OplusTouchDaemon: syna_touch_node_handle:Id=1, nodeFlag=8, info=, wrFlag=2, cbsize=2048, readlen=2048
01-13 11:55:21.154  3301  3435 E OplusTouchDaemon: syna_touch_node_handle: Invalid deviceId
01-13 11:55:21.154  3301  3435 I OplusTouchDaemon: Enter touch_healthinfo_record
01-13 11:55:21.154  3522  3700 I UserAwareMgr: handleFgAppChanged, pkgName: com.google.android.inputmethod.latin, pid: 8300, isVisible: true, fgAppType: FG2
01-13 11:55:21.156  3301  3435 E OplusTouchDaemon: 29975 is not over size!!
01-13 11:55:21.156  3301  3435 E OplusTouchDaemon: update_value_count_list str=invalid_device_id_1, count=291
01-13 11:55:21.156  3301  3435 D OplusTouchDaemon: touchBinder:NODE FINISH
01-13 11:55:21.156  2048  2048 D OplusTouch: SUPPORT SUCCESS by Binder, get data[-1] len[2]
01-13 11:55:21.156  3522  3701 D ColorTouchNodeManagerService: isTouchNodeSupport, nodeFlag: 8, dId:1, result:-1
01-13 11:55:21.159  5166  5166 I ImeTracker: com.android.launcher:29fdba9d: onDispatched
01-13 11:55:21.160  4883  4883 I SystemUi--NavBar: NavigationBarGestureExImpl-->oplusAllowSystemGestureIgnoringBarVisibility isOplusFlagAllowBackGestureIgnoreVisibilityState = false isGestureMisTouchPreventionEnable = true
01-13 11:55:21.160  4883  4883 D LauncherProxyService: Notifying sysui state change to launcher service: proxy=com.android.systemui.shared.recents.ILauncherProxy$Stub$Proxy@9145db display=0 flags=awake
01-13 11:55:21.193  3301  3301 I OplusTouchDaemon: ts_run_service: shellback temperature updated 34 (34020)
01-13 11:55:21.194  4883  4883 I SystemUi--NavBar: NavigationBarGestureExImpl-->oplusAllowSystemGestureIgnoringBarVisibility isOplusFlagAllowBackGestureIgnoreVisibilityState = false isGestureMisTouchPreventionEnable = true
01-13 11:55:21.194  4883  4883 D LauncherProxyService: Notifying sysui state change to launcher service: proxy=com.android.systemui.shared.recents.ILauncherProxy$Stub$Proxy@9145db display=0 flags=ime_visible|ime_switcher_button_visible|awake|back_dismiss_ime
01-13 11:55:21.268  3215  6151 D LOWI-9.0.1.79: [LOWI-Scan] wait_event:Wait done with Cmd 103
01-13 11:55:21.268  3215  6151 D LOWI-9.0.1.79: [LOWI-Scan] do_listen_events: Rcvd valid Netlink Cmd 0 Err 0
01-13 11:55:21.268  3047  3047 I cnss-daemon: nl80211 response handler invoked
01-13 11:55:21.269  3047  3047 I cnss-daemon: nl80211_response_handler: cmd 103, vendorID 4980, subcmd 13  received
01-13 11:55:21.269  1874  6141 I WifiHAL : event received NL80211_CMD_VENDOR, vendor_id = 0x1374, subcmd = 0xd
01-13 11:55:21.318  8300  8300 W TooltipLifecycleManager: TooltipLifecycleManager.dismissTooltips():153 Tooltip with id spell_check_add_to_dictionary not found in tooltipManager.
01-13 11:55:21.377  3301  3301 I synaLib : tcm: STATUS: Enter DOZE mode
01-13 11:55:21.381  1865 28802 I sensors-hal: handle_oplus_wise_rgb_event:160, wise_rgb:(41010)(cct,lux,ir)[5890.15, 782.71, 68.867188](rgbc)[41824.43, 25889.93, 17705.62, 75079.02](pwm,hbm,brl,algo)[0.0 0.0 3515.0 2.0],flag 58228
01-13 11:55:21.382  3522  4356 D FusionLightNextGen: process end reported = 1, mode: 0, cnt: 3155, lux 669.2, cct 5870.8, r/g/b/c: 41819.6/25793.3/17533.5/74693.7, R/G/B: 74.0/74.0/70.0, bri 3515.0, match 1.00, ir 0.077056, conf 5.0, ts 135649766648463
01-13 11:55:21.385  2027  2027 D SensorFeature: name=ssc_screenshot_info ,index = 22
01-13 11:55:21.385  2027  2027 D SensorFeature: write 39 bytes:135649992227309,135650000560642,58229,0
01-13 11:55:21.386  3522  6913 I AICCTModule: SensorFilter: brightness threshold 1.4 screenNit is 799.76 ave enviroment lux is 669.22955 luxForNit 136.92296demarcationPoint200.0 result is true
01-13 11:55:21.455  4883  4971 I SystemUi--Statusbar: OplusNetworkSpeedControllExImpl-->updateNetworkSpeed: isConnected:true,isSwitchOn:true,isSuspend:false,isPause:false
01-13 11:55:21.457  4883  4971 I SystemUi--Statusbar: OplusNetworkSpeedControllExImpl-->getTotalByte: totalRxBytes:14788713524,totalTxBytes:2483064450,loopbackTxBytes:219632335,loopbackRxBytes:219582163 ,totalBytes:16832563476
01-13 11:55:21.480  4994  5470 I TcpSyn  : updateFrontUidsToKernel, uids = [10230]
01-13 11:55:21.496  5166  5219 D OplusScrollToTopManager: com.android.launcher/com.android.launcher.Launcher,This com.android.internal.policy.DecorView{4606988 V.E...... R....... 0,0-1080,2376 aid=3 alpha=1.0 viewInfo = }[Launcher] change focus to true
01-13 11:55:21.497  1874  6141 E WifiHAL : WLAN_DIAG_TYPE_CONFIG - possible buffer over access, length=1464 count=16 hdr_size=8 payload len=12966
01-13 11:55:21.497  1874  6141 E WifiHAL : WLAN_DIAG_TYPE_CONFIG - possible buffer over access, length=1456 count=16 hdr_size=8 payload len=12966
01-13 11:55:21.498  1874  6141 E WifiHAL : WLAN_DIAG_TYPE_CONFIG - possible buffer over access, length=1472 count=16 hdr_size=8 payload len=12966
01-13 11:55:21.649  1865 28802 I sensors-hal: handle_oplus_wise_rgb_event:160, wise_rgb:(41015)(cct,lux,ir)[5854.50, 777.13, 69.516426](rgbc)[41601.11, 25764.83, 17593.55, 74589.16](pwm,hbm,brl,algo)[0.0 0.0 3515.0 2.0],flag 58229
01-13 11:55:21.649  1865 25043 I sensors-hal: handle_oplus_wise_rgb_event:189, high_pwm_light:lux 777.1,cct 5854.5,brl/algo/ir 3515.0/2.0/69.5,pwm/dc 0.0/0.0,rgbc 41613.871094/25759.146484/17582.880859/74549.968750,ts 135650025017994,cnt 41018,flag 58229
01-13 11:55:21.652  2027  2027 D SensorFeature: name=ssc_screenshot_info ,index = 22
01-13 11:55:21.653  2027  2027 D SensorFeature: write 39 bytes:135650259970538,135650268303871,58230,0
01-13 11:55:21.657  3522  4356 W SensorService: Dropping 1 cached events (10000/10000) to save 1/1 new events. 28 events previously dropped, app:com.spotify.music type=1
01-13 11:55:21.658  2055  2096 D BatteryChargeControl: bcc get no support from charging protocol
01-13 11:55:21.729  3522  3700 W QosScheduler: executeSceneQosStrategy failed! qos feature no enable
01-13 11:55:21.750  5166  5166 I ImeTracker: com.android.launcher:29fdba9d: onUserFinished shown
01-13 11:55:21.856  1865 28806 I sensors-hal: handle_sns_std_sensor_event:104, oplus rgb_rear sample: (cct, lux, ir, x, y)[5200, 0, 2393, 407, 388]
01-13 11:55:21.856  1865 28806 I sensors-hal: handle_sns_std_sensor_event:106, oplus rgb_rear sample: (r, g, b, c w)[12, 7, 5, 18, 22]
01-13 11:55:21.916  1865 28802 I sensors-hal: handle_oplus_wise_rgb_event:160, wise_rgb:(41020)(cct,lux,ir)[5785.56, 770.38, 71.291443](rgbc)[41556.45, 25702.28, 17540.19, 74216.87](pwm,hbm,brl,algo)[0.0 0.0 3515.0 2.0],flag 58230
01-13 11:55:21.970  2027  2027 D SensorFeature: name=ssc_screenshot_info ,index = 22
01-13 11:55:21.971  2027  2027 D SensorFeature: write 39 bytes:135650534133141,135650586173819,58231,0
01-13 11:55:21.971  1902  2179 I SDM     : DisplayBase::CommitThread: Received idle timeout, panel: cmd, timeout: 70000 us
01-13 11:55:22.039  1874  6141 E WifiHAL : WLAN_DIAG_TYPE_CONFIG - possible buffer over access, length=1472 count=16 hdr_size=8 payload len=12966
01-13 11:55:22.040  1874  6141 E WifiHAL : WLAN_DIAG_TYPE_CONFIG - possible buffer over access, length=1468 count=16 hdr_size=8 payload len=12966
01-13 11:55:22.041  1874  6141 E WifiHAL : WLAN_DIAG_TYPE_CONFIG - possible buffer over access, length=1456 count=16 hdr_size=8 payload len=12966
01-13 11:55:22.044  5153  5891 D CoexRfService: report RRC state:true
01-13 11:55:22.073 20802 21519 E WeatherS_WeatherHttpDataSource:  WeatherSdk Exception: Request{method=POST, url=https://weather-server.allawnos.com/weather/lightData?appId=app-weather&authCode=2f76b45ef74bc3b8ddf054eabff5430bea4de392477e540d0df8096755280014, headers=[timeStamp:1768285522, serviceVersionCode:16013000, invokedByAppVersion:16008034, invokedByScene:20100, pkgName:com.coloros.weather.service, authType:2, versionCode:16009006, invokedByAppName:com.oneplus.deskclock]}
01-13 11:55:22.073 20802 21519 E WeatherS_WeatherHttpDataSource: httpcode:429
01-13 11:55:22.073 20802 21519 E WeatherS_WeatherHttpDataSource: cityInfoCode:0
01-13 11:55:22.073 20802 21519 E WeatherS_WeatherHttpDataSource: 
01-13 11:55:22.073 20802 21519 E WeatherS_WeatherHttpDataSource: body:tps over limited
01-13 11:55:22.074  2158  2774 D VRR [OTI]: handleIdle from 0 to 1
01-13 11:55:22.074  2158  2774 D VRR [OTI-HW]: isStateReady 0
01-13 11:55:22.074  2158  2774 D VRR [OTI-HW]: keep rate.
01-13 11:55:22.074  2158  2774 D VRR [OTI-ADFR]: getBestTargetRate 60, modeTypeIsReady 1, currentFps 120
01-13 11:55:22.074  2158  2774 D VRR [OTI-ADFR]: targetRate change from 0 to 60
01-13 11:55:22.075  2158  2774 D VRR [RefreshRateDirector]: requestRefreshRateByOti insert [ oti-adfr, {fps=60, modePtr={id=0, vsyncRate=120.00 Hz, peakRefreshRate=120.00 Hz}} ]
01-13 11:55:22.075  2158  2774 I VRR-[OPlusRefreshRateSelector]: Ignoring duplicate idle mode, 60
01-13 11:55:22.097  2158  2158 I VRR [AVT]: setFrameRate with [60, oti-adfr]
01-13 11:55:22.098  2158  2158 D VRR [OplusVSyncPredictor]: setCvtRefreshRate (0), Period (8333333)
01-13 11:55:22.138  2158  2158 I VRR-[OPlusRefreshRateSelector]: updateDispTePeriod magic_mode: 5a83c000, fps: 60
01-13 11:55:22.145  2158  2158 D VRR-[OPlusVSyncReactor]: Set Avt Period and update immediately with period 16666666.
01-13 11:55:22.152  1902  1902 I SDM     : DisplayBuiltIn::SetQSyncModeLocked: VRR + update qsync mode 0 high_precision_fps 0083C000
01-13 11:55:22.152  1902  1902 I SDM     : HWDeviceDRM::OPlusIsQSyncMinFpsForAuto: VRR +  OPlusIsQSyncMinFpsForAuto: 1
01-13 11:55:22.152  1902  1902 I SDM     : DisplayBuiltIn::SetQSyncModeLocked: VRR + needs_avr_update_ 0
01-13 11:55:22.154  1902  2179 E SDM     : DRMConnector::Perform: Connector 69: Setting high_precision_fps 8634368
01-13 11:55:22.157  3522  6913 I AICCTModule: SensorFilter: brightness threshold 1.4 screenNit is 799.76 ave enviroment lux is 669.22955 luxForNit 136.92296demarcationPoint200.0 result is true
01-13 11:55:22.158  3301  3301 I synaLib : tcm: STATUS: Exit DOZE mode
01-13 11:55:22.159  3301  3301 E OplusTouchDaemon: [prevent][curved_large_handle_V2][3008]: id:0 pos:1 center_down:1 (8900 31627)(0 0 0 0) 
01-13 11:55:22.159  3301  3301 E OplusTouchDaemon: [touchEvent][ts_report_touch_data][643]: first touch point id 0 [8900 31627    3    0    0    0    0]
01-13 11:55:22.160  2158  2774 D VRR [OTI]: handleIdle from 1 to 0
01-13 11:55:22.161  2158  2774 D VRR [OTI-HW]: isStateReady 0
01-13 11:55:22.161  2158  2774 D VRR [OTI-HW]: keep rate.
01-13 11:55:22.161  2158  2774 D VRR [OTI-ADFR]: targetRate change from 60 to 0
01-13 11:55:22.161  2158  2774 D VRR [RefreshRateDirector]: requestRefreshRateByOti update [ oti-adfr, {fps=0, modePtr={id=0, vsyncRate=120.00 Hz, peakRefreshRate=120.00 Hz}} ]
01-13 11:55:22.161  2158  2774 I VRR-[OPlusRefreshRateSelector]: setIdleModeExternal success, idle fps: 0
01-13 11:55:22.161 26699 26699 D OplusViewDragTouchViewHelper: dispatchTouchView action = 4
01-13 11:55:22.161  3522  4875 I [UAH_CLIENT]: UahEventAcquire, cmdid:37, pkg:none, identity:OplusUAwareInputHelper
01-13 11:55:22.161  3522  3752 D PowerManagerService: userActivityNoUpdateLocked: groupId=0, eventTime=85960412, event=touch, flags=0x0, uid=1000
01-13 11:55:22.161  3522  4603 D GestureLog_OplusMultiPointerDetector: onTouchEvent------>start, mCurNumPointers=1, mCurrStatus=0 mIsDownIntervalTimeout=true, action=0 downTime=85960412 deviceId=6
01-13 11:55:22.162  3522  4875 D UAH-UahAdaptHelper: adaptSetNotification identity = OplusUAwareInputHelpersrc = 1000 , type 0 ,p1 = -1 ,p2 = -1 ,p3 = -1 ,p4 =
01-13 11:55:22.162  3522  4875 I [UAH_CLIENT]: uahRuleCtl, ruleId:1000, status:0
01-13 11:55:22.162  8300  8300 E IJankManager: slideSceneEnd unknown scene 1000 mScene:-1
01-13 11:55:22.168  1902 18825 I SDM     : DisplayBuiltIn::SetQSyncModeLocked: VRR + update qsync mode 0 minfps 00C20080
01-13 11:55:22.168  1902 18825 I SDM     : HWDeviceDRM::OPlusIsQSyncMinFpsForAuto: VRR +  OPlusIsQSyncMinFpsForAuto: 1
01-13 11:55:22.168  1902 18825 I SDM     : DisplayBuiltIn::SetQSyncModeLocked: VRR + needs_avr_update_ 0
01-13 11:55:22.168  2158  2158 I VRR [AVT]: setFrameRate with [0, oti-adfr]
01-13 11:55:22.168  2158  2158 D VRR-[OPlusVSyncReactor]: Set Avt Period and update immediately with period 0.
01-13 11:55:22.169  2158  2158 I VRR-[OPlusRefreshRateSelector]: updateDispTePeriod magic_mode: 5a878000, fps: 120
01-13 11:55:22.169  1874  6141 E WifiHAL : WLAN_DIAG_TYPE_CONFIG - possible buffer over access, length=1472 count=16 hdr_size=8 payload len=12966
01-13 11:55:22.169  1902  1902 I SDM     : DisplayBuiltIn::SetQSyncModeLocked: VRR + update qsync mode 0 high_precision_fps 00878000
01-13 11:55:22.169  1902  1902 I SDM     : HWDeviceDRM::OPlusIsQSyncMinFpsForAuto: VRR +  OPlusIsQSyncMinFpsForAuto: 1
01-13 11:55:22.169  1902  1902 I SDM     : DisplayBuiltIn::SetQSyncModeLocked: VRR + needs_avr_update_ 0
01-13 11:55:22.170  1902  2179 I SDM     : HWDeviceDRM::OPlusIsQSyncMinFpsForAuto: VRR +  OPlusIsQSyncMinFpsForAuto: 1
01-13 11:55:22.170  1902  2179 E SDM     : DRMConnector::Perform: Connector 69: Setting Qsync min fps 12714112
01-13 11:55:22.170  1902  2179 E SDM     : DRMConnector::Perform: Connector 69: Setting high_precision_fps 8880128
01-13 11:55:22.170  1874  6141 E WifiHAL : WLAN_DIAG_TYPE_CONFIG - possible buffer over access, length=1472 count=16 hdr_size=8 payload len=12966
01-13 11:55:22.171  1874  6141 E WifiHAL : WLAN_DIAG_TYPE_CONFIG - possible buffer over access, length=1452 count=16 hdr_size=8 payload len=12966
01-13 11:55:22.181  1865 25043 I sensors-hal: handle_oplus_wise_rgb_event:189, high_pwm_light:lux 765.9,cct 5791.6,brl/algo/ir 3515.0/2.0/71.1,pwm/dc 0.0/0.0,rgbc 41313.992188/25548.750000/17449.474609/73818.453125,ts 135650566599921,cnt 41028,flag 58231
01-13 11:55:22.182  1865 28802 I sensors-hal: handle_oplus_wise_rgb_event:160, wise_rgb:(41025)(cct,lux,ir)[5791.64, 765.87, 71.078484](rgbc)[41294.85, 25531.69, 17422.79, 73805.38](pwm,hbm,brl,algo)[0.0 0.0 3515.0 2.0],flag 58231
01-13 11:55:22.208  3522  4228 D osense.compress: com.android.settings do shrink, target ratio = 33, final ratio = 40, cur ratio = 27
01-13 11:55:22.237  3301  3301 E OplusTouchDaemon: [prevent][curved_large_handle_V2][3082]: up id(0) status: 1, 1, 1, 0.
01-13 11:55:22.238  3522  4875 D UAH-UahAdaptHelper: adaptSetNotification identity = OplusUAwareInputHelpersrc = 1000 , type 1 ,p1 = -1 ,p2 = -1 ,p3 = -1 ,p4 =
01-13 11:55:22.238  8300  8300 D OplusViewDragTouchViewHelper: dispatchTouchView action = 1
01-13 11:55:22.238  3522  4875 I [UAH_CLIENT]: uahRuleCtl, ruleId:1000, status:1
01-13 11:55:22.239  3522  3684 D OplusPanoramaWorkBranchController: notifyMotionUpOrCancel
01-13 11:55:22.239  8300  8300 W TooltipLifecycleManager: TooltipLifecycleManager.dismissTooltips():153 Tooltip with id SUGGESTION_VIEW_EDU_MINI_DIALOG not found in tooltipManager.
01-13 11:55:22.240  8300  8300 D ViewRootImplExtImpl: the up motion event handled by client, just return
01-13 11:55:22.246  5166  5291 I DmpSdk-DefaultAnalyzer: prepare segment queries cost [0] ms
01-13 11:55:22.252 30458 30469 I DMP-AppInitializer: isAppAvailable for sdkCall, caller: com.android.launcher
01-13 11:55:22.252  5166  5166 D OplusCursorFeedback: getExtraCursorWidth
01-13 11:55:22.252  5166  5166 D OplusCursorFeedback: getExtraLeftOffset
01-13 11:55:22.255  4882  6251 V OsAgent : broadcastSystemEvent - 7
01-13 11:55:22.257  2027  2027 D SensorFeature: name=ssc_screenshot_info ,index = 22
01-13 11:55:22.257  2027  2027 D SensorFeature: write 39 bytes:135650849717464,135650872980850,58232,0
01-13 11:55:22.258  8300  8300 I KeyboardModeUtils: KeyboardModeUtils.getKeyboardBottomOffset():435 inch: 0.000000 ydpi: 449.756989 adjustKeyboardBottomByDisplaySize: false currentDensityDpi: 480 defaultDensityDpi: 480 keyboardBottomToScreenPx: 0 keyboardBottomToNavBarPx: -132 navBarHeight: 132
01-13 11:55:22.258  8300  8300 I BaseKeyboardSizeHelper: BaseKeyboardSizeHelper.calculateMaxKeyboardBodyHeight():73 leave 291 height for app when ime window height:2124, header height:132 and isFullscreenMode:false, so the max keyboard body height is:1701
01-13 11:55:22.258  8300  8300 I BaseKeyboardSizeHelper: BaseKeyboardSizeHelper.calculateMaxKeyboardBodyHeight():73 leave 291 height for app when ime window height:2124, header height:132 and isFullscreenMode:false, so the max keyboard body height is:1701
01-13 11:55:22.261 30458 30469 I DMP-DmpSdkTimeUtils: buildTimeEntitiesList return null
01-13 11:55:22.261 30458 30469 I DMP-QueryParserProxy: queries analyze result = [[{"characterPos":0,"isStopword":false,"synTerms":[],"tags":["ori"],"termPos":0,"weight":6.6,"word":"t"}]], timeEntitiesListStr = null , timeRangeResStr = []
01-13 11:55:22.261 30458 30469 I DMP-QueryParserProxy: analyze query cost = 4 ms
01-13 11:55:22.261  5166  5291 I DmpSdk-Connections: connection over, result:BundleResponse:{code:0, message:success, data:Bundle[mParcelledData.dataSize=296]}
