01-17 15:17:30.318  3522  5538 D ActivityStarterExtImpl: resume targetTask isVisibleRequested is true or in SkipCheckedList, need resume:targetTask=Task{227d81f #768 type=standard A=10507:com.travels.travelling}
01-17 15:17:30.319  3522  5538 D ActivityTaskManager: setAppVisibility(Token{e5d3ba3 ActivityRecord{166114374 u0 com.travels.travelling/.MainActivity t768 f}}}, visible=false):  visible=true mVisibleRequested=true
01-17 15:17:30.319  3522  5538 D ActivityTaskManager: setVisibility(Token{e5d3ba3 ActivityRecord{166114374 u0 com.travels.travelling/.MainActivity t768 f}}}, visible=false) defer commitVisibility for transition collecting
01-17 15:17:30.323  3522  5538 D SecondaryPageStartupPolicy: checkSecondaryPageStartupStatus not support sourcePackage=com.travels.travelling
01-17 15:17:30.323  3522  5538 D OplusStartingWindowManager: we don't revise window flags for third app
01-17 15:17:30.323  3522  5538 D ActivityTaskManager: validateStartingWindowTheme:  Pkg=com.travels.travelling, Translucent=false, Floating=false, ShowWallpaper=false, Disable=false, LaunchSource=4, Prev=null, LaunchedFromPackage=com.travels.travelling
01-17 15:17:30.323  3522  5538 D ActivityTaskManager: addStartingWindow for ActivityRecord{230856808 u0 com.travels.travelling/expo.modules.devlauncher.launcher.DevLauncherActivity t768}, mainWin=null, state=INITIALIZING, isKeyguardLocked=false, isKeyguardGoingAway=false
01-17 15:17:30.323  3522  5538 D ActivityTaskManager: getStartingWindowType: , newTask=true, taskSwitch=false, processRunning=true, allowTaskSnapshot=true, activityCreated=false, activityAllDrawn=false, snapshot exist: false
01-17 15:17:30.323  3522  5538 D ActivityRecordExtImpl: handleStartingWindowForCompactWindow origin type:2, adjustType : 2
01-17 15:17:30.324  4883  4965 D PhoneStartingWindowTypeAlgorithm: preferredStartingWindowType newTask=true, taskSwitch=false, processRunning=true, allowTaskSnapshot=true, activityCreated=false, isSolidColorSplashScreen=true, legacySplashScreen=false, activityDrawn=false, windowless=false, topIsHome=false
01-17 15:17:30.324  4883  4965 D OplusShellStartingWindowManager: getReviseStartingWindowType not support, windowInfo is null
01-17 15:17:30.325  4883  4924 V WindowManagerShell: Transition requested (#5198): android.os.BinderProxy@6cf51a3 TransitionRequestInfo { type = OPEN, triggerTask = TaskInfo{userId=0 taskId=768 effectiveUid=10507 displayId=0 isRunning=true baseIntent=Intent { act=android.intent.action.MAIN cat=[android.intent.category.LAUNCHER] flg=0x10200000 cmp=com.travels.travelling/.MainActivity mCallingUid=10230 } baseActivity=ComponentInfo{com.travels.travelling/expo.modules.devlauncher.launcher.DevLauncherActivity} topActivity=ComponentInfo{com.travels.travelling/expo.modules.devlauncher.launcher.DevLauncherActivity} origActivity=null realActivity=ComponentInfo{com.travels.travelling/com.travels.travelling.MainActivity}
01-17 15:17:30.325  4883  4924 V WindowManagerShell:  numActivities=1 lastActiveTime=493378936 supportsSplitScreenMultiWindow=true supportsMultiWindow=true supportsPocketStudioMultiWindow=true isInFlexibleEmbedded = false uid = 10507 pid = 0 resizeMode=1 isResizeable=true minWidth=-1 minHeight=-1 defaultMinSize=220 token=WCT{android.window.IWindowContainerToken$Stub$Proxy@8379ca0} topActivityType=1 pictureInPictureParams=null shouldDockBigOverlays=false launchIntoPipHostTaskId=-1 lastParentTaskIdBeforePip=-1 displayCutoutSafeInsets=Rect(0, 120 - 0, 0)
01-17 15:17:30.325  4883  4924 V WindowManagerShell:  topActivityInfo=ActivityInfo{526a059 expo.modules.devlauncher.launcher.DevLauncherActivity} launchCookies=[] positionInParent=Point(0, 0) parentTaskId=-1 isFocused=true isVisible=true isVisibleRequested=false isTopActivityNoDisplay=false isSleeping=false locusId=null displayAreaFeatureId=1 isTopActivityTransparent=false isActivityStackTransparent=false lastNonFullscreenBounds=Rect(266, 642 - 815, 1722) capturedLink=null capturedLinkTimestamp=0 requestedVisibleTypes=-9 topActivityRequestOpenInBrowserEducationTimestamp=0
01-17 15:17:30.325  4883  4924 V WindowManagerShell:  appCompatTaskInfo=AppCompatTaskInfo { topActivityInSizeCompat=false topActivityInOplusCompatMode=false eligibleForLetterboxEducation= false isLetterboxEducationEnabled= false isLetterboxDoubleTapEnabled= false eligibleForUserAspectRatioButton= false topActivityBoundsLetterboxed= false isFromLetterboxDoubleTap= false topActivityLetterboxVerticalPosition= -1 topActivityLetterboxHorizontalPosition= -1 topActivityLetterboxWidth=-1 topActivityLetterboxHeight=-1 topActivityAppBounds=Rect(0, 0 - 1080, 2376) isUserFullscreenOverrideEnabled=false isSystemFullscreenOverrideEnabled=false hasMinAspectRatioOverride=false topActivityLetterboxBounds=null cameraCompatTaskInfo=CameraCompatTaskInfo { freeformCameraCompatMode=inactive}} topActivityMainWindowFrame=null topActivityLetterboxInsets=Rect(0, 0 - 0, 0)
01-17 15:17:30.325  4883  4924 V WindowManagerShell:  mOplusExtraBundle = Bundle[mParcelledData.dataSize=1548]}, pipChange = null, remoteTransition = null, displayChange = null, flags = 0, debugId = 5198 }
01-17 15:17:30.325  4883  4924 D ShellSplitScreen: logExit: no-op, mLoggerSessionId is null
01-17 15:17:30.326  3522  5538 I TaskOrganizerController: onTaskInfoChanged taskid 768 config { mBounds=Rect(0, 0 - 1080, 2376) mAppBounds=Rect(0, 0 - 1080, 2376) mMaxBounds=Rect(0, 0 - 1080, 2376) mDisplayRotation=ROTATION_0 mWindowingMode=fullscreen mActivityType=standard mAlwaysOnTop=undefined mRotation=ROTATION_0}
01-17 15:17:30.326  3522  5538 D OplusFlexibleDragToSplitAnimController: visibleFlexibleTaskInfos delete:768
01-17 15:17:30.326  3522  5538 E FlexibleWindowManagerService: notifyTaskObserverToAttachController not need to notify!
01-17 15:17:30.327  3522  5538 I FlexibleWindowManagerService: onFlexibleWindowTaskInfoChanged, return for cur task not embedded
01-17 15:17:30.327  4883  4965 D OplusShellStartingWindowManager: adjustSuggestedWindowType originType: 3, wi: StartingWindowInfo{taskId=768 targetActivityInfo=null displayId=0 topActivityType=1 preferredStartingWindowType=ad mainWindowLayoutParams=null splashScreenThemeResId 7f14023d, exi: OplusStartingWindowExtendedInfo{mAppToken=android.os.BinderProxy@77b64ff, mSupportSplashScreenPreview=false, mIsSystemApp=false, mIsExceptionListApp=false, mPreviewBitmap=null, mShouldDrawBackground=false, mForceLightMode=false, mForceNightMode=false, mNotSupportNightMode=false, mForcePreview=false, mForceBigIcon=false, mQuickStartingSurface=null, mForceSolidColorSplash=false}
01-17 15:17:30.327  4883  4965 D OplusShellStartingWindowManager: adjustSuggestedWindowType: skip no-system app and no-exception list app
01-17 15:17:30.327  3522  5538 I ActivityTaskManager: START u0 {flg=0x10018000 xflg=0x4 cmp=com.travels.travelling/expo.modules.devlauncher.launcher.DevLauncherActivity mCallingUid=10507} with LAUNCH_SINGLE_TASK from uid 10507 (BAL_ALLOW_VISIBLE_WINDOW (callingUid has visible window)) result code=0
01-17 15:17:30.327  4883  4966 D ShellStartingWindow: getWindowAttrs SplashScreenWindowAttrs{ mWindowBgResId: 10602ed, mWindowBgColor: 0, mWindowBgImage: false, mSplashScreenIcon: false, mBrandingImage: false, mIconBgColor: 0, uiMode: 0}
01-17 15:17:30.327  4883  4966 W ShellStartingWindow: peekWindowBGColor mWindowBgColor:0 mWindowBgResId:17171181 estimatedWindowBGColor:-13619152
01-17 15:17:30.327  4883  4966 I ShellStartingWindow: makeSplashScreenContentView themeBGColor: ff303030, isDark: true, last config hash: -216638896
01-17 15:17:30.327  4883  4966 D ShellStartingWindow: inconsize = 0
01-17 15:17:30.330  3522  4489 I AppSnapshotController: attachStartingWindow, win = Window{1f1217b u0 Splash Screen com.travels.travelling}, shouldAppSnapshot = false
01-17 15:17:30.330  3522  4489 D ActivityTaskManager: attachStartingWindow: mStartingData=SplashScreenStartingData{3bccff1 removeAfterTransaction= 0},mStartingWindow=Window{1f1217b u0 Splash Screen com.travels.travelling}
01-17 15:17:30.330  3522  4489 D WindowManager: attachImeScreenshotOnTargetIfNeeded, mImeHiding = false, requestedVisibleTypes = -9
01-17 15:17:30.331  3522  4489 I WindowManager: addWindow: New client android.os.BinderProxy@638c50a : window=Window{1f1217b u0 Splash Screen com.travels.travelling}
01-17 15:17:30.335  3522  5691 D RefreshRate: boostRefreshId choose max:currentRefreshRate:90.0 targetRefreshRate:60.0 mCurrentPickRate:90.0
01-17 15:17:30.335  3522  5691 D RefreshRate: Trigger app switch boost, ar=ActivityRecord{230856808 u0 com.travels.travelling/expo.modules.devlauncher.launcher.DevLauncherActivity t768},currDisplayRate=90.0,boostId=1
01-17 15:17:30.336  3522  5691 D RefreshRate: setDisplayConfigSpecs complete: targetMode={id=3, width=1264, height=2780, fps=90.0, vsync=90.0, synthetic=false, alternativeRefreshRates=[60.000004, 120.00001, 120.00001], supportedHdrTypes=[1, 2, 3, 4]},srcMode={id=3, width=1264, height=2780, fps=90.0, vsync=90.0, synthetic=false, alternativeRefreshRates=[60.000004, 120.00001, 120.00001], supportedHdrTypes=[1, 2, 3, 4]},sfModId=2,rate=90.0
01-17 15:17:30.336  3522  5691 D RefreshRate: startAppSwitchBoost targetMode={id=3, width=1264, height=2780, fps=90.0, vsync=90.0, synthetic=false, alternativeRefreshRates=[60.000004, 120.00001, 120.00001], supportedHdrTypes=[1, 2, 3, 4]} record=ActivityRecord{230856808 u0 com.travels.travelling/expo.modules.devlauncher.launcher.DevLauncherActivity t768}: votes=PRIORITY_START_ANIMATION_BOOST -> Vote{mRefreshRate=90.0, mMinRefreshRate=90.0, mRequestSource=null};PRIORITY_WINDOW_REQUEST -> Vote{mRefreshRate=90.0, mMinRefreshRate=90.0, mRequestSource=null};
01-17 15:17:30.336  3522  3757 D RefreshRate: do setDisplayConfigSpecs  
01-17 15:17:30.336  3522  5691 I ActivityTaskManager: The Process com.travels.travelling Already Exists in BG. So sending its PID: 14093
01-17 15:17:30.336  3522  3686 D BatteryStatsImplExtImpl: pausedBatteryLevel:93 activityFocusedTimeInMin:0
01-17 15:17:30.336  3522  5691 D ActivityTaskManager: setAppVisibility(Token{14e27bd ActivityRecord{230856808 u0 com.travels.travelling/expo.modules.devlauncher.launcher.DevLauncherActivity t768}}, visible=true):  visible=false mVisibleRequested=false
01-17 15:17:30.336  3522  5691 D ActivityTaskManager: setVisibility(Token{14e27bd ActivityRecord{230856808 u0 com.travels.travelling/expo.modules.devlauncher.launcher.DevLauncherActivity t768}}, visible=true) defer commitVisibility for transition collecting
01-17 15:17:30.337  3522  3757 D DisplayModeDirector: setAppRequest displayId : 0  modeId: 3  requestedRefreshRate: 90.0  requestedMinRefreshRateRange: 90.0  requestedMaxRefreshRateRange: 90.0
01-17 15:17:30.337  3522  5691 D WindowManager: rotation(ROTATION_0) no changed  displayId = 0, lastOrientation = -1
01-17 15:17:30.337  3522  5691 I TaskOrganizerController: onTaskInfoChanged taskid 768 config { mBounds=Rect(0, 0 - 1080, 2376) mAppBounds=Rect(0, 0 - 1080, 2376) mMaxBounds=Rect(0, 0 - 1080, 2376) mDisplayRotation=ROTATION_0 mWindowingMode=fullscreen mActivityType=standard mAlwaysOnTop=undefined mRotation=ROTATION_0}
01-17 15:17:30.338  3522  5691 D OplusVisibleTasks:  notifyTasksNumChange no need to notify.
01-17 15:17:30.338  3522  5691 D OplusFlexibleDragToSplitAnimController: visibleFlexibleTaskInfos delete:768
01-17 15:17:30.338  3522  5691 E FlexibleWindowManagerService: notifyTaskObserverToAttachController not need to notify!
01-17 15:17:30.338  3522  5691 I FlexibleWindowManagerService: onFlexibleWindowTaskInfoChanged, return for cur task not embedded
01-17 15:17:30.338  3522  5691 D ActivityTaskManager: setAppVisibility(Token{14e27bd ActivityRecord{230856808 u0 com.travels.travelling/expo.modules.devlauncher.launcher.DevLauncherActivity t768}}, visible=true):  visible=false mVisibleRequested=true
01-17 15:17:30.338  3522  5691 D ActivityTaskManager: setVisibility(Token{14e27bd ActivityRecord{230856808 u0 com.travels.travelling/expo.modules.devlauncher.launcher.DevLauncherActivity t768}}, visible=true) defer commitVisibility for transition collecting
01-17 15:17:30.338  3522  5691 D OplusDexOptimizeManager: androidPackage inappropriate state!
01-17 15:17:30.338  3522  5691 D OplusFeatureColorMode: ColorMode getColorMode =0
01-17 15:17:30.338  3522  5691 D ColorDisplayServiceExtImpl: getWCGVersion1App, packageName=com.travels.travelling, sSupportWCG1 = true, sSupportWCG3 = false, nRet = 0
01-17 15:17:30.339  3522  5691 D ActivityTaskManager: NFW_setLastResumedActivityUncheckLocked:true r:ActivityRecord{230856808 u0 com.travels.travelling/expo.modules.devlauncher.launcher.DevLauncherActivity t768} currentFocus:Window{9b9341c u0 com.travels.travelling/com.travels.travelling.MainActivity}
01-17 15:17:30.339  3522  5691 D WindowManager: NFW_findFocusedWindowIfNeeded:null mCurrentFocus:Window{9b9341c u0 com.travels.travelling/com.travels.travelling.MainActivity}
01-17 15:17:30.339  3522  5691 D WindowManager: attachImeScreenshotOnTargetIfNeeded, mImeHiding = false, requestedVisibleTypes = -9
01-17 15:17:30.339  3522  5691 V WindowManager: Changing focus from Window{9b9341c u0 com.travels.travelling/com.travels.travelling.MainActivity} to null,diplayid=0
01-17 15:17:30.341  3522  4519 D BackgroundInstallControlService: Package event received: 0
01-17 15:17:30.341  3522  5691 D DisplayModeDirector: setAppRequest displayId : 0  modeId: 3  requestedRefreshRate: 0.0  requestedMinRefreshRateRange: 0.0  requestedMaxRefreshRateRange: 90.0
01-17 15:17:30.342  3522  4489 V WindowManager: Relayout Window{1f1217b u0 Splash Screen com.travels.travelling}: viewVisibility=0, oldvis=0, req=1080x2376 , apr = 0, vsysui=, x=0, y=0
01-17 15:17:30.342  3522  4489 I WindowManager: Window{1f1217b u0 Splash Screen com.travels.travelling} state from NO_SURFACE to DRAW_PENDING; reason: resetDrawState
01-17 15:17:30.342  3522  3757 D VRR [OPlusRefreshRateService]:  setDirectorStates [flag: 1, state: 1, directorStateOff: 1]
01-17 15:17:30.343  3522  4489 D WindowManager: NFW_findFocusedWindowIfNeeded:null mCurrentFocus:null
01-17 15:17:30.344  4883  4965 W VRI[travelling]: updateBlastSurfaceIfNeeded, surfaceSize:Point(1080, 2376), lastSurfaceSize:Point(0, 0), format:-3, blastBufferQueue:null
01-17 15:17:30.346  3522  5243 D CoreBackPreview: Window{1f1217b u0 Splash Screen com.travels.travelling}: Setting back callback OnBackInvokedCallbackInfo{mCallback=android.window.IOnBackInvokedCallback$Stub$Proxy@58c44f3, mPriority=0, mIsAnimationCallback=false, mOverrideBehavior=0}
01-17 15:17:30.346  3522  5112 D OplusAppSwitchRuleInfo: generateActivityEnterInfo - launch_source_type =  , launch_source_traceid = 
01-17 15:17:30.347  3522  5691 D CoreBackPreview: Window{bee213a u0 PopupWindow:3bde1e2}: Setting back callback null
01-17 15:17:30.348  3522  5243 D WindowManager: NFW_findFocusedWindowIfNeeded:null mCurrentFocus:null
01-17 15:17:30.349  3522  5243 D WindowManager: onSyncFinishedDrawing: Window{1f1217b u0 Splash Screen com.travels.travelling}
01-17 15:17:30.349  3522  5243 I WindowManager: finishDrawing skipLayout:false,syncSeqId=0,mPrepareSyncSeqId=0 Window{1f1217b u0 Splash Screen com.travels.travelling} com.android.server.wm.WindowManagerService.finishDrawingWindow:3192 com.android.server.wm.Session.finishDrawing:369 android.view.IWindowSession$Stub.onTransact:793 
01-17 15:17:30.349  3522  5243 I WindowManager: Window{1f1217b u0 Splash Screen com.travels.travelling} state from DRAW_PENDING to COMMIT_DRAW_PENDING; reason: finishDrawingLocked
01-17 15:17:30.350  3522  3687 I WindowManager: Window{1f1217b u0 Splash Screen com.travels.travelling} state from COMMIT_DRAW_PENDING to READY_TO_SHOW; reason: commitFinishDrawingLocked
01-17 15:17:30.350  3522  3687 D ActivityTaskManager: onStartingWindowDrawn: app=ProcessRecord{ad4c907 14093:com.travels.travelling/u0a507}, mStartingData=SplashScreenStartingData{3bccff1 removeAfterTransaction= 0}, finishing=false,mLaunchedFromBubble=false, mVisibleRequested=true, mDisplayContent=Display{#0 state=ON size=1080x2376 ROTATION_0}, isZoomMode=false
01-17 15:17:30.350  3522  3686 D OplusBatteryManager: getPsyBatteryRm: 5193
01-17 15:17:30.350  3522  3686 D BatteryStatsImplExtImpl: resumedUid:10507 resumedBatteryLevel:93  resumedPackage:com.travels.travelling  resumedBatteryRealtimeCapacity:5193
01-17 15:17:30.350  3522  3687 D ActivityTaskManager: commitVisibility: ActivityRecord{230856808 u0 com.travels.travelling/expo.modules.devlauncher.launcher.DevLauncherActivity t768}: visible=true visibleRequested=true, isInTransition=true 
01-17 15:17:30.351  3522  3687 I WindowManager: Window{1f1217b u0 Splash Screen com.travels.travelling} state from READY_TO_SHOW to HAS_DRAWN; reason: performShowLocked
01-17 15:17:30.351  3522  3687 I WindowStateExtImpl: onSurfaceShowChange show = true mPackageName = com.travels.travelling parentPkgName = com.travels.travelling
01-17 15:17:30.351  3522  3687 D CoreBackPreview:  return markWindowHasDrawn mComposed: false  mWaitTransition: false
01-17 15:17:30.351  3522  3687 E OplusAppQuickStart_AppQuickStartController: not start from launcher transition:5198
01-17 15:17:30.351  3522  3687 D Transition: collectOrderChanges onTopTasksEnd: [Task{227d81f #768 type=standard A=10507:com.travels.travelling}], reportedOnTop:null, mOnTopTasksStart: [Task{227d81f #768 type=standard A=10507:com.travels.travelling}], TDA child: [Task{8e25b07 #665 type=standard A=10350:tv.twitch.android.app}, Task{1b6ba52 #760 type=standard A=10345:com.snapchat.android}, Task{585d1c2 #706 type=standard A=10386:com.facebook.katana}, Task{ea6c5bb #749 type=standard A=10362:com.brave.browser}, Task{764b4d9 #692 type=standard A=10390:com.nordvpn.android}, Task{743906 #679 type=standard A=10341:com.discord}, Task{2ef1313 #643 type=standard A=10127:com.android.vending}, Task{b5132aa #680 type=standard A=10501:com.flipkart.android}, Task{34c4419 #638 type=standard A=10177:com.oplus.camera nonResizable}, Task{b263b17 #3 type=undefined}, Task{28ccfae #644 type=standard A=10504:com.booking}, Task{d2cafb9 #647 type=standard I=com.google.android.apps.authenticator2/.main.MainActivity nonResizable}, Task{d6dd4d1 #653 type=standard A=10365:com.github.android}, Task{68476ba #664 type=standard A=10120:com.google.android.apps.nbu.files}, Task{f9f2aeb #669 type=standard A=10188:com.oneplus.calculator}, Task{8ce4df8 #676 type=standard A=10172:google.android.task.calendar}, Task{e500933 #633 type=standard A=10497:com.makemytrip}, Task{4ff304f #678 type=standard A=10171:com.android.chrome}, Task{745a1eb #699 type=standard A=10460:com.openai.chatgpt}, Task{ddd528c #700 type=standard A=10413:com.coloros.compass2 nonResizable}, Task{65c8467 #623 type=standard A=10349:com.spotify.music}, Task{4991f95 #711 type=standard A=10340:com.linkedin.android}, Task{dcd8799 #714 type=standard A=10202:com.oneplus.filemanager}, Task{f978033 #710 type=standard A=10340:com.linkedin.android}, Task{ec46af8 #652 type=standard A=10179:com.google.android.gm}, Task{aa1adac #734 type=standard A=10340:com.linkedin.android}, Task{924c9ba #735 type=standard A=10340:com.linkedin.android}, Task{ac51749 #677 type=standard A=10335:com.oneplus.note}, Task{10fabda #740 type=standard A=10500:host.exp.exponent}, Task{909074c #671 type=standard I=com.google.android.googlequicksearchbox/com.google.android.apps.search.assistant.surfaces.voice.robin.main.MainActivity minWidth=1155 minHeight=1225}, Task{6fd9b70 #746 type=standard A=10378:com.dreamplug.androidapp nonResizable}, Task{845bb7c #668 type=standard I=com.google.android.apps.nbu.paisa.user/com.google.nbu.paisa.flutter.gpay.app.NotificationActivity}, Task{9931073 #662 type=standard A=10384:com.whatsapp}, Task{cad9b5d #765 type=standard I=com.google.android.apps.safetyhub/.LauncherActivity}, Task{ae4f0fc #626 type=standard A=10130:com.google.android.googlequicksearchbox.googleapp}, Task{18e1978 #705 type=standard A=1000:com.android.settings.root}, Task{6c7ffde #634 type=standard I=com.mattermost.rn/.MainActivity}, Task{7c126ce #762 type=standard A=10181:com.google.android.youtube}, Task{853d977 #624 type=standard A=10362:com.brave.browser}, Task{bc006d7 #627 type=standard A=10385:com.instagram.android}, Task{47cfa61 #659 type=standard A=10360:org.telegram.messenger}, Task{dd74941 #1 type=home}, Task{227d81f #768 type=standard A=10507:com.travels.travelling}]
01-17 15:17:30.351  3522  3687 D OplusFlexibleActivityTransitionManager: fixTransitType type result:1, targets: [ChangeInfo{3a48c29 container=ActivityRecord{230856808 u0 com.travels.travelling/expo.modules.devlauncher.launcher.DevLauncherActivity t768} flags=0x8}, ChangeInfo{7a5bae container=ActivityRecord{166114374 u0 com.travels.travelling/.MainActivity t768 f}} flags=0x0}]
01-17 15:17:30.352  3522  3687 D OplusTransitionAnimationManager: activityRecordCount1fullScreenArBeHindStartingWindow null
01-17 15:17:30.352  3522  3687 D OplusTransitionAnimationManager: activityRecordCount1fullScreenArBeHindStartingWindow null
01-17 15:17:30.353  3522  3687 D QuickBackInputPolicy: resetInputInterceptState for remoteTransition: false
01-17 15:17:30.353  3522  4519 D BackgroundInstallControlService: Package event received: 0
01-17 15:17:30.353  3522  3687 D OplusTransitionController: onTransactionReady, transition: 5198, info: {id=5198 t=OPEN f=0x0 trk=0 r=[0@Point(0, 0)] c=[{m=OPEN f=FILLS_TASK|IS_BEHIND_STARTING_WINDOW|NO_ANIMATION leash=Surface(name=ActivityRecord{230856808 u0 com.travels.travelling/expo.modules.devlauncher.launcher.DevLauncherActivity t768})/@0x14e5cdc sb=Rect(0, 0 - 0, 0) eb=Rect(0, 0 - 1080, 2376) epz=Point(1080, 2376) d=-1->0 r=-1->0:-1 bc=ff000000 component=com.travels.travelling/expo.modules.devlauncher.launcher.DevLauncherActivity},{m=CLOSE f=FILLS_TASK|IS_BEHIND_STARTING_WINDOW leash=Surface(name=ActivityRecord{166114374 u0 com.travels.travelling/.MainActivity t768})/@0xef5b85 sb=Rect(0, 0 - 1080, 2376) eb=Rect(0, 0 - 1080, 2376) epz=Point(1080, 2376) d=0 bc=ff000000 component=com.travels.travelling/.MainActivity}] 
01-17 15:17:30.353  3522  3687 D OplusTransitionController: extendInfo=[
01-17 15:17:30.353  3522  3687 D OplusTransitionController:  OplusTransitionExtendedInfo{mTmpFinishT=null, mInOplusCompatMode=false, mIsProcessRunning=false, mHasMismatchBoundsTarget=false, mRecentsController=null, mRemoteTransition=null, mIsTranslucentActivityToHome=false, mAvoidInterceptKeyEventToHome=false, mIsFromHome=false, mParentLeash=null, mBackAnimClosingLeash=null, mIsOplusAnimRes=false, mKeepBgForContinuous=false, mIsBalAllow=false, mTaskNotInRecent=false, mIsPredictiveBackAnim=false, mIsMergedWithPredictive=false, mIsLaunchFromSpruce=false, mIsLaunchFromDrive=false, mGlobalSearchPageSwitch=false, mNeedNoAlphaGlobalSearchScene=false, mAssistScreenShowing=false, mSwipeUpBrowserScreenShowing=false, mUserIdTransition=-1
01-17 15:17:30.353  3522  3687 D OplusTransitionController: , mInRemoteScene=false, mInPreReady=false, mPreStart=false, mToken=null, mAbortByRemoteFromHome=false, mShellApplyToken=null, mRequestTransitionTaskId=768, mAbortTransitionOnShell=0, mStartFromShortcut=false, mRemovedTaskId=-1, mTransitionInterruptType=0, mMergeSecondTaskId=-1, mTaskIdStartFromRecents=0, mTransitionId=5198, mCanUseSpringSlideAnim=false, mTransitionLaunchFrom=0, mFoldChangeType=-1, mAnimStartingPosition=[0, 0, 0, 0], mIsOpeningStkDialogActivity=false, mIsNeedApplyStartTForEmbedded=false, mMergeSecondTaskAnimation=false, mIsLaunchUnityStart=false, mIsLaunchFromAssistantByDefault=false, mSkipRemoteTransitionfalse, mIsStartFromKeyguard=false flags=0x0, mWCT=null, mIsOpenMergeToInValidPredictive=false}]}, targets : [ChangeInfo{3a48c29 container=ActivityRecord{230856808 u0 com.travels.travelling/expo.modules.devlauncher.launcher.DevLauncherActivity t768} flags=0x8}, ChangeInfo{7a5bae container=ActivityRecord{166114374 u0 com.travels.travelling/.MainActivity t768 f}} flags=0x0}], participants: {ActivityRecord{166114374 u0 com.travels.travelling/.MainActivity t768 f}}, ActivityRecord{230856808 u0 com.travels.travelling/expo.modules.devlauncher.launcher.DevLauncherActivity t768}}
01-17 15:17:30.354  4883 32383 V WindowManagerShell: onTransitionReady(transaction=15126875396675)
01-17 15:17:30.354  4883  4924 V WindowManagerShell: onTransitionReady (#5198) android.os.BinderProxy@6cf51a3: {id=5198 t=OPEN f=0x0 trk=0 r=[0@Point(0, 0)] c=[
01-17 15:17:30.354  4883  4924 V WindowManagerShell:         {m=OPEN f=FILLS_TASK|IS_BEHIND_STARTING_WINDOW|NO_ANIMATION leash=Surface(name=ActivityRecord{230856808 u0 com.travels.travelling/expo.modules.devlauncher.launcher.DevLauncherActivity t768})/@0x9b196fc sb=Rect(0, 0 - 0, 0) eb=Rect(0, 0 - 1080, 2376) epz=Point(1080, 2376) d=-1->0 r=-1->0:-1 bc=ff000000 component=com.travels.travelling/expo.modules.devlauncher.launcher.DevLauncherActivity},
01-17 15:17:30.354  4883  4924 V WindowManagerShell:         {m=CLOSE f=FILLS_TASK|IS_BEHIND_STARTING_WINDOW leash=Surface(name=ActivityRecord{166114374 u0 com.travels.travelling/.MainActivity t768})/@0xf864185 sb=Rect(0, 0 - 1080, 2376) eb=Rect(0, 0 - 1080, 2376) epz=Point(1080, 2376) d=0 bc=ff000000 component=com.travels.travelling/.MainActivity}
01-17 15:17:30.354  4883  4924 V WindowManagerShell:     ] 
01-17 15:17:30.354  4883  4924 V WindowManagerShell: extendInfo=[
01-17 15:17:30.354  4883  4924 V WindowManagerShell:  OplusTransitionExtendedInfo{mTmpFinishT=null, mInOplusCompatMode=false, mIsProcessRunning=false, mHasMismatchBoundsTarget=false, mRecentsController=null, mRemoteTransition=null, mIsTranslucentActivityToHome=false, mAvoidInterceptKeyEventToHome=false, mIsFromHome=false, mParentLeash=null, mBackAnimClosingLeash=null, mIsOplusAnimRes=false, mKeepBgForContinuous=false, mIsBalAllow=false, mTaskNotInRecent=false, mIsPredictiveBackAnim=false, mIsMergedWithPredictive=false, mIsLaunchFromSpruce=false, mIsLaunchFromDrive=false, mGlobalSearchPageSwitch=false, mNeedNoAlphaGlobalSearchScene=false, mAssistScreenShowing=false, mSwipeUpBrowserScreenShowing=false, mUserIdTransition=-1
01-17 15:17:30.354  4883  4924 V WindowManagerShell: , mInRemoteScene=false, mInPreReady=false, mPreStart=false, mToken=null, mAbortByRemoteFromHome=false, mShellApplyToken=null, mRequestTransitionTaskId=768, mAbortTransitionOnShell=0, mStartFromShortcut=false, mRemovedTaskId=-1, mTransitionInterruptType=0, mMergeSecondTaskId=-1, mTaskIdStartFromRecents=0, mTransitionId=5198, mCanUseSpringSlideAnim=false, mTransitionLaunchFrom=0, mFoldChangeType=-1, mAnimStartingPosition=[0, 0, 0, 0], mIsOpeningStkDialogActivity=false, mIsNeedApplyStartTForEmbedded=false, mMergeSecondTaskAnimation=false, mIsLaunchUnityStart=false, mIsLaunchFromAssistantByDefault=false, mSkipRemoteTransitionfalse, mIsStartFromKeyguard=false flags=0x0, mWCT=null, mIsOpenMergeToInValidPredictive=false}]}
01-17 15:17:30.354  4883  4924 V WindowManagerShell: Playing animation for (#5198) android.os.BinderProxy@6cf51a3@0
01-17 15:17:30.354 14093 14093 D ResourcesManagerExtImpl: applyConfigurationToAppResourcesLocked app.getDisplayId() return callback.displayId:0
01-17 15:17:30.355  4883  4924 V ShellRecents: RecentsTransitionHandler.startAnimation: no controller found
01-17 15:17:30.355  4883  4924 V WindowManagerShell: start OnePuttTransition animation, info = {id=5198 t=OPEN f=0x0 trk=0 r=[0@Point(0, 0)] c=[{m=OPEN f=FILLS_TASK|IS_BEHIND_STARTING_WINDOW|NO_ANIMATION leash=Surface(name=ActivityRecord{230856808 u0 com.travels.travelling/expo.modules.devlauncher.launcher.DevLauncherActivity t768})/@0x9b196fc sb=Rect(0, 0 - 0, 0) eb=Rect(0, 0 - 1080, 2376) epz=Point(1080, 2376) d=-1->0 r=-1->0:-1 bc=ff000000 component=com.travels.travelling/expo.modules.devlauncher.launcher.DevLauncherActivity},{m=CLOSE f=FILLS_TASK|IS_BEHIND_STARTING_WINDOW leash=Surface(name=ActivityRecord{166114374 u0 com.travels.travelling/.MainActivity t768})/@0xf864185 sb=Rect(0, 0 - 1080, 2376) eb=Rect(0, 0 - 1080, 2376) epz=Point(1080, 2376) d=0 bc=ff000000 component=com.travels.travelling/.MainActivity}] 
01-17 15:17:30.355  4883  4924 V WindowManagerShell: extendInfo=[
01-17 15:17:30.355  4883  4924 V WindowManagerShell:  OplusTransitionExtendedInfo{mTmpFinishT=null, mInOplusCompatMode=false, mIsProcessRunning=false, mHasMismatchBoundsTarget=false, mRecentsController=null, mRemoteTransition=null, mIsTranslucentActivityToHome=false, mAvoidInterceptKeyEventToHome=false, mIsFromHome=false, mParentLeash=null, mBackAnimClosingLeash=null, mIsOplusAnimRes=false, mKeepBgForContinuous=false, mIsBalAllow=false, mTaskNotInRecent=false, mIsPredictiveBackAnim=false, mIsMergedWithPredictive=false, mIsLaunchFromSpruce=false, mIsLaunchFromDrive=false, mGlobalSearchPageSwitch=false, mNeedNoAlphaGlobalSearchScene=false, mAssistScreenShowing=false, mSwipeUpBrowserScreenShowing=false, mUserIdTransition=-1
01-17 15:17:30.355  4883  4924 V WindowManagerShell: , mInRemoteScene=false, mInPreReady=false, mPreStart=false, mToken=null, mAbortByRemoteFromHome=false, mShellApplyToken=null, mRequestTransitionTaskId=768, mAbortTransitionOnShell=0, mStartFromShortcut=false, mRemovedTaskId=-1, mTransitionInterruptType=0, mMergeSecondTaskId=-1, mTaskIdStartFromRecents=0, mTransitionId=5198, mCanUseSpringSlideAnim=false, mTransitionLaunchFrom=0, mFoldChangeType=-1, mAnimStartingPosition=[0, 0, 0, 0], mIsOpeningStkDialogActivity=false, mIsNeedApplyStartTForEmbedded=false, mMergeSecondTaskAnimation=false, mIsLaunchUnityStart=false, mIsLaunchFromAssistantByDefault=false, mSkipRemoteTransitionfalse, mIsStartFromKeyguard=false flags=0x0, mWCT=null, mIsOpenMergeToInValidPredictive=false}]}
01-17 15:17:30.355  4883  4924 V WindowManagerShell: Transition doesn't have explicit remote, search filters for match for {id=5198 t=OPEN f=0x0 trk=0 r=[0@Point(0, 0)] c=[{m=OPEN f=FILLS_TASK|IS_BEHIND_STARTING_WINDOW|NO_ANIMATION leash=Surface(name=ActivityRecord{230856808 u0 com.travels.travelling/expo.modules.devlauncher.launcher.DevLauncherActivity t768})/@0x9b196fc sb=Rect(0, 0 - 0, 0) eb=Rect(0, 0 - 1080, 2376) epz=Point(1080, 2376) d=-1->0 r=-1->0:-1 bc=ff000000 component=com.travels.travelling/expo.modules.devlauncher.launcher.DevLauncherActivity},{m=CLOSE f=FILLS_TASK|IS_BEHIND_STARTING_WINDOW leash=Surface(name=ActivityRecord{166114374 u0 com.travels.travelling/.MainActivity t768})/@0xf864185 sb=Rect(0, 0 - 1080, 2376) eb=Rect(0, 0 - 1080, 2376) epz=Point(1080, 2376) d=0 bc=ff000000 component=com.travels.travelling/.MainActivity}] 
01-17 15:17:30.355  4883  4924 V WindowManagerShell: extendInfo=[
01-17 15:17:30.355  4883  4924 V WindowManagerShell:  OplusTransitionExtendedInfo{mTmpFinishT=null, mInOplusCompatMode=false, mIsProcessRunning=false, mHasMismatchBoundsTarget=false, mRecentsController=null, mRemoteTransition=null, mIsTranslucentActivityToHome=false, mAvoidInterceptKeyEventToHome=false, mIsFromHome=false, mParentLeash=null, mBackAnimClosingLeash=null, mIsOplusAnimRes=false, mKeepBgForContinuous=false, mIsBalAllow=false, mTaskNotInRecent=false, mIsPredictiveBackAnim=false, mIsMergedWithPredictive=false, mIsLaunchFromSpruce=false, mIsLaunchFromDrive=false, mGlobalSearchPageSwitch=false, mNeedNoAlphaGlobalSearchScene=false, mAssistScreenShowing=false, mSwipeUpBrowserScreenShowing=false, mUserIdTransition=-1
01-17 15:17:30.355  4883  4924 V WindowManagerShell: , mInRemoteScene=false, mInPreReady=false, mPreStart=false, mToken=null, mAbortByRemoteFromHome=false, mShellApplyToken=null, mRequestTransitionTaskId=768, mAbortTransitionOnShell=0, mStartFromShortcut=false, mRemovedTaskId=-1, mTransitionInterruptType=0, mMergeSecondTaskId=-1, mTaskIdStartFromRecents=0, mTransitionId=5198, mCanUseSpringSlideAnim=false, mTransitionLaunchFrom=0, mFoldChangeType=-1, mAnimStartingPosition=[0, 0, 0, 0], mIsOpeningStkDialogActivity=false, mIsNeedApplyStartTForEmbedded=false, mMergeSecondTaskAnimation=false, mIsLaunchUnityStart=false, mIsLaunchFromAssistantByDefault=false, mSkipRemoteTransitionfalse, mIsStartFromKeyguard=false flags=0x0, mWCT=null, mIsOpenMergeToInValidPredictive=false}]}
01-17 15:17:30.355  3522  3683 V WindowManager: Sent Transition (#5198) createdAt=01-17 15:17:30.316 via request=TransitionRequestInfo { type = OPEN, triggerTask = TaskInfo{userId=0 taskId=768 effectiveUid=10507 displayId=0 isRunning=true baseIntent=Intent { act=android.intent.action.MAIN cat=[android.intent.category.LAUNCHER] flg=0x10200000 cmp=com.travels.travelling/.MainActivity mCallingUid=10230 } baseActivity=ComponentInfo{com.travels.travelling/expo.modules.devlauncher.launcher.DevLauncherActivity} topActivity=ComponentInfo{com.travels.travelling/expo.modules.devlauncher.launcher.DevLauncherActivity} origActivity=null realActivity=ComponentInfo{com.travels.travelling/com.travels.travelling.MainActivity}
01-17 15:17:30.355  3522  3683 V WindowManager:  numActivities=1 lastActiveTime=493378936 supportsSplitScreenMultiWindow=true supportsMultiWindow=true supportsPocketStudioMultiWindow=true isInFlexibleEmbedded = false uid = 10507 pid = 0 resizeMode=1 isResizeable=true minWidth=-1 minHeight=-1 defaultMinSize=220 token=WCT{RemoteToken{8607d88 Task{227d81f #768 type=standard A=10507:com.travels.travelling}}} topActivityType=1 pictureInPictureParams=null shouldDockBigOverlays=false launchIntoPipHostTaskId=-1 lastParentTaskIdBeforePip=-1 displayCutoutSafeInsets=Rect(0, 120 - 0, 0)
01-17 15:17:30.355  3522  3683 V WindowManager:  topActivityInfo=ActivityInfo{1d26ac8 expo.modules.devlauncher.launcher.DevLauncherActivity} launchCookies=[] positionInParent=Point(0, 0) parentTaskId=-1 isFocused=true isVisible=true isVisibleRequested=false isTopActivityNoDisplay=false isSleeping=false locusId=null displayAreaFeatureId=1 isTopActivityTransparent=false isActivityStackTransparent=false lastNonFullscreenBounds=Rect(266, 642 - 815, 1722) capturedLink=null capturedLinkTimestamp=0 requestedVisibleTypes=-9 topActivityRequestOpenInBrowserEducationTimestamp=0
01-17 15:17:30.355  3522  3683 V WindowManager:  appCompatTaskInfo=AppCompatTaskInfo { topActivityInSizeCompat=false topActivityInOplusCompatMode=false eligibleForLetterboxEducation= false isLetterboxEducationEnabled= false isLetterboxDoubleTapEnabled= false eligibleForUserAspectRatioButton= false topActivityBoundsLetterboxed= false isFromLetterboxDoubleTap= false topActivityLetterboxVerticalPosition= -1 topActivityLetterboxHorizontalPosition= -1 topActivityLetterboxWidth=-1 topActivityLetterboxHeight=-1 topActivityAppBounds=Rect(0, 0 - 1080, 2376) isUserFullscreenOverrideEnabled=false isSystemFullscreenOverrideEnabled=false hasMinAspectRatioOverride=false topActivityLetterboxBounds=null cameraCompatTaskInfo=CameraCompatTaskInfo { freeformCameraCompatMode=inactive}} topActivityMainWindowFrame=null topActivityLetterboxInsets=Rect(0, 0 - 0, 0)
01-17 15:17:30.355  3522  3683 V WindowManager:  mOplusExtraBundle = Bundle[{androidx.flexible.taskFrame=Rect(0, 0 - 0, 0), topOpaqueSystemBarsAppearance=0, androidx.flexible.Alpha=1.0, androidx.activity.task.attach.blur=0, androidx.activity.LaunchInsensible=0, androidx.activity.LaunchCornerRadius=0, key_flexible_task_state=0, topActivitySupportAppInnerSplit=false, key_flexible_task_animating_type=-1, key_flexible_task_root_activity_processname=com.travels.travelling, androidx.activity.LaunchScenario=0, is_oplus_clone_task=false, flexible_super_mini_state=false, topRunningActivityHash=230856808, androidx.activity.LaunchScale=1.0, androidx.activity.LaunchShadowRadius=0, is_transient_hide_for_task_info=false, key_flexible_task_root_activity_pid=0, key_flexible_task_root_activity_uid=10507}]}, pipChange = null, remoteTransition = null, displayChange = null, flags = 0, debugId = 5198 }
01-17 15:17:30.355  4883  4924 V WindowManagerShell:  Checking filter Pair{{types=[] flags=0x0] notFlags=0x100 checks=[{atype=home independent=true modes=[OPEN,TO_FRONT] flags=NONE mustBeTask=false order=TOP topActivity=ComponentInfo{com.android.launcher/com.android.launcher.Launcher} launchCookie=null windowingMode=undefined},{atype=standard independent=true modes=[CLOSE,TO_BACK] flags=NONE mustBeTask=false order=ANY topActivity=null launchCookie=null windowingMode=undefined}]} RemoteTransition { remoteTransition = android.window.IRemoteTransition$Stub$Proxy@e1f11e2, appThread = android.app.IApplicationThread$Stub$Proxy@179a973, debugName = QuickstepLaunchHome }}
01-17 15:17:30.355  4883  4924 V WindowManagerShell:  Delegate animation for (#5198) to null
01-17 15:17:30.355  4883  4924 V WindowManagerShell: start default transition animation, info = {id=5198 t=OPEN f=0x0 trk=0 r=[0@Point(0, 0)] c=[{m=OPEN f=FILLS_TASK|IS_BEHIND_STARTING_WINDOW|NO_ANIMATION leash=Surface(name=ActivityRecord{230856808 u0 com.travels.travelling/expo.modules.devlauncher.launcher.DevLauncherActivity t768})/@0x9b196fc sb=Rect(0, 0 - 0, 0) eb=Rect(0, 0 - 1080, 2376) epz=Point(1080, 2376) d=-1->0 r=-1->0:-1 bc=ff000000 component=com.travels.travelling/expo.modules.devlauncher.launcher.DevLauncherActivity},{m=CLOSE f=FILLS_TASK|IS_BEHIND_STARTING_WINDOW leash=Surface(name=ActivityRecord{166114374 u0 com.travels.travelling/.MainActivity t768})/@0xf864185 sb=Rect(0, 0 - 1080, 2376) eb=Rect(0, 0 - 1080, 2376) epz=Point(1080, 2376) d=0 bc=ff000000 component=com.travels.travelling/.MainActivity}] 
01-17 15:17:30.355  4883  4924 V WindowManagerShell: extendInfo=[
01-17 15:17:30.355  4883  4924 V WindowManagerShell:  OplusTransitionExtendedInfo{mTmpFinishT=null, mInOplusCompatMode=false, mIsProcessRunning=false, mHasMismatchBoundsTarget=false, mRecentsController=null, mRemoteTransition=null, mIsTranslucentActivityToHome=false, mAvoidInterceptKeyEventToHome=false, mIsFromHome=false, mParentLeash=null, mBackAnimClosingLeash=null, mIsOplusAnimRes=false, mKeepBgForContinuous=false, mIsBalAllow=false, mTaskNotInRecent=false, mIsPredictiveBackAnim=false, mIsMergedWithPredictive=false, mIsLaunchFromSpruce=false, mIsLaunchFromDrive=false, mGlobalSearchPageSwitch=false, mNeedNoAlphaGlobalSearchScene=false, mAssistScreenShowing=false, mSwipeUpBrowserScreenShowing=false, mUserIdTransition=-1
01-17 15:17:30.355  4883  4924 V WindowManagerShell: , mInRemoteScene=false, mInPreReady=false, mPreStart=false, mToken=null, mAbortByRemoteFromHome=false, mShellApplyToken=null, mRequestTransitionTaskId=768, mAbortTransitionOnShell=0, mStartFromShortcut=false, mRemovedTaskId=-1, mTransitionInterruptType=0, mMergeSecondTaskId=-1, mTaskIdStartFromRecents=0, mTransitionId=5198, mCanUseSpringSlideAnim=false, mTransitionLaunchFrom=0, mFoldChangeType=-1, mAnimStartingPosition=[0, 0, 0, 0], mIsOpeningStkDialogActivity=false, mIsNeedApplyStartTForEmbedded=false, mMergeSecondTaskAnimation=false, mIsLaunchUnityStart=false, mIsLaunchFromAssistantByDefault=false, mSkipRemoteTransitionfalse, mIsStartFromKeyguard=false flags=0x0, mWCT=null, mIsOpenMergeToInValidPredictive=false}]}
01-17 15:17:30.356  3522  3687 I TaskOrganizerController: onTaskInfoChanged taskid 768 config { mBounds=Rect(0, 0 - 1080, 2376) mAppBounds=Rect(0, 0 - 1080, 2376) mMaxBounds=Rect(0, 0 - 1080, 2376) mDisplayRotation=ROTATION_0 mWindowingMode=fullscreen mActivityType=standard mAlwaysOnTop=undefined mRotation=ROTATION_0}
01-17 15:17:30.356  3522  3683 V WindowManager:     startWCT=WindowContainerTransaction { changes= {} hops= [] errorCallbackToken=null taskFragmentOrganizer=null }
01-17 15:17:30.356  4883  4924 V WindowManagerShell: Transition animation finished (aborted=false), notifying core (#5198) android.os.BinderProxy@6cf51a3@0
01-17 15:17:30.356  3522  3687 D OplusFlexibleDragToSplitAnimController: visibleFlexibleTaskInfos delete:768
01-17 15:17:30.356  3522  3687 E FlexibleWindowManagerService: notifyTaskObserverToAttachController not need to notify!
01-17 15:17:30.356  3522  3687 I FlexibleWindowManagerService: onFlexibleWindowTaskInfoChanged, return for cur task not embedded
01-17 15:17:30.356  4883  4924 D SplitScreen-->AppLockManager: setStartFromSafeControl mStartFromSafeControl=false
01-17 15:17:30.356  3522  3683 V WindowManager:     info={id=5198 t=OPEN f=0x0 trk=0 r=[0@Point(0, 0)] c=[
01-17 15:17:30.356  3522  3683 V WindowManager:         {m=OPEN f=FILLS_TASK|IS_BEHIND_STARTING_WINDOW|NO_ANIMATION leash=Surface(name=ActivityRecord{230856808 u0 com.travels.travelling/expo.modules.devlauncher.launcher.DevLauncherActivity t768})/@0x14e5cdc sb=Rect(0, 0 - 0, 0) eb=Rect(0, 0 - 1080, 2376) epz=Point(1080, 2376) d=-1->0 r=-1->0:-1 bc=ff000000 component=com.travels.travelling/expo.modules.devlauncher.launcher.DevLauncherActivity},
01-17 15:17:30.356  3522  3683 V WindowManager:         {m=CLOSE f=FILLS_TASK|IS_BEHIND_STARTING_WINDOW leash=Surface(name=ActivityRecord{166114374 u0 com.travels.travelling/.MainActivity t768})/@0xef5b85 sb=Rect(0, 0 - 1080, 2376) eb=Rect(0, 0 - 1080, 2376) epz=Point(1080, 2376) d=0 bc=ff000000 component=com.travels.travelling/.MainActivity}
01-17 15:17:30.356  3522  3683 V WindowManager:     ] 
01-17 15:17:30.356  3522  3683 V WindowManager: extendInfo=[
01-17 15:17:30.356  3522  3683 V WindowManager:  OplusTransitionExtendedInfo{mTmpFinishT=null, mInOplusCompatMode=false, mIsProcessRunning=false, mHasMismatchBoundsTarget=false, mRecentsController=null, mRemoteTransition=null, mIsTranslucentActivityToHome=false, mAvoidInterceptKeyEventToHome=false, mIsFromHome=false, mParentLeash=null, mBackAnimClosingLeash=null, mIsOplusAnimRes=false, mKeepBgForContinuous=false, mIsBalAllow=false, mTaskNotInRecent=false, mIsPredictiveBackAnim=false, mIsMergedWithPredictive=false, mIsLaunchFromSpruce=false, mIsLaunchFromDrive=false, mGlobalSearchPageSwitch=false, mNeedNoAlphaGlobalSearchScene=false, mAssistScreenShowing=false, mSwipeUpBrowserScreenShowing=false, mUserIdTransition=-1
01-17 15:17:30.356  3522  3683 V WindowManager: , mInRemoteScene=false, mInPreReady=false, mPreStart=false, mToken=null, mAbortByRemoteFromHome=false, mShellApplyToken=null, mRequestTransitionTaskId=768, mAbortTransitionOnShell=0, mStartFromShortcut=false, mRemovedTaskId=-1, mTransitionInterruptType=0, mMergeSecondTaskId=-1, mTaskIdStartFromRecents=0, mTransitionId=5198, mCanUseSpringSlideAnim=false, mTransitionLaunchFrom=0, mFoldChangeType=-1, mAnimStartingPosition=[0, 0, 0, 0], mIsOpeningStkDialogActivity=false, mIsNeedApplyStartTForEmbedded=false, mMergeSecondTaskAnimation=false, mIsLaunchUnityStart=false, mIsLaunchFromAssistantByDefault=false, mSkipRemoteTransitionfalse, mIsStartFromKeyguard=false flags=0x0, mWCT=null, mIsOpenMergeToInValidPredictive=false}]}
01-17 15:17:30.357  3522  3686 D FlexibleTaskController: check task which not have enough child, isInSingleWhiteList:false isCloneTask:false
01-17 15:17:30.357  3522  5243 D Transition: finishTransition ar ActivityRecord{166114374 u0 com.travels.travelling/.MainActivity t768 f}}, isVisibleRequested=false, state=STOPPING, visibleAtTransitionEndTokens={ActivityRecord{230856808 u0 com.travels.travelling/expo.modules.devlauncher.launcher.DevLauncherActivity t768}}, this=TransitionRecord{1d09761 id=5198 track=0 type=OPEN flags=0x0 state=2 c=[
01-17 15:17:30.357  3522  5243 D Transition:    ChangeInfo{9f63286 container=Task{227d81f #768 type=standard A=10507:com.travels.travelling} flags=0x0}
01-17 15:17:30.357  3522  5243 D Transition:    ChangeInfo{adc8747 container=Display{#0 state=ON size=1080x2376 ROTATION_0} flags=0x0}
01-17 15:17:30.357  3522  5243 D Transition:    ChangeInfo{9076b74 container=DefaultTaskDisplayArea@136778196 flags=0x0}
01-17 15:17:30.357  3522  5243 D Transition:    ChangeInfo{7a5bae container=ActivityRecord{166114374 u0 com.travels.travelling/.MainActivity t768 f}} flags=0x0}
01-17 15:17:30.357  3522  5243 D Transition:    ChangeInfo{3a48c29 container=ActivityRecord{230856808 u0 com.travels.travelling/expo.modules.devlauncher.launcher.DevLauncherActivity t768} flags=0x8}
01-17 15:17:30.357  3522  5243 D Transition: ]
01-17 15:17:30.357  3522  5243 D Transition: }
01-17 15:17:30.357  3522  5243 D ContinuousTransitionController: when transition: TransitionRecord{1d09761 id=5198 track=0 type=OPEN flags=0x0 state=2 c=[
01-17 15:17:30.357  3522  5243 D ContinuousTransitionController:    ChangeInfo{9f63286 container=Task{227d81f #768 type=standard A=10507:com.travels.travelling} flags=0x0}
01-17 15:17:30.357  3522  5243 D ContinuousTransitionController:    ChangeInfo{adc8747 container=Display{#0 state=ON size=1080x2376 ROTATION_0} flags=0x0}
01-17 15:17:30.357  3522  5243 D ContinuousTransitionController:    ChangeInfo{9076b74 container=DefaultTaskDisplayArea@136778196 flags=0x0}
01-17 15:17:30.357  3522  5243 D ContinuousTransitionController:    ChangeInfo{7a5bae container=ActivityRecord{166114374 u0 com.travels.travelling/.MainActivity t768 f}} flags=0x0}
01-17 15:17:30.357  3522  5243 D ContinuousTransitionController:    ChangeInfo{3a48c29 container=ActivityRecord{230856808 u0 com.travels.travelling/expo.modules.devlauncher.launcher.DevLauncherActivity t768} flags=0x8}
01-17 15:17:30.357  3522  5243 D ContinuousTransitionController: ]
01-17 15:17:30.357  3522  5243 D ContinuousTransitionController: } finished; ar: ActivityRecord{166114374 u0 com.travels.travelling/.MainActivity t768 f}} is tranfer starting window scene
01-17 15:17:30.357  3522  5243 D ActivityTaskManager: commitVisibility: ActivityRecord{166114374 u0 com.travels.travelling/.MainActivity t768 f}}: visible=false visibleRequested=false, isInTransition=false 
01-17 15:17:30.357  3522  5243 D WindowManager: NFW_setClientVisible:ActivityRecord{166114374 u0 com.travels.travelling/.MainActivity t768 f}} clientVisible:false
01-17 15:17:30.358  3522  5243 I WindowManager: Window{9b9341c u0 com.travels.travelling/com.travels.travelling.MainActivity} state from HAS_DRAWN to DRAW_PENDING; reason: resetDrawState
01-17 15:17:30.358  3522  5243 I WindowManager: Window{bee213a u0 PopupWindow:3bde1e2 EXITING} state from HAS_DRAWN to DRAW_PENDING; reason: resetDrawState
01-17 15:17:30.358  3522  5243 I WindowManager: Window{1972ff5 u0 com.travels.travelling/com.travels.travelling.MainActivity} state from HAS_DRAWN to DRAW_PENDING; reason: resetDrawState
01-17 15:17:30.358  3522  5243 D Transition: finishTransition ar ActivityRecord{230856808 u0 com.travels.travelling/expo.modules.devlauncher.launcher.DevLauncherActivity t768}, isVisibleRequested=true, state=RESUMED, visibleAtTransitionEndTokens={ActivityRecord{230856808 u0 com.travels.travelling/expo.modules.devlauncher.launcher.DevLauncherActivity t768}}, this=TransitionRecord{1d09761 id=5198 track=0 type=OPEN flags=0x0 state=2 c=[
01-17 15:17:30.358  3522  5243 D Transition:    ChangeInfo{9f63286 container=Task{227d81f #768 type=standard A=10507:com.travels.travelling} flags=0x0}
01-17 15:17:30.358  3522  5243 D Transition:    ChangeInfo{adc8747 container=Display{#0 state=ON size=1080x2376 ROTATION_0} flags=0x0}
01-17 15:17:30.358  3522  5243 D Transition:    ChangeInfo{9076b74 container=DefaultTaskDisplayArea@136778196 flags=0x0}
01-17 15:17:30.358  3522  5243 D Transition:    ChangeInfo{7a5bae container=ActivityRecord{166114374 u0 com.travels.travelling/.MainActivity t768 f}} flags=0x0}
01-17 15:17:30.358  3522  5243 D Transition:    ChangeInfo{3a48c29 container=ActivityRecord{230856808 u0 com.travels.travelling/expo.modules.devlauncher.launcher.DevLauncherActivity t768} flags=0x8}
01-17 15:17:30.358  3522  5243 D Transition: ]
01-17 15:17:30.358  3522  5243 D Transition: }
01-17 15:17:30.358  3522  5243 I OplusAppSwitchManagerService:  handleAppVisible , r = ActivityRecord{230856808 u0 com.travels.travelling/expo.modules.devlauncher.launcher.DevLauncherActivity t768}
01-17 15:17:30.358  3522  5243 I WindowManager: Window{bee213a u0 PopupWindow:3bde1e2 EXITING} state from DRAW_PENDING to NO_SURFACE; reason: destroySurface
01-17 15:17:30.358  3522  3700 W SmartWindowScene: updateWindowState fail! invalid window type: -1
01-17 15:17:30.358 14093 14093 D OplusPredictiveBackController: should not HookOnBackInvokedCallbackEnabled for application expo.modules.devlauncher.launcher.DevLauncherActivity@2653c2c hasOnBackInvokedCallBackEnabled
01-17 15:17:30.358 14093 14093 D OplusPredictiveBackController: should not HookOnBackInvokedCallbackEnabled for application expo.modules.devlauncher.launcher.DevLauncherActivity@2653c2c hasOnBackInvokedCallBackEnabled
01-17 15:17:30.359  3522  5243 I TaskOrganizerController: onTaskInfoChanged taskid 768 config { mBounds=Rect(0, 0 - 1080, 2376) mAppBounds=Rect(0, 0 - 1080, 2376) mMaxBounds=Rect(0, 0 - 1080, 2376) mDisplayRotation=ROTATION_0 mWindowingMode=fullscreen mActivityType=standard mAlwaysOnTop=undefined mRotation=ROTATION_0}
01-17 15:17:30.359  3522  5243 D OplusFlexibleDragToSplitAnimController: visibleFlexibleTaskInfos delete:768
01-17 15:17:30.359  3522  5243 E FlexibleWindowManagerService: notifyTaskObserverToAttachController not need to notify!
01-17 15:17:30.359  3522  5243 I FlexibleWindowManagerService: onFlexibleWindowTaskInfoChanged, return for cur task not embedded
01-17 15:17:30.359  3522  5243 D OplusTransitionController: finishTransition, transition: TransitionRecord{1d09761 id=5198 track=0 type=OPEN flags=0x0 state=4 c=[
01-17 15:17:30.359  3522  5243 D OplusTransitionController:    ChangeInfo{9f63286 container=Task{227d81f #768 type=standard A=10507:com.travels.travelling} flags=0x0}
01-17 15:17:30.359  3522  5243 D OplusTransitionController:    ChangeInfo{adc8747 container=Display{#0 state=ON size=1080x2376 ROTATION_0} flags=0x0}
01-17 15:17:30.359  3522  5243 D OplusTransitionController:    ChangeInfo{9076b74 container=DefaultTaskDisplayArea@136778196 flags=0x0}
01-17 15:17:30.359  3522  5243 D OplusTransitionController:    ChangeInfo{7a5bae container=ActivityRecord{166114374 u0 com.travels.travelling/.MainActivity t768 f}} flags=0x0}
01-17 15:17:30.359  3522  5243 D OplusTransitionController:    ChangeInfo{3a48c29 container=ActivityRecord{230856808 u0 com.travels.travelling/expo.modules.devlauncher.launcher.DevLauncherActivity t768} flags=0x8}
01-17 15:17:30.359  3522  5243 D OplusTransitionController: ]
01-17 15:17:30.359  3522  5243 D OplusTransitionController: }
