01-17 15:17:30.360  3522  5243 D FlexibleTaskTransitionController:  finishTransition pendingRecentToFlexibleTask:null,isRotationTransition:false ,pendingRecentToFlexible:null ,transition:TransitionRecord{1d09761 id=5198 track=0 type=OPEN flags=0x0 state=4 c=[
01-17 15:17:30.360  3522  5243 D FlexibleTaskTransitionController:    ChangeInfo{9f63286 container=Task{227d81f #768 type=standard A=10507:com.travels.travelling} flags=0x0}
01-17 15:17:30.360  3522  5243 D FlexibleTaskTransitionController:    ChangeInfo{adc8747 container=Display{#0 state=ON size=1080x2376 ROTATION_0} flags=0x0}
01-17 15:17:30.360  3522  5243 D FlexibleTaskTransitionController:    ChangeInfo{9076b74 container=DefaultTaskDisplayArea@136778196 flags=0x0}
01-17 15:17:30.360  3522  5243 D FlexibleTaskTransitionController:    ChangeInfo{7a5bae container=ActivityRecord{166114374 u0 com.travels.travelling/.MainActivity t768 f}} flags=0x0}
01-17 15:17:30.360  3522  5243 D FlexibleTaskTransitionController:    ChangeInfo{3a48c29 container=ActivityRecord{230856808 u0 com.travels.travelling/expo.modules.devlauncher.launcher.DevLauncherActivity t768} flags=0x8}
01-17 15:17:30.360  3522  5243 D FlexibleTaskTransitionController: ]
01-17 15:17:30.360  3522  5243 D FlexibleTaskTransitionController: }
01-17 15:17:30.360  3522  5243 D TransitionControllerExtImpl: NFW_send RECOMPUTE_FOCUS in finishTransition
01-17 15:17:30.360  4883  4924 D ShellTaskOrganizer: onTransitionFinish, isRecent:false
01-17 15:17:30.360  3522  3700 W UserAwareMgr: event can not be released, id: 5005, count: 2, releasePid: 3522
01-17 15:17:30.361  4883  4924 V WindowManagerShell: Track 0 became idle
01-17 15:17:30.361  4883  4924 V WindowManagerShell: All active transition animations finished
01-17 15:17:30.361  4883  4924 V WindowManagerShell:  animated by com.android.wm.shell.transition.DefaultTransitionHandler@ea79431
01-17 15:17:30.361  4883  4924 V WindowManagerShell: Track 0 became idle
01-17 15:17:30.361  4883  4924 V WindowManagerShell: All active transition animations finished
01-17 15:17:30.362  3522  5538 I BLASTSyncEngine: onCommitted syncId: 5198, timeout: false ran: false
01-17 15:17:30.362  3522  5538 D Transition: finishTransaction-onCommitted syncId=5198
01-17 15:17:30.362  3522  3686 D WindowManager: NFW_findFocusedWindowIfNeeded:null mCurrentFocus:null
01-17 15:17:30.364 14093 14093 D ActivityThread: ComponentInfo{com.travels.travelling/expo.modules.devlauncher.launcher.DevLauncherActivity} checkFinished=false 2
01-17 15:17:30.364 14093 14093 D ResourcesManagerExtImpl: applyConfigurationToAppResourcesLocked app.getDisplayId() return callback.displayId:0
01-17 15:17:30.367  3522  5538 I WindowManager: addWindow: New client android.os.BinderProxy@edd1ad1 : window=Window{f64936 u0 com.travels.travelling/expo.modules.devlauncher.launcher.DevLauncherActivity}
01-17 15:17:30.368 14093 14093 D ResourcesManagerExtImpl: applyConfigurationToAppResourcesLocked app.getDisplayId() return callback.displayId:0
01-17 15:17:30.383 14093 14093 D OplusPredictiveBackController: should not HookOnBackInvokedCallbackEnabled for application expo.modules.devlauncher.launcher.DevLauncherActivity@2653c2c hasOnBackInvokedCallBackEnabled
01-17 15:17:30.383 14093 14093 D OplusPredictiveBackController: should not HookOnBackInvokedCallbackEnabled for application expo.modules.devlauncher.launcher.DevLauncherActivity@2653c2c hasOnBackInvokedCallBackEnabled
01-17 15:17:30.384  3522  5538 D CoreBackPreview: Window{f64936 u0 com.travels.travelling/expo.modules.devlauncher.launcher.DevLauncherActivity}: Setting back callback OnBackInvokedCallbackInfo{mCallback=android.window.IOnBackInvokedCallback$Stub$Proxy@f5ac10, mPriority=0, mIsAnimationCallback=false, mOverrideBehavior=0}
01-17 15:17:30.417  3522  5691 V WindowManager: Relayout Window{f64936 u0 com.travels.travelling/expo.modules.devlauncher.launcher.DevLauncherActivity}: viewVisibility=0, oldvis=4, req=1080x2376 , apr = 0, vsysui=, x=0, y=0
01-17 15:17:30.417  3522  5691 I WindowManager: Window{f64936 u0 com.travels.travelling/expo.modules.devlauncher.launcher.DevLauncherActivity} state from NO_SURFACE to DRAW_PENDING; reason: resetDrawState
01-17 15:17:30.419  3522  5691 D WindowManager: NFW_findFocusedWindowIfNeeded:Window{f64936 u0 com.travels.travelling/expo.modules.devlauncher.launcher.DevLauncherActivity} mCurrentFocus:null
01-17 15:17:30.419  3522  5691 V WindowManager: Changing focus from null to Window{f64936 u0 com.travels.travelling/expo.modules.devlauncher.launcher.DevLauncherActivity},diplayid=0
01-17 15:17:30.419  3522  3757 D VRR [OPlusSurfaceFlingerController]:  setComplexSceneEnable : false
01-17 15:17:30.420 14093 14093 D VRI[DevLauncherActivity]: relayoutWindow result, sizeChanged:true, surfaceControlChanged:true, transformHintChanged:false, mSurfaceSize:Point(1080, 2376), mLastSurfaceSize:Point(0, 0), mWidth:-1, mHeight:-1, requestedWidth:1080, requestedHeight:2376, transformHint:0, installOrientation:0, displayRotation:0, isSurfaceValid:true, attr.flag:-2122252032, tmpFrames:ClientWindowFrames{frame=[0,0][1080,2376] display=[0,0][1080,2376] parentFrame=[0,0][0,0]}, relayoutAsync:false, mSyncSeqId:0
01-17 15:17:30.420 14093 14093 W VRI[DevLauncherActivity]: updateBlastSurfaceIfNeeded, surfaceSize:Point(1080, 2376), lastSurfaceSize:Point(0, 0), format:-1, blastBufferQueue:null
01-17 15:17:30.435  3522  5691 I WindowManager: Window{f64936 u0 com.travels.travelling/expo.modules.devlauncher.launcher.DevLauncherActivity} state from DRAW_PENDING to COMMIT_DRAW_PENDING; reason: finishDrawingLocked
01-17 15:17:30.437  3522  3687 I WindowManager: Window{f64936 u0 com.travels.travelling/expo.modules.devlauncher.launcher.DevLauncherActivity} state from COMMIT_DRAW_PENDING to READY_TO_SHOW; reason: commitFinishDrawingLocked
01-17 15:17:30.437  3522  3687 D CoreBackPreview:  return markWindowHasDrawn mComposed: false  mWaitTransition: false
01-17 15:17:30.437  3522  3687 D ActivityTaskManager: Finish StartingWindow: ActivityRecord{230856808 u0 com.travels.travelling/expo.modules.devlauncher.launcher.DevLauncherActivity t768}first real window is shown
01-17 15:17:30.437  3522  3687 D ActivityTaskManager: removeStartingWindowAnimation starting ActivityRecord{230856808 u0 com.travels.travelling/expo.modules.devlauncher.launcher.DevLauncherActivity t768} startingWindow=null ,startingView=com.android.server.wm.StartingSurfaceController$StartingSurface@992ef4b,Callers=com.android.server.wm.ActivityRecord.removeStartingWindow:3392 com.android.server.wm.ActivityRecord.onFirstWindowDrawn:8062 com.android.server.wm.WindowState.performShowLocked:4914 com.android.server.wm.WindowStateAnimator.commitFinishDrawingLocked:403 com.android.server.wm.DisplayContent.lambda$new$8:1150 
01-17 15:17:30.437  3522  3687 D OplusStartingWindowManager: interceptRemoveStartingWindow: packageName=com.travels.travelling,  componentName=com.travels.travelling/expo.modules.devlauncher.launcher.DevLauncherActivity, isSnapshot=false, startingSurfaceRunnable=null, isDrawCompleted=true, hasSurfaceView=false, inTransition=false
01-17 15:17:30.437  3522  3687 D OplusSplitScreenManagerService: notifyRemoveStartingWindow mOplusSpiltScreenDnDUI is null, just return!
01-17 15:17:30.437  3522  3687 D OplusStartingWindowManager: interceptRemoveStartingWindow: hasSplashWindowFlag() return false for activity=ActivityRecord{230856808 u0 com.travels.travelling/expo.modules.devlauncher.launcher.DevLauncherActivity t768}
01-17 15:17:30.439  3522  3687 D QuickBackInputPolicy: setAppLaunchEndTime update timePair=Pair{ActivityRecord{230856808 u0 com.travels.travelling/expo.modules.devlauncher.launcher.DevLauncherActivity t768} 339509636}
01-17 15:17:30.439  3522  3687 I WindowManager: Window{f64936 u0 com.travels.travelling/expo.modules.devlauncher.launcher.DevLauncherActivity} state from READY_TO_SHOW to HAS_DRAWN; reason: performShowLocked
01-17 15:17:30.441  3522  3687 D CoreBackPreview:  return markWindowHasDrawn mComposed: false  mWaitTransition: false
01-17 15:17:30.449  3522  5243 V WindowManager: Relayout Window{9b9341c u0 com.travels.travelling/com.travels.travelling.MainActivity}: viewVisibility=8, oldvis=0, req=1080x2376 , apr = 0, vsysui=
01-17 15:17:30.451  3522  5243 D WindowManager: NFW_findFocusedWindowIfNeeded:Window{f64936 u0 com.travels.travelling/expo.modules.devlauncher.launcher.DevLauncherActivity} mCurrentFocus:Window{f64936 u0 com.travels.travelling/expo.modules.devlauncher.launcher.DevLauncherActivity}
01-17 15:17:30.459  3522  5243 V WindowManager: Relayout Window{1972ff5 u0 com.travels.travelling/com.travels.travelling.MainActivity}: viewVisibility=8, oldvis=0, req=1080x2376 , apr = 0, vsysui=
01-17 15:17:30.460  3522  5243 D WindowManager: NFW_findFocusedWindowIfNeeded:Window{f64936 u0 com.travels.travelling/expo.modules.devlauncher.launcher.DevLauncherActivity} mCurrentFocus:Window{f64936 u0 com.travels.travelling/expo.modules.devlauncher.launcher.DevLauncherActivity}
01-17 15:17:30.462 14093 14093 D VRI[MainActivity]: relayoutWindow result, sizeChanged:false, surfaceControlChanged:true, transformHintChanged:false, mSurfaceSize:Point(1080, 2376), mLastSurfaceSize:Point(1080, 2376), mWidth:1080, mHeight:2376, requestedWidth:1080, requestedHeight:2376, transformHint:0, installOrientation:0, displayRotation:0, isSurfaceValid:false, attr.flag:-2122252032, tmpFrames:ClientWindowFrames{frame=[0,0][1080,2376] display=[0,0][1080,2376] parentFrame=[0,0][0,0]}, relayoutAsync:false, mSyncSeqId:0
01-17 15:17:30.468 14093 14093 W VRI[DevLauncherActivity]: handleResized, msg:, frameChanged:false, configChanged:false, displayChanged:false, attachedFrameChanged:false, compatScaleChanged:false, pendingDragResizing=false
01-17 15:17:30.473  3522  4402 D InputMethodManagerService: isSecurity: attribute.packageName = com.travels.travelling mCurMethodId = com.google.android.inputmethod.latin/com.android.inputmethod.latin.LatinIME isSecurity = false ( enable = true needShow = false inBlackList = false isExist = true )
01-17 15:17:30.479  3522  5243 W PackageConfigPersister: App-specific configuration not found for packageName: com.travels.travelling and userId: 0
01-17 15:17:30.494  3522  3686 W ProcessStats: Tracking association SourceState{dc8f635 system/1000 BFgs #758788} whose proc state 4 is better than process ProcessState{5742cb0 com.google.android.ext.services/10300 pkg=com.google.android.ext.services} proc state 14 (0 skipped)
01-17 15:17:30.501  3522  5538 D CoreBackPreview: Window{9b9341c u0 com.travels.travelling/com.travels.travelling.MainActivity}: Setting back callback null
01-17 15:17:30.501  3522  5243 I WindowManager: Window{9b9341c u0 com.travels.travelling/com.travels.travelling.MainActivity} state from DRAW_PENDING to NO_SURFACE; reason: destroySurface
01-17 15:17:30.501  3522  3700 W SmartWindowScene: updateWindowState fail! invalid window type: -1
01-17 15:17:30.502  3522  5243 D WindowManager: NFW_findFocusedWindowIfNeeded:Window{f64936 u0 com.travels.travelling/expo.modules.devlauncher.launcher.DevLauncherActivity} mCurrentFocus:Window{f64936 u0 com.travels.travelling/expo.modules.devlauncher.launcher.DevLauncherActivity}
01-17 15:17:30.505  3522  5243 D CoreBackPreview: Window{1972ff5 u0 com.travels.travelling/com.travels.travelling.MainActivity}: Setting back callback null
01-17 15:17:30.507  3522  5243 I WindowManager: Window{1972ff5 u0 com.travels.travelling/com.travels.travelling.MainActivity} state from DRAW_PENDING to NO_SURFACE; reason: destroySurface
01-17 15:17:30.507  3522  5243 D WindowManager: NFW_findFocusedWindowIfNeeded:Window{f64936 u0 com.travels.travelling/expo.modules.devlauncher.launcher.DevLauncherActivity} mCurrentFocus:Window{f64936 u0 com.travels.travelling/expo.modules.devlauncher.launcher.DevLauncherActivity}
01-17 15:17:30.509  3522  5243 D ActivityTaskManager: removeAppToken: ActivityRecord{166114374 u0 com.travels.travelling/.MainActivity t768 f}} delayed=false parent=Task{227d81f #768 type=standard A=10507:com.travels.travelling} animating=false Callers=com.android.server.wm.DisplayContent.removeAppToken:1755 com.android.server.wm.ActivityRecord.removeFromHistory:4972 com.android.server.wm.ActivityRecord.destroyed:5062 com.android.server.wm.ActivityClientController.activityDestroyed:339 
01-17 15:17:30.509  3522  4519 D BackgroundInstallControlService: Package event received: 0
01-17 15:17:30.636  3522  3522 D RefreshRate: app switch boost timeout,transition isPlaying:false isInInterruptScene:false
01-17 15:17:30.641  3522  3757 D VRR [OPlusRefreshRateService]:  setDirectorStates [flag: 1, state: 0, directorStateOff: 0]
01-17 15:17:30.718  3522  5243 V WindowManager: Relayout Window{1f1217b u0 Splash Screen com.travels.travelling}: viewVisibility=8, oldvis=0, req=1080x2376 , apr = 0, vsysui=
01-17 15:17:30.721  3522  5243 D WindowManager: NFW_findFocusedWindowIfNeeded:Window{f64936 u0 com.travels.travelling/expo.modules.devlauncher.launcher.DevLauncherActivity} mCurrentFocus:Window{f64936 u0 com.travels.travelling/expo.modules.devlauncher.launcher.DevLauncherActivity}
01-17 15:17:30.724  3522  5243 D CoreBackPreview: Window{1f1217b u0 Splash Screen com.travels.travelling EXITING}: Setting back callback null
01-17 15:17:30.724  3522  5538 D WindowManager: NFW_findFocusedWindowIfNeeded:Window{f64936 u0 com.travels.travelling/expo.modules.devlauncher.launcher.DevLauncherActivity} mCurrentFocus:Window{f64936 u0 com.travels.travelling/expo.modules.devlauncher.launcher.DevLauncherActivity}
01-17 15:17:30.730  3522  3688 D SurfaceAnimationRunner: onAnimationStart:Surface(name=Surface(name=1f1217b Splash Screen com.travels.travelling)/@0xa61ef2b - animation-leash of window_animation)/@0x8d41f88
01-17 15:17:30.842  3522  4367 V AlarmManager: sending alarm Alarm{d9c5a5d type 1 origWhen 1768643250841 whenElapsed 493379457 android} uid 1000 whenElapsed 493379457 windowLength 0 maxWhenElapsed 493379457 repeatInterval 0 action null component null tag StorgaeBandInfoAlarmTag flags 0x9 procName system_server
01-17 15:17:30.883  3522  3688 D SurfaceAnimationRunner: onAnimationEnd:Surface(name=Surface(name=1f1217b Splash Screen com.travels.travelling)/@0xa61ef2b - animation-leash of window_animation)/@0x8d41f88
01-17 15:17:30.884  3522  3687 I WindowStateExtImpl: onSurfaceShowChange show = false mPackageName = com.travels.travelling parentPkgName = com.travels.travelling
01-17 15:17:30.884  3522  3687 I WindowManager: Window{1f1217b u0 Splash Screen com.travels.travelling EXITING} state from HAS_DRAWN to NO_SURFACE; reason: destroySurface
01-17 15:17:30.888  3522  3700 W UserAwareMgr: event can not be released, id: 5005, count: 2, releasePid: 3522
01-17 15:17:32.316  3522  3700 W QosScheduler: executeSceneQosStrategy failed! qos feature no enable
01-17 15:17:32.498  3522  4228 D osense.compress: com.facebook.katana do shrink, target ratio = 90, final ratio = 90, cur ratio = 88
01-17 15:17:32.766 12940 12940 I AppWidgetManager: updateAppWidgetIds, mPackageName: com.spotify.music, appWidgetIds: [], views:android.widget.RemoteViews@ddc392
01-17 15:17:32.767  3522  5691 D AppWidgetServiceImpl: updateAppWidgetIds appWidgetIds is null or appWidgetIds.length == 0
01-17 15:17:32.772 12940 12940 I AppWidgetManager: updateAppWidgetIds, mPackageName: com.spotify.music, appWidgetIds: [], views:android.widget.RemoteViews@4eef163
01-17 15:17:32.783  3522  5691 D AppWidgetServiceImpl: updateAppWidgetIds appWidgetIds is null or appWidgetIds.length == 0
01-17 15:17:32.798  3522  5691 W ActivityManager: Foreground service started from background can not have location/camera/microphone access: service com.spotify.music/com.spotify.app.music.service.SpotifyService
01-17 15:17:32.802  3522  3717 D NotificationService--OplusNotificationFixHelper: fixAppIcon: pkg=com.spotify.music
01-17 15:17:32.802  3522  3717 D NotificationService--OplusNotificationFixHelper: fixAppIcon: appIcon = null, pkg = com.spotify.music
01-17 15:17:32.803  3522  3717 I OplusStatusBarManagerServiceEnhance:  getTopIsFullscreen mTopIsFullscreen: false
01-17 15:17:32.804  3522  3522 D NotificationService--OplusNotificationManagerServiceExtImpl: isForwardToAssistants: true, case : Is local notification
01-17 15:17:32.805  3522  3522 D NotificationService: This application enqueue notifications is need postDelayed mcsAssistantDelayTime: 200
01-17 15:17:32.806  3522  5691 D NotificationService--OplusNotificationFixHelper: fixAppIcon: pkg=com.spotify.music
01-17 15:17:32.806  3522  5691 D NotificationService--OplusNotificationFixHelper: fixAppIcon: appIcon = null, pkg = com.spotify.music
01-17 15:17:32.807  3522  5691 I OplusStatusBarManagerServiceEnhance:  getTopIsFullscreen mTopIsFullscreen: false
01-17 15:17:32.808  3522  5691 W ActivityManager: Permission Denial: getTopApplicationInfo from pid=12940, uid=10349 requires oplus.permission.OPLUS_COMPONENT_SAFE
01-17 15:17:32.811  3522  3522 D NotificationService--OplusNotificationManagerServiceExtImpl: isForwardToAssistants: true, case : Is local notification
01-17 15:17:32.811  3522  3522 D NotificationService: This application enqueue notifications is need postDelayed mcsAssistantDelayTime: 200
01-17 15:17:32.812  3522  5538 I OplusMediaControlService: updateControllerMap begin
01-17 15:17:32.812  3522  5538 D OplusMediaControlService: isInMediaBlackList: com.google.android.youtube, 0
01-17 15:17:32.812  3522  5538 V OplusMediaControlService: this app is in media black list, pkgName: com.google.android.youtube
01-17 15:17:32.812  3522  5538 D OplusMediaControlService: isInMediaBlackList: com.google.android.youtube, 0
01-17 15:17:32.812  3522  5538 V OplusMediaControlService: this app is in media black list, pkgName: com.google.android.youtube
01-17 15:17:32.812  3522  5538 I OplusMediaControlService: updataPlayStateMap begin
01-17 15:17:32.812  3522  5538 I OplusMediaControlService: updateMetadataMap begin
01-17 15:17:32.812  3522  5538 I OplusMediaControlService: getPlayerInfo, playerId: 83316474, pkgname: com.spotify.music
01-17 15:17:32.812  3522  5691 W ActivityManager: Foreground service started from background can not have location/camera/microphone access: service com.spotify.music/com.spotify.app.music.service.SpotifyService
01-17 15:17:32.813  3522  5538 I OplusMediaControlService: getPlayerInfo, playerId: 162746262, pkgname: tv.twitch.android.app
01-17 15:17:32.813  3522  5538 D OplusMediaControlService: isInMediaBlackList: com.google.android.youtube, 0
01-17 15:17:32.813  3522  5538 V OplusMediaControlService: this app is in media black list, pkgName: com.google.android.youtube
01-17 15:17:32.813  3522  5538 I OplusMediaControlService: getCurrentPlayerInfoList InfoList size: 2
01-17 15:17:32.813  3522  3717 D NotificationService--OplusNotificationFixHelper: fixAppIcon: pkg=com.spotify.music
01-17 15:17:32.814  3522  3717 D NotificationService--OplusNotificationFixHelper: fixAppIcon: appIcon = null, pkg = com.spotify.music
01-17 15:17:32.814  3522  3717 I OplusStatusBarManagerServiceEnhance:  getTopIsFullscreen mTopIsFullscreen: false
01-17 15:17:32.818  3522  5691 I OplusMediaControlService: updateControllerMap begin
01-17 15:17:32.818  3522  5691 D OplusMediaControlService: isInMediaBlackList: com.google.android.youtube, 0
01-17 15:17:32.818  3522  5691 V OplusMediaControlService: this app is in media black list, pkgName: com.google.android.youtube
01-17 15:17:32.818  3522  5691 D OplusMediaControlService: isInMediaBlackList: com.google.android.youtube, 0
01-17 15:17:32.818  3522  5691 V OplusMediaControlService: this app is in media black list, pkgName: com.google.android.youtube
01-17 15:17:32.818  3522  5691 I OplusMediaControlService: updataPlayStateMap begin
01-17 15:17:32.818  3522  5691 I OplusMediaControlService: updateMetadataMap begin
01-17 15:17:32.818  3522  5691 I OplusMediaControlService: getPlayerInfo, playerId: 83316474, pkgname: com.spotify.music
01-17 15:17:32.819  3522  5691 I OplusMediaControlService: getPlayerInfo, playerId: 162746262, pkgname: tv.twitch.android.app
01-17 15:17:32.819  3522  5691 D OplusMediaControlService: isInMediaBlackList: com.google.android.youtube, 0
01-17 15:17:32.819  3522  5691 V OplusMediaControlService: this app is in media black list, pkgName: com.google.android.youtube
01-17 15:17:32.819  3522  5691 I OplusMediaControlService: getCurrentPlayerInfoList InfoList size: 2
01-17 15:17:32.821  3522  4489 D NotificationService--OplusNotificationFixHelper: fixAppIcon: pkg=com.spotify.music
01-17 15:17:32.821  3522  4489 D NotificationService--OplusNotificationFixHelper: fixAppIcon: appIcon = null, pkg = com.spotify.music
01-17 15:17:32.821  3522  3522 D NotificationService--OplusNotificationManagerServiceExtImpl: isForwardToAssistants: true, case : Is local notification
01-17 15:17:32.821  3522  3522 D NotificationService: This application enqueue notifications is need postDelayed mcsAssistantDelayTime: 200
01-17 15:17:32.823  3522  4489 I OplusStatusBarManagerServiceEnhance:  getTopIsFullscreen mTopIsFullscreen: false
01-17 15:17:32.823  3522  4489 W ActivityManager: Permission Denial: getTopApplicationInfo from pid=12940, uid=10349 requires oplus.permission.OPLUS_COMPONENT_SAFE
01-17 15:17:32.823  3522  3522 D NotificationService--OplusNotificationManagerServiceExtImpl: isForwardToAssistants: true, case : Is local notification
01-17 15:17:32.823  3522  3522 D NotificationService: This application enqueue notifications is need postDelayed mcsAssistantDelayTime: 200
01-17 15:17:32.827  3522  5243 I OplusMediaControlService: updateControllerMap begin
01-17 15:17:32.827  3522  5243 D OplusMediaControlService: isInMediaBlackList: com.google.android.youtube, 0
01-17 15:17:32.827  3522  5243 V OplusMediaControlService: this app is in media black list, pkgName: com.google.android.youtube
01-17 15:17:32.827  3522  5243 D OplusMediaControlService: isInMediaBlackList: com.google.android.youtube, 0
01-17 15:17:32.827  3522  5243 V OplusMediaControlService: this app is in media black list, pkgName: com.google.android.youtube
01-17 15:17:32.827  3522  5243 I OplusMediaControlService: updataPlayStateMap begin
01-17 15:17:32.827  3522  5243 I OplusMediaControlService: updateMetadataMap begin
01-17 15:17:32.827  3522  5243 I OplusMediaControlService: getPlayerInfo, playerId: 83316474, pkgname: com.spotify.music
01-17 15:17:32.828  3522  5243 I OplusMediaControlService: getPlayerInfo, playerId: 162746262, pkgname: tv.twitch.android.app
01-17 15:17:32.828  3522  5243 D OplusMediaControlService: isInMediaBlackList: com.google.android.youtube, 0
01-17 15:17:32.828  3522  5243 V OplusMediaControlService: this app is in media black list, pkgName: com.google.android.youtube
01-17 15:17:32.828  3522  5243 I OplusMediaControlService: getCurrentPlayerInfoList InfoList size: 2
01-17 15:17:32.833  3522  5243 I OplusMediaControlService: updateControllerMap begin
01-17 15:17:32.833  3522  5243 D OplusMediaControlService: isInMediaBlackList: com.google.android.youtube, 0
01-17 15:17:32.833  3522  5243 V OplusMediaControlService: this app is in media black list, pkgName: com.google.android.youtube
01-17 15:17:32.833  3522  5243 D OplusMediaControlService: isInMediaBlackList: com.google.android.youtube, 0
01-17 15:17:32.833  3522  5243 V OplusMediaControlService: this app is in media black list, pkgName: com.google.android.youtube
01-17 15:17:32.833  3522  5243 I OplusMediaControlService: updataPlayStateMap begin
01-17 15:17:32.833  3522  5243 I OplusMediaControlService: updateMetadataMap begin
01-17 15:17:32.833  3522  5243 I OplusMediaControlService: getPlayerInfo, playerId: 83316474, pkgname: com.spotify.music
01-17 15:17:32.833  3522  5243 I OplusMediaControlService: getPlayerInfo, playerId: 162746262, pkgname: tv.twitch.android.app
01-17 15:17:32.834  3522  5243 D OplusMediaControlService: isInMediaBlackList: com.google.android.youtube, 0
01-17 15:17:32.834  3522  5243 V OplusMediaControlService: this app is in media black list, pkgName: com.google.android.youtube
01-17 15:17:32.834  3522  5243 I OplusMediaControlService: getCurrentPlayerInfoList InfoList size: 2
01-17 15:17:32.853  3522  4367 V AlarmManager: sending alarm Alarm{556a22c type 1 origWhen 1768643252853 whenElapsed 493381469 android} uid 1000 whenElapsed 493381469 windowLength 0 maxWhenElapsed 493381469 repeatInterval 0 action null component null tag StorgaeBandInfoAlarmTag flags 0x9 procName system_server
01-17 15:17:33.081 12940 13016 I Quality : BitmapCompressInfo:640,640,1,100,169322448
01-17 15:17:33.234 12940 12940 I AppWidgetManager: updateAppWidgetIds, mPackageName: com.spotify.music, appWidgetIds: [], views:android.widget.RemoteViews@35aa79b
01-17 15:17:33.235  3522  5590 D AppWidgetServiceImpl: updateAppWidgetIds appWidgetIds is null or appWidgetIds.length == 0
01-17 15:17:33.240 12940 12940 I AppWidgetManager: updateAppWidgetIds, mPackageName: com.spotify.music, appWidgetIds: [], views:android.widget.RemoteViews@98cc738
01-17 15:17:33.241  3522  5538 D AppWidgetServiceImpl: updateAppWidgetIds appWidgetIds is null or appWidgetIds.length == 0
01-17 15:17:33.245  3522  5538 W ActivityManager: Foreground service started from background can not have location/camera/microphone access: service com.spotify.music/com.spotify.app.music.service.SpotifyService
01-17 15:17:33.248  3522  3717 D NotificationService--OplusNotificationFixHelper: fixAppIcon: pkg=com.spotify.music
01-17 15:17:33.248  3522  3717 D NotificationService--OplusNotificationFixHelper: fixAppIcon: appIcon = null, pkg = com.spotify.music
01-17 15:17:33.250  3522  3717 I OplusStatusBarManagerServiceEnhance:  getTopIsFullscreen mTopIsFullscreen: false
01-17 15:17:33.250  3522  3522 D NotificationService--OplusNotificationManagerServiceExtImpl: isForwardToAssistants: true, case : Is local notification
01-17 15:17:33.250  3522  3522 D NotificationService: This application enqueue notifications is need postDelayed mcsAssistantDelayTime: 200
01-17 15:17:33.254  3522  5590 D NotificationService--OplusNotificationFixHelper: fixAppIcon: pkg=com.spotify.music
01-17 15:17:33.254  3522  5590 D NotificationService--OplusNotificationFixHelper: fixAppIcon: appIcon = null, pkg = com.spotify.music
01-17 15:17:33.254  3522  5538 W ActivityManager: Foreground service started from background can not have location/camera/microphone access: service com.spotify.music/com.spotify.app.music.service.SpotifyService
01-17 15:17:33.255  3522  5590 I OplusStatusBarManagerServiceEnhance:  getTopIsFullscreen mTopIsFullscreen: false
01-17 15:17:33.255  3522  5590 W ActivityManager: Permission Denial: getTopApplicationInfo from pid=12940, uid=10349 requires oplus.permission.OPLUS_COMPONENT_SAFE
01-17 15:17:33.255  3522  3717 D NotificationService--OplusNotificationFixHelper: fixAppIcon: pkg=com.spotify.music
01-17 15:17:33.255  3522  3717 D NotificationService--OplusNotificationFixHelper: fixAppIcon: appIcon = null, pkg = com.spotify.music
01-17 15:17:33.255  3522  3522 D NotificationService--OplusNotificationManagerServiceExtImpl: isForwardToAssistants: true, case : Is local notification
01-17 15:17:33.255  3522  3522 D NotificationService: This application enqueue notifications is need postDelayed mcsAssistantDelayTime: 200
01-17 15:17:33.256  3522  3717 I OplusStatusBarManagerServiceEnhance:  getTopIsFullscreen mTopIsFullscreen: false
01-17 15:17:33.256  3522  3522 D NotificationService--OplusNotificationManagerServiceExtImpl: isForwardToAssistants: true, case : Is local notification
01-17 15:17:33.256  3522  3522 D NotificationService: This application enqueue notifications is need postDelayed mcsAssistantDelayTime: 200
01-17 15:17:33.257  3522  5590 D NotificationService--OplusNotificationFixHelper: fixAppIcon: pkg=com.spotify.music
01-17 15:17:33.257  3522  5590 D NotificationService--OplusNotificationFixHelper: fixAppIcon: appIcon = null, pkg = com.spotify.music
01-17 15:17:33.258  3522  5590 I OplusStatusBarManagerServiceEnhance:  getTopIsFullscreen mTopIsFullscreen: false
01-17 15:17:33.258  3522  5590 W ActivityManager: Permission Denial: getTopApplicationInfo from pid=12940, uid=10349 requires oplus.permission.OPLUS_COMPONENT_SAFE
01-17 15:17:33.259  3522  3522 D NotificationService--OplusNotificationManagerServiceExtImpl: isForwardToAssistants: true, case : Is local notification
01-17 15:17:33.259  3522  3522 D NotificationService: This application enqueue notifications is need postDelayed mcsAssistantDelayTime: 200
01-17 15:17:33.261  3522  5243 I OplusMediaControlService: updateControllerMap begin
01-17 15:17:33.261  3522  5243 D OplusMediaControlService: isInMediaBlackList: com.google.android.youtube, 0
01-17 15:17:33.261  3522  5243 V OplusMediaControlService: this app is in media black list, pkgName: com.google.android.youtube
01-17 15:17:33.261  3522  5243 D OplusMediaControlService: isInMediaBlackList: com.google.android.youtube, 0
01-17 15:17:33.261  3522  5243 V OplusMediaControlService: this app is in media black list, pkgName: com.google.android.youtube
01-17 15:17:33.261  3522  5243 I OplusMediaControlService: updataPlayStateMap begin
01-17 15:17:33.261  3522  5243 I OplusMediaControlService: updateMetadataMap begin
01-17 15:17:33.261  3522  5243 I OplusMediaControlService: getPlayerInfo, playerId: 83316474, pkgname: com.spotify.music
01-17 15:17:33.262  3522  5243 I OplusMediaControlService: getPlayerInfo, playerId: 162746262, pkgname: tv.twitch.android.app
01-17 15:17:33.263  3522  5243 D OplusMediaControlService: isInMediaBlackList: com.google.android.youtube, 0
01-17 15:17:33.263  3522  5243 V OplusMediaControlService: this app is in media black list, pkgName: com.google.android.youtube
01-17 15:17:33.263  3522  5243 I OplusMediaControlService: getCurrentPlayerInfoList InfoList size: 2
01-17 15:17:33.268  3522  5590 I OplusMediaControlService: updateControllerMap begin
01-17 15:17:33.268  3522  5590 D OplusMediaControlService: isInMediaBlackList: com.google.android.youtube, 0
01-17 15:17:33.268  3522  5590 V OplusMediaControlService: this app is in media black list, pkgName: com.google.android.youtube
01-17 15:17:33.268  3522  5590 D OplusMediaControlService: isInMediaBlackList: com.google.android.youtube, 0
01-17 15:17:33.268  3522  5590 V OplusMediaControlService: this app is in media black list, pkgName: com.google.android.youtube
01-17 15:17:33.268  3522  5590 I OplusMediaControlService: updataPlayStateMap begin
01-17 15:17:33.268  3522  5590 I OplusMediaControlService: updateMetadataMap begin
01-17 15:17:33.268  3522  5590 I OplusMediaControlService: getPlayerInfo, playerId: 83316474, pkgname: com.spotify.music
01-17 15:17:33.268  3522  5590 I OplusMediaControlService: getPlayerInfo, playerId: 162746262, pkgname: tv.twitch.android.app
01-17 15:17:33.269  3522  5590 D OplusMediaControlService: isInMediaBlackList: com.google.android.youtube, 0
01-17 15:17:33.269  3522  5590 V OplusMediaControlService: this app is in media black list, pkgName: com.google.android.youtube
01-17 15:17:33.269  3522  5590 I OplusMediaControlService: getCurrentPlayerInfoList InfoList size: 2
01-17 15:17:33.273  3522  5590 I OplusMediaControlService: updateControllerMap begin
01-17 15:17:33.273  3522  5590 D OplusMediaControlService: isInMediaBlackList: com.google.android.youtube, 0
01-17 15:17:33.273  3522  5590 V OplusMediaControlService: this app is in media black list, pkgName: com.google.android.youtube
01-17 15:17:33.273  3522  5590 D OplusMediaControlService: isInMediaBlackList: com.google.android.youtube, 0
01-17 15:17:33.273  3522  5590 V OplusMediaControlService: this app is in media black list, pkgName: com.google.android.youtube
01-17 15:17:33.273  3522  5590 I OplusMediaControlService: updataPlayStateMap begin
01-17 15:17:33.274  3522  5590 I OplusMediaControlService: updateMetadataMap begin
01-17 15:17:33.274  3522  5590 I OplusMediaControlService: getPlayerInfo, playerId: 83316474, pkgname: com.spotify.music
01-17 15:17:33.274  3522  5590 I OplusMediaControlService: getPlayerInfo, playerId: 162746262, pkgname: tv.twitch.android.app
01-17 15:17:33.275  3522  5590 D OplusMediaControlService: isInMediaBlackList: com.google.android.youtube, 0
01-17 15:17:33.275  3522  5590 V OplusMediaControlService: this app is in media black list, pkgName: com.google.android.youtube
01-17 15:17:33.275  3522  5590 I OplusMediaControlService: getCurrentPlayerInfoList InfoList size: 2
01-17 15:17:33.277  3522  5590 I OplusMediaControlService: updateControllerMap begin
01-17 15:17:33.277  3522  5590 D OplusMediaControlService: isInMediaBlackList: com.google.android.youtube, 0
01-17 15:17:33.277  3522  5590 V OplusMediaControlService: this app is in media black list, pkgName: com.google.android.youtube
01-17 15:17:33.277  3522  5590 D OplusMediaControlService: isInMediaBlackList: com.google.android.youtube, 0
01-17 15:17:33.277  3522  5590 V OplusMediaControlService: this app is in media black list, pkgName: com.google.android.youtube
01-17 15:17:33.277  3522  5590 I OplusMediaControlService: updataPlayStateMap begin
01-17 15:17:33.277  3522  5590 I OplusMediaControlService: updateMetadataMap begin
01-17 15:17:33.277  3522  5590 I OplusMediaControlService: getPlayerInfo, playerId: 83316474, pkgname: com.spotify.music
01-17 15:17:33.278  3522  5590 I OplusMediaControlService: getPlayerInfo, playerId: 162746262, pkgname: tv.twitch.android.app
01-17 15:17:33.278  3522  5590 D OplusMediaControlService: isInMediaBlackList: com.google.android.youtube, 0
01-17 15:17:33.278  3522  5590 V OplusMediaControlService: this app is in media black list, pkgName: com.google.android.youtube
01-17 15:17:33.278  3522  5590 I OplusMediaControlService: getCurrentPlayerInfoList InfoList size: 2
01-17 15:17:33.430  4883  5660 I Quality : BitmapCompressInfo:640,640,1,85,191870989
01-17 15:17:33.868  3522  3729 E BluetoothPowerStatsCollector: Cannot acquire BluetoothActivityEnergyInfo
01-17 15:17:33.868  3522  3729 E BluetoothPowerStatsCollector: java.util.concurrent.ExecutionException: java.lang.RuntimeException: error: 11
01-17 15:17:33.868  3522  3729 E BluetoothPowerStatsCollector: 	at java.util.concurrent.CompletableFuture.reportGet(CompletableFuture.java:372)
01-17 15:17:33.868  3522  3729 E BluetoothPowerStatsCollector: 	at java.util.concurrent.CompletableFuture.get(CompletableFuture.java:2072)
01-17 15:17:33.868  3522  3729 E BluetoothPowerStatsCollector: 	at com.android.server.power.stats.BluetoothPowerStatsCollector.collectBluetoothActivityInfo(BluetoothPowerStatsCollector.java:192)
01-17 15:17:33.868  3522  3729 E BluetoothPowerStatsCollector: 	at com.android.server.power.stats.BluetoothPowerStatsCollector.collectStats(BluetoothPowerStatsCollector.java:155)
01-17 15:17:33.868  3522  3729 E BluetoothPowerStatsCollector: 	at com.android.server.power.stats.PowerStatsCollector.collectAndDeliverStats(PowerStatsCollector.java:176)
01-17 15:17:33.868  3522  3729 E BluetoothPowerStatsCollector: 	at com.android.server.power.stats.PowerStatsCollector$$ExternalSyntheticLambda0.run(D8$$SyntheticClass:0)
01-17 15:17:33.868  3522  3729 E BluetoothPowerStatsCollector: 	at android.os.Handler.handleCallback(Handler.java:1027)
01-17 15:17:33.868  3522  3729 E BluetoothPowerStatsCollector: 	at android.os.Handler.dispatchMessage(Handler.java:108)
01-17 15:17:33.868  3522  3729 E BluetoothPowerStatsCollector: 	at android.os.Looper.loopOnce(Looper.java:298)
01-17 15:17:33.868  3522  3729 E BluetoothPowerStatsCollector: 	at android.os.Looper.loop(Looper.java:408)
01-17 15:17:33.868  3522  3729 E BluetoothPowerStatsCollector: 	at android.os.HandlerThread.run(HandlerThread.java:85)
01-17 15:17:33.868  3522  3729 E BluetoothPowerStatsCollector: Caused by: java.lang.RuntimeException: error: 11
01-17 15:17:33.868  3522  3729 E BluetoothPowerStatsCollector: 	at com.android.server.power.stats.BluetoothPowerStatsCollector$1.onBluetoothActivityEnergyInfoError(BluetoothPowerStatsCollector.java:181)
01-17 15:17:33.868  3522  3729 E BluetoothPowerStatsCollector: 	at android.bluetooth.BluetoothAdapter$OnBluetoothActivityEnergyInfoProxy.lambda$onBluetoothActivityEnergyInfoAvailable$0(BluetoothAdapter.java:1072)
01-17 15:17:33.868  3522  3729 E BluetoothPowerStatsCollector: 	at android.bluetooth.BluetoothAdapter$OnBluetoothActivityEnergyInfoProxy$$ExternalSyntheticLambda1.run(D8$$SyntheticClass:0)
01-17 15:17:33.868  3522  3729 E BluetoothPowerStatsCollector: 	at com.android.server.SystemServerInitThreadPool$$ExternalSyntheticLambda0.execute(D8$$SyntheticClass:0)
01-17 15:17:33.868  3522  3729 E BluetoothPowerStatsCollector: 	at android.bluetooth.BluetoothAdapter$OnBluetoothActivityEnergyInfoProxy.onBluetoothActivityEnergyInfoAvailable(BluetoothAdapter.java:1070)
01-17 15:17:33.868  3522  3729 E BluetoothPowerStatsCollector: 	at android.bluetooth.IBluetoothActivityEnergyInfoListener$Stub.onTransact(IBluetoothActivityEnergyInfoListener.java:98)
01-17 15:17:33.868  3522  3729 E BluetoothPowerStatsCollector: 	at android.os.Binder.execTransactInternal(Binder.java:1444)
01-17 15:17:33.868  3522  3729 E BluetoothPowerStatsCollector: 	at android.os.Binder.execTransact(Binder.java:1378)
01-17 15:17:34.397 12940 12940 I AppWidgetManager: updateAppWidgetIds, mPackageName: com.spotify.music, appWidgetIds: [], views:android.widget.RemoteViews@231ea29
01-17 15:17:34.398  3522  5243 D AppWidgetServiceImpl: updateAppWidgetIds appWidgetIds is null or appWidgetIds.length == 0
01-17 15:17:34.404 12940 12940 I AppWidgetManager: updateAppWidgetIds, mPackageName: com.spotify.music, appWidgetIds: [], views:android.widget.RemoteViews@94f61ae
01-17 15:17:34.408  3522  5243 D AppWidgetServiceImpl: updateAppWidgetIds appWidgetIds is null or appWidgetIds.length == 0
01-17 15:17:34.420  3522  5243 W ActivityManager: Foreground service started from background can not have location/camera/microphone access: service com.spotify.music/com.spotify.app.music.service.SpotifyService
01-17 15:17:34.423  3522  3717 D NotificationService--OplusNotificationFixHelper: fixAppIcon: pkg=com.spotify.music
01-17 15:17:34.423  3522  3717 D NotificationService--OplusNotificationFixHelper: fixAppIcon: appIcon = null, pkg = com.spotify.music
01-17 15:17:34.424  3522  3717 I OplusStatusBarManagerServiceEnhance:  getTopIsFullscreen mTopIsFullscreen: false
01-17 15:17:34.426  3522  3522 D NotificationService--OplusNotificationManagerServiceExtImpl: isForwardToAssistants: true, case : Is local notification
01-17 15:17:34.426  3522  3522 D NotificationService: This application enqueue notifications is need postDelayed mcsAssistantDelayTime: 200
01-17 15:17:34.428  3522  5243 W ActivityManager: Foreground service started from background can not have location/camera/microphone access: service com.spotify.music/com.spotify.app.music.service.SpotifyService
01-17 15:17:34.430  3522  3717 D NotificationService--OplusNotificationFixHelper: fixAppIcon: pkg=com.spotify.music
01-17 15:17:34.430  3522  3717 D NotificationService--OplusNotificationFixHelper: fixAppIcon: appIcon = null, pkg = com.spotify.music
01-17 15:17:34.432  3522  3717 I OplusStatusBarManagerServiceEnhance:  getTopIsFullscreen mTopIsFullscreen: false
01-17 15:17:34.432  3522  5590 D NotificationService--OplusNotificationFixHelper: fixAppIcon: pkg=com.spotify.music
01-17 15:17:34.432  3522  5590 D NotificationService--OplusNotificationFixHelper: fixAppIcon: appIcon = null, pkg = com.spotify.music
01-17 15:17:34.432  3522  3522 D NotificationService--OplusNotificationManagerServiceExtImpl: isForwardToAssistants: true, case : Is local notification
01-17 15:17:34.432  3522  3522 D NotificationService: This application enqueue notifications is need postDelayed mcsAssistantDelayTime: 200
01-17 15:17:34.432  3522  5590 I OplusStatusBarManagerServiceEnhance:  getTopIsFullscreen mTopIsFullscreen: false
01-17 15:17:34.432  3522  5590 W ActivityManager: Permission Denial: getTopApplicationInfo from pid=12940, uid=10349 requires oplus.permission.OPLUS_COMPONENT_SAFE
01-17 15:17:34.433  3522  3522 D NotificationService--OplusNotificationManagerServiceExtImpl: isForwardToAssistants: true, case : Is local notification
01-17 15:17:34.433  3522  3522 D NotificationService: This application enqueue notifications is need postDelayed mcsAssistantDelayTime: 200
01-17 15:17:34.434  3522  5691 D NotificationService--OplusNotificationFixHelper: fixAppIcon: pkg=com.spotify.music
01-17 15:17:34.434  3522  5691 D NotificationService--OplusNotificationFixHelper: fixAppIcon: appIcon = null, pkg = com.spotify.music
01-17 15:17:34.435  3522  5691 I OplusStatusBarManagerServiceEnhance:  getTopIsFullscreen mTopIsFullscreen: false
01-17 15:17:34.435  3522  5691 W ActivityManager: Permission Denial: getTopApplicationInfo from pid=12940, uid=10349 requires oplus.permission.OPLUS_COMPONENT_SAFE
01-17 15:17:34.439  3522  3522 D NotificationService--OplusNotificationManagerServiceExtImpl: isForwardToAssistants: true, case : Is local notification
01-17 15:17:34.439  3522  3522 D NotificationService: This application enqueue notifications is need postDelayed mcsAssistantDelayTime: 200
01-17 15:17:34.442  3522  5243 I OplusMediaControlService: updateControllerMap begin
01-17 15:17:34.443  3522  5243 D OplusMediaControlService: isInMediaBlackList: com.google.android.youtube, 0
01-17 15:17:34.443  3522  5243 V OplusMediaControlService: this app is in media black list, pkgName: com.google.android.youtube
01-17 15:17:34.443  3522  5243 D OplusMediaControlService: isInMediaBlackList: com.google.android.youtube, 0
01-17 15:17:34.443  3522  5243 V OplusMediaControlService: this app is in media black list, pkgName: com.google.android.youtube
01-17 15:17:34.443  3522  5243 I OplusMediaControlService: updataPlayStateMap begin
01-17 15:17:34.443  3522  5243 I OplusMediaControlService: updateMetadataMap begin
01-17 15:17:34.443  3522  5243 I OplusMediaControlService: getPlayerInfo, playerId: 83316474, pkgname: com.spotify.music
01-17 15:17:34.443  3522  5243 I OplusMediaControlService: getPlayerInfo, playerId: 162746262, pkgname: tv.twitch.android.app
01-17 15:17:34.444  3522  5243 D OplusMediaControlService: isInMediaBlackList: com.google.android.youtube, 0
01-17 15:17:34.444  3522  5243 V OplusMediaControlService: this app is in media black list, pkgName: com.google.android.youtube
01-17 15:17:34.444  3522  5243 I OplusMediaControlService: getCurrentPlayerInfoList InfoList size: 2
01-17 15:17:34.450  3522  5691 I OplusMediaControlService: updateControllerMap begin
01-17 15:17:34.450  3522  5691 D OplusMediaControlService: isInMediaBlackList: com.google.android.youtube, 0
01-17 15:17:34.450  3522  5691 V OplusMediaControlService: this app is in media black list, pkgName: com.google.android.youtube
01-17 15:17:34.450  3522  5691 D OplusMediaControlService: isInMediaBlackList: com.google.android.youtube, 0
01-17 15:17:34.450  3522  5691 V OplusMediaControlService: this app is in media black list, pkgName: com.google.android.youtube
01-17 15:17:34.450  3522  5691 I OplusMediaControlService: updataPlayStateMap begin
01-17 15:17:34.450  3522  5691 I OplusMediaControlService: updateMetadataMap begin
01-17 15:17:34.450  3522  5691 I OplusMediaControlService: getPlayerInfo, playerId: 83316474, pkgname: com.spotify.music
01-17 15:17:34.451  3522  5691 I OplusMediaControlService: getPlayerInfo, playerId: 162746262, pkgname: tv.twitch.android.app
01-17 15:17:34.451  3522  5691 D OplusMediaControlService: isInMediaBlackList: com.google.android.youtube, 0
01-17 15:17:34.451  3522  5691 V OplusMediaControlService: this app is in media black list, pkgName: com.google.android.youtube
01-17 15:17:34.451  3522  5691 I OplusMediaControlService: getCurrentPlayerInfoList InfoList size: 2
01-17 15:17:34.454  3522  5691 I OplusMediaControlService: updateControllerMap begin
01-17 15:17:34.455  3522  5691 D OplusMediaControlService: isInMediaBlackList: com.google.android.youtube, 0
01-17 15:17:34.455  3522  5691 V OplusMediaControlService: this app is in media black list, pkgName: com.google.android.youtube
01-17 15:17:34.455  3522  5691 D OplusMediaControlService: isInMediaBlackList: com.google.android.youtube, 0
01-17 15:17:34.455  3522  5691 V OplusMediaControlService: this app is in media black list, pkgName: com.google.android.youtube
01-17 15:17:34.455  3522  5691 I OplusMediaControlService: updataPlayStateMap begin
01-17 15:17:34.455  3522  5691 I OplusMediaControlService: updateMetadataMap begin
01-17 15:17:34.455  3522  5691 I OplusMediaControlService: getPlayerInfo, playerId: 83316474, pkgname: com.spotify.music
01-17 15:17:34.455  3522  5691 I OplusMediaControlService: getPlayerInfo, playerId: 162746262, pkgname: tv.twitch.android.app
01-17 15:17:34.455  3522  5691 D OplusMediaControlService: isInMediaBlackList: com.google.android.youtube, 0
01-17 15:17:34.455  3522  5691 V OplusMediaControlService: this app is in media black list, pkgName: com.google.android.youtube
01-17 15:17:34.455  3522  5691 I OplusMediaControlService: getCurrentPlayerInfoList InfoList size: 2
01-17 15:17:34.458  3522  5691 I OplusMediaControlService: updateControllerMap begin
01-17 15:17:34.458  3522  5691 D OplusMediaControlService: isInMediaBlackList: com.google.android.youtube, 0
01-17 15:17:34.458  3522  5691 V OplusMediaControlService: this app is in media black list, pkgName: com.google.android.youtube
01-17 15:17:34.458  3522  5691 D OplusMediaControlService: isInMediaBlackList: com.google.android.youtube, 0
01-17 15:17:34.458  3522  5691 V OplusMediaControlService: this app is in media black list, pkgName: com.google.android.youtube
01-17 15:17:34.458  3522  5691 I OplusMediaControlService: updataPlayStateMap begin
01-17 15:17:34.458  3522  5691 I OplusMediaControlService: updateMetadataMap begin
01-17 15:17:34.458  3522  5691 I OplusMediaControlService: getPlayerInfo, playerId: 83316474, pkgname: com.spotify.music
01-17 15:17:34.458  3522  5691 I OplusMediaControlService: getPlayerInfo, playerId: 162746262, pkgname: tv.twitch.android.app
01-17 15:17:34.459  3522  5691 D OplusMediaControlService: isInMediaBlackList: com.google.android.youtube, 0
01-17 15:17:34.459  3522  5691 V OplusMediaControlService: this app is in media black list, pkgName: com.google.android.youtube
01-17 15:17:34.459  3522  5691 I OplusMediaControlService: getCurrentPlayerInfoList InfoList size: 2
01-17 15:17:34.855  3522  4367 V AlarmManager: sending alarm Alarm{21cb120 type 1 origWhen 1768643254855 whenElapsed 493383471 android} uid 1000 whenElapsed 493383471 windowLength 0 maxWhenElapsed 493383471 repeatInterval 0 action null component null tag StorgaeBandInfoAlarmTag flags 0x9 procName system_server
01-17 15:17:35.114  3522  4367 V AlarmManager: sending alarm Alarm{a6dfc9e type 3 origWhen 493344053 whenElapsed 493344053 android} uid 1000 whenElapsed 493344053 windowLength 225000 maxWhenElapsed 493569053 repeatInterval 300000 action oplus.intent.action.LINKPOWER_LOOP_ALARM component null flags 0x8 procName system_server
01-17 15:17:35.128  3522  4367 V AlarmManager: sending alarm Alarm{571cb95 type 3 origWhen 493358943 whenElapsed 493358943 android} uid 1000 whenElapsed 493358943 windowLength 24785 maxWhenElapsed 493383728 repeatInterval 0 action null component null tag *job.delay* flags 0x0 procName system_server
01-17 15:17:35.128  3522  4367 V AlarmManager: sending alarm Alarm{7b944aa type 3 origWhen 493372139 whenElapsed 493372139 android} uid 1000 whenElapsed 493372139 windowLength 579099 maxWhenElapsed 493951238 repeatInterval 0 action null component null tag *CountQuotaTracker.cleanup* flags 0x8 procName system_server
01-17 15:17:35.148  3522  4649 D OAppNetControlService: Hans update:[10181=false][0|0] blackList:[10362, 10178, 10350, 10334]
01-17 15:17:36.860  3522  4367 V AlarmManager: sending alarm Alarm{f97980c type 1 origWhen 1768643256860 whenElapsed 493385476 android} uid 1000 whenElapsed 493385476 windowLength 0 maxWhenElapsed 493385476 repeatInterval 0 action null component null tag StorgaeBandInfoAlarmTag flags 0x9 procName system_server
01-17 15:17:38.500  3522  4228 D osense.compress: com.google.android.apps.chromecast.app do shrink, target ratio = 60, final ratio = 90, cur ratio = 31
01-17 15:17:38.867  3522  4367 V AlarmManager: sending alarm Alarm{b1931d1 type 1 origWhen 1768643258867 whenElapsed 493387483 android} uid 1000 whenElapsed 493387483 windowLength 0 maxWhenElapsed 493387483 repeatInterval 0 action null component null tag StorgaeBandInfoAlarmTag flags 0x9 procName system_server
01-17 15:17:40.870  3522  4367 V AlarmManager: sending alarm Alarm{37cde2f type 1 origWhen 1768643260870 whenElapsed 493389486 android} uid 1000 whenElapsed 493389486 windowLength 0 maxWhenElapsed 493389486 repeatInterval 0 action null component null tag StorgaeBandInfoAlarmTag flags 0x9 procName system_server
01-17 15:17:42.167  3522  4649 D OAppNetControlService: Close socket:[10181] cause:App bg(IMMEDIATELY) success!
01-17 15:17:42.167  3522  4649 D OAppNetControlService: Hans update:[10181=true][0|0] blackList:[10362, 10178, 10350, 10334, 10181]
01-17 15:17:42.872  3522  4367 V AlarmManager: sending alarm Alarm{c469b72 type 1 origWhen 1768643262872 whenElapsed 493391488 android} uid 1000 whenElapsed 493391488 windowLength 0 maxWhenElapsed 493391488 repeatInterval 0 action null component null tag StorgaeBandInfoAlarmTag flags 0x9 procName system_server
01-17 15:17:42.962  3522  5538 W SettingsStatsUtil: Can not parse value to float: +network
01-17 15:17:44.459  3522  3755 D ProximityEventHandler: MSG_PROXIMITY_CHANGED, event = ProximityEvent{event:NEAR id:0}
01-17 15:17:44.885  3522  4367 V AlarmManager: sending alarm Alarm{b931bcd type 1 origWhen 1768643264881 whenElapsed 493393497 android} uid 1000 whenElapsed 493393497 windowLength 0 maxWhenElapsed 493393497 repeatInterval 0 action null component null tag StorgaeBandInfoAlarmTag flags 0x9 procName system_server
01-17 15:17:45.608  3522  3755 D ProximityEventHandler: MSG_PROXIMITY_CHANGED, event = ProximityEvent{event:FAR id:1}
