01-13 11:55:18.063  3522  3687 I TaskOrganizerController: onTaskInfoChanged taskid 390 config { mBounds=Rect(0, 0 - 1080, 2376) mAppBounds=Rect(0, 0 - 1080, 2376) mMaxBounds=Rect(0, 0 - 1080, 2376) mDisplayRotation=ROTATION_0 mWindowingMode=fullscreen mActivityType=standard mAlwaysOnTop=undefined mRotation=ROTATION_0}
01-13 11:55:18.063  3522  3687 D OplusVisibleTasks:  notifyTasksNumChange no need to notify.
01-13 11:55:18.063  3522  3687 D OplusFlexibleDragToSplitAnimController: visibleFlexibleTaskInfos delete:390
01-13 11:55:18.063  3522  3687 E FlexibleWindowManagerService: notifyTaskObserverToAttachController not need to notify!
01-13 11:55:18.063  3522  3687 I FlexibleWindowManagerService: onFlexibleWindowTaskInfoChanged, return for cur task not embedded
01-13 11:55:18.063  4883  4924 V WindowManagerShell: loadAnimation: anim=android.view.animation.AnimationSet@85233ce animAttr=0xb type=CLOSE isEntrance=false
01-13 11:55:18.064  3522  4488 V WindowManager: Relayout Window{addfae4 u0 host.exp.exponent/host.exp.exponent.experience.HomeActivity}: viewVisibility=0, oldvis=0, req=1080x2376 , apr = 0, vsysui=LIGHT_STATUS_BAR, x=0, y=0
01-13 11:55:18.067  4883  4924 V WindowManagerShell: loadAnimation: anim=android.view.animation.AnimationSet@2c41085 animAttr=0xa type=CLOSE isEntrance=true
01-13 11:55:18.068  4883  4924 V WindowManagerShell:  animated by com.android.wm.shell.transition.DefaultTransitionHandler@ea79431
01-13 11:55:18.069  3522  4550 D JobSchedulerServiceExtImpl: updateOsenseRestrictMode for 1 false false
01-13 11:55:18.078  3522  4485 I BLASTSyncEngine: onCommitted syncId: 1320, timeout: false ran: false
01-13 11:55:18.083  3522  4402 D InputMethodManagerService: isSecurity: attribute.packageName = host.exp.exponent mCurMethodId = com.google.android.inputmethod.latin/com.android.inputmethod.latin.LatinIME isSecurity = false ( enable = true needShow = false inBlackList = false isExist = true )
01-13 11:55:18.092  3522  3569 W PackageConfigPersister: App-specific configuration not found for packageName: host.exp.exponent and userId: 0
01-13 11:55:18.426  3522  3686 W ActivityTaskManager: Activity top resumed state loss timeout for ActivityRecord{54317782 u0 com.travels.travelling/.MainActivity t396 f} isExiting}
01-13 11:55:18.427  3522  3686 I OplusJoystickManager: handleApplicationSwitch deprecated!
01-13 11:55:18.427  3522  3686 I GameManagerServiceExt-GameManagerServiceExt: on FG change: com.travels.travelling|host.exp.exponent
01-13 11:55:18.428  3522  5112 D OplusEapManager: mTargetExitName :com.travels.travelling
01-13 11:55:18.429 30526 30526 D ResourcesManagerExtImpl: applyConfigurationToAppResourcesLocked app.getDisplayId() return callback.displayId:0
01-13 11:55:18.430  3522  3757 D VRR [OPlusRefreshRateService]: handleFrontAppChange pkgName: null
01-13 11:55:18.430  3522  3755 D OplusAppSwitchListener: App Activity Change
01-13 11:55:18.430  3522  3755 D OplusAppSwitchListener: Detect com.travels.travelling switch to background
01-13 11:55:18.430  3522  3755 D OplusFeatureReduceBrightness: onAppExit , info = com.travels.travelling
01-13 11:55:18.430  3522  3755 D OplusAppSwitchListener: Detect host.exp.exponent switch to foreground
01-13 11:55:18.430  3522  5112 D OplusAppSwitchRuleInfo: generateAppEnterInfo - launch_source_type =  , launch_source_traceid = 
01-13 11:55:18.430  3522  5112 D OplusAppSwitchRuleInfo: generateAppEnterInfo - launch_source_type =  , launch_source_traceid = 
01-13 11:55:18.430  3522  5112 D OplusAppSwitchRuleInfo: generateAppEnterInfo - launch_source_type =  , launch_source_traceid = 
01-13 11:55:18.431  3522  5112 D OplusEapManager: mTargetEnterName :host.exp.exponent
01-13 11:55:18.431  3522  3757 D VRR [OPlusRefreshRateService]: handleFrontAppChange pkgName: host.exp.exponent
01-13 11:55:18.431  3522  5112 D OplusAppSwitchRuleInfo: generateAppEnterInfo - launch_source_type =  , launch_source_traceid = 
01-13 11:55:18.431  3522  3757 D VRR [OPlusSAManager]: updateAutoMinfps for 4630946652107814787 with nits: 799.76, mHistOK true, mAmbientOK true, mCctOK true, mIrOK true, mBrightnessOK true, isPkgOK true, SA min fps: 89
01-13 11:55:18.431  3522  5112 D OplusAppSwitchRuleInfo: generateAppEnterInfo - launch_source_type =  , launch_source_traceid = 
01-13 11:55:18.431  3522  5112 D OplusAppSwitchRuleInfo: generateAppEnterInfo - launch_source_type =  , launch_source_traceid = 
01-13 11:55:18.432  3522  5112 D OplusAppSwitchRuleInfo: generateAppEnterInfo - launch_source_type =  , launch_source_traceid = 
01-13 11:55:18.432  3522  5112 D OplusAppSwitchRuleInfo: generateAppEnterInfo - launch_source_type =  , launch_source_traceid = 
01-13 11:55:18.433  3522  5112 D OplusAppSwitchRuleInfo: generateActivityEnterInfo - launch_source_type =  , launch_source_traceid = 
01-13 11:55:18.451  3522  5691 D OplusBatteryServiceFeature: setSmartCoolDown: coolDown = 7, normalCoolDown = 7, pkgName = host.exp.exponent
01-13 11:55:18.541  3522  4367 V AlarmManager: sending alarm Alarm{4fa1228 type 1 origWhen 1768285518540 whenElapsed 135647157 android} uid 1000 whenElapsed 135647157 windowLength 0 maxWhenElapsed 135647157 repeatInterval 0 action null component null tag StorgaeBandInfoAlarmTag flags 0x9 procName system_server
01-13 11:55:18.542  3522  4649 D OAppNetControlService: Hans update:[10367=false][0|0] blackList:[10365, 10321, 10349, 10334, 10390, 10435, 10313, 10363, 10364, 10164, 10436]
01-13 11:55:18.678  4883  4924 V WindowManagerShell: Transition animation finished (aborted=false), notifying core (#1320) android.os.BinderProxy@32fab8@0
01-13 11:55:18.678  4883  4924 D SplitScreen-->AppLockManager: setStartFromSafeControl mStartFromSafeControl=false
01-13 11:55:18.684  3522  5691 D Transition: finishTransition ar ActivityRecord{54317782 u0 com.travels.travelling/.MainActivity t396 f} isExiting}, isVisibleRequested=false, state=DESTROYED, visibleAtTransitionEndTokens={ActivityRecord{191369974 u0 host.exp.exponent/.experience.HomeActivity t390}}, this=TransitionRecord{5bab5c3 id=1320 track=0 type=CLOSE flags=0x10 state=2 c=[
01-13 11:55:18.684  3522  5691 D Transition:    ChangeInfo{bb2fe40 container=Display{#0 state=ON size=1080x2376 ROTATION_0} flags=0x0}
01-13 11:55:18.684  3522  5691 D Transition:    ChangeInfo{a2df179 container=ActivityRecord{54317782 u0 com.travels.travelling/.MainActivity t396 f} isExiting} flags=0x0}
01-13 11:55:18.684  3522  5691 D Transition:    ChangeInfo{ccf1b08 container=Task{7a437cd #390 type=standard A=10462:host.exp.exponent} flags=0x30}
01-13 11:55:18.684  3522  5691 D Transition:    ChangeInfo{1b8debe container=DefaultTaskDisplayArea@136778196 flags=0x0}
01-13 11:55:18.684  3522  5691 D Transition:    ChangeInfo{488eb1f container=ActivityRecord{191369974 u0 host.exp.exponent/.experience.HomeActivity t390} flags=0x0}
01-13 11:55:18.684  3522  5691 D Transition:    ChangeInfo{e9b22a1 container=Task{e58612d #396 type=standard A=10495:com.travels.travelling} flags=0x10}
01-13 11:55:18.684  3522  5691 D Transition: ]
01-13 11:55:18.684  3522  5691 D Transition: }
01-13 11:55:18.685  3522  5691 D ActivityTaskManager: commitVisibility: ActivityRecord{54317782 u0 com.travels.travelling/.MainActivity t396 f} isExiting}: visible=false visibleRequested=false, isInTransition=false 
01-13 11:55:18.685  3522  5691 D WindowManager: NFW_setClientVisible:ActivityRecord{54317782 u0 com.travels.travelling/.MainActivity t396 f} isExiting} clientVisible:false
01-13 11:55:18.686  3522  5691 W ActivityManager: pid 3522 system sent binder code 7 with flags 1 to frozen apps and got error -32
01-13 11:55:18.686  3522  5691 W WindowManager: Exception thrown during dispatchAppVisibility Window{9508e2b u0 com.travels.travelling/com.travels.travelling.MainActivity EXITING}
01-13 11:55:18.686  3522  5691 W WindowManager: android.os.DeadObjectException
01-13 11:55:18.686  3522  5691 W WindowManager: 	at android.os.BinderProxy.transactNative(Native Method)
01-13 11:55:18.686  3522  5691 W WindowManager: 	at android.os.BinderProxy.transact(BinderProxy.java:685)
01-13 11:55:18.686  3522  5691 W WindowManager: 	at android.view.IWindow$Stub$Proxy.dispatchAppVisibility(IWindow.java:609)
01-13 11:55:18.686  3522  5691 W WindowManager: 	at com.android.server.wm.WindowState.sendAppVisibilityToClients(WindowState.java:3635)
01-13 11:55:18.686  3522  5691 W WindowManager: 	at com.android.server.wm.WindowContainer.sendAppVisibilityToClients(WindowContainer.java:1477)
01-13 11:55:18.686  3522  5691 W WindowManager: 	at com.android.server.wm.WindowToken.setClientVisible(WindowToken.java:427)
01-13 11:55:18.686  3522  5691 W WindowManager: 	at com.android.server.wm.ActivityRecord.setClientVisible(ActivityRecord.java:8324)
01-13 11:55:18.686  3522  5691 W WindowManager: 	at com.android.server.wm.ActivityRecord.commitVisibility(ActivityRecord.java:6838)
01-13 11:55:18.686  3522  5691 W WindowManager: 	at com.android.server.wm.Transition.finishTransition(Transition.java:1693)
01-13 11:55:18.686  3522  5691 W WindowManager: 	at com.android.server.wm.TransitionController.finishTransition(TransitionController.java:1159)
01-13 11:55:18.686  3522  5691 W WindowManager: 	at com.android.server.wm.WindowOrganizerController.finishTransition(WindowOrganizerController.java:595)
01-13 11:55:18.686  3522  5691 W WindowManager: 	at android.window.IWindowOrganizerController$Stub.onTransact(IWindowOrganizerController.java:376)
01-13 11:55:18.686  3522  5691 W WindowManager: 	at com.android.server.wm.WindowOrganizerController.onTransact(WindowOrganizerController.java:238)
01-13 11:55:18.686  3522  5691 W WindowManager: 	at android.os.Binder.execTransactInternal(Binder.java:1439)
01-13 11:55:18.686  3522  5691 W WindowManager: 	at android.os.Binder.execTransact(Binder.java:1378)
01-13 11:55:18.687  3522  5691 I WindowManager: Window{9508e2b u0 com.travels.travelling/com.travels.travelling.MainActivity EXITING} state from HAS_DRAWN to DRAW_PENDING; reason: resetDrawState
01-13 11:55:18.687  3522  5691 D Transition: finishTransition ar ActivityRecord{191369974 u0 host.exp.exponent/.experience.HomeActivity t390}, isVisibleRequested=true, state=RESUMED, visibleAtTransitionEndTokens={ActivityRecord{191369974 u0 host.exp.exponent/.experience.HomeActivity t390}}, this=TransitionRecord{5bab5c3 id=1320 track=0 type=CLOSE flags=0x10 state=2 c=[
01-13 11:55:18.687  3522  5691 D Transition:    ChangeInfo{bb2fe40 container=Display{#0 state=ON size=1080x2376 ROTATION_0} flags=0x0}
01-13 11:55:18.687  3522  5691 D Transition:    ChangeInfo{a2df179 container=ActivityRecord{54317782 u0 com.travels.travelling/.MainActivity t396 f} isExiting} flags=0x0}
01-13 11:55:18.687  3522  5691 D Transition:    ChangeInfo{ccf1b08 container=Task{7a437cd #390 type=standard A=10462:host.exp.exponent} flags=0x30}
01-13 11:55:18.687  3522  5691 D Transition:    ChangeInfo{1b8debe container=DefaultTaskDisplayArea@136778196 flags=0x0}
01-13 11:55:18.687  3522  5691 D Transition:    ChangeInfo{488eb1f container=ActivityRecord{191369974 u0 host.exp.exponent/.experience.HomeActivity t390} flags=0x0}
01-13 11:55:18.687  3522  5691 D Transition:    ChangeInfo{e9b22a1 container=Task{e58612d #396 type=standard A=10495:com.travels.travelling} flags=0x10}
01-13 11:55:18.687  3522  5691 D Transition: ]
01-13 11:55:18.687  3522  5691 D Transition: }
01-13 11:55:18.687  3522  5691 I OplusAppSwitchManagerService:  handleAppVisible , r = ActivityRecord{191369974 u0 host.exp.exponent/.experience.HomeActivity t390}
01-13 11:55:18.688  3522  4359 W ActivityManager: pid 2024 received async transactions while frozen
01-13 11:55:18.689  3522  5691 D WindowManager: NFW_findFocusedWindowIfNeeded:Window{addfae4 u0 host.exp.exponent/host.exp.exponent.experience.HomeActivity} mCurrentFocus:Window{addfae4 u0 host.exp.exponent/host.exp.exponent.experience.HomeActivity}
01-13 11:55:18.689  3522  4359 W ActivityManager: pid 16142 received async transactions while frozen
01-13 11:55:18.689  3522  4359 W ActivityManager: pid 16951 received async transactions while frozen
01-13 11:55:18.689  3522  4359 W ActivityManager: pid 23785 received async transactions while frozen
01-13 11:55:18.689  3522  4359 W ActivityManager: pid 25675 received async transactions while frozen
01-13 11:55:18.689  3522  4359 W ActivityManager: pid 28405 received async transactions while frozen
01-13 11:55:18.690  3522  3569 D Transition: finishTransaction-onCommitted syncId=1320
01-13 11:55:18.690  3522  5691 I TaskOrganizerController: onTaskInfoChanged taskid 396 config { mBounds=Rect(0, 0 - 1080, 2376) mAppBounds=Rect(0, 0 - 1080, 2376) mMaxBounds=Rect(0, 0 - 1080, 2376) mDisplayRotation=ROTATION_0 mWindowingMode=fullscreen mActivityType=standard mAlwaysOnTop=undefined mRotation=ROTATION_0}
01-13 11:55:18.691  3522  5691 D OplusFlexibleDragToSplitAnimController: visibleFlexibleTaskInfos delete:396
01-13 11:55:18.691  3522  5691 E FlexibleWindowManagerService: notifyTaskObserverToAttachController not need to notify!
01-13 11:55:18.691  3522  5691 I FlexibleWindowManagerService: onFlexibleWindowTaskInfoChanged, return for cur task not embedded
01-13 11:55:18.691  3522  5691 D SnapshotCache: removeRunningEntry id: 396, callers=com.android.server.wm.SnapshotCache.onAppRemoved:91 com.android.server.wm.AbsAppSnapshotController.onAppRemoved:755 com.android.server.wm.SnapshotController.onAppRemoved:97 
01-13 11:55:18.691  3522  5691 D ActivityTaskManager: removeAppToken: ActivityRecord{54317782 u0 com.travels.travelling/.MainActivity t396 f}} delayed=false parent=Task{e58612d #396 type=standard A=10495:com.travels.travelling} animating=false Callers=com.android.server.wm.ActivityRecord.removeImmediately:5352 com.android.server.wm.WindowToken.removeIfPossible:267 com.android.server.wm.WindowToken.handleCompleteDeferredRemoval:273 com.android.server.wm.WindowContainer.handleCompleteDeferredRemoval:1624 
01-13 11:55:18.691  3522  5691 D WindowManager: NFW_findFocusedWindowIfNeeded:Window{addfae4 u0 host.exp.exponent/host.exp.exponent.experience.HomeActivity} mCurrentFocus:Window{addfae4 u0 host.exp.exponent/host.exp.exponent.experience.HomeActivity}
01-13 11:55:18.693  3522  5691 I WindowManager: Window{9508e2b u0 com.travels.travelling/com.travels.travelling.MainActivity EXITING} state from DRAW_PENDING to NO_SURFACE; reason: destroySurface
01-13 11:55:18.696  3522  5691 D OplusMirageWindowManagerService: onTaskRemoved displayid:0 taskId:396 callers:com.android.server.wm.MirageWindowManagerExtImpl.onTaskRemoved:47 com.android.server.wm.TaskDisplayArea.removeChildTask:391 com.android.server.wm.TaskDisplayArea.removeChild:380 com.android.server.wm.WindowContainer.removeImmediately:1076 com.android.server.wm.TaskFragment.removeImmediately:3761 
01-13 11:55:18.696  3522  5691 I OplusScreenSecurityMask: onStackRemoved task = Task{e58612d #396 type=standard A=10495:com.travels.travelling} record = null displayId = 0
01-13 11:55:18.697  3522  5691 D OplusTransitionController: finishTransition, transition: TransitionRecord{5bab5c3 id=1320 track=0 type=CLOSE flags=0x10 state=4 c=[
01-13 11:55:18.697  3522  5691 D OplusTransitionController:    ChangeInfo{bb2fe40 container=Display{#0 state=ON size=1080x2376 ROTATION_0} flags=0x0}
01-13 11:55:18.697  3522  5691 D OplusTransitionController:    ChangeInfo{a2df179 container=ActivityRecord{54317782 u0 com.travels.travelling/.MainActivity t-1 f}} flags=0x0}
01-13 11:55:18.697  3522  5691 D OplusTransitionController:    ChangeInfo{ccf1b08 container=Task{7a437cd #390 type=standard A=10462:host.exp.exponent} flags=0x30}
01-13 11:55:18.697  3522  5691 D OplusTransitionController:    ChangeInfo{1b8debe container=DefaultTaskDisplayArea@136778196 flags=0x0}
01-13 11:55:18.697  3522  5691 D OplusTransitionController:    ChangeInfo{488eb1f container=ActivityRecord{191369974 u0 host.exp.exponent/.experience.HomeActivity t390} flags=0x0}
01-13 11:55:18.697  3522  5691 D OplusTransitionController:    ChangeInfo{e9b22a1 container=Task{e58612d #396 type=standard A=10495:com.travels.travelling} flags=0x10}
01-13 11:55:18.697  3522  5691 D OplusTransitionController: ]
01-13 11:55:18.697  3522  5691 D OplusTransitionController: }
01-13 11:55:18.697  3522  5691 D FlexibleTaskTransitionController:  finishTransition pendingRecentToFlexibleTask:null,isRotationTransition:false ,pendingRecentToFlexible:null ,transition:TransitionRecord{5bab5c3 id=1320 track=0 type=CLOSE flags=0x10 state=4 c=[
01-13 11:55:18.697  3522  5691 D FlexibleTaskTransitionController:    ChangeInfo{bb2fe40 container=Display{#0 state=ON size=1080x2376 ROTATION_0} flags=0x0}
01-13 11:55:18.697  3522  5691 D FlexibleTaskTransitionController:    ChangeInfo{a2df179 container=ActivityRecord{54317782 u0 com.travels.travelling/.MainActivity t-1 f}} flags=0x0}
01-13 11:55:18.697  3522  5691 D FlexibleTaskTransitionController:    ChangeInfo{ccf1b08 container=Task{7a437cd #390 type=standard A=10462:host.exp.exponent} flags=0x30}
01-13 11:55:18.697  3522  5691 D FlexibleTaskTransitionController:    ChangeInfo{1b8debe container=DefaultTaskDisplayArea@136778196 flags=0x0}
01-13 11:55:18.697  3522  5691 D FlexibleTaskTransitionController:    ChangeInfo{488eb1f container=ActivityRecord{191369974 u0 host.exp.exponent/.experience.HomeActivity t390} flags=0x0}
01-13 11:55:18.697  3522  5691 D FlexibleTaskTransitionController:    ChangeInfo{e9b22a1 container=Task{e58612d #396 type=standard A=10495:com.travels.travelling} flags=0x10}
01-13 11:55:18.697  3522  5691 D FlexibleTaskTransitionController: ]
01-13 11:55:18.697  3522  5691 D FlexibleTaskTransitionController: }
01-13 11:55:18.698  3522  5691 D SnapshotCache: removeRunningEntry id: 390, callers=com.android.server.wm.SnapshotCache.onIdRemoved:107 com.android.server.wm.TaskSnapshotController.removeAndDeleteSnapshot:398 com.android.server.wm.SnapshotController.onTransitionFinish:254 
01-13 11:55:18.698  3522  5691 D TransitionControllerExtImpl: NFW_send RECOMPUTE_FOCUS in finishTransition
01-13 11:55:18.699  3522  3700 W UserAwareMgr: event can not be released, id: 5005, count: 2, releasePid: 3522
01-13 11:55:18.699  4883  4924 D ShellTaskOrganizer: onTransitionFinish, isRecent:false
01-13 11:55:18.699  4883  4924 V WindowManagerShell: Track 0 became idle
01-13 11:55:18.699  4883  4924 V WindowManagerShell: All active transition animations finished
01-13 11:55:18.702  3522  3687 D OplusFlexibleWindowMinimizedManagerHelper: onTaskVanished taskInfo:396 task:Task{e58612d #396 type=standard A=10495:com.travels.travelling}
01-13 11:55:18.702  3522  3687 D OplusFlexibleDragToSplitAnimController: visibleFlexibleTaskInfos delete:396
01-13 11:55:18.702  3522  3687 D FlexibleTaskController: no need releaseFlexibleCaptionView or destroyFlexibleDragLeash when non-caption-view-task vanished, task=Task{e58612d #396 type=standard A=10495:com.travels.travelling}
01-13 11:55:18.702  3522  3687 D FlexibleWindowManagerService: notifyFlexibleTaskVanish taskId : 396 is not taskEmbedded
01-13 11:55:18.702  3522  3687 D FlexibleWindowManagerService: onFlexibleWindowTaskVanished: task = 396,size:0
01-13 11:55:18.702  3522  3687 D OplusFlexibleWindowMinimizedManagerHelper: onTaskVanished taskInfo:396 task:Task{e58612d #396 type=standard A=10495:com.travels.travelling}
01-13 11:55:18.702  3522  3687 D OplusFlexibleDragToSplitAnimController: visibleFlexibleTaskInfos delete:396
01-13 11:55:18.702  3522  3687 D FlexibleTaskController: no need releaseFlexibleCaptionView or destroyFlexibleDragLeash when non-caption-view-task vanished, task=Task{e58612d #396 type=standard A=10495:com.travels.travelling}
01-13 11:55:18.703  3522  3687 D FlexibleWindowManagerService: notifyFlexibleTaskVanish taskId : 396 is not taskEmbedded
01-13 11:55:18.703  3522  3687 D FlexibleWindowManagerService: onFlexibleWindowTaskVanished: task = 396,size:0
01-13 11:55:18.706  4883  4924 D FlexibleSeekBarManager: removeAlpha for taskId=396
01-13 11:55:18.706  3522  3757 D VRR [OPlusRefreshRateService]:  setDirectorStates [flag: 1, state: 0, directorStateOff: 0]
01-13 11:55:18.707  3522  5691 D ActivityTaskManager: Skipping, invisible task: Task{cc3ee72 #2 type=home I=com.android.launcher/.Launcher}
01-13 11:55:18.707  3522  5691 D OplusSplitScreenManagerService: com.android.settings unSupportsSplitScreen by blockList or ForbidActivityList
01-13 11:55:18.707  3522  5691 D OplusSplitScreenManagerService: com.android.settings unSupportsSplitScreen by blockList or ForbidActivityList
01-13 11:55:18.708  3522  5691 D ActivityTaskManager: after skip size:5,pre-Filtered:host.exp.exponent # com.travels.travelling # com.android.settings # com.oplus.themestore # org.telegram.messenger # 
01-13 11:55:18.708  3522  3686 D WindowManager: NFW_findFocusedWindowIfNeeded:Window{addfae4 u0 host.exp.exponent/host.exp.exponent.experience.HomeActivity} mCurrentFocus:Window{addfae4 u0 host.exp.exponent/host.exp.exponent.experience.HomeActivity}
01-13 11:55:18.711  3522  3700 W UserAwareMgr: event can not be released, id: 2020, count: 2, releasePid: 5166
01-13 11:55:18.712  3522  5691 D ActivityTaskManager: Skipping, invisible task: Task{cc3ee72 #2 type=home I=com.android.launcher/.Launcher}
01-13 11:55:18.712  3522  5691 D OplusSplitScreenManagerService: com.android.settings unSupportsSplitScreen by blockList or ForbidActivityList
01-13 11:55:18.712  3522  5691 D OplusSplitScreenManagerService: com.android.settings unSupportsSplitScreen by blockList or ForbidActivityList
01-13 11:55:18.712  3522  5691 D ActivityTaskManager: after skip size:5,pre-Filtered:host.exp.exponent # com.travels.travelling # com.android.settings # com.oplus.themestore # org.telegram.messenger # 
01-13 11:55:19.462  3522  4228 D osense.compress: com.android.chrome do shrink, target ratio = 76, final ratio = 90, cur ratio = 62
01-13 11:55:19.608  3522  3752 D PowerManagerService: userActivityNoUpdateLocked: groupId=0, eventTime=85957856, event=touch, flags=0x0, uid=1000
01-13 11:55:19.691  4883  4924 V ShellRecents: RecentsTransitionHandler.startRecentsTransition
01-13 11:55:19.692  4883  4924 V WindowManagerShell: Directly starting a new transition type=TO_FRONT wct=WindowContainerTransaction { changes= {} hops= [{pendingIntent: options=Bundle[{android.activity.splashScreenStyle=-1, android.activity.sourceInfo=Supplier{VAL_PARCELABLE@148+104}, deviceintegration:remotetask.launchOption=-1, android:activity.animAbortListener=null, trigger_preBoot_limit_size=-1, androidx.activity.extra=Bundle[EMPTY_PARCEL], android.activity.transientLaunch=true, android:activity.mZoomLaunchFlags=0}]}] errorCallbackToken=null taskFragmentOrganizer=null } handler=com.android.wm.shell.recents.RecentsTransitionHandler@4f9c454
01-13 11:55:19.694  3522  3700 W QosScheduler: executeSceneQosStrategy failed! qos feature no enable
01-13 11:55:19.698  3522  5691 D RefreshRate: boostRefreshId choose max:currentRefreshRate:90.0 targetRefreshRate:120.0 mCurrentPickRate:90.0
01-13 11:55:19.699  3522  5691 D RefreshRate: Trigger app switch boost, ar=ActivityRecord{79915536 u0 com.android.launcher/.Launcher t2},currDisplayRate=90.0,boostId=3
01-13 11:55:19.699  3522  5691 D RefreshRate: setDisplayConfigSpecs complete: targetMode={id=1, width=1264, height=2780, fps=120.00001, vsync=120.00001, synthetic=false, alternativeRefreshRates=[60.000004, 90.0], supportedHdrTypes=[1, 2, 3, 4]},srcMode={id=1, width=1264, height=2780, fps=120.00001, vsync=120.00001, synthetic=false, alternativeRefreshRates=[60.000004, 90.0], supportedHdrTypes=[1, 2, 3, 4]},sfModId=0,rate=120.00001
01-13 11:55:19.699  3522  5691 D RefreshRate: Refresh rate changing from 90.0 to 120.00001,maxRefreshRate=120.00001 FOR:{
01-13 11:55:19.699  3522  5691 D RefreshRate:     | COURSE[Trigger app switch boost, ar=ActivityRecord{79915536 u0 com.android.launcher/.Launcher t2},currDisplayRate=90.0,boostId=3setDisplayConfigSpecs complete: targetMode={id=1, width=1264, height=2780, fps=120.00001, vsync=120.00001, synthetic=false, alternativeRefreshRates=[60.000004, 90.0], supportedHdrTypes=[1, 2, 3, 4]},srcMode={id=1, width=1264, height=2780, fps=120.00001, vsync=120.00001, synthetic=false, alternativeRefreshRates=[60.000004, 90.0], supportedHdrTypes=[1, 2, 3, 4]},sfModId=0,rate=120.00001]
01-13 11:55:19.699  3522  5691 D RefreshRate:     | VOTES[PRIORITY_START_ANIMATION_BOOST -> Vote{mRefreshRate=120.0, mMinRefreshRate=120.0, mRequestSource=null};PRIORITY_WINDOW_REQUEST -> Vote{mRefreshRate=90.0, mMinRefreshRate=90.0, mRequestSource=null};]
01-13 11:55:19.699  3522  5691 D RefreshRate:     | TIME:2026-01-13 06:25:19}
01-13 11:55:19.699  3522  5691 D RefreshRate: startAppSwitchBoost targetMode={id=1, width=1264, height=2780, fps=120.00001, vsync=120.00001, synthetic=false, alternativeRefreshRates=[60.000004, 90.0], supportedHdrTypes=[1, 2, 3, 4]} record=ActivityRecord{79915536 u0 com.android.launcher/.Launcher t2}: votes=PRIORITY_START_ANIMATION_BOOST -> Vote{mRefreshRate=120.0, mMinRefreshRate=120.0, mRequestSource=null};PRIORITY_WINDOW_REQUEST -> Vote{mRefreshRate=90.0, mMinRefreshRate=90.0, mRequestSource=null};
01-13 11:55:19.702  3522  5691 D ActivityTaskManager: setAppVisibility(Token{5cd7740 ActivityRecord{79915536 u0 com.android.launcher/.Launcher t2}}, visible=true):  visible=false mVisibleRequested=false
01-13 11:55:19.702  3522  5691 D WindowManager: NFW_setClientVisible:ActivityRecord{79915536 u0 com.android.launcher/.Launcher t2} clientVisible:true
01-13 11:55:19.704  3522  5691 D ActivityTaskManager: setVisibility(Token{5cd7740 ActivityRecord{79915536 u0 com.android.launcher/.Launcher t2}}, visible=true) defer commitVisibility for transition collecting
01-13 11:55:19.704  3522  5691 D FlexibleTaskController: onTaskFocusChanged prevTask:Task{7a437cd #390 type=standard A=10462:host.exp.exponent} ,currentTask:Task{cc3ee72 #2 type=home I=com.android.launcher/.Launcher}, reason: resumeTopActivity - onActivityStateChanged
01-13 11:55:19.704  3522  5691 D OplusFlexibleDCSManager: onNextPkgChanged pkg = com.android.launcher
01-13 11:55:19.704  3522  3700 I UserAwareMgr: handleTopAppChanged: com.android.launcher, pid: 5166, uid: 10230
01-13 11:55:19.705  3522  5691 D WindowManager: rotation(ROTATION_0) no changed  displayId = 0, lastOrientation = 5
01-13 11:55:19.706  3522  5691 D OplusFeatureColorMode: ColorMode getColorMode =0
01-13 11:55:19.706  3522  5691 D ColorDisplayServiceExtImpl: getWCGVersion1App, packageName=com.android.launcher, sSupportWCG1 = true, sSupportWCG3 = false, nRet = 0
01-13 11:55:19.708  3522  5691 D WindowManager: NFW_setClientVisible:WallpaperWindowToken{e0459a showWhenLocked=false} clientVisible:true
01-13 11:55:19.709  3522  3752 D PowerManagerService: userActivityNoUpdateLocked: groupId=0, eventTime=85957961, event=touch, flags=0x0, uid=1000
01-13 11:55:19.711  3522  5691 D VRR [OPlusRefreshRatePolicy]: setRefreshRatePolicy policy=POLICY_SYSTEM, refreshRate=90, statusOn=false
01-13 11:55:19.711  3522  3700 I UserAwareMgr: handleTopAppChanged: com.google.android.googlequicksearchbox, pid: 26699, uid: 10130
01-13 11:55:19.712  3522  5691 D VRR [OPlusRefreshRatePolicy]: setRefreshRatePolicy policy=POLICY_SYSTEM, refreshRate=120, statusOn=true
01-13 11:55:19.712  3522  5691 D DisplayModeDirector: setAppRequest displayId : 0  modeId: 1  requestedRefreshRate: 0.0  requestedMinRefreshRateRange: 0.0  requestedMaxRefreshRateRange: 120.00001
01-13 11:55:19.713  3522  3684 D SystemGestures: detectSwipe: 2
01-13 11:55:19.713  3522  5691 D WindowManager: onSyncFinishedDrawing: Window{882e011 u0 com.android.launcher/com.android.launcher.Launcher}
01-13 11:55:19.714  3522  5691 D ActivityTaskManager: commitVisibility: ActivityRecord{79915536 u0 com.android.launcher/.Launcher t2}: visible=true visibleRequested=true, isInTransition=true 
01-13 11:55:19.714  3522  5691 E OplusAppQuickStart_AppQuickStartController: not start from launcher transition:1321
01-13 11:55:19.714  3522  5691 D Transition: collectOrderChanges onTopTasksEnd: [Task{dd74941 #1 type=home}, Task{cc3ee72 #2 type=home I=com.android.launcher/.Launcher}], reportedOnTop:null, mOnTopTasksStart: [Task{7a437cd #390 type=standard A=10462:host.exp.exponent}], TDA child: [Task{b263b17 #3 type=undefined}, Task{2e0f1cb #378 type=standard A=10360:org.telegram.messenger}, Task{161e6e4 #385 type=standard A=10138:com.oplus.themestore nonResizable}, Task{cd8f515 #381 type=standard A=1000:.applications.InstalledAppDetailsTop}, Task{7a437cd #390 type=standard A=10462:host.exp.exponent}, Task{dd74941 #1 type=home}]
01-13 11:55:19.714  3522  5691 D Transition: collectOrderChanges **mParticipants add task: Task{cc3ee72 #2 type=home I=com.android.launcher/.Launcher}
01-13 11:55:19.714  3522  5691 D Transition: collectOrderChanges **mParticipants add task: Task{dd74941 #1 type=home}
01-13 11:55:19.714  3522  5691 D OplusFlexibleActivityTransitionManager: fixTransitType type result:3, targets: [ChangeInfo{2eda059 container=Task{dd74941 #1 type=home} flags=0x30}, ChangeInfo{3de941e container=Task{7a437cd #390 type=standard A=10462:host.exp.exponent} flags=0x4}, ChangeInfo{41a64ff container=WallpaperWindowToken{e0459a showWhenLocked=false} flags=0x0}]
01-13 11:55:19.716  3522  5691 D OplusTransitionAnimationManager: activityRecordCount0fullScreenArBeHindStartingWindow null
01-13 11:55:19.716  3522  5691 D OplusTransitionAnimationManager: activityRecordCount0fullScreenArBeHindStartingWindow null
01-13 11:55:19.717  3522  3686 I ActivityManager: updateOomAdj start time is before than pendingPid added, don't delete it
01-13 11:55:19.717  3522  5691 D OplusTransitionAnimationManager: activityRecordCount0fullScreenArBeHindStartingWindow null
01-13 11:55:19.717  3522  5691 D OplusTransitionAnimationManager: dispatchTransitionReadyToClient topWin=Window{addfae4 u0 host.exp.exponent/host.exp.exponent.experience.HomeActivity}, transitionId=1321, hasRemoteOpenFromViewSeamlessTransition=false
01-13 11:55:19.717  3522  5691 D QuickBackInputPolicy: resetInputInterceptState for remoteTransition: true
01-13 11:55:19.717  3522  5691 D OplusTransitionController: onTransactionReady, transition: 1321, info: {id=1321 t=TO_FRONT f=0x80 trk=0 r=[0@Point(0, 0)] c=[{WCT{RemoteToken{c6c1733 Task{dd74941 #1 type=home}}} m=TO_FRONT f=SHOW_WALLPAPER|MOVE_TO_TOP leash=Surface(name=Task=1)/@0x2c0a98d sb=Rect(0, 0 - 1080, 2376) eb=Rect(0, 0 - 1080, 2376) epz=Point(1080, 2376) d=0 taskParent=-1},{WCT{RemoteToken{feff5e1 Task{7a437cd #390 type=standard A=10462:host.exp.exponent}}} m=TO_BACK f=NONE leash=Surface(name=Task=390)/@0xdaa2360 sb=Rect(0, 0 - 1080, 2376) eb=Rect(0, 0 - 1080, 2376) epz=Point(1080, 2376) d=0 taskParent=-1},{m=TO_FRONT f=IS_WALLPAPER leash=Surface(name=WallpaperWindowToken{e0459a showWhenLocked=false})/@0x14037c sb=Rect(0, 0 - 1080, 2376) eb=Rect(0, 0 - 1080, 2376) epz=Point(1080, 2376) d=0}] 
01-13 11:55:19.717  3522  5691 D OplusTransitionController: extendInfo=[
01-13 11:55:19.717  3522  5691 D OplusTransitionController:  OplusTransitionExtendedInfo{mTmpFinishT=null, mInOplusCompatMode=false, mIsProcessRunning=true, mHasMismatchBoundsTarget=false, mRecentsController=null, mRemoteTransition=null, mIsTranslucentActivityToHome=false, mAvoidInterceptKeyEventToHome=false, mIsFromHome=false, mParentLeash=null, mBackAnimClosingLeash=null, mIsOplusAnimRes=false, mKeepBgForContinuous=false, mIsBalAllow=false, mTaskNotInRecent=false, mIsPredictiveBackAnim=false, mIsMergedWithPredictive=false, mIsLaunchFromSpruce=false, mIsLaunchFromDrive=false, mGlobalSearchPageSwitch=false, mNeedNoAlphaGlobalSearchScene=false, mAssistScreenShowing=false, mSwipeUpBrowserScreenShowing=false, mUserIdTransition=0
01-13 11:55:19.717  3522  5691 D OplusTransitionController: , mInRemoteScene=false, mInPreReady=false, mPreStart=false, mToken=null, mAbortByRemoteFromHome=false, mShellApplyToken=null, mRequestTransitionTaskId=-1, mAbortTransitionOnShell=0, mStartFromShortcut=false, mRemovedTaskId=-1, mTransitionInterruptType=0, mMergeSecondTaskId=-1, mTaskIdStartFromRecents=0, mTransitionId=1321, mCanUseSpringSlideAnim=false, mTransitionLaunchFrom=0, mFoldChangeType=-1, mAnimStartingPosition=[0, 0, 0, 0], mIsOpeningStkDialogActivity=false, mIsNeedApplyStartTForEmbedded=false, mMergeSecondTaskAnimation=false, mIsLaunchUnityStart=false, mIsLaunchFromAssistantByDefault=false, mSkipRemoteTransitionfalse, mIsStartFromKeyguard=false flags=0x0, mWCT=null, mIsOpenMergeToInValidPredictive=false}]}, targets : [ChangeInfo{2eda059 container=Task{dd74941 #1 type=home} flags=0x30}, ChangeInfo{3de941e container=Task{7a437cd #390 type=standard A=10462:host.exp.exponent} flags=0x4}, ChangeInfo{41a64ff container=WallpaperWindowToken{e0459a showWhenLocked=false} flags=0x0}], participants: {WallpaperWindowToken{e0459a showWhenLocked=false}, ActivityRecord{79915536 u0 com.android.launcher/.Launcher t2}, Task{7a437cd #390 type=standard A=10462:host.exp.exponent}, Task{cc3ee72 #2 type=home I=com.android.launcher/.Launcher}, Task{dd74941 #1 type=home}}
01-13 11:55:19.717  3522  5691 D ContinuousTransitionController: updateRecentsActivityForContinuousIfNeed, recentsTask=Task{dd74941 #1 type=home}, isMergedToRecents=false
01-13 11:55:19.718  3522  5691 D CoreBackPreview:  return markWindowHasDrawn mComposed: false  mWaitTransition: false
01-13 11:55:19.720  4883 16799 V WindowManagerShell: onTransitionReady(transaction=15126874967887)
01-13 11:55:19.721  3522  3757 D RefreshRate: do setDisplayConfigSpecs  
01-13 11:55:19.721  3522  5691 I TaskOrganizerController: onTaskInfoChanged taskid 1 config { mBounds=Rect(0, 0 - 1080, 2376) mAppBounds=Rect(0, 0 - 1080, 2376) mMaxBounds=Rect(0, 0 - 1080, 2376) mDisplayRotation=ROTATION_0 mWindowingMode=fullscreen mActivityType=home mAlwaysOnTop=undefined mRotation=ROTATION_0}
01-13 11:55:19.722  3522  5691 D OplusFlexibleDragToSplitAnimController: visibleFlexibleTaskInfos delete:1
01-13 11:55:19.722  3522  5691 E FlexibleWindowManagerService: notifyTaskObserverToAttachController not need to notify!
01-13 11:55:19.722  3522  5691 I FlexibleWindowManagerService: onFlexibleWindowTaskInfoChanged, return for cur task not embedded
01-13 11:55:19.722  4883  4924 V ShellRecents: [220811058] RecentsController.setTransition: id=android.os.BinderProxy@33a85df
01-13 11:55:19.722  4883  4924 V WindowManagerShell: onTransitionReady (#1321) android.os.BinderProxy@33a85df: {id=1321 t=TO_FRONT f=0x80 trk=0 r=[0@Point(0, 0)] c=[
01-13 11:55:19.722  4883  4924 V WindowManagerShell:         {m=TO_FRONT f=SHOW_WALLPAPER|MOVE_TO_TOP leash=Surface(name=Task=1)/@0x3642483 sb=Rect(0, 0 - 1080, 2376) eb=Rect(0, 0 - 1080, 2376) epz=Point(1080, 2376) d=0 taskParent=-1},
01-13 11:55:19.722  4883  4924 V WindowManagerShell:         {m=TO_BACK f=NONE leash=Surface(name=Task=390)/@0x515a600 sb=Rect(0, 0 - 1080, 2376) eb=Rect(0, 0 - 1080, 2376) epz=Point(1080, 2376) d=0 taskParent=-1},
01-13 11:55:19.722  4883  4924 V WindowManagerShell:         {m=TO_FRONT f=IS_WALLPAPER leash=Surface(name=WallpaperWindowToken{e0459a showWhenLocked=false})/@0x6cbde39 sb=Rect(0, 0 - 1080, 2376) eb=Rect(0, 0 - 1080, 2376) epz=Point(1080, 2376) d=0}
01-13 11:55:19.722  4883  4924 V WindowManagerShell:     ] 
01-13 11:55:19.722  4883  4924 V WindowManagerShell: extendInfo=[
01-13 11:55:19.722  4883  4924 V WindowManagerShell:  OplusTransitionExtendedInfo{mTmpFinishT=null, mInOplusCompatMode=false, mIsProcessRunning=true, mHasMismatchBoundsTarget=false, mRecentsController=null, mRemoteTransition=null, mIsTranslucentActivityToHome=false, mAvoidInterceptKeyEventToHome=false, mIsFromHome=false, mParentLeash=null, mBackAnimClosingLeash=null, mIsOplusAnimRes=false, mKeepBgForContinuous=false, mIsBalAllow=false, mTaskNotInRecent=false, mIsPredictiveBackAnim=false, mIsMergedWithPredictive=false, mIsLaunchFromSpruce=false, mIsLaunchFromDrive=false, mGlobalSearchPageSwitch=false, mNeedNoAlphaGlobalSearchScene=false, mAssistScreenShowing=false, mSwipeUpBrowserScreenShowing=false, mUserIdTransition=0
01-13 11:55:19.722  4883  4924 V WindowManagerShell: , mInRemoteScene=false, mInPreReady=false, mPreStart=false, mToken=null, mAbortByRemoteFromHome=false, mShellApplyToken=null, mRequestTransitionTaskId=-1, mAbortTransitionOnShell=0, mStartFromShortcut=false, mRemovedTaskId=-1, mTransitionInterruptType=0, mMergeSecondTaskId=-1, mTaskIdStartFromRecents=0, mTransitionId=1321, mCanUseSpringSlideAnim=false, mTransitionLaunchFrom=0, mFoldChangeType=-1, mAnimStartingPosition=[0, 0, 0, 0], mIsOpeningStkDialogActivity=false, mIsNeedApplyStartTForEmbedded=false, mMergeSecondTaskAnimation=false, mIsLaunchUnityStart=false, mIsLaunchFromAssistantByDefault=false, mSkipRemoteTransitionfalse, mIsStartFromKeyguard=false flags=0x0, mWCT=null, mIsOpenMergeToInValidPredictive=false}]}
01-13 11:55:19.723  4883  4924 V WindowManagerShell: Playing animation for (#1321) android.os.BinderProxy@33a85df@0
01-13 11:55:19.723  4883  4924 V WindowManagerShell:  try firstHandler com.android.wm.shell.recents.RecentsTransitionHandler@4f9c454
01-13 11:55:19.723  4883  4924 V ShellRecents: [220811058] RecentsController.start
01-13 11:55:19.723  4883  4924 V ShellRecents:   not handling home taskId=1
01-13 11:55:19.724  3522  3757 D DisplayModeDirector: setAppRequest displayId : 0  modeId: 1  requestedRefreshRate: 120.00001  requestedMinRefreshRateRange: 120.00001  requestedMaxRefreshRateRange: 120.00001
01-13 11:55:19.724  4883  4924 V ShellRecents:   adding pausing leaf taskId=390 at layer=8
01-13 11:55:19.724  4883  4924 V ShellRecents: Applying transaction=15126874967887
01-13 11:55:19.724  5166  5166 D ActivityThread: ComponentInfo{com.android.launcher/com.android.launcher.Launcher} checkFinished=false 2
01-13 11:55:19.724  5166  5166 D ResourcesManagerExtImpl: applyConfigurationToAppResourcesLocked app.getDisplayId() return callback.displayId:0
01-13 11:55:19.724  3522  3757 D VRR [OPlusRefreshRateService]:  setDirectorStates [flag: 1, state: 1, directorStateOff: 1]
01-13 11:55:19.725  4883  4924 V ShellRecents: No matching remote found to takeover (#1321)
01-13 11:55:19.725  4883  4924 V ShellSplitScreen: getSplitBoundsForTaskId: expected split bounds for taskId=390 but not found
01-13 11:55:19.725  4883  4924 V ShellRecents: [220811058] RecentsController.start: calling onAnimationStart with 2 apps
01-13 11:55:19.726  4883  4924 V WindowManagerShell:  animated by firstHandler
01-13 11:55:19.726  3522  3729 E OplusThermalStats: Error getting package info: com.android.launcher
01-13 11:55:19.726  3522  4484 D QuickBackInputPolicy: setInterceptInputKeyStatus, enable=true, enableFlag=1, inputCallback=android.window.IRemoteTransitionInputCallback$Stub$Proxy@3a1f4f7
01-13 11:55:19.727  5166  5166 D VRI[Launcher]: relayoutWindow result, sizeChanged:false, surfaceControlChanged:false, transformHintChanged:false, mSurfaceSize:Point(1080, 2376), mLastSurfaceSize:Point(1080, 2376), mWidth:1080, mHeight:2376, requestedWidth:1080, requestedHeight:2376, transformHint:0, installOrientation:0, displayRotation:0, isSurfaceValid:true, attr.flag:-2121203456, tmpFrames:ClientWindowFrames{frame=[0,0][1080,2376] display=[0,0][1080,2376] parentFrame=[0,0][1080,2376]}, relayoutAsync:true, mSyncSeqId:0
01-13 11:55:19.727  5166  5166 W VRI[Launcher]: updateBlastSurfaceIfNeeded, surfaceSize:Point(1080, 2376), lastSurfaceSize:Point(1080, 2376), format:-2, blastBufferQueue:android.graphics.BLASTBufferQueue@491f204
01-13 11:55:19.727  3522  4675 W Biometrics/FingerprintProvider/FingerprintServiceProviderExtImpl: [hideFingerprintIcon] client does not meet the requirements: null
01-13 11:55:19.727  3522  4675 D FlexibleTaskController: hideZoomWindow flag = 12 ,caller = 5166
01-13 11:55:19.727  3522  4675 D FlexibleTaskController: hideZoomWindow
01-13 11:55:19.728  3522  4359 D ActivityManager: reportOneUidFrozenStateChanged uid 10192 frozen = false
01-13 11:55:19.729  3522  3725 D ActivityManager: sync unfroze 31858 com.oneplus.deskclock:clockWidget for 3
01-13 11:55:19.729  3522  3569 I OplusJoystickManager: handleApplicationSwitch deprecated!
01-13 11:55:19.729  3522  3569 I GameManagerServiceExt-GameManagerServiceExt: on FG change: host.exp.exponent|com.android.launcher
01-13 11:55:19.729  3522  3725 D ActivityManager: Async freezing 31858 com.oneplus.deskclock:clockWidget
01-13 11:55:19.730  3522  3725 D ActivityManager: Cancel freezing 31858 com.oneplus.deskclock:clockWidget
01-13 11:55:19.730  3522  3725 D ActivityManager: Async freezing 31858 com.oneplus.deskclock:clockWidget
01-13 11:55:19.730  3522  4485 V WindowManager: Relayout Window{c8fd15d u0 com.android.launcher/com.android.launcher.Launcher}: viewVisibility=0, oldvis=8, req=1080x2376 , apr = 0, vsysui=
01-13 11:55:19.731  3522  5112 D OplusEapManager: mTargetExitName :host.exp.exponent
01-13 11:55:19.731  3522  4485 D DisplayModeDirector: setAppRequest displayId : 0  modeId: 1  requestedRefreshRate: 0.0  requestedMinRefreshRateRange: 0.0  requestedMaxRefreshRateRange: 120.00001
01-13 11:55:19.731  3522  3757 D VRR [OPlusRefreshRateService]: handleFrontAppChange pkgName: null
01-13 11:55:19.731  3522  4485 D WindowManager: relayoutVisibleWindow win:Window{c8fd15d u0 com.android.launcher/com.android.launcher.Launcher} set mDestroying = false  DestroySavedSurface remove
01-13 11:55:19.731  3522  4485 D WindowManager: attachImeScreenshotOnTargetIfNeeded, mImeHiding = false, requestedVisibleTypes = -9
01-13 11:55:19.731  3522  5112 D OplusAppSwitchRuleInfo: generateAppEnterInfo - launch_source_type =  , launch_source_traceid = 
01-13 11:55:19.731  3522  5112 D OplusAppSwitchRuleInfo: generateAppEnterInfo - launch_source_type =  , launch_source_traceid = 
01-13 11:55:19.731  3522  5112 D OplusAppSwitchRuleInfo: generateAppEnterInfo - launch_source_type =  , launch_source_traceid = 
01-13 11:55:19.731  3522  5112 D OplusEapManager: mTargetEnterName :com.android.launcher
01-13 11:55:19.731  3522  5112 D OplusAppSwitchRuleInfo: generateAppEnterInfo - launch_source_type =  , launch_source_traceid = 
01-13 11:55:19.731  3522  5112 D OplusAppSwitchRuleInfo: generateAppEnterInfo - launch_source_type =  , launch_source_traceid = 
01-13 11:55:19.731  3522  5112 D OplusAppSwitchRuleInfo: generateAppEnterInfo - launch_source_type =  , launch_source_traceid = 
01-13 11:55:19.731  3522  5112 D OplusAppSwitchRuleInfo: generateAppEnterInfo - launch_source_type =  , launch_source_traceid = 
01-13 11:55:19.731  3522  5112 D OplusAppSwitchRuleInfo: generateAppEnterInfo - launch_source_type =  , launch_source_traceid = 
01-13 11:55:19.732  3522  5112 D OplusAppSwitchRuleInfo: generateAppEnterInfo - launch_source_type =  , launch_source_traceid = 
01-13 11:55:19.732 26699 26699 W VRI[Launcher]: updateBlastSurfaceIfNeeded, surfaceSize:Point(1080, 2376), lastSurfaceSize:Point(1080, 2376), format:-2, blastBufferQueue:null
01-13 11:55:19.732  3522  5458 V WindowManager: Relayout Window{882e011 u0 com.android.launcher/com.android.launcher.Launcher}: viewVisibility=0, oldvis=0, req=1080x2376 , apr = 0, vsysui=LAYOUT_STABLE LAYOUT_HIDE_NAVIGATION LAYOUT_FULLSCREEN, x=0, y=0
01-13 11:55:19.733  3522  3755 D OplusAppSwitchListener: App Activity Change
01-13 11:55:19.733  3522  3755 D OplusAppSwitchListener: Detect host.exp.exponent switch to background
01-13 11:55:19.733  3522  3755 D OplusFeatureReduceBrightness: onAppExit , info = host.exp.exponent
01-13 11:55:19.734  3522  5458 I BLASTSyncEngine: onCommitted syncId: 1321, timeout: false ran: false
01-13 11:55:19.734  3522  3569 D OplusWindowAnimationManager: setInputConsumerEnabled from launcher enabled=true last=false
01-13 11:55:19.734  3522  3755 D OplusAppSwitchListener: Detect com.android.launcher switch to foreground
01-13 11:55:19.734  3522  3755 D OplusFeatureGlobalLimitBrightness: switch to display extreme mode 
01-13 11:55:19.734  4883  4924 V ShellRecents: [220811058] RecentsController.setInputConsumerEnabled: set focus to recents
01-13 11:55:19.734  3522  4225 W WindowManager: captureTaskSnapshot mSnapshotMode= 0 source=Task{7a437cd #390 type=standard A=10462:host.exp.exponent}
01-13 11:55:19.734  3522  5112 D OplusAppSwitchRuleInfo: generateActivityEnterInfo - launch_source_type =  , launch_source_traceid = 
01-13 11:55:19.734  3522  5112 D OplusAppSwitchRuleInfo: generateActivityEnterInfo - launch_source_type =  , launch_source_traceid = 
01-13 11:55:19.734  3522  5112 D OplusAppSwitchRuleInfo: generateActivityEnterInfo - launch_source_type =  , launch_source_traceid = 
01-13 11:55:19.734  3522  4225 D TaskSnapshotControllerExtImpl: createTaskSnapshot isCompatMode:false, isCompactWindow:false
01-13 11:55:19.734  3522  4225 W AbsAppSnapshotControllerExtImpl: updateExcludeLayers, addExcludeLayerList is null or empty, return excludeLayers
01-13 11:55:19.734  3522  3751 D OplusBiometricsDisplayHelper: isFold: false, isUnblockByFp: null
01-13 11:55:19.735  3522  3725 D ActivityManager: Cancel freezing 31858 com.oneplus.deskclock:clockWidget
01-13 11:55:19.736  3522  3757 D VRR [OPlusRefreshRateService]: handleFrontAppChange pkgName: com.android.launcher
01-13 11:55:19.736  3522  3757 D VRR [OPlusSAManager]: updateAutoMinfps for 4630946652107814787 with nits: 799.76, mHistOK true, mAmbientOK true, mCctOK true, mIrOK true, mBrightnessOK true, isPkgOK true, SA min fps: 89
01-13 11:55:19.738  3522  4519 D BackgroundInstallControlService: Package event received: 0
01-13 11:55:19.739  5166  5166 D ResourcesManagerExtImpl: applyConfigurationToAppResourcesLocked app.getDisplayId() return callback.displayId:0
01-13 11:55:19.739  3522  4225 D TaskSnapshotCache: putSnapshot mRunningCache top= ActivityRecord{191369974 u0 host.exp.exponent/.experience.HomeActivity t390}, mTaskId=390, snapshot=TaskSnapshot{ mId=1768285519734 mCaptureTime=135648355759913 mTopActivityComponent=host.exp.exponent/.experience.HomeActivity mSnapshot=android.hardware.HardwareBuffer@e7d4185 (1080x2376) mColorSpace=sRGB IEC61966-2.1 (id=0, model=RGB) mOrientation=1 mRotation=0 mTaskSize=Point(1080, 2376) mOplusCompatMode=false mTopActivityBounds=[0,0][1080,2376] mHasDimLayer=false mContentInsets=[0,120][0,48] mLetterboxInsets=[0,0][0,0] mIsLowResolution=false mIsRealSnapshot=true mWindowingMode=1 mAppearance=0 mIsTranslucent=true mHasImeSurface=false mInternalReferences=2 mUiMode=21, mAppIdMap size= 4
01-13 11:55:19.739  3522  3522 D OplusFlexibleWindowMinimizedManagerHelper: onReceive, intent = android.intent.action.CLOSE_SYSTEM_DIALOGS reason:recentapps state:0
01-13 11:55:19.739  3522  3569 D OplusPanoramaWorkBranchController: isFullscreenTaskIndicatorDragging
01-13 11:55:19.739  3522  3569 D ActivityTaskManager: onWindowFocusChanged Task{cc3ee72 #2 type=home I=com.android.launcher/.Launcher} would transfer to compact
01-13 11:55:19.740  3522  3569 D ActivityTaskManager: NFW_setLastResumedActivityUncheckLocked:true r:ActivityRecord{79915536 u0 com.android.launcher/.Launcher t2} currentFocus:Window{addfae4 u0 host.exp.exponent/host.exp.exponent.experience.HomeActivity}
01-13 11:55:19.740  3522  3569 D QuickBackInputPolicy: hasMultiChildrenInTask: false
01-13 11:55:19.740  3522  3569 D WindowManager: NFW_findFocusedWindowIfNeeded:Window{882e011 u0 com.android.launcher/com.android.launcher.Launcher} mCurrentFocus:Window{addfae4 u0 host.exp.exponent/host.exp.exponent.experience.HomeActivity}
01-13 11:55:19.740  3522  3569 V WindowManager: Changing focus from Window{addfae4 u0 host.exp.exponent/host.exp.exponent.experience.HomeActivity} to Window{882e011 u0 com.android.launcher/com.android.launcher.Launcher},diplayid=0
01-13 11:55:19.740  3522  3757 D VRR [OPlusSurfaceFlingerController]:  setComplexSceneEnable : false
01-13 11:55:19.741  4883 32386 V ShellRecents: [220811058] RecentsController.detachNavigationBarFromApp
01-13 11:55:19.742  3522  5458 I WindowManager: Window{c8fd15d u0 com.android.launcher/com.android.launcher.Launcher} state from DRAW_PENDING to COMMIT_DRAW_PENDING; reason: finishDrawingLocked
01-13 11:55:19.743  3522  3687 I TaskOrganizerController: onTaskInfoChanged taskid 390 config { mBounds=Rect(0, 0 - 1080, 2376) mAppBounds=Rect(0, 0 - 1080, 2376) mMaxBounds=Rect(0, 0 - 1080, 2376) mDisplayRotation=ROTATION_0 mWindowingMode=fullscreen mActivityType=standard mAlwaysOnTop=undefined mRotation=ROTATION_0}
01-13 11:55:19.743  3522  3687 D OplusVisibleTasks:  notifyTaskFocusChange no need.
01-13 11:55:19.743  3522  3687 D OplusFlexibleDragToSplitAnimController: visibleFlexibleTaskInfos delete:390
01-13 11:55:19.743  3522  3687 E FlexibleWindowManagerService: notifyTaskObserverToAttachController not need to notify!
01-13 11:55:19.743  3522  3687 I FlexibleWindowManagerService: onFlexibleWindowTaskInfoChanged, return for cur task not embedded
01-13 11:55:19.744  3522  5458 D ActivityManager: Async freezing 31858 com.oneplus.deskclock:clockWidget
01-13 11:55:19.744  3522  3687 I TaskOrganizerController: onTaskInfoChanged taskid 1 config { mBounds=Rect(0, 0 - 1080, 2376) mAppBounds=Rect(0, 0 - 1080, 2376) mMaxBounds=Rect(0, 0 - 1080, 2376) mDisplayRotation=ROTATION_0 mWindowingMode=fullscreen mActivityType=home mAlwaysOnTop=undefined mRotation=ROTATION_0}
01-13 11:55:19.744  3522  3687 D OplusVisibleTasks:  notifyTaskFocusChange no need.
01-13 11:55:19.744  3522  3687 D OplusFlexibleDragToSplitAnimController: visibleFlexibleTaskInfos delete:1
01-13 11:55:19.744  3522  3687 E FlexibleWindowManagerService: notifyTaskObserverToAttachController not need to notify!
01-13 11:55:19.744  3522  3687 I FlexibleWindowManagerService: onFlexibleWindowTaskInfoChanged, return for cur task not embedded
01-13 11:55:19.744  3522  3687 I WindowManager: Window{c8fd15d u0 com.android.launcher/com.android.launcher.Launcher} state from COMMIT_DRAW_PENDING to READY_TO_SHOW; reason: commitFinishDrawingLocked
01-13 11:55:19.744  3522  3687 D CoreBackPreview:  return markWindowHasDrawn mComposed: false  mWaitTransition: false
01-13 11:55:19.744  3522  3687 D ActivityTaskManager: Clearing startingData for activity=ActivityRecord{79915536 u0 com.android.launcher/.Launcher t2} mStartingData=null mStartingSurface=null
