01-13 11:55:19.804 20802  7039 I WeatherS_AbsLocationHelper: endWithResult(): needFullWeatherData=false
01-13 11:55:19.804 31858 31878 D ClockTag_OxygenWeatherSingleImpl: FoldScreenUtils isFold:false  isRealOslo : false  isScreenUnfold():false
01-13 11:55:19.804 20802  7039 E WeatherS_PrivacyStatementExport: isSupportExportPrivacyVersion metaData -> true
01-13 11:55:19.804 20802  7039 E WeatherS_PrivacyStatementExport: isAgreed-1
01-13 11:55:19.804 31858 31878 D ClockTag_ClockWidget.BaseClockWidget: updateDataFormat:d MMM
01-13 11:55:19.804 31858 31878 D ClockTag_ClockWidget.BaseClockWidget: updateDataFormat:EEEE
01-13 11:55:19.804  5203  5415 I MMKV    : <MMKV_IO.cpp:456::writeActualSize> [mmkv.default] increase sequence to 45281, crc 3138666404, actualSize 575
01-13 11:55:19.804 31858 31878 I ClockTag_OxygenWeatherSingleImpl: updateSingleView : widgetWidth = 312 widgetHeight = 174
01-13 11:55:19.804 20802  7039 I WeatherS_WeatherProvider: query option: 1,callingUid: 10212,name: com.coloros.weather.service
01-13 11:55:19.804 31858 31878 I ClockTag_OxygenWeatherSingleImpl: updateSingleView sizeType= 2 curScaling = 1.0
01-13 11:55:19.805 31858 31878 I ClockTag_OxygenWeatherSingleImpl: isFlipFontUsed = false
01-13 11:55:19.805 20802  7039 I WeatherS_LocalUtils: updateWeatherStart:true;false;false;false
01-13 11:55:19.805 31858 31878 D ClockTag_DeviceUtils: isDisableWeatherTemperature false
01-13 11:55:19.805 31858 31878 D ClockTag_ClockWidget.BaseClockWidget: localWeatherInfo = 24
01-13 11:55:19.806 31858 31878 D ClockTag_ClockWidget.BaseClockWidget: TextSize ratio:1.0;false
01-13 11:55:19.806 31858 31878 I AppWidgetManager: updateAppWidgetIds, mPackageName: com.oneplus.deskclock, appWidgetIds: [2], views:android.widget.RemoteViews@aa80b40
01-13 11:55:19.806 20802  7039 W Weather_Location_LocationController: location condition not met, return!
01-13 11:55:19.806 20802 20802 I WeatherS_UpdateWeatherService: onStartCommand intent: true flags: 0 startId: 1
01-13 11:55:19.806 20802 20802 I WeatherS_UpdateWeatherService: setUpdateWeather:22;false;true
01-13 11:55:19.806 20802 20802 I WeatherS_UpdateWeatherService: setUpdateWeather: ,currentUpdateAttendId:2,isUpdateAll:false,isWeatherLight:true,isForceRefresh:false,updateScene:20100,callingPkg:com.oneplus.deskclock
01-13 11:55:19.806 20802 20802 D WeatherS_PoolManager:  thread: Thread[pool-3-thread-9,5,main]
01-13 11:55:19.806  3522  3570 D AppWidgetServiceImpl: updateAppWidgetIds remoteViews = android.widget.RemoteViews@965faf2
01-13 11:55:19.806  3522  3570 D AppWidgetServiceImpl: action size = 41
01-13 11:55:19.806 20802 20802 I WeatherS_UpdateWeatherService: registerBroadcast mHasRegisterBroadcast: false
01-13 11:55:19.806  3522  3570 I AppWidgetServiceImpl: lookupWidgetLocked widgetId=2, uid=10192, packageName=com.oneplus.deskclock, mWidgets.size=3
01-13 11:55:19.807  3522  3570 I AppWidgetServiceImpl: isDifferentPackageFromProvider provider.id=ProviderId{user:0, app:10192, cmp:ComponentInfo{com.oneplus.deskclock/com.coloros.widget.smallweather.OxygenWeatherSingle}}, provider.id.componentName=ComponentInfo{com.oneplus.deskclock/com.coloros.widget.smallweather.OxygenWeatherSingle}, packageName=com.oneplus.deskclock, providerpackgename=com.oneplus.deskclock
01-13 11:55:19.807  3522  3570 I AppWidgetServiceImpl: updateViews: 202229059 widget:AppWidgetId{2:Host{HostId{user:0, app:10230, hostId:1024, pkg:com.android.launcher}}:Provider{ProviderId{user:0, app:10192, cmp:ComponentInfo{com.oneplus.deskclock/com.coloros.widget.smallweather.OxygenWeatherSingle}}}}
01-13 11:55:19.807  3522  4495 I AppWidgetServiceImpl: handleNotifyUpdateAppWidget,appWidgetId: 2,packageName:com.oneplus.deskclock
01-13 11:55:19.807  3522  4495 D AppWidgetServiceImpl: Trying to notify widget update for package com.oneplus.deskclock with widget id: 2
01-13 11:55:19.807 20802  7040 I WeatherS_UpdateWeatherService: onStartCommand callUidId: 10212 nameForUid: com.coloros.weather.service
01-13 11:55:19.807 20802  7040 E WeatherS_PrivacyStatementExport: isSupportExportPrivacyVersion metaData -> true
01-13 11:55:19.807 20802  7040 E WeatherS_PrivacyStatementExport: isAgreed-1
01-13 11:55:19.807 31858 31878 D ClockTag_WidgetUpdateHelper: end update all widgets
01-13 11:55:19.807 31858 31878 I WeatherS_WeatherServiceManager: unBindUpdateService true
01-13 11:55:19.807 20802  7040 I WeatherS_WeatherProvider: query option: 1,callingUid: 10212,name: com.coloros.weather.service
01-13 11:55:19.807  5166  5166 D AppWidgetHostView: inflateAsync(rvToApply), appWidgetId: 2
01-13 11:55:19.808 20802  7040 E WeatherS_WeatherExpireTimeUtils: hasExpireTimeByCityId:2;00128600077783
01-13 11:55:19.808 20802  7040 I WeatherS_AttentCityDataHelper: hasWeatherInfo query weather info provider id: 2
01-13 11:55:19.808 20802  7040 E WeatherS_PrivacyStatementExport: isSupportExportPrivacyVersion metaData -> true
01-13 11:55:19.808 20802  7040 E WeatherS_PrivacyStatementExport: isAgreed-1
01-13 11:55:19.810  3522  4402 E HandwritingModeController: Cannot get requestId: Handwriting was not initialized.
01-13 11:55:19.811 20802  7040 I WeatherS_WeatherProvider: query option: 4,callingUid: 10212,name: com.coloros.weather.service
01-13 11:55:19.811 20802  7040 I WeatherS_WeatherExpireTimeUtils: has expire time by city id:2, result:true
01-13 11:55:19.811 20802  7040 I WeatherS_AttentCityDataHelper: hasWeatherInfo query weather info provider id: -10000
01-13 11:55:19.811 20802  7040 E WeatherS_PrivacyStatementExport: isSupportExportPrivacyVersion metaData -> true
01-13 11:55:19.811 20802  7040 E WeatherS_PrivacyStatementExport: isAgreed-1
01-13 11:55:19.812 20802  7040 I WeatherS_WeatherProvider: query option: 4,callingUid: 10212,name: com.coloros.weather.service
01-13 11:55:19.812 20802  7040 I WeatherS_UpdateWeatherService: hasWeatherInfoInDb:true;hasResidentCityWeatherInfoInDb:false
01-13 11:55:19.812 20802  7040 I WeatherS_UpdateWeatherService: dataSource is WeatherLightInfoDataSource
01-13 11:55:19.813 20802  7040 E WeatherS_PrivacyStatementExport: isSupportExportPrivacyVersion metaData -> true
01-13 11:55:19.813 20802  7040 E WeatherS_PrivacyStatementExport: isAgreed-1
01-13 11:55:19.813 20802  7040 I WeatherS_WeatherProvider: query option: 2,callingUid: 10212,name: com.coloros.weather.service
01-13 11:55:19.813 20802  7040 E WeatherS_PrivacyStatementExport: isSupportExportPrivacyVersion metaData -> true
01-13 11:55:19.813 20802  7040 E WeatherS_PrivacyStatementExport: isAgreed-1
01-13 11:55:19.813 20802  7040 I WeatherS_WeatherProvider: query option: 46,callingUid: 10212,name: com.coloros.weather.service
01-13 11:55:19.823  4994  5470 D DnsDomainBlock: onDnsEvent: latencyMs=0, returnCode=0, uid=10212
01-13 11:55:19.832  1874  6141 E WifiHAL : WLAN_DIAG_TYPE_CONFIG - possible buffer over access, length=1480 count=16 hdr_size=8 payload len=12966
01-13 11:55:19.832 15891 16418 D OplusEffectTouchRUSConfigManager: deviceId = 0
01-13 11:55:19.832 15891 16418 D OplusEffectTouchRUSConfigManager: writeEffectTouchParam command= mod para_effect set_package_type:6
01-13 11:55:19.832  1874  6141 E WifiHAL : WLAN_DIAG_TYPE_CONFIG - possible buffer over access, length=1464 count=16 hdr_size=8 payload len=12966
01-13 11:55:19.833  1874  6141 E WifiHAL : WLAN_DIAG_TYPE_CONFIG - possible buffer over access, length=1456 count=16 hdr_size=8 payload len=12966
01-13 11:55:19.835  2048  2048 D OplusTouch: WRITE info len = [34] by Binder
01-13 11:55:19.835  2048  2048 D OplusTouch: path = /proc/touchpanel/touch_scene_para,len = 102400
01-13 11:55:19.835  2048  2048 D OplusTouch: binder transfer START:flag[0]node[188]deviceId[0]str[mod para_effect set_package_type:6]info[mod para_effect set_package_type:6]dataLength[102400]
01-13 11:55:19.835  3301  3435 E OplusTouchDaemon: syna_touch_node_handle:Id=0, nodeFlag=188, info=mod para_effect set_package_type:6, wrFlag=0, cbsize=2048, readlen=2048
01-13 11:55:19.835  3301  3435 I touch-algo: [id:0] appType:6,gameType:6
01-13 11:55:19.835  3301  3435 E OplusTouchDaemon: [OplusTouchDaemon][algo_set_info][8744]: algo_set_info: set paramId 10, buf: , ret=0
01-13 11:55:19.835  3301  3435 E OplusTouchDaemon: syna_touch_node_handle:TOUCH_SCENE_PARA_NODE set to mod para_effect set_package_type:6, ret = 0
01-13 11:55:19.835  3301  3435 D OplusTouchDaemon: touchBinder:WRITE FINISH
01-13 11:55:19.836  2048  2048 D OplusTouch: WRITE SUCCESS! by Binder, get data len[2]
01-13 11:55:19.845  3522  3757 D VRR [OPlusSAManager]: updateAutoMinfps for 4630946652107814787 with nits: 799.76, mHistOK true, mAmbientOK true, mCctOK true, mIrOK true, mBrightnessOK true, isPkgOK true, SA min fps: 119
01-13 11:55:19.845  2158  2459 I VRR-[OPlusRefreshRateSelector]: updateAutoMode success, display 0, mode 0, fakeframe 1, min fps: 1
01-13 11:55:19.851  1902 18825 I SDM     : DisplayBuiltIn::SetQSyncModeLocked: VRR + update qsync mode 0 minfps 00C08181
01-13 11:55:19.852  1902 18825 I SDM     : HWDeviceDRM::OPlusIsQSyncMinFpsForAuto: VRR +  OPlusIsQSyncMinFpsForAuto: 1
01-13 11:55:19.852  1902 18825 I SDM     : DisplayBuiltIn::SetQSyncModeLocked: VRR + needs_avr_update_ 0
01-13 11:55:19.853  1902  2179 I SDM     : HWDeviceDRM::OPlusIsQSyncMinFpsForAuto: VRR +  OPlusIsQSyncMinFpsForAuto: 1
01-13 11:55:19.853  1902  2179 E SDM     : DRMConnector::Perform: Connector 69: Setting Qsync min fps 12616065
01-13 11:55:19.856  1865 28806 I sensors-hal: handle_sns_std_sensor_event:104, oplus rgb_rear sample: (cct, lux, ir, x, y)[5200, 0, 2368, 407, 388]
01-13 11:55:19.856  1865 28806 I sensors-hal: handle_sns_std_sensor_event:106, oplus rgb_rear sample: (r, g, b, c w)[13, 7, 6, 19, 23]
01-13 11:55:19.857  3522  6913 I AICCTModule: SensorFilter: brightness threshold 1.4 screenNit is 799.76 ave enviroment lux is 672.60406 luxForNit 137.2604demarcationPoint200.0 result is true
01-13 11:55:19.947  3522  4228 D osense.compress: com.google.android.gms do shrink, target ratio = 56, final ratio = 90, cur ratio = 22
01-13 11:55:19.981  2158  2158 I BpBinder: onLastStrongRef automatically unlinking death recipients: 
01-13 11:55:19.982  1874  6141 E WifiHAL : WLAN_DIAG_TYPE_CONFIG - possible buffer over access, length=1456 count=16 hdr_size=8 payload len=12966
01-13 11:55:19.983  1874  6141 E WifiHAL : WLAN_DIAG_TYPE_CONFIG - possible buffer over access, length=1468 count=16 hdr_size=8 payload len=12966
01-13 11:55:19.983  1874  6141 E WifiHAL : WLAN_DIAG_TYPE_CONFIG - possible buffer over access, length=1472 count=16 hdr_size=8 payload len=12966
01-13 11:55:20.009  2027  2027 D SensorFeature: name=ssc_screenshot_info ,index = 22
01-13 11:55:20.010  2027  2027 D SensorFeature: write 39 bytes:135648617359757,135648625693090,58224,0
01-13 11:55:20.026 20802 25583 E WeatherS_WeatherHttpDataSource:  WeatherSdk Exception: Request{method=POST, url=https://weather-server.allawnos.com/weather/lightData?appId=app-weather&authCode=cbf813a406e5a26b68d47dcf7752618624e525affdcac0384a5e3597a1620b9d, headers=[timeStamp:1768285519, serviceVersionCode:16013000, invokedByAppVersion:16008034, invokedByScene:20100, pkgName:com.coloros.weather.service, authType:2, versionCode:16009006, invokedByAppName:com.oneplus.deskclock]}
01-13 11:55:20.026 20802 25583 E WeatherS_WeatherHttpDataSource: httpcode:429
01-13 11:55:20.026 20802 25583 E WeatherS_WeatherHttpDataSource: cityInfoCode:0
01-13 11:55:20.026 20802 25583 E WeatherS_WeatherHttpDataSource: 
01-13 11:55:20.026 20802 25583 E WeatherS_WeatherHttpDataSource: body:tps over limited
01-13 11:55:20.044  3301  3301 I synaLib : tcm: STATUS: Enter DOZE mode
01-13 11:55:20.069  2055  2095 D vendor.oplus.hardware.charger-V9-service: ret_value:126, read content:,363,331,3819,3819,170,38,39,1,1,0,447,4856,39,1,4490,600,500,0,0,4500,7,0,1,0,2,0,0,0,1,6092,100,2103,2159,5748,0,0,0,0,0,75
01-13 11:55:20.069  2055  2095 D vendor.oplus.hardware.charger-V9-service: gmtime: 2026-01-13-11-55-20
01-13 11:55:20.070  2055  2095 D vendor.oplus.hardware.charger-V9-service: usb_online:1, ac_online:-2147483648, wireless_online:-2147483648
01-13 11:55:20.200  1874  6141 E WifiHAL : WLAN_DIAG_TYPE_CONFIG - possible buffer over access, length=1476 count=16 hdr_size=8 payload len=12966
01-13 11:55:20.201  1874  6141 E WifiHAL : WLAN_DIAG_TYPE_CONFIG - possible buffer over access, length=1476 count=16 hdr_size=8 payload len=12966
01-13 11:55:20.202  1874  6141 E WifiHAL : WLAN_DIAG_TYPE_CONFIG - possible buffer over access, length=1476 count=16 hdr_size=8 payload len=12966
01-13 11:55:20.238 15873 15873 I MainLooperBlockDetector: com.coloros.common.utils.RxSystemKeyEventMonitor$systemKeyEventReceiver$1.onReceive
01-13 11:55:20.238 15873 15873 I MainLooperBlockDetector: checkMainLooperBlocked: detector not initialized
01-13 11:55:20.238 15873 15873 I AstScreen.RxSystemKeyEventMonitor: HomeKey Receiver Reason = recentapps
01-13 11:55:20.285  2027  2027 D SensorFeature: name=ssc_screenshot_info ,index = 22
01-13 11:55:20.285  2027  2027 D SensorFeature: write 39 bytes:135648892479392,135648900812725,58225,0
01-13 11:55:20.301  3301  3301 I synaLib : tcm: STATUS: Exit DOZE mode
01-13 11:55:20.302  3301  3301 E OplusTouchDaemon: [prevent][curved_large_handle_V2][3008]: id:0 pos:1 center_down:1 (11380 32485)(0 0 0 0) 
01-13 11:55:20.302  3301  3301 E OplusTouchDaemon: [touchEvent][ts_report_touch_data][643]: first touch point id 0 [11380 32485    4    0    0    0    0]
01-13 11:55:20.303  3522  4603 D GestureLog_OplusMultiPointerDetector: onTouchEvent------>start, mCurNumPointers=1, mCurrStatus=0 mIsDownIntervalTimeout=true, action=0 downTime=85958556 deviceId=6
01-13 11:55:20.303  5166  5166 D InputConsumerProxy: InputConsumerProxy#onInputConsumerMotionEvent mInputConsumer DOWN: com.android.quickstep.inputconsumers.OverviewInputConsumer@265031d
01-13 11:55:20.303  3522  4875 I [UAH_CLIENT]: UahEventAcquire, cmdid:37, pkg:none, identity:OplusUAwareInputHelper
01-13 11:55:20.303  5166  5166 I PullDownAnimator: setActivityStarted: started=false
01-13 11:55:20.303  5166  5166 D QuickSwitchTouchController#41ae090-BaseSwipeDetector: setIsDelayReport:false
01-13 11:55:20.303  5166  5166 D NavBarToHomeTouchController#f3dad89-BaseSwipeDetector: setIsDelayReport:false
01-13 11:55:20.304  5166  5166 D OplusPortraitStatesTouchController#918d18e-BaseSwipeDetector: setUseRawPoint: false
01-13 11:55:20.304  5166  5166 D OplusPortraitStatesTouchController#918d18e-BaseSwipeDetector: setIsDelayReport:false
01-13 11:55:20.304  5166  5166 I OplusBaseInputConsumerController: onInputEvent: isHandlingEvent true ev: MotionEvent { action=ACTION_DOWN, actionButton=0, id[0]=0, x[0]=607.6836, y[0]=1735.2207, toolType[0]=TOOL_TYPE_FINGER, buttonState=0, classification=NONE, metaState=0, flags=0x0, edgeFlags=0x0, pointerCount=1, historySize=0, eventTime=85958556, downTime=85958556, deviceId=6, source=0x1002, displayId=0, eventId=509422183 }
01-13 11:55:20.304  5166  5166 D OplusBaseInputConsumerController: onInputEvent: will call onInputEvent
01-13 11:55:20.305  3522  4875 D UAH-UahAdaptHelper: adaptSetNotification identity = OplusUAwareInputHelpersrc = 1000 , type 0 ,p1 = -1 ,p2 = -1 ,p3 = -1 ,p4 =
01-13 11:55:20.305  3522  4875 I [UAH_CLIENT]: uahRuleCtl, ruleId:1000, status:0
01-13 11:55:20.306  3522  3752 D PowerManagerService: userActivityNoUpdateLocked: groupId=0, eventTime=85958556, event=touch, flags=0x0, uid=1000
01-13 11:55:20.307 20802 20802 I WeatherS_AutoGetLocationService: AutoGetLctService onReceive: com.oplus.weather.action.deal_location
01-13 11:55:20.308  4883 32388 I SystemUi--QuickSettings: OplusFgsManagerController-->onForegroundStateChanged: com.coloros.weather.service 0 false 1
01-13 11:55:20.308  4883 32388 I SystemUi--QuickSettings: OplusFgsManagerController-->onForegroundStateChanged numPackagesAfter: 1
01-13 11:55:20.309 20802 20802 I WeatherS_AutoGetLocationService: onReceive:AutoGetLctService.stopSelf() end
01-13 11:55:20.309 20802 20802 I WeatherS_AutoGetLocationService: onDestroy
01-13 11:55:20.310 20802 20802 I Weather_Location_LocationController: stopAndClear
01-13 11:55:20.310 20802 20802 I Weather_Location_SystemLocation: stopLocalLocation remove listener:107704934
01-13 11:55:20.310  5153  8029 I ConferenceScene: onForegroundServiceStateChanged 20802 10212 0 fg_stateMachinesuid is null
01-13 11:55:20.312  3522  4862 D NirvanaManager: enable_bg_limit_level_thermal feature is not supported
01-13 11:55:20.313  5153  5153 D RFPowerBoostManager: my thermal listener proxy invoke method:notifyThermalBroadCast args len:2
01-13 11:55:20.313  5153  5153 D RFPowerBoostManager: current temp is 34, mInCalling is false, mIsGameMode is false, current threshold is 41
01-13 11:55:20.313  3522  3683 V LocationManagerService: passive provider uid 10212 foreground = false
01-13 11:55:20.313  4882  6251 V OsAgent : broadcastSystemEvent - 7
01-13 11:55:20.314  1728 13302 E TetherController: property_get sys.radio.data.modem_share_flag return 0, 1!
01-13 11:55:20.315  1865 25043 I sensors-hal: handle_oplus_wise_rgb_event:189, high_pwm_light:lux 767.1,cct 5915.8,brl/algo/ir 3515.0/2.0/68.8,pwm/dc 0.0/0.0,rgbc 41250.183594/25628.359375/17566.873047/74145.023438,ts 135648865671744,cnt 40998,flag 58225
01-13 11:55:20.315  1865 28802 I sensors-hal: handle_oplus_wise_rgb_event:160, wise_rgb:(41000)(cct,lux,ir)[5915.79, 767.11, 68.829765](rgbc)[41243.80, 25634.04, 17550.86, 74158.09](pwm,hbm,brl,algo)[0.0 0.0 3515.0 2.0],flag 58225
01-13 11:55:20.316  5166  5166 D OplusBaseInputConsumerController: onInputEvent: will call onInputEvent
01-13 11:55:20.320  1730  1760 E statsd  : Stats puller failed for tag: 150134 at 135648915908194
01-13 11:55:20.321 10740 15663 E MIDASApplication: MIDASPullAtomManager: onPullAtom 150017
01-13 11:55:20.321  3522  5691 D KernelStatsHelper: getKernelStats start!
01-13 11:55:20.321  4994  5470 V MonthTrafficAlert: getWarningNotification subId:1 numWarningNotificaion:0
01-13 11:55:20.322  3522  4539 D OplusNetlinkSocket: handleNetlinkRecvKernelMessage:nlmsghdr:StructNlMsgHdr{ nlmsg_len{3004}, nlmsg_type{49()}, nlmsg_flags{0()}, nlmsg_seq{0}, nlmsg_pid{230822331} }
01-13 11:55:20.322  3522  4539 D KernelStatsHelper: get magic :[-1, -1, -1, 77, 65, 71, 73, 67]
01-13 11:55:20.322  3522  4539 D KernelStatsHelper: magic matched count:446 data_len:23192
01-13 11:55:20.323  3522  4539 D OplusNetlinkSocket: handleNetlinkRecvKernelMessage:nlmsghdr:StructNlMsgHdr{ nlmsg_len{2988}, nlmsg_type{49()}, nlmsg_flags{0()}, nlmsg_seq{0}, nlmsg_pid{230822331} }
01-13 11:55:20.323  3522  4539 D OplusNetlinkSocket: handleNetlinkRecvKernelMessage:nlmsghdr:StructNlMsgHdr{ nlmsg_len{2988}, nlmsg_type{49()}, nlmsg_flags{0()}, nlmsg_seq{0}, nlmsg_pid{230822331} }
01-13 11:55:20.323  3522  4539 D OplusNetlinkSocket: handleNetlinkRecvKernelMessage:nlmsghdr:StructNlMsgHdr{ nlmsg_len{2988}, nlmsg_type{49()}, nlmsg_flags{0()}, nlmsg_seq{0}, nlmsg_pid{230822331} }
01-13 11:55:20.323  3522  4539 D OplusNetlinkSocket: handleNetlinkRecvKernelMessage:nlmsghdr:StructNlMsgHdr{ nlmsg_len{2988}, nlmsg_type{49()}, nlmsg_flags{0()}, nlmsg_seq{0}, nlmsg_pid{230822331} }
01-13 11:55:20.323  3522  4539 D OplusNetlinkSocket: handleNetlinkRecvKernelMessage:nlmsghdr:StructNlMsgHdr{ nlmsg_len{2988}, nlmsg_type{49()}, nlmsg_flags{0()}, nlmsg_seq{0}, nlmsg_pid{230822331} }
01-13 11:55:20.323  3522  4539 D OplusNetlinkSocket: handleNetlinkRecvKernelMessage:nlmsghdr:StructNlMsgHdr{ nlmsg_len{2988}, nlmsg_type{49()}, nlmsg_flags{0()}, nlmsg_seq{0}, nlmsg_pid{230822331} }
01-13 11:55:20.323  3522  4539 D OplusNetlinkSocket: handleNetlinkRecvKernelMessage:nlmsghdr:StructNlMsgHdr{ nlmsg_len{2468}, nlmsg_type{49()}, nlmsg_flags{0()}, nlmsg_seq{0}, nlmsg_pid{230822331} }
01-13 11:55:20.323  3522  4539 D KernelStatsHelper: data over! check: true
01-13 11:55:20.324  5166  5166 D OplusBaseInputConsumerController: onInputEvent: will call onInputEvent
01-13 11:55:20.333  5166  5166 D OplusBaseInputConsumerController: onInputEvent: will call onInputEvent
01-13 11:55:20.333  3301  3301 E OplusTouchDaemon: [touchEvent][ts_report_touch_data][654]:Touchpanel id 0 :Down[11454 31761    7    0    0    0    0]K0 A0 D0
01-13 11:55:20.335  3522  4227 D CompressAction: set affinity failed.
01-13 11:55:20.335  3522  4227 I OplusCpuLimitManager: OplusCpuHighLoad: request instant cpu load
01-13 11:55:20.336  3522  4227 E OsenseCommonUtils: write /dev/memcg/memory.force_shrink_file failed
01-13 11:55:20.336  3522  4227 E OsenseCommonUtils: java.io.IOException: write failed: EBUSY (Device or resource busy)
01-13 11:55:20.336  3522  4227 E OsenseCommonUtils: 	at libcore.io.IoBridge.write(IoBridge.java:651)
01-13 11:55:20.336  3522  4227 E OsenseCommonUtils: 	at java.io.FileOutputStream.write(FileOutputStream.java:436)
01-13 11:55:20.336  3522  4227 E OsenseCommonUtils: 	at sun.nio.cs.StreamEncoder.writeBytes(StreamEncoder.java:233)
01-13 11:55:20.336  3522  4227 E OsenseCommonUtils: 	at sun.nio.cs.StreamEncoder.implFlushBuffer(StreamEncoder.java:309)
01-13 11:55:20.336  3522  4227 E OsenseCommonUtils: 	at sun.nio.cs.StreamEncoder.implFlush(StreamEncoder.java:313)
01-13 11:55:20.336  3522  4227 E OsenseCommonUtils: 	at sun.nio.cs.StreamEncoder.flush(StreamEncoder.java:153)
01-13 11:55:20.336  3522  4227 E OsenseCommonUtils: 	at java.io.OutputStreamWriter.flush(OutputStreamWriter.java:248)
01-13 11:55:20.336  3522  4227 E OsenseCommonUtils: 	at com.android.server.oplus.osense.utils.OsenseCommonUtils.writeFile(OsenseCommonUtils.java:154)
01-13 11:55:20.336  3522  4227 E OsenseCommonUtils: 	at com.android.server.am.OplusOsenseCompressAction.doGlobalShrink(OplusOsenseCompressAction.java:1886)
01-13 11:55:20.336  3522  4227 E OsenseCommonUtils: 	at com.android.server.am.OplusOsenseCompressAction.-$$Nest$mdoGlobalShrink(Unknown Source:0)
01-13 11:55:20.336  3522  4227 E OsenseCommonUtils: 	at com.android.server.am.OplusOsenseCompressAction$CompressHandler.handleMessage(OplusOsenseCompressAction.java:1334)
01-13 11:55:20.336  3522  4227 E OsenseCommonUtils: 	at android.os.Handler.dispatchMessage(Handler.java:115)
01-13 11:55:20.336  3522  4227 E OsenseCommonUtils: 	at android.os.Looper.loopOnce(Looper.java:298)
01-13 11:55:20.336  3522  4227 E OsenseCommonUtils: 	at android.os.Looper.loop(Looper.java:408)
01-13 11:55:20.336  3522  4227 E OsenseCommonUtils: 	at android.os.HandlerThread.run(HandlerThread.java:85)
01-13 11:55:20.336  3522  4227 E OsenseCommonUtils: Caused by: android.system.ErrnoException: write failed: EBUSY (Device or resource busy)
01-13 11:55:20.336  3522  4227 E OsenseCommonUtils: 	at libcore.io.Linux.writeBytes(Native Method)
01-13 11:55:20.336  3522  4227 E OsenseCommonUtils: 	at libcore.io.Linux.write(Linux.java:338)
01-13 11:55:20.336  3522  4227 E OsenseCommonUtils: 	at libcore.io.ForwardingOs.write(ForwardingOs.java:954)
01-13 11:55:20.336  3522  4227 E OsenseCommonUtils: 	at libcore.io.BlockGuardOs.write(BlockGuardOs.java:448)
01-13 11:55:20.336  3522  4227 E OsenseCommonUtils: 	at libcore.io.IoBridge.write(IoBridge.java:646)
01-13 11:55:20.336  3522  4227 E OsenseCommonUtils: 	... 14 more
01-13 11:55:20.337  3522  4227 I OplusCpuLimitManager: OplusCpuHighLoad: release instant cpu load
01-13 11:55:20.342  3522  4875 I [UAH_CLIENT]: UahEventAcquire, cmdid:68, pkg:none, identity:OplusUAwareInputHelper
01-13 11:55:20.342  5166  5166 D b/223498680: BaseRecentsViewStateController setStateWithAnimation state=AllApps, config.skipOverview=false
01-13 11:55:20.343  5166  5166 W DockViewController[u0]: gotoState AllApps same return, reason: STATE_CHANGE_WITH_ANIM, currentState: Normal, isRecentsViewPortrait: true, isActivityPortrait: true, stateChangeAnimator isRunning: null, isLightAnim: false, startAnimAgain: false
01-13 11:55:20.343  5166  5166 D b/223498680: LRV onStateTransitionStart setFreezeVisibility=true, toState=AllApps; isInterceptUIUpdate=false
01-13 11:55:20.343  5166  5166 W LauncherJankManager[u0]: shouldEndScene: JankScene(GO_HOME|2|0|4)
01-13 11:55:20.344  5166  5166 D OplusGcSupressionExtImpl: callGcSupression : java.lang.NullPointerException: Attempt to invoke virtual method 'java.lang.Object java.lang.reflect.Method.invoke(java.lang.Object, java.lang.Object[])' on a null object reference
01-13 11:55:20.344  5166  5166 E [OPLUS_AFS_CONFIG]: Failed to open AFS config file: /proc/oplus_afs_config/afs_config
01-13 11:55:20.344  5166  5166 E AFS_CONFIG: Failed to get scene config
01-13 11:55:20.344  5166  5166 E OplusAfsManager: afsConfigSceneConfigGet sceneType is null
01-13 11:55:20.344  5166  5166 I [UAH_CLIENT]: UahEventAcquire, cmdid:84, pkg:none, identity:GpuBoost
01-13 11:55:20.344  4883  4924 D WindowManagerShell: setLauncherKeepClearAreaHeight: visible=false, height=240
01-13 11:55:20.344  5166  5166 I [UAH_CLIENT]: UahEventAcquire, cmdid:75, pkg:none, identity:Launcher
01-13 11:55:20.346  5166  5166 D OplusPortraitStatesTouchController#918d18e-BaseSwipeDetector: onDragStart recatch:false;mIsDelayReportDragStart:false
01-13 11:55:20.346  5166  5166 D OplusBaseInputConsumerController: onInputEvent: will call onInputEvent
01-13 11:55:20.346  3522  3757 D VRR [OPlusSAManager]: updateAutoMinfps for 4630946652107814787 with nits: 799.76, mHistOK true, mAmbientOK true, mCctOK true, mIrOK true, mBrightnessOK true, isPkgOK true, SA min fps: 119
01-13 11:55:20.347  2158  6091 I VRR-[OPlusRefreshRateSelector]: updateAutoMode success, display 0, mode 0, fakeframe 1, min fps: 1
01-13 11:55:20.348  4882  6251 V OsAgent : broadcastSystemEvent - 7
01-13 11:55:20.349 15831 15847 D AppRecommend_AppRecommendDecisionProvider: Get originData: [AppInfo[pkg=host.exp.exponent, appType=0,iconSource=system, recallType=algorithm, deepLink=0,utrackClickUrl=0, utrackExposeUrl=0,icon=0, apiSource=null, typeCode=null, mode=0, advFinalScore=null,  routePage=0, probability=0], AppInfo[pkg=com.travels.travelling, appType=0,iconSource=system, recallType=algorithm, deepLink=0,utrackClickUrl=0, utrackExposeUrl=0,icon=0, apiSource=null, typeCode=null, mode=0, advFinalScore=null,  routePage=0, probability=0], AppInfo[pkg=com.brave.browser, appType=0,iconSource=system, recallType=algorithm, deepLink=0,utrackClickUrl=0, utrackExposeUrl=0,icon=0, apiSource=null, typeCode=null, mode=0, advFinalScore=null,  routePage=0, probability=0], AppInfo[pkg=com.instagram.android, appType=0,iconSource=system, recallType=algorithm, deepLink=0,utrackClickUrl=0, utrackExposeUrl=0,icon=0, apiSource=null, typeCode=null, mode=0, advFinalScore=null,  routePage=0, probability=0], AppInfo[pkg=com.google.android.googlequicksearchbox, appType=0,iconSource=system, recallType=algorithm, deepLink=0,utrackClickUrl=0, utrackExposeUrl=0,icon=0, apiSource=null, typeCode=null, mode=0, advFinalScore=null,  routePage=0, probability=0], AppInfo[pkg=com.oplus.themestore, appType=0,iconSource=system, recallType=algorithm, deepLink=0,utrackClickUrl=0, utrackExposeUrl=0,icon=0, apiSource=null, typeCode=null, mode=0, advFinalScore=null,  routePage=0, probability=0], AppInfo[pkg=org.telegram.messenger, appType=0,iconSource=system, recallType=algorithm, deepLink=0,utrackClickUrl=0, utrackExposeUrl=0,icon=0, apiSource=null, typeCode=null, mode=0, advFinalScore=null,  routePage=0, probability=0], AppInfo[pkg=com.whatsapp, appType=0,iconSource=system, recallType=algorithm, deepLink=0,utrackClickUrl=0, utrackExposeUrl=0,icon=0, apiSource=null, typeCode=null, mode=0, advFinalScore=null,  routePage=0, probability=0], AppInfo[pkg=com.google.android.youtube, appType=0,iconSource=system, recallType=algorithm, deepLink=0,utrackClickUrl=0, utrackExposeUrl=0,icon=0, apiSource=null, typeCode=null, mode=0, advFinalScore=null,  routePage=0, probability=0], AppInfo[pkg=com.android.vending, appType=0,iconSource=system, recallType=algorithm, deepLink=0,utrackClickUrl=0, utrackExposeUrl=0,icon=0, apiSource=null, typeCode=null, mode=0, advFinalScore=null,  routePage=0, probability=0], AppInfo[pkg=com.google.android.gm, appType=0,iconSource=system, recallType=algorithm, deepLink=0,utrackClickUrl=0, utrackExposeUrl=0,icon=0, apiSource=null, typeCode=null, mode=0, advFinalScore=null,  routePage=0, probability=0], AppInfo[pkg=com.nordvpn.android, appType=0,iconSource=system, recallType=algorithm, deepLink=0,utrackClickUrl=0, utrackExposeUrl=0,icon=0, apiSource=null, typeCode=null, mode=0, advFinalScore=null,  routePage=0, probability=0], AppInfo[pkg=com.spotify.music, appType=0,iconSource=system, recallType=algorithm, deepLink=0,utrackClickUrl=0, utrackExposeUrl=0,icon=0, apiSource=null, typeCode=null, mode=0, advFinalScore=null,  routePage=0, probability=0], AppInfo[pkg=com.google.android.apps.nbu.paisa.user, appType=0,iconSource=system, recallType=algorithm, deepLink=0,utrackClickUrl=0, utrackExposeUrl=0,icon=0, apiSource=null, typeCode=null, mode=0, advFinalScore=null,  routePage=0, probability=0], AppInfo[pkg=com.google.android.dialer, appType=0,iconSource=system, recallType=algorithm, deepLink=0,utrackClickUrl=0, utrackExposeUrl=0,icon=0, apiSource=null, typeCode=null, mode=0, advFinalScore=null,  routePage=0, probability=0], AppInfo[pkg=com.google.android.apps.nbu.files, appType=0,iconSource=system, recallType=algorithm, deepLink=0,utrackClickUrl=0, utrackExposeUrl=0,icon=0, apiSource=null, typeCode=null, mode=0, advFinalScore=null,  routePage=0, probability=0], AppInfo[pkg=com.mattermost.rn, appType=0,iconSource=system, recallType=algorithm, deepLink=0,utrackClickUrl=0, utrackExposeUrl=0,icon=0, apiSource=null, typeCode=null, mode=0, advFinalScore=null,  routePage=0, probability=0], AppInfo[pkg=com.dreamplug.androidapp, appType=0,iconSource=system, re
01-13 11:55:20.350  5166  5166 D AutofillManager: view not autofillable - not passing ime action check
01-13 11:55:20.350  5166  5166 D OplusBaseInputConsumerController: onInputEvent: will call onInputEvent
01-13 11:55:20.351  1902 18825 I SDM     : DisplayBuiltIn::SetQSyncModeLocked: VRR + update qsync mode 0 minfps 00C08181
01-13 11:55:20.351  1902 18825 I SDM     : HWDeviceDRM::OPlusIsQSyncMinFpsForAuto: VRR +  OPlusIsQSyncMinFpsForAuto: 1
01-13 11:55:20.351  1902 18825 I SDM     : DisplayBuiltIn::SetQSyncModeLocked: VRR + needs_avr_update_ 0
01-13 11:55:20.352  5166  5166 I COUITouchSearchView: onLayout left= 33 top= 612 right= 84 bottom= 1734 mFrameChanged= false mFirstLayout= false
01-13 11:55:20.352  1902  2179 I SDM     : HWDeviceDRM::OPlusIsQSyncMinFpsForAuto: VRR +  OPlusIsQSyncMinFpsForAuto: 1
01-13 11:55:20.352  1902  2179 E SDM     : DRMConnector::Perform: Connector 69: Setting Qsync min fps 12616065
01-13 11:55:20.353 15831 15847 E AppFeatureProviderUtils: getInt: getStringForFeature return null
01-13 11:55:20.357  3301  3301 E OplusTouchDaemon: [prevent][curved_large_handle_V2][3082]: up id(0) status: 1, 1, 1, 0.
01-13 11:55:20.358  3522  4875 D UAH-UahAdaptHelper: adaptSetNotification identity = OplusUAwareInputHelpersrc = 1000 , type 1 ,p1 = -1 ,p2 = -1 ,p3 = -1 ,p4 =
01-13 11:55:20.358  3522  4875 I [UAH_CLIENT]: uahRuleCtl, ruleId:1000, status:1
01-13 11:55:20.358  3522  4875 I [UAH_CLIENT]: UahRelease, handle:104888
01-13 11:55:20.358  3522  3684 D OplusPanoramaWorkBranchController: notifyMotionUpOrCancel
01-13 11:55:20.358  3522  4875 I [UAH_CLIENT]: UahEventAcquire, cmdid:6, pkg:none, identity:OplusUAwareInputHelper
01-13 11:55:20.359  5166  5166 D OplusBaseInputConsumerController: onInputEvent: will call onInputEvent
01-13 11:55:20.359  5166  5166 D InputConsumerProxy: InputConsumerProxy#onInputConsumerMotionEvent mInputConsumer UP || CANCEL: com.android.quickstep.inputconsumers.OverviewInputConsumer@265031d
01-13 11:55:20.360  5166  5166 D b/223498680: LRV onStateTransitionStart setFreezeVisibility=true, toState=AllApps; isInterceptUIUpdate=false
01-13 11:55:20.360  5166  5166 D OplusGcSupressionExtImpl: callGcSupression : java.lang.NullPointerException: Attempt to invoke virtual method 'java.lang.Object java.lang.reflect.Method.invoke(java.lang.Object, java.lang.Object[])' on a null object reference
01-13 11:55:20.360  5166  5166 E [OPLUS_AFS_CONFIG]: Failed to open AFS config file: /proc/oplus_afs_config/afs_config
01-13 11:55:20.360  5166  5166 E AFS_CONFIG: Failed to get scene config
01-13 11:55:20.360  5166  5166 E OplusAfsManager: afsConfigSceneConfigGet sceneType is null
01-13 11:55:20.360  5166  5166 I [UAH_CLIENT]: UahEventAcquire, cmdid:84, pkg:none, identity:GpuBoost
01-13 11:55:20.360  5166  5166 I [UAH_CLIENT]: UahEventAcquire, cmdid:75, pkg:none, identity:Launcher
01-13 11:55:20.361  5166  5166 D OplusViewDragTouchViewHelper: dispatchTouchView action = 1
01-13 11:55:20.361  5166  5166 I OplusBaseInputConsumerController: onInputEvent: isHandlingEvent false
01-13 11:55:20.361  5166  5166 D OplusBaseInputConsumerController: onInputEvent: will call onInputEvent
01-13 11:55:20.362  5166  5166 I COUITouchSearchView: onLayout left= 33 top= 612 right= 84 bottom= 1734 mFrameChanged= false mFirstLayout= false
01-13 11:55:20.448  1858  7703 I vendor.qti.bluetooth@1.1-ibs_handler: ProcessIbsCmd: Received IBS_WAKE_IND: 0xFD
01-13 11:55:20.448  1858  7703 D vendor.qti.bluetooth@1.1-ibs_handler: SerialClockVote: vote for UART CLK ON
01-13 11:55:20.448  1858  7703 E vendor.qti.bluetooth@1.1-wake_lock: Acquire write to wakelock file failed -1 - Operation not permitted
01-13 11:55:20.448  1858  7703 I vendor.qti.bluetooth@1.1-ibs_handler: ProcessIbsCmd: Writing IBS_WAKE_ACK
01-13 11:55:20.459 10740 15535 I Quality-ScreenOnOffLogProcessor: withInScreenOnOffRange mIsScreenOn:true refTime:1768285519959 mRecentScreenOnTime:1768284780142 mRecentScreenOffTime:1768284779671
01-13 11:55:20.459  5166  5166 D OplusRecentsView: onPageEndTransition
01-13 11:55:20.460  5166  5166 D AnimSeqTimeStamp: resetLastRecentStartTime
01-13 11:55:20.460  5166  5166 D RemoteAnimationTargetCompat: Clear the break param
01-13 11:55:20.460  5166  7016 D RemoteAnimFrameRateManager: setFrameRateTarget velocity: -2 , frame rate result : false , dynamicFrameRateType : 2
01-13 11:55:20.460  5166  5166 I [UAH_CLIENT]: UahRelease, handle:104882
01-13 11:55:20.460  5166  5749 I RecentsAnimationController: pending finishController(), toRecents=true
01-13 11:55:20.460  4883 32388 W OplusShellTransition: RecentsController.finish toHome:true sendUserLeaveHint:true seqId:393 callingPid:5166 callingUid:10230
01-13 11:55:20.461  4883  4924 V ShellRecents: [220811058] RecentsController.finishInner: toHome=true userLeave=true willFinishToHome=true state=0 hasPausingTasks=true reason=requested
01-13 11:55:20.461  4883  4924 D OplusShellTransition: [220811058] RecentsController.finishInner: toHome=true userLeave=true willFinishToHome=true state=0
01-13 11:55:20.461  4883  4924 V ShellRecents:   normal finish
01-13 11:55:20.461  5166  5749 D OplusBaseInputConsumerController: setKeyEventListener(), listener: null
01-13 11:55:20.461  4883  4924 V ShellRecents: [220811058] RecentsController.finishInner: Completing finish
01-13 11:55:20.461  4883  4924 V WindowManagerShell: Transition animation finished (aborted=false), notifying core (#1321) android.os.BinderProxy@33a85df@0
01-13 11:55:20.461  4883  4924 D SplitScreen-->AppLockManager: setStartFromSafeControl mStartFromSafeControl=false
01-13 11:55:20.461  3522  3570 D QuickBackInputPolicy: setInterceptInputKeyStatus, enable=false, enableFlag=1, inputCallback=android.window.IRemoteTransitionInputCallback$Stub$Proxy@50f04a2
01-13 11:55:20.461  5166  5166 E IJankManager: latencySceneEnd unknown scene 2 mScene:10
01-13 11:55:20.461  5166  5166 D OplusGcSupressionExtImpl: callGcDesupression : java.lang.NullPointerException: Attempt to invoke virtual method 'java.lang.Object java.lang.reflect.Method.invoke(java.lang.Object, java.lang.Object[])' on a null object reference
01-13 11:55:20.461  5166  5166 E [OPLUS_AFS_CONFIG]: Failed to open AFS config file: /proc/oplus_afs_config/afs_config
01-13 11:55:20.461  5166  5166 E AFS_CONFIG: Failed to get scene config
01-13 11:55:20.461  5166  5166 E OplusAfsManager: afsConfigSceneConfigGet sceneType is null
01-13 11:55:20.461  3522  4485 D OplusWindowAnimationManager: setInputConsumerEnabled from launcher enabled=false last=true
01-13 11:55:20.462  4883  4924 D ShellTaskOrganizerExt: adjust change for exiting mini task: -1
01-13 11:55:20.462  5166  5166 I [UAH_CLIENT]: UahRelease, handle:104884
01-13 11:55:20.462  4883  4924 D OplusShellTransition: isRecentsAnimation is: true isRemoteAnimation false
01-13 11:55:20.462  4883  4924 D OplusShellTransition: isLandScapeExitScene and mIsLandScapeExitScene is: false, notify launcher to cancel listener
01-13 11:55:20.462  4883  4924 D ShellTaskOrganizer: onLandScapeSceneExit, isRecent is: false
01-13 11:55:20.462  5166  5166 D OplusSystemUINavigationGesture: packageName: com.android.launcher, systemGestureExclusionChanged region=SkRegion() list:
01-13 11:55:20.463 15831 15847 D AppRecommend_AppRecommendDecisionProvider: Get originData: [AppInfo[pkg=host.exp.exponent, appType=0,iconSource=system, recallType=algorithm, deepLink=0,utrackClickUrl=0, utrackExposeUrl=0,icon=0, apiSource=null, typeCode=null, mode=0, advFinalScore=null,  routePage=0, probability=0], AppInfo[pkg=com.travels.travelling, appType=0,iconSource=system, recallType=algorithm, deepLink=0,utrackClickUrl=0, utrackExposeUrl=0,icon=0, apiSource=null, typeCode=null, mode=0, advFinalScore=null,  routePage=0, probability=0], AppInfo[pkg=com.brave.browser, appType=0,iconSource=system, recallType=algorithm, deepLink=0,utrackClickUrl=0, utrackExposeUrl=0,icon=0, apiSource=null, typeCode=null, mode=0, advFinalScore=null,  routePage=0, probability=0], AppInfo[pkg=com.instagram.android, appType=0,iconSource=system, recallType=algorithm, deepLink=0,utrackClickUrl=0, utrackExposeUrl=0,icon=0, apiSource=null, typeCode=null, mode=0, advFinalScore=null,  routePage=0, probability=0], AppInfo[pkg=com.google.android.googlequicksearchbox, appType=0,iconSource=system, recallType=algorithm, deepLink=0,utrackClickUrl=0, utrackExposeUrl=0,icon=0, apiSource=null, typeCode=null, mode=0, advFinalScore=null,  routePage=0, probability=0], AppInfo[pkg=com.oplus.themestore, appType=0,iconSource=system, recallType=algorithm, deepLink=0,utrackClickUrl=0, utrackExposeUrl=0,icon=0, apiSource=null, typeCode=null, mode=0, advFinalScore=null,  routePage=0, probability=0], AppInfo[pkg=org.telegram.messenger, appType=0,iconSource=system, recallType=algorithm, deepLink=0,utrackClickUrl=0, utrackExposeUrl=0,icon=0, apiSource=null, typeCode=null, mode=0, advFinalScore=null,  routePage=0, probability=0], AppInfo[pkg=com.whatsapp, appType=0,iconSource=system, recallType=algorithm, deepLink=0,utrackClickUrl=0, utrackExposeUrl=0,icon=0, apiSource=null, typeCode=null, mode=0, advFinalScore=null,  routePage=0, probability=0], AppInfo[pkg=com.google.android.youtube, appType=0,iconSource=system, recallType=algorithm, deepLink=0,utrackClickUrl=0, utrackExposeUrl=0,icon=0, apiSource=null, typeCode=null, mode=0, advFinalScore=null,  routePage=0, probability=0], AppInfo[pkg=com.android.vending, appType=0,iconSource=system, recallType=algorithm, deepLink=0,utrackClickUrl=0, utrackExposeUrl=0,icon=0, apiSource=null, typeCode=null, mode=0, advFinalScore=null,  routePage=0, probability=0], AppInfo[pkg=com.google.android.gm, appType=0,iconSource=system, recallType=algorithm, deepLink=0,utrackClickUrl=0, utrackExposeUrl=0,icon=0, apiSource=null, typeCode=null, mode=0, advFinalScore=null,  routePage=0, probability=0], AppInfo[pkg=com.nordvpn.android, appType=0,iconSource=system, recallType=algorithm, deepLink=0,utrackClickUrl=0, utrackExposeUrl=0,icon=0, apiSource=null, typeCode=null, mode=0, advFinalScore=null,  routePage=0, probability=0], AppInfo[pkg=com.spotify.music, appType=0,iconSource=system, recallType=algorithm, deepLink=0,utrackClickUrl=0, utrackExposeUrl=0,icon=0, apiSource=null, typeCode=null, mode=0, advFinalScore=null,  routePage=0, probability=0], AppInfo[pkg=com.google.android.apps.nbu.paisa.user, appType=0,iconSource=system, recallType=algorithm, deepLink=0,utrackClickUrl=0, utrackExposeUrl=0,icon=0, apiSource=null, typeCode=null, mode=0, advFinalScore=null,  routePage=0, probability=0], AppInfo[pkg=com.google.android.dialer, appType=0,iconSource=system, recallType=algorithm, deepLink=0,utrackClickUrl=0, utrackExposeUrl=0,icon=0, apiSource=null, typeCode=null, mode=0, advFinalScore=null,  routePage=0, probability=0], AppInfo[pkg=com.google.android.apps.nbu.files, appType=0,iconSource=system, recallType=algorithm, deepLink=0,utrackClickUrl=0, utrackExposeUrl=0,icon=0, apiSource=null, typeCode=null, mode=0, advFinalScore=null,  routePage=0, probability=0], AppInfo[pkg=com.mattermost.rn, appType=0,iconSource=system, recallType=algorithm, deepLink=0,utrackClickUrl=0, utrackExposeUrl=0,icon=0, apiSource=null, typeCode=null, mode=0, advFinalScore=null,  routePage=0, probability=0], AppInfo[pkg=com.dreamplug.androidapp, appType=0,iconSource=system, re
01-13 11:55:20.463  3522  4485 D ActivityTaskManager: setAppVisibility(Token{f7a6882 ActivityRecord{191369974 u0 host.exp.exponent/.experience.HomeActivity t390}}, visible=false):  visible=true mVisibleRequested=true
01-13 11:55:20.463  3522  4485 D ActivityTaskManager: setVisibility defer change visibility for:ActivityRecord{191369974 u0 host.exp.exponent/.experience.HomeActivity t390} visible:false
01-13 11:55:20.463  3522  4485 D ActivityTaskManager: setVisibility(Token{f7a6882 ActivityRecord{191369974 u0 host.exp.exponent/.experience.HomeActivity t390}}, visible=false) defer commitVisibility for inFinishingTransition
01-13 11:55:20.463  3522  4485 D Transition: finishTransition ar ActivityRecord{79915536 u0 com.android.launcher/.Launcher t2}, isVisibleRequested=true, state=RESUMED, visibleAtTransitionEndTokens={}, this=TransitionRecord{21a8533 id=1321 track=0 type=TO_FRONT flags=0x80 state=2 c=[
01-13 11:55:20.463  3522  4485 D Transition:    ChangeInfo{41a64ff container=WallpaperWindowToken{e0459a showWhenLocked=false} flags=0x0}
01-13 11:55:20.463  3522  4485 D Transition:    ChangeInfo{25270f0 container=Display{#0 state=ON size=1080x2376 ROTATION_0} flags=0x0}
01-13 11:55:20.463  3522  4485 D Transition:    ChangeInfo{5236669 container=ActivityRecord{79915536 u0 com.android.launcher/.Launcher t2} flags=0x0}
01-13 11:55:20.463  3522  4485 D Transition:    ChangeInfo{3de941e container=Task{7a437cd #390 type=standard A=10462:host.exp.exponent} flags=0x4}
01-13 11:55:20.463  3522  4485 D Transition:    ChangeInfo{77cc8ee container=DefaultTaskDisplayArea@136778196 flags=0x0}
01-13 11:55:20.463  3522  4485 D Transition:    ChangeInfo{b6e418f container=Task{cc3ee72 #2 type=home I=com.android.launcher/.Launcher} flags=0x30}
01-13 11:55:20.463  3522  4485 D Transition:    ChangeInfo{2eda059 container=Task{dd74941 #1 type=home} flags=0x30}
01-13 11:55:20.463  3522  4485 D Transition: ]
01-13 11:55:20.463  3522  4485 D Transition: }
01-13 11:55:20.463  3522  4485 D Transition: finishTransition ar ActivityRecord{191369974 u0 host.exp.exponent/.experience.HomeActivity t390}, isVisibleRequested=false, state=RESUMED, visibleAtTransitionEndTokens={}, this=TransitionRecord{21a8533 id=1321 track=0 type=TO_FRONT flags=0x80 state=2 c=[
01-13 11:55:20.463  3522  4485 D Transition:    ChangeInfo{41a64ff container=WallpaperWindowToken{e0459a showWhenLocked=false} flags=0x0}
01-13 11:55:20.463  3522  4485 D Transition:    ChangeInfo{25270f0 container=Display{#0 state=ON size=1080x2376 ROTATION_0} flags=0x0}
01-13 11:55:20.463  3522  4485 D Transition:    ChangeInfo{5236669 container=ActivityRecord{79915536 u0 com.android.launcher/.Launcher t2} flags=0x0}
01-13 11:55:20.463  3522  4485 D Transition:    ChangeInfo{3de941e container=Task{7a437cd #390 type=standard A=10462:host.exp.exponent} flags=0x4}
01-13 11:55:20.463  3522  4485 D Transition:    ChangeInfo{77cc8ee container=DefaultTaskDisplayArea@136778196 flags=0x0}
01-13 11:55:20.463  3522  4485 D Transition:    ChangeInfo{b6e418f container=Task{cc3ee72 #2 type=home I=com.android.launcher/.Launcher} flags=0x30}
01-13 11:55:20.463  3522  4485 D Transition:    ChangeInfo{2eda059 container=Task{dd74941 #1 type=home} flags=0x30}
01-13 11:55:20.463  3522  4485 D Transition: ]
01-13 11:55:20.463  3522  4485 D Transition: }
01-13 11:55:20.464  3522  4485 D ActivityTrigger: ActivityTrigger activityPauseTrigger 
01-13 11:55:20.464  3522  4488 D Transition: finishTransaction-onCommitted syncId=1321
01-13 11:55:20.465 15831 15847 E AppFeatureProviderUtils: getInt: getStringForFeature return null
01-13 11:55:20.466  3522  4485 D ActivityTaskManager: commitVisibility: ActivityRecord{191369974 u0 host.exp.exponent/.experience.HomeActivity t390}: visible=false visibleRequested=false, isInTransition=false 
01-13 11:55:20.466  3522  4485 D WindowManager: NFW_setClientVisible:ActivityRecord{191369974 u0 host.exp.exponent/.experience.HomeActivity t390} clientVisible:false
01-13 11:55:20.466 30526  4735 D VRI[HomeActivity]: dispatchAppVisibility visible:false mUpcomingWindowFocus:false
01-13 11:55:20.466  3522  4485 I WindowManager: Window{addfae4 u0 host.exp.exponent/host.exp.exponent.experience.HomeActivity} state from HAS_DRAWN to DRAW_PENDING; reason: resetDrawState
01-13 11:55:20.466 30526 30526 W unknown:BridgelessReact: ReactHost{0}.onHostPause()
01-13 11:55:20.466 30526 30526 W unknown:BridgelessReact: ReactContext.onHostPause()
01-13 11:55:20.466  3522  4485 I OplusAppSwitchManagerService:  handleAppVisible , r = ActivityRecord{79915536 u0 com.android.launcher/.Launcher t2}
01-13 11:55:20.466  3522  3699 D WallpaperControllerExtImpl: screenshot + id = 24 userId = 0
01-13 11:55:20.467  3522  4485 D OplusTransitionController: finishTransition, transition: TransitionRecord{21a8533 id=1321 track=0 type=TO_FRONT flags=0x80 state=4 c=[
01-13 11:55:20.467  3522  4485 D OplusTransitionController:    ChangeInfo{41a64ff container=WallpaperWindowToken{e0459a showWhenLocked=false} flags=0x0}
01-13 11:55:20.467  3522  4485 D OplusTransitionController:    ChangeInfo{25270f0 container=Display{#0 state=ON size=1080x2376 ROTATION_0} flags=0x0}
01-13 11:55:20.467  3522  4485 D OplusTransitionController:    ChangeInfo{5236669 container=ActivityRecord{79915536 u0 com.android.launcher/.Launcher t2} flags=0x0}
01-13 11:55:20.467  3522  4485 D OplusTransitionController:    ChangeInfo{3de941e container=Task{7a437cd #390 type=standard A=10462:host.exp.exponent} flags=0x4}
01-13 11:55:20.467  3522  4485 D OplusTransitionController:    ChangeInfo{77cc8ee container=DefaultTaskDisplayArea@136778196 flags=0x0}
01-13 11:55:20.467  3522  4485 D OplusTransitionController:    ChangeInfo{b6e418f container=Task{cc3ee72 #2 type=home I=com.android.launcher/.Launcher} flags=0x30}
01-13 11:55:20.467  3522  4485 D OplusTransitionController:    ChangeInfo{2eda059 container=Task{dd74941 #1 type=home} flags=0x30}
01-13 11:55:20.467  3522  4485 D OplusTransitionController: ]
01-13 11:55:20.467  3522  4485 D OplusTransitionController: }
01-13 11:55:20.467  3522  4485 I OplusRecentsAnimationController: finishTransition transition.mType=3,task=null
01-13 11:55:20.467  3522  4485 D FlexibleTaskTransitionController:  finishTransition pendingRecentToFlexibleTask:null,isRotationTransition:false ,pendingRecentToFlexible:null ,transition:TransitionRecord{21a8533 id=1321 track=0 type=TO_FRONT flags=0x80 state=4 c=[
01-13 11:55:20.467  3522  4485 D FlexibleTaskTransitionController:    ChangeInfo{41a64ff container=WallpaperWindowToken{e0459a showWhenLocked=false} flags=0x0}
01-13 11:55:20.467  3522  4485 D FlexibleTaskTransitionController:    ChangeInfo{25270f0 container=Display{#0 state=ON size=1080x2376 ROTATION_0} flags=0x0}
01-13 11:55:20.467  3522  4485 D FlexibleTaskTransitionController:    ChangeInfo{5236669 container=ActivityRecord{79915536 u0 com.android.launcher/.Launcher t2} flags=0x0}
01-13 11:55:20.467  3522  4485 D FlexibleTaskTransitionController:    ChangeInfo{3de941e container=Task{7a437cd #390 type=standard A=10462:host.exp.exponent} flags=0x4}
01-13 11:55:20.467  3522  4485 D FlexibleTaskTransitionController:    ChangeInfo{77cc8ee container=DefaultTaskDisplayArea@136778196 flags=0x0}
01-13 11:55:20.467  3522  4485 D FlexibleTaskTransitionController:    ChangeInfo{b6e418f container=Task{cc3ee72 #2 type=home I=com.android.launcher/.Launcher} flags=0x30}
01-13 11:55:20.467  3522  4485 D FlexibleTaskTransitionController:    ChangeInfo{2eda059 container=Task{dd74941 #1 type=home} flags=0x30}
01-13 11:55:20.467  3522  4485 D FlexibleTaskTransitionController: ]
01-13 11:55:20.467  3522  4485 D FlexibleTaskTransitionController: }
01-13 11:55:20.467  3522  4485 D OplusShortcutContinuesTransitionPolicy: finishTransition transition=TransitionRecord{21a8533 id=1321 track=0 type=TO_FRONT flags=0x80 state=4 c=[
01-13 11:55:20.467  3522  4485 D OplusShortcutContinuesTransitionPolicy:    ChangeInfo{41a64ff container=WallpaperWindowToken{e0459a showWhenLocked=false} flags=0x0}
01-13 11:55:20.467  3522  4485 D OplusShortcutContinuesTransitionPolicy:    ChangeInfo{25270f0 container=Display{#0 state=ON size=1080x2376 ROTATION_0} flags=0x0}
01-13 11:55:20.467  3522  4485 D OplusShortcutContinuesTransitionPolicy:    ChangeInfo{5236669 container=ActivityRecord{79915536 u0 com.android.launcher/.Launcher t2} flags=0x0}
01-13 11:55:20.467  3522  4485 D OplusShortcutContinuesTransitionPolicy:    ChangeInfo{3de941e container=Task{7a437cd #390 type=standard A=10462:host.exp.exponent} flags=0x4}
01-13 11:55:20.467  3522  4485 D OplusShortcutContinuesTransitionPolicy:    ChangeInfo{77cc8ee container=DefaultTaskDisplayArea@136778196 flags=0x0}
01-13 11:55:20.467  3522  4485 D OplusShortcutContinuesTransitionPolicy:    ChangeInfo{b6e418f container=Task{cc3ee72 #2 type=home I=com.android.launcher/.Launcher} flags=0x30}
01-13 11:55:20.467  3522  4485 D OplusShortcutContinuesTransitionPolicy:    ChangeInfo{2eda059 container=Task{dd74941 #1 type=home} flags=0x30}
01-13 11:55:20.467  3522  4485 D OplusShortcutContinuesTransitionPolicy: ]
01-13 11:55:20.467  3522  4485 D OplusShortcutContinuesTransitionPolicy: }
