01-17 15:18:36.007  3522  5590 I TaskOrganizerController: onTaskInfoChanged taskid 768 config { mBounds=Rect(0, 0 - 1080, 2376) mAppBounds=Rect(0, 0 - 1080, 2376) mMaxBounds=Rect(0, 0 - 1080, 2376) mDisplayRotation=ROTATION_0 mWindowingMode=fullscreen mActivityType=standard mAlwaysOnTop=undefined mRotation=ROTATION_0}
01-17 15:18:36.007  3522  5590 D OplusVisibleTasks:  notifyTasksNumChange no need to notify.
01-17 15:18:36.007  3522  5590 D OplusFlexibleDragToSplitAnimController: visibleFlexibleTaskInfos delete:768
01-17 15:18:36.007  3522  5590 E FlexibleWindowManagerService: notifyTaskObserverToAttachController not need to notify!
01-17 15:18:36.007  3522  5590 I FlexibleWindowManagerService: onFlexibleWindowTaskInfoChanged, return for cur task not embedded
01-17 15:18:36.007  3522  5590 D WindowManager: NFW_findFocusedWindowIfNeeded:Window{fd5369b u0 com.travels.travelling/com.google.mlkit.vision.codescanner.internal.GmsBarcodeScanningDelegateActivity} mCurrentFocus:null
01-17 15:18:36.007  3522  5590 D WindowManager: attachImeScreenshotOnTargetIfNeeded, mImeHiding = false, requestedVisibleTypes = -9
01-17 15:18:36.007  3522  5590 V WindowManager: Changing focus from null to Window{fd5369b u0 com.travels.travelling/com.google.mlkit.vision.codescanner.internal.GmsBarcodeScanningDelegateActivity},diplayid=0
01-17 15:18:36.009 14093 14093 D VRI[GmsBarcodeScanningDelegateActivity]: relayoutWindow result, sizeChanged:true, surfaceControlChanged:true, transformHintChanged:false, mSurfaceSize:Point(1080, 2376), mLastSurfaceSize:Point(0, 0), mWidth:-1, mHeight:-1, requestedWidth:1080, requestedHeight:2376, transformHint:0, installOrientation:0, displayRotation:0, isSurfaceValid:true, attr.flag:-2122252032, tmpFrames:ClientWindowFrames{frame=[0,0][1080,2376] display=[0,0][1080,2376] parentFrame=[0,0][0,0]}, relayoutAsync:false, mSyncSeqId:0
01-17 15:18:36.009 14093 14093 W VRI[GmsBarcodeScanningDelegateActivity]: updateBlastSurfaceIfNeeded, surfaceSize:Point(1080, 2376), lastSurfaceSize:Point(0, 0), format:-1, blastBufferQueue:null
01-17 15:18:36.015  3522  5590 D WindowManager: onSyncFinishedDrawing: Window{fd5369b u0 com.travels.travelling/com.google.mlkit.vision.codescanner.internal.GmsBarcodeScanningDelegateActivity}
01-17 15:18:36.015  3522  5590 I WindowManager: finishDrawing skipLayout:false,syncSeqId=0,mPrepareSyncSeqId=0 Window{fd5369b u0 com.travels.travelling/com.google.mlkit.vision.codescanner.internal.GmsBarcodeScanningDelegateActivity} com.android.server.wm.WindowManagerService.finishDrawingWindow:3192 com.android.server.wm.Session.finishDrawing:369 android.view.IWindowSession$Stub.onTransact:793 
01-17 15:18:36.015  3522  5590 I WindowManager: Window{fd5369b u0 com.travels.travelling/com.google.mlkit.vision.codescanner.internal.GmsBarcodeScanningDelegateActivity} state from DRAW_PENDING to COMMIT_DRAW_PENDING; reason: finishDrawingLocked
01-17 15:18:36.015 14093 14093 D ResourcesManagerExtImpl: applyConfigurationToAppResourcesLocked app.getDisplayId() return callback.displayId:0
01-17 15:18:36.016  3522  3687 I WindowManager: Window{fd5369b u0 com.travels.travelling/com.google.mlkit.vision.codescanner.internal.GmsBarcodeScanningDelegateActivity} state from COMMIT_DRAW_PENDING to READY_TO_SHOW; reason: commitFinishDrawingLocked
01-17 15:18:36.016  3522  3687 D CoreBackPreview:  return markWindowHasDrawn mComposed: false  mWaitTransition: false
01-17 15:18:36.016  3522  3687 D ActivityTaskManager: Clearing startingData for activity=ActivityRecord{139168663 u0 com.travels.travelling/com.google.mlkit.vision.codescanner.internal.GmsBarcodeScanningDelegateActivity t768} mStartingData=null mStartingSurface=null
01-17 15:18:36.017  3522  3687 D CoreBackPreview:  return markWindowHasDrawn mComposed: false  mWaitTransition: false
01-17 15:18:36.017  3522  3687 D ActivityTaskManager: Clearing startingData for activity=ActivityRecord{139168663 u0 com.travels.travelling/com.google.mlkit.vision.codescanner.internal.GmsBarcodeScanningDelegateActivity t768} mStartingData=null mStartingSurface=null
01-17 15:18:36.019  3522  5243 D RefreshRate: don't do app switch boost,arDisplayId:0 mDisplayId:0 currentSettingMode:0 hasAppSwitchBoostPriority:true is supportRefreshRateSwitch:true
01-17 15:18:36.019  3522  4550 D JobSchedulerServiceExtImpl: updateOsenseRestrictMode for 1 true false
01-17 15:18:36.019  3522  5243 I ActivityTaskManager: The Process com.google.android.gms.ui Already Exists in BG. So sending its PID: 16383
01-17 15:18:36.019  3522  3686 D BatteryStatsImplExtImpl: pausedBatteryLevel:93 activityFocusedTimeInMin:0
01-17 15:18:36.019  3522  5243 D ActivityTaskManager: setAppVisibility(Token{e681720 ActivityRecord{179522525 u0 com.google.android.gms/.mlkit.barcode.ui.BarcodeScanningActivityProxy t768}}, visible=true):  visible=false mVisibleRequested=false
01-17 15:18:36.019  3522  5243 D ActivityTaskManager: setVisibility(Token{e681720 ActivityRecord{179522525 u0 com.google.android.gms/.mlkit.barcode.ui.BarcodeScanningActivityProxy t768}}, visible=true) defer commitVisibility for transition collecting
01-17 15:18:36.019  3522  5243 D ActivityTaskManager: setAppVisibility(Token{7abbda2 ActivityRecord{139168663 u0 com.travels.travelling/com.google.mlkit.vision.codescanner.internal.GmsBarcodeScanningDelegateActivity t768}}, visible=false):  visible=false mVisibleRequested=true
01-17 15:18:36.019  3522  5243 D ActivityTaskManager: setVisibility(Token{7abbda2 ActivityRecord{139168663 u0 com.travels.travelling/com.google.mlkit.vision.codescanner.internal.GmsBarcodeScanningDelegateActivity t768}}, visible=false) defer commitVisibility for transition collecting
01-17 15:18:36.020  3522  5243 D WindowManager: rotation(ROTATION_0) no changed  displayId = 0, lastOrientation = -1
01-17 15:18:36.020  3522  5243 I TaskOrganizerController: onTaskInfoChanged taskid 768 config { mBounds=Rect(0, 0 - 1080, 2376) mAppBounds=Rect(0, 0 - 1080, 2376) mMaxBounds=Rect(0, 0 - 1080, 2376) mDisplayRotation=ROTATION_0 mWindowingMode=fullscreen mActivityType=standard mAlwaysOnTop=undefined mRotation=ROTATION_0}
01-17 15:18:36.020  3522  5243 D OplusVisibleTasks:  notifyTasksNumChange no need to notify.
01-17 15:18:36.020  3522  5243 D OplusFlexibleDragToSplitAnimController: visibleFlexibleTaskInfos delete:768
01-17 15:18:36.020  3522  5243 E FlexibleWindowManagerService: notifyTaskObserverToAttachController not need to notify!
01-17 15:18:36.020  3522  5243 I FlexibleWindowManagerService: onFlexibleWindowTaskInfoChanged, return for cur task not embedded
01-17 15:18:36.020  3522  5243 D ActivityTaskManager: setAppVisibility(Token{e681720 ActivityRecord{179522525 u0 com.google.android.gms/.mlkit.barcode.ui.BarcodeScanningActivityProxy t768}}, visible=true):  visible=false mVisibleRequested=true
01-17 15:18:36.020  3522  5243 D ActivityTaskManager: setVisibility(Token{e681720 ActivityRecord{179522525 u0 com.google.android.gms/.mlkit.barcode.ui.BarcodeScanningActivityProxy t768}}, visible=true) defer commitVisibility for transition collecting
01-17 15:18:36.020  3522  5243 D OplusDexOptimizeManager: Do not in AppLaunchOptList, and is systemApp, don't need start-app or repair-dex com.google.android.gms
01-17 15:18:36.020  3522  5243 D OplusFeatureColorMode: ColorMode getColorMode =0
01-17 15:18:36.020  3522  5243 D ColorDisplayServiceExtImpl: getWCGVersion1App, packageName=com.google.android.gms, sSupportWCG1 = true, sSupportWCG3 = false, nRet = 0
01-17 15:18:36.021  3522  5243 D ActivityTaskManager: NFW_setLastResumedActivityUncheckLocked:true r:ActivityRecord{179522525 u0 com.google.android.gms/.mlkit.barcode.ui.BarcodeScanningActivityProxy t768} currentFocus:Window{fd5369b u0 com.travels.travelling/com.google.mlkit.vision.codescanner.internal.GmsBarcodeScanningDelegateActivity}
01-17 15:18:36.021  3522  3700 I UserAwareMgr: handleTopAppChanged: com.google.android.gms, pid: 16383, uid: 10128
01-17 15:18:36.021  3522  5243 D WindowManager: NFW_findFocusedWindowIfNeeded:null mCurrentFocus:Window{fd5369b u0 com.travels.travelling/com.google.mlkit.vision.codescanner.internal.GmsBarcodeScanningDelegateActivity}
01-17 15:18:36.021  3522  5243 V WindowManager: Changing focus from Window{fd5369b u0 com.travels.travelling/com.google.mlkit.vision.codescanner.internal.GmsBarcodeScanningDelegateActivity} to null,diplayid=0
01-17 15:18:36.021  3522  4519 D BackgroundInstallControlService: Package event received: 0
01-17 15:18:36.022  3522  5243 I OplusJoystickManager: handleApplicationSwitch deprecated!
01-17 15:18:36.022  3522  5243 I GameManagerServiceExt-GameManagerServiceExt: on FG change: com.travels.travelling|com.google.android.gms
01-17 15:18:36.022  3522  5243 D ActivityManager: quick sync unfreeze 16383 for 1
01-17 15:18:36.022  3522  4984 D NativeFreezeManager: freezeForAppSwitchScene mAppLaunchFzDxEnable enter, mFgAppPkgname com.google.android.gms
01-17 15:18:36.024  3522  5243 D CoreBackPreview:  return markWindowHasDrawn mComposed: false  mWaitTransition: false
01-17 15:18:36.024  3522  5243 D ActivityTaskManager: Clearing startingData for activity=ActivityRecord{139168663 u0 com.travels.travelling/com.google.mlkit.vision.codescanner.internal.GmsBarcodeScanningDelegateActivity t768} mStartingData=null mStartingSurface=null
01-17 15:18:36.024  3522  5590 D ActivityManager: sync unfroze 16383 com.google.android.gms.ui for 5
01-17 15:18:36.024  3522  3687 D CoreBackPreview:  return markWindowHasDrawn mComposed: false  mWaitTransition: false
01-17 15:18:36.024  3522  3687 D ActivityTaskManager: Clearing startingData for activity=ActivityRecord{139168663 u0 com.travels.travelling/com.google.mlkit.vision.codescanner.internal.GmsBarcodeScanningDelegateActivity t768} mStartingData=null mStartingSurface=null
01-17 15:18:36.025 16383 16456 W Looper  : Slow delivery took 91994ms android.bg app=com.google.android.gms.ui main=false group=FOREGROUND h=android.database.sqlite.SQLiteConnectionPool$IdleConnectionHandler c=null m=0
01-17 15:18:36.026 16383 16383 D ResourcesManagerExtImpl: applyConfigurationToAppResourcesLocked app.getDisplayId() return callback.displayId:0
01-17 15:18:36.027 14093 14093 W VRI[GmsBarcodeScanningDelegateActivity]: handleResized, msg:, frameChanged:false, configChanged:false, displayChanged:false, attachedFrameChanged:false, compatScaleChanged:false, pendingDragResizing=false
01-17 15:18:36.029  3522  3686 D OplusBatteryManager: getPsyBatteryRm: 5187
01-17 15:18:36.029  3522  3686 D BatteryStatsImplExtImpl: resumedUid:10128 resumedBatteryLevel:93  resumedPackage:com.google.android.gms  resumedBatteryRealtimeCapacity:5187
01-17 15:18:36.029  3522  5112 D OplusEapManager: mTargetExitName :com.travels.travelling
01-17 15:18:36.029 16383 16383 D OplusPredictiveBackController: should not HookOnBackInvokedCallbackEnabled for application com.google.android.gms.mlkit.barcode.ui.BarcodeScanningActivityProxy@701eeac sdk: 36
01-17 15:18:36.029 16383 16383 D OplusPredictiveBackController: should not HookOnBackInvokedCallbackEnabled for application com.google.android.gms.mlkit.barcode.ui.BarcodeScanningActivityProxy@701eeac sdk: 36
01-17 15:18:36.029  3522  3686 D FlexibleTaskController: not in list
01-17 15:18:36.030  3522  3757 D VRR [OPlusRefreshRateService]: handleFrontAppChange pkgName: null
01-17 15:18:36.033  3522  5112 D OplusAppSwitchRuleInfo: generateAppEnterInfo - launch_source_type =  , launch_source_traceid = 
01-17 15:18:36.033  3522  5112 D OplusAppSwitchRuleInfo: generateAppEnterInfo - launch_source_type =  , launch_source_traceid = 
01-17 15:18:36.033  3522  5112 D OplusEapManager: mTargetEnterName :com.google.android.gms
01-17 15:18:36.033  3522  5112 D OplusAppSwitchRuleInfo: generateAppEnterInfo - launch_source_type =  , launch_source_traceid = 
01-17 15:18:36.033  3522  5112 D OplusAppSwitchRuleInfo: generateAppEnterInfo - launch_source_type =  , launch_source_traceid = 
01-17 15:18:36.033  3522  5112 D OplusAppSwitchRuleInfo: generateAppEnterInfo - launch_source_type =  , launch_source_traceid = 
01-17 15:18:36.034  3522  5112 D OplusAppSwitchRuleInfo: generateAppEnterInfo - launch_source_type =  , launch_source_traceid = 
01-17 15:18:36.034  3522  5112 D OplusAppSwitchRuleInfo: generateAppEnterInfo - launch_source_type =  , launch_source_traceid = 
01-17 15:18:36.034  3522  5112 D OplusAppSwitchRuleInfo: generateAppEnterInfo - launch_source_type =  , launch_source_traceid = 
01-17 15:18:36.034  3522  5691 D WindowManager: onSyncFinishedDrawing: Window{fd5369b u0 com.travels.travelling/com.google.mlkit.vision.codescanner.internal.GmsBarcodeScanningDelegateActivity}
01-17 15:18:36.034  3522  5691 I WindowManager: finishDrawing skipLayout:false,syncSeqId=0,mPrepareSyncSeqId=0 Window{fd5369b u0 com.travels.travelling/com.google.mlkit.vision.codescanner.internal.GmsBarcodeScanningDelegateActivity} com.android.server.wm.WindowManagerService.finishDrawingWindow:3192 com.android.server.wm.Session.finishDrawing:369 android.view.IWindowSession$Stub.onTransact:793 
01-17 15:18:36.034  3522  5112 D OplusAppSwitchRuleInfo: generateAppEnterInfo - launch_source_type =  , launch_source_traceid = 
01-17 15:18:36.034  3522  5112 D OplusAppSwitchRuleInfo: generateActivityEnterInfo - launch_source_type =  , launch_source_traceid = 
01-17 15:18:36.035  3522  3687 D CoreBackPreview:  return markWindowHasDrawn mComposed: false  mWaitTransition: false
01-17 15:18:36.035  3522  3687 D ActivityTaskManager: Clearing startingData for activity=ActivityRecord{139168663 u0 com.travels.travelling/com.google.mlkit.vision.codescanner.internal.GmsBarcodeScanningDelegateActivity t768} mStartingData=null mStartingSurface=null
01-17 15:18:36.035  3522  3755 D OplusAppSwitchListener: App Activity Change
01-17 15:18:36.035  3522  3687 I TaskOrganizerController: onTaskInfoChanged taskid 768 config { mBounds=Rect(0, 0 - 1080, 2376) mAppBounds=Rect(0, 0 - 1080, 2376) mMaxBounds=Rect(0, 0 - 1080, 2376) mDisplayRotation=ROTATION_0 mWindowingMode=fullscreen mActivityType=standard mAlwaysOnTop=undefined mRotation=ROTATION_0}
01-17 15:18:36.035  3522  3755 D OplusAppSwitchListener: Detect com.travels.travelling switch to background
01-17 15:18:36.035  3522  3755 D OplusFeatureReduceBrightness: onAppExit , info = com.travels.travelling
01-17 15:18:36.035  3522  3757 D VRR [OPlusRefreshRateService]: handleFrontAppChange pkgName: com.google.android.gms
01-17 15:18:36.035  3522  3755 D OplusAppSwitchListener: Detect com.google.android.gms switch to foreground
01-17 15:18:36.035  3522  3687 D OplusFlexibleDragToSplitAnimController: visibleFlexibleTaskInfos delete:768
01-17 15:18:36.035  3522  3687 E FlexibleWindowManagerService: notifyTaskObserverToAttachController not need to notify!
01-17 15:18:36.035  3522  3687 I FlexibleWindowManagerService: onFlexibleWindowTaskInfoChanged, return for cur task not embedded
01-17 15:18:36.036  3522  3687 D CoreBackPreview:  return markWindowHasDrawn mComposed: false  mWaitTransition: false
01-17 15:18:36.036  3522  3687 D ActivityTaskManager: Clearing startingData for activity=ActivityRecord{139168663 u0 com.travels.travelling/com.google.mlkit.vision.codescanner.internal.GmsBarcodeScanningDelegateActivity t768} mStartingData=null mStartingSurface=null
01-17 15:18:36.037  3522  3757 D VRR [OPlusSAManager]: updateAutoMinfps for 4630946652107814787 with nits: 806.55066, mHistOK true, mAmbientOK true, mCctOK true, mIrOK true, mBrightnessOK true, isPkgOK true, SA min fps: 89
01-17 15:18:36.041 16383 16383 D ActivityThread: ComponentInfo{com.google.android.gms/com.google.android.gms.mlkit.barcode.ui.BarcodeScanningActivityProxy} checkFinished=false 2
01-17 15:18:36.041 16383 16383 D ResourcesManagerExtImpl: applyConfigurationToAppResourcesLocked app.getDisplayId() return callback.displayId:0
01-17 15:18:36.044  3522  4519 D BackgroundInstallControlService: Package event received: 0
01-17 15:18:36.045  3522  3729 E OplusThermalStats: Error getting package info: com.google.android.gms.ui
01-17 15:18:36.046  3522  5538 I WindowManager: addWindow: New client android.os.BinderProxy@d19f129 : window=Window{a3c5cae u0 com.google.android.gms/com.google.android.gms.mlkit.barcode.ui.BarcodeScanningActivityProxy}
01-17 15:18:36.046 16383 16383 D ResourcesManagerExtImpl: applyConfigurationToAppResourcesLocked app.getDisplayId() return callback.displayId:0
01-17 15:18:36.047  3522  3687 D CoreBackPreview:  return markWindowHasDrawn mComposed: false  mWaitTransition: false
01-17 15:18:36.047  3522  3687 D ActivityTaskManager: Clearing startingData for activity=ActivityRecord{139168663 u0 com.travels.travelling/com.google.mlkit.vision.codescanner.internal.GmsBarcodeScanningDelegateActivity t768} mStartingData=null mStartingSurface=null
01-17 15:18:36.056  3522  5691 D CoreBackPreview: Window{a3c5cae u0 com.google.android.gms/com.google.android.gms.mlkit.barcode.ui.BarcodeScanningActivityProxy}: Setting back callback OnBackInvokedCallbackInfo{mCallback=android.window.IOnBackInvokedCallback$Stub$Proxy@9dc63c8, mPriority=-1, mIsAnimationCallback=false, mOverrideBehavior=0}
01-17 15:18:36.056  3522  3718 I ActivityManager: Start proc 18271:com.facebook.appmanager/u0a290 for service {com.facebook.appmanager/com.facebook.oxygen.appmanager.scheduler.schedulers.jobscheduler.JobSchedulerService}
01-17 15:18:36.057 16383 16383 D OplusPredictiveBackController: should not HookOnBackInvokedCallbackEnabled for application com.google.android.gms.mlkit.barcode.ui.BarcodeScanningActivityProxy@701eeac sdk: 36
01-17 15:18:36.057  3522  3684 I ActivityManager: ProcessObserver broadcast disabled
01-17 15:18:36.058  3522  3569 V WindowManager: Relayout Window{a3c5cae u0 com.google.android.gms/com.google.android.gms.mlkit.barcode.ui.BarcodeScanningActivityProxy}: viewVisibility=0, oldvis=4, req=1080x2376 , apr = 0, vsysui=, x=0, y=0
01-17 15:18:36.058  3522  3718 W ContextImpl: Calling a method in the system process without a qualified user: android.app.ContextImpl.sendBroadcast:1281 com.android.server.am.OplusAppStartupConfig.sendAbnormalNotify:2280 com.android.server.am.OplusAppStartupConfig.notifyAbnormalInfo:2213 com.android.server.am.OplusAppStartupManager.handleStartAppInfo:5811 com.android.server.am.ProcessListExtImpl.hookHandleProcessStart:338 
01-17 15:18:36.058  3522  3569 I WindowManager: Window{a3c5cae u0 com.google.android.gms/com.google.android.gms.mlkit.barcode.ui.BarcodeScanningActivityProxy} state from NO_SURFACE to DRAW_PENDING; reason: resetDrawState
01-17 15:18:36.059  3522  3569 D CoreBackPreview:  return markWindowHasDrawn mComposed: false  mWaitTransition: false
01-17 15:18:36.059  3522  3569 D ActivityTaskManager: Clearing startingData for activity=ActivityRecord{139168663 u0 com.travels.travelling/com.google.mlkit.vision.codescanner.internal.GmsBarcodeScanningDelegateActivity t768} mStartingData=null mStartingSurface=null
01-17 15:18:36.059  3522  3569 D WindowManager: NFW_findFocusedWindowIfNeeded:Window{a3c5cae u0 com.google.android.gms/com.google.android.gms.mlkit.barcode.ui.BarcodeScanningActivityProxy} mCurrentFocus:null
01-17 15:18:36.060  3522  3569 D WindowManager: attachImeScreenshotOnTargetIfNeeded, mImeHiding = false, requestedVisibleTypes = -9
01-17 15:18:36.060  3522  3569 V WindowManager: Changing focus from null to Window{a3c5cae u0 com.google.android.gms/com.google.android.gms.mlkit.barcode.ui.BarcodeScanningActivityProxy},diplayid=0
01-17 15:18:36.060  3522  3757 D VRR [OPlusSurfaceFlingerController]:  setComplexSceneEnable : false
01-17 15:18:36.060  3522  4228 I MemoryOperationUtils: add 18271 to inactive
01-17 15:18:36.061 16383 16383 D VRI[BarcodeScanningActivityProxy]: relayoutWindow result, sizeChanged:true, surfaceControlChanged:true, transformHintChanged:false, mSurfaceSize:Point(1080, 2376), mLastSurfaceSize:Point(0, 0), mWidth:-1, mHeight:-1, requestedWidth:1080, requestedHeight:2376, transformHint:0, installOrientation:0, displayRotation:0, isSurfaceValid:true, attr.flag:-2122251904, tmpFrames:ClientWindowFrames{frame=[0,0][1080,2376] display=[0,0][1080,2376] parentFrame=[0,0][0,0]}, relayoutAsync:false, mSyncSeqId:0
01-17 15:18:36.061 16383 16383 W VRI[BarcodeScanningActivityProxy]: updateBlastSurfaceIfNeeded, surfaceSize:Point(1080, 2376), lastSurfaceSize:Point(0, 0), format:-1, blastBufferQueue:null
01-17 15:18:36.069  3522  3687 D CoreBackPreview:  return markWindowHasDrawn mComposed: false  mWaitTransition: false
01-17 15:18:36.069  3522  3687 D ActivityTaskManager: Clearing startingData for activity=ActivityRecord{139168663 u0 com.travels.travelling/com.google.mlkit.vision.codescanner.internal.GmsBarcodeScanningDelegateActivity t768} mStartingData=null mStartingSurface=null
01-17 15:18:36.072  3522  5691 D FlexibleTaskController: not in list
01-17 15:18:36.077  3522  5691 D WindowManager: onSyncFinishedDrawing: Window{a3c5cae u0 com.google.android.gms/com.google.android.gms.mlkit.barcode.ui.BarcodeScanningActivityProxy}
01-17 15:18:36.077  3522  5691 I WindowManager: finishDrawing skipLayout:false,syncSeqId=0,mPrepareSyncSeqId=0 Window{a3c5cae u0 com.google.android.gms/com.google.android.gms.mlkit.barcode.ui.BarcodeScanningActivityProxy} com.android.server.wm.WindowManagerService.finishDrawingWindow:3192 com.android.server.wm.Session.finishDrawing:369 android.view.IWindowSession$Stub.onTransact:793 
01-17 15:18:36.077  3522  5691 I WindowManager: Window{a3c5cae u0 com.google.android.gms/com.google.android.gms.mlkit.barcode.ui.BarcodeScanningActivityProxy} state from DRAW_PENDING to COMMIT_DRAW_PENDING; reason: finishDrawingLocked
01-17 15:18:36.077 16383 16465 E OplusCustomizeApplicationManager: mOplusCustomizeApplicationManagerService is null
01-17 15:18:36.077 16383 16383 W VRI[BarcodeScanningActivityProxy]: handleResized, msg:, frameChanged:false, configChanged:false, displayChanged:false, attachedFrameChanged:false, compatScaleChanged:false, pendingDragResizing=false
01-17 15:18:36.077 16383 16465 E OplusCustomizeApplicationManager: getCameraWhitePkgList Errorjava.lang.NullPointerException: Attempt to invoke interface method 'java.util.List android.os.customize.IOplusCustomizeApplicationManagerService.getCameraWhitePkgList()' on a null object reference
01-17 15:18:36.079  3522  3700 D UserAwareMgr: createNativeProcessInfoIfNecessary :{pkgName='', serviceName='cameraserver_sys', procName=cameraserver_sys, pid=2652, uid=1047, appId=0, owner='cameraserver_sys', flags='', renderTid=0, hwuiTids=null, glTids=null, threadInfos={cameraservice={threadName='cameraservice', tid=3193, currentThreadCount=9, maxThreadCount=16, extendTids=[3195, 2652, 14652, 22491, 14279, 6208, 16505, 16507]}}, mVideoActivityList=[], mStates=0} request ReportRequest{mCallingUid=1047, mCallingPid=2652, mThreadName='cameraservice', mProcessName='cameraserver_sys', mPid=2652, mTid=6208, mEventId=6003} processName cameraserver_sys
01-17 15:18:36.079  3522  3700 E UserAwareMgr: thread exist: {threadName='cameraservice', tid=3193, currentThreadCount=9, maxThreadCount=16, extendTids=[3195, 2652, 14652, 22491, 14279, 6208, 16505, 16507]}
01-17 15:18:36.079  3522  3687 I WindowManager: Window{a3c5cae u0 com.google.android.gms/com.google.android.gms.mlkit.barcode.ui.BarcodeScanningActivityProxy} state from COMMIT_DRAW_PENDING to READY_TO_SHOW; reason: commitFinishDrawingLocked
01-17 15:18:36.079  3522  3687 D CoreBackPreview:  return markWindowHasDrawn mComposed: false  mWaitTransition: false
01-17 15:18:36.079  3522  3687 D ActivityTaskManager: Clearing startingData for activity=ActivityRecord{179522525 u0 com.google.android.gms/.mlkit.barcode.ui.BarcodeScanningActivityProxy t768} mStartingData=null mStartingSurface=null
01-17 15:18:36.079  3522  3687 D CoreBackPreview:  return markWindowHasDrawn mComposed: false  mWaitTransition: false
01-17 15:18:36.079  3522  3687 D ActivityTaskManager: Clearing startingData for activity=ActivityRecord{139168663 u0 com.travels.travelling/com.google.mlkit.vision.codescanner.internal.GmsBarcodeScanningDelegateActivity t768} mStartingData=null mStartingSurface=null
01-17 15:18:36.079  3522  3687 D OplusAONSmartDim: onWakeLockAcquireLocked: lock=265618214, flags=0x2000000a, packageName=android, tag="WindowManager/displayId:0", ws=WorkSource{10128 com.google.android.gms}, uid=1000, pid=3522
01-17 15:18:36.080  3522  3687 D ActivityTaskManager: commitVisibility: ActivityRecord{179522525 u0 com.google.android.gms/.mlkit.barcode.ui.BarcodeScanningActivityProxy t768}: visible=true visibleRequested=true, isInTransition=true 
01-17 15:18:36.080  3522  3687 D CoreBackPreview:  return markWindowHasDrawn mComposed: false  mWaitTransition: false
01-17 15:18:36.080  3522  3687 D ActivityTaskManager: Clearing startingData for activity=ActivityRecord{179522525 u0 com.google.android.gms/.mlkit.barcode.ui.BarcodeScanningActivityProxy t768} mStartingData=null mStartingSurface=null
01-17 15:18:36.080  3522  3687 I WindowManager: Window{a3c5cae u0 com.google.android.gms/com.google.android.gms.mlkit.barcode.ui.BarcodeScanningActivityProxy} state from READY_TO_SHOW to HAS_DRAWN; reason: performShowLocked
01-17 15:18:36.080  3522  3687 D CoreBackPreview:  return markWindowHasDrawn mComposed: false  mWaitTransition: false
01-17 15:18:36.080  3522  3687 E OplusAppQuickStart_AppQuickStartController: not start from launcher transition:5199
01-17 15:18:36.080  3522  3687 D Transition: collectOrderChanges onTopTasksEnd: [Task{227d81f #768 type=standard A=10507:com.travels.travelling}], reportedOnTop:null, mOnTopTasksStart: [Task{227d81f #768 type=standard A=10507:com.travels.travelling}], TDA child: [Task{8e25b07 #665 type=standard A=10350:tv.twitch.android.app}, Task{1b6ba52 #760 type=standard A=10345:com.snapchat.android}, Task{585d1c2 #706 type=standard A=10386:com.facebook.katana}, Task{ea6c5bb #749 type=standard A=10362:com.brave.browser}, Task{764b4d9 #692 type=standard A=10390:com.nordvpn.android}, Task{743906 #679 type=standard A=10341:com.discord}, Task{2ef1313 #643 type=standard A=10127:com.android.vending}, Task{b5132aa #680 type=standard A=10501:com.flipkart.android}, Task{34c4419 #638 type=standard A=10177:com.oplus.camera nonResizable}, Task{b263b17 #3 type=undefined}, Task{28ccfae #644 type=standard A=10504:com.booking}, Task{d2cafb9 #647 type=standard I=com.google.android.apps.authenticator2/.main.MainActivity nonResizable}, Task{d6dd4d1 #653 type=standard A=10365:com.github.android}, Task{68476ba #664 type=standard A=10120:com.google.android.apps.nbu.files}, Task{f9f2aeb #669 type=standard A=10188:com.oneplus.calculator}, Task{8ce4df8 #676 type=standard A=10172:google.android.task.calendar}, Task{e500933 #633 type=standard A=10497:com.makemytrip}, Task{4ff304f #678 type=standard A=10171:com.android.chrome}, Task{745a1eb #699 type=standard A=10460:com.openai.chatgpt}, Task{ddd528c #700 type=standard A=10413:com.coloros.compass2 nonResizable}, Task{65c8467 #623 type=standard A=10349:com.spotify.music}, Task{4991f95 #711 type=standard A=10340:com.linkedin.android}, Task{dcd8799 #714 type=standard A=10202:com.oneplus.filemanager}, Task{f978033 #710 type=standard A=10340:com.linkedin.android}, Task{ec46af8 #652 type=standard A=10179:com.google.android.gm}, Task{aa1adac #734 type=standard A=10340:com.linkedin.android}, Task{924c9ba #735 type=standard A=10340:com.linkedin.android}, Task{ac51749 #677 type=standard A=10335:com.oneplus.note}, Task{10fabda #740 type=standard A=10500:host.exp.exponent}, Task{909074c #671 type=standard I=com.google.android.googlequicksearchbox/com.google.android.apps.search.assistant.surfaces.voice.robin.main.MainActivity minWidth=1155 minHeight=1225}, Task{6fd9b70 #746 type=standard A=10378:com.dreamplug.androidapp nonResizable}, Task{845bb7c #668 type=standard I=com.google.android.apps.nbu.paisa.user/com.google.nbu.paisa.flutter.gpay.app.NotificationActivity}, Task{9931073 #662 type=standard A=10384:com.whatsapp}, Task{cad9b5d #765 type=standard I=com.google.android.apps.safetyhub/.LauncherActivity}, Task{ae4f0fc #626 type=standard A=10130:com.google.android.googlequicksearchbox.googleapp}, Task{18e1978 #705 type=standard A=1000:com.android.settings.root}, Task{6c7ffde #634 type=standard I=com.mattermost.rn/.MainActivity}, Task{7c126ce #762 type=standard A=10181:com.google.android.youtube}, Task{853d977 #624 type=standard A=10362:com.brave.browser}, Task{bc006d7 #627 type=standard A=10385:com.instagram.android}, Task{47cfa61 #659 type=standard A=10360:org.telegram.messenger}, Task{dd74941 #1 type=home}, Task{227d81f #768 type=standard A=10507:com.travels.travelling}]
01-17 15:18:36.080  3522  3687 D OplusFlexibleActivityTransitionManager: fixTransitType type result:1, targets: [ChangeInfo{695e0c container=ActivityRecord{179522525 u0 com.google.android.gms/.mlkit.barcode.ui.BarcodeScanningActivityProxy t768} flags=0x0}, ChangeInfo{cce355 container=ActivityRecord{230856808 u0 com.travels.travelling/expo.modules.devlauncher.launcher.DevLauncherActivity t768} flags=0x0}]
01-17 15:18:36.081  3522  3687 D OplusTransitionAnimationManager: activityRecordCount1fullScreenArBeHindStartingWindow null
01-17 15:18:36.081  3522  3687 D OplusTransitionAnimationManager: activityRecordCount1fullScreenArBeHindStartingWindow null
01-17 15:18:36.081  3522  3687 D QuickBackInputPolicy: resetInputInterceptState for remoteTransition: false
01-17 15:18:36.081  3522  3687 D OplusTransitionController: onTransactionReady, transition: 5199, info: {id=5199 t=OPEN f=0x0 trk=0 r=[0@Point(0, 0)] c=[{m=OPEN f=FILLS_TASK leash=Surface(name=ActivityRecord{179522525 u0 com.google.android.gms/.mlkit.barcode.ui.BarcodeScanningActivityProxy t768})/@0xe70765b sb=Rect(0, 0 - 0, 0) eb=Rect(0, 0 - 1080, 2376) epz=Point(1080, 2376) d=-1->0 r=-1->0:-1 bc=ff202124 component=com.google.android.gms/.mlkit.barcode.ui.BarcodeScanningActivityProxy opt={t=FROM_STYLE mUserId=0}},{m=TO_BACK f=FILLS_TASK leash=Surface(name=ActivityRecord{230856808 u0 com.travels.travelling/expo.modules.devlauncher.launcher.DevLauncherActivity t768})/@0x14e5cdc sb=Rect(0, 0 - 1080, 2376) eb=Rect(0, 0 - 1080, 2376) epz=Point(1080, 2376) d=0 bc=ff202124 component=com.travels.travelling/expo.modules.devlauncher.launcher.DevLauncherActivity opt={t=FROM_STYLE mUserId=0}}] 
01-17 15:18:36.081  3522  3687 D OplusTransitionController: extendInfo=[
01-17 15:18:36.081  3522  3687 D OplusTransitionController:  OplusTransitionExtendedInfo{mTmpFinishT=null, mInOplusCompatMode=false, mIsProcessRunning=false, mHasMismatchBoundsTarget=false, mRecentsController=null, mRemoteTransition=null, mIsTranslucentActivityToHome=false, mAvoidInterceptKeyEventToHome=false, mIsFromHome=false, mParentLeash=null, mBackAnimClosingLeash=null, mIsOplusAnimRes=false, mKeepBgForContinuous=false, mIsBalAllow=false, mTaskNotInRecent=false, mIsPredictiveBackAnim=false, mIsMergedWithPredictive=false, mIsLaunchFromSpruce=false, mIsLaunchFromDrive=false, mGlobalSearchPageSwitch=false, mNeedNoAlphaGlobalSearchScene=false, mAssistScreenShowing=false, mSwipeUpBrowserScreenShowing=false, mUserIdTransition=-1
01-17 15:18:36.081  3522  3687 D OplusTransitionController: , mInRemoteScene=false, mInPreReady=false, mPreStart=false, mToken=null, mAbortByRemoteFromHome=false, mShellApplyToken=null, mRequestTransitionTaskId=768, mAbortTransitionOnShell=0, mStartFromShortcut=false, mRemovedTaskId=-1, mTransitionInterruptType=0, mMergeSecondTaskId=-1, mTaskIdStartFromRecents=0, mTransitionId=5199, mCanUseSpringSlideAnim=false, mTransitionLaunchFrom=0, mFoldChangeType=-1, mAnimStartingPosition=[0, 0, 0, 0], mIsOpeningStkDialogActivity=false, mIsNeedApplyStartTForEmbedded=false, mMergeSecondTaskAnimation=false, mIsLaunchUnityStart=false, mIsLaunchFromAssistantByDefault=false, mSkipRemoteTransitionfalse, mIsStartFromKeyguard=false flags=0x0, mWCT=null, mIsOpenMergeToInValidPredictive=false}]}, targets : [ChangeInfo{695e0c container=ActivityRecord{179522525 u0 com.google.android.gms/.mlkit.barcode.ui.BarcodeScanningActivityProxy t768} flags=0x0}, ChangeInfo{cce355 container=ActivityRecord{230856808 u0 com.travels.travelling/expo.modules.devlauncher.launcher.DevLauncherActivity t768} flags=0x0}], participants: {ActivityRecord{139168663 u0 com.travels.travelling/com.google.mlkit.vision.codescanner.internal.GmsBarcodeScanningDelegateActivity t768}, ActivityRecord{179522525 u0 com.google.android.gms/.mlkit.barcode.ui.BarcodeScanningActivityProxy t768}, ActivityRecord{230856808 u0 com.travels.travelling/expo.modules.devlauncher.launcher.DevLauncherActivity t768}}
01-17 15:18:36.083  3522  3687 W WindowManager: captureTaskSnapshot mSnapshotMode= 0 source=ActivityRecord{230856808 u0 com.travels.travelling/expo.modules.devlauncher.launcher.DevLauncherActivity t768}
01-17 15:18:36.083  4883  7955 V WindowManagerShell: onTransitionReady(transaction=15126875396747)
01-17 15:18:36.084  4883  4924 V WindowManagerShell: onTransitionReady (#5199) android.os.BinderProxy@75e2442: {id=5199 t=OPEN f=0x0 trk=0 r=[0@Point(0, 0)] c=[
01-17 15:18:36.084  4883  4924 V WindowManagerShell:         {m=OPEN f=FILLS_TASK leash=Surface(name=ActivityRecord{179522525 u0 com.google.android.gms/.mlkit.barcode.ui.BarcodeScanningActivityProxy t768})/@0x36e4289 sb=Rect(0, 0 - 0, 0) eb=Rect(0, 0 - 1080, 2376) epz=Point(1080, 2376) d=-1->0 r=-1->0:-1 component=com.google.android.gms/.mlkit.barcode.ui.BarcodeScanningActivityProxy opt={t=CUSTOM enterResId=0 changeResId=0 exitResId=0 mUserId=0}},
01-17 15:18:36.084  4883  4924 V WindowManagerShell:         {m=TO_BACK f=FILLS_TASK leash=Surface(name=ActivityRecord{230856808 u0 com.travels.travelling/expo.modules.devlauncher.launcher.DevLauncherActivity t768})/@0xd2e428e sb=Rect(0, 0 - 1080, 2376) eb=Rect(0, 0 - 1080, 2376) epz=Point(1080, 2376) d=0 component=com.travels.travelling/expo.modules.devlauncher.launcher.DevLauncherActivity opt={t=CUSTOM enterResId=0 changeResId=0 exitResId=0 mUserId=0}}
01-17 15:18:36.084  4883  4924 V WindowManagerShell:     ] 
01-17 15:18:36.084  4883  4924 V WindowManagerShell: extendInfo=[
01-17 15:18:36.084  4883  4924 V WindowManagerShell:  OplusTransitionExtendedInfo{mTmpFinishT=null, mInOplusCompatMode=false, mIsProcessRunning=false, mHasMismatchBoundsTarget=false, mRecentsController=null, mRemoteTransition=null, mIsTranslucentActivityToHome=false, mAvoidInterceptKeyEventToHome=false, mIsFromHome=false, mParentLeash=null, mBackAnimClosingLeash=null, mIsOplusAnimRes=false, mKeepBgForContinuous=false, mIsBalAllow=false, mTaskNotInRecent=false, mIsPredictiveBackAnim=false, mIsMergedWithPredictive=false, mIsLaunchFromSpruce=false, mIsLaunchFromDrive=false, mGlobalSearchPageSwitch=false, mNeedNoAlphaGlobalSearchScene=false, mAssistScreenShowing=false, mSwipeUpBrowserScreenShowing=false, mUserIdTransition=-1
01-17 15:18:36.084  4883  4924 V WindowManagerShell: , mInRemoteScene=false, mInPreReady=false, mPreStart=false, mToken=null, mAbortByRemoteFromHome=false, mShellApplyToken=null, mRequestTransitionTaskId=768, mAbortTransitionOnShell=0, mStartFromShortcut=false, mRemovedTaskId=-1, mTransitionInterruptType=0, mMergeSecondTaskId=-1, mTaskIdStartFromRecents=0, mTransitionId=5199, mCanUseSpringSlideAnim=false, mTransitionLaunchFrom=0, mFoldChangeType=-1, mAnimStartingPosition=[0, 0, 0, 0], mIsOpeningStkDialogActivity=false, mIsNeedApplyStartTForEmbedded=false, mMergeSecondTaskAnimation=false, mIsLaunchUnityStart=false, mIsLaunchFromAssistantByDefault=false, mSkipRemoteTransitionfalse, mIsStartFromKeyguard=false flags=0x0, mWCT=null, mIsOpenMergeToInValidPredictive=false}]}
01-17 15:18:36.084  4883  4924 V WindowManagerShell: Playing animation for (#5199) android.os.BinderProxy@75e2442@0
01-17 15:18:36.084  4883  4924 V ShellRecents: RecentsTransitionHandler.startAnimation: no controller found
01-17 15:18:36.084  4883  4924 V WindowManagerShell: start OnePuttTransition animation, info = {id=5199 t=OPEN f=0x0 trk=0 r=[0@Point(0, 0)] c=[{m=OPEN f=FILLS_TASK leash=Surface(name=ActivityRecord{179522525 u0 com.google.android.gms/.mlkit.barcode.ui.BarcodeScanningActivityProxy t768})/@0x36e4289 sb=Rect(0, 0 - 0, 0) eb=Rect(0, 0 - 1080, 2376) epz=Point(1080, 2376) d=-1->0 r=-1->0:-1 component=com.google.android.gms/.mlkit.barcode.ui.BarcodeScanningActivityProxy opt={t=CUSTOM enterResId=0 changeResId=0 exitResId=0 mUserId=0}},{m=TO_BACK f=FILLS_TASK leash=Surface(name=ActivityRecord{230856808 u0 com.travels.travelling/expo.modules.devlauncher.launcher.DevLauncherActivity t768})/@0xd2e428e sb=Rect(0, 0 - 1080, 2376) eb=Rect(0, 0 - 1080, 2376) epz=Point(1080, 2376) d=0 component=com.travels.travelling/expo.modules.devlauncher.launcher.DevLauncherActivity opt={t=CUSTOM enterResId=0 changeResId=0 exitResId=0 mUserId=0}}] 
01-17 15:18:36.084  4883  4924 V WindowManagerShell: extendInfo=[
01-17 15:18:36.084  4883  4924 V WindowManagerShell:  OplusTransitionExtendedInfo{mTmpFinishT=null, mInOplusCompatMode=false, mIsProcessRunning=false, mHasMismatchBoundsTarget=false, mRecentsController=null, mRemoteTransition=null, mIsTranslucentActivityToHome=false, mAvoidInterceptKeyEventToHome=false, mIsFromHome=false, mParentLeash=null, mBackAnimClosingLeash=null, mIsOplusAnimRes=false, mKeepBgForContinuous=false, mIsBalAllow=false, mTaskNotInRecent=false, mIsPredictiveBackAnim=false, mIsMergedWithPredictive=false, mIsLaunchFromSpruce=false, mIsLaunchFromDrive=false, mGlobalSearchPageSwitch=false, mNeedNoAlphaGlobalSearchScene=false, mAssistScreenShowing=false, mSwipeUpBrowserScreenShowing=false, mUserIdTransition=-1
01-17 15:18:36.084  4883  4924 V WindowManagerShell: , mInRemoteScene=false, mInPreReady=false, mPreStart=false, mToken=null, mAbortByRemoteFromHome=false, mShellApplyToken=null, mRequestTransitionTaskId=768, mAbortTransitionOnShell=0, mStartFromShortcut=false, mRemovedTaskId=-1, mTransitionInterruptType=0, mMergeSecondTaskId=-1, mTaskIdStartFromRecents=0, mTransitionId=5199, mCanUseSpringSlideAnim=false, mTransitionLaunchFrom=0, mFoldChangeType=-1, mAnimStartingPosition=[0, 0, 0, 0], mIsOpeningStkDialogActivity=false, mIsNeedApplyStartTForEmbedded=false, mMergeSecondTaskAnimation=false, mIsLaunchUnityStart=false, mIsLaunchFromAssistantByDefault=false, mSkipRemoteTransitionfalse, mIsStartFromKeyguard=false flags=0x0, mWCT=null, mIsOpenMergeToInValidPredictive=false}]}
01-17 15:18:36.084  4883  4924 V WindowManagerShell: Transition doesn't have explicit remote, search filters for match for {id=5199 t=OPEN f=0x0 trk=0 r=[0@Point(0, 0)] c=[{m=OPEN f=FILLS_TASK leash=Surface(name=ActivityRecord{179522525 u0 com.google.android.gms/.mlkit.barcode.ui.BarcodeScanningActivityProxy t768})/@0x36e4289 sb=Rect(0, 0 - 0, 0) eb=Rect(0, 0 - 1080, 2376) epz=Point(1080, 2376) d=-1->0 r=-1->0:-1 component=com.google.android.gms/.mlkit.barcode.ui.BarcodeScanningActivityProxy opt={t=CUSTOM enterResId=0 changeResId=0 exitResId=0 mUserId=0}},{m=TO_BACK f=FILLS_TASK leash=Surface(name=ActivityRecord{230856808 u0 com.travels.travelling/expo.modules.devlauncher.launcher.DevLauncherActivity t768})/@0xd2e428e sb=Rect(0, 0 - 1080, 2376) eb=Rect(0, 0 - 1080, 2376) epz=Point(1080, 2376) d=0 component=com.travels.travelling/expo.modules.devlauncher.launcher.DevLauncherActivity opt={t=CUSTOM enterResId=0 changeResId=0 exitResId=0 mUserId=0}}] 
01-17 15:18:36.084  4883  4924 V WindowManagerShell: extendInfo=[
01-17 15:18:36.084  4883  4924 V WindowManagerShell:  OplusTransitionExtendedInfo{mTmpFinishT=null, mInOplusCompatMode=false, mIsProcessRunning=false, mHasMismatchBoundsTarget=false, mRecentsController=null, mRemoteTransition=null, mIsTranslucentActivityToHome=false, mAvoidInterceptKeyEventToHome=false, mIsFromHome=false, mParentLeash=null, mBackAnimClosingLeash=null, mIsOplusAnimRes=false, mKeepBgForContinuous=false, mIsBalAllow=false, mTaskNotInRecent=false, mIsPredictiveBackAnim=false, mIsMergedWithPredictive=false, mIsLaunchFromSpruce=false, mIsLaunchFromDrive=false, mGlobalSearchPageSwitch=false, mNeedNoAlphaGlobalSearchScene=false, mAssistScreenShowing=false, mSwipeUpBrowserScreenShowing=false, mUserIdTransition=-1
01-17 15:18:36.084  4883  4924 V WindowManagerShell: , mInRemoteScene=false, mInPreReady=false, mPreStart=false, mToken=null, mAbortByRemoteFromHome=false, mShellApplyToken=null, mRequestTransitionTaskId=768, mAbortTransitionOnShell=0, mStartFromShortcut=false, mRemovedTaskId=-1, mTransitionInterruptType=0, mMergeSecondTaskId=-1, mTaskIdStartFromRecents=0, mTransitionId=5199, mCanUseSpringSlideAnim=false, mTransitionLaunchFrom=0, mFoldChangeType=-1, mAnimStartingPosition=[0, 0, 0, 0], mIsOpeningStkDialogActivity=false, mIsNeedApplyStartTForEmbedded=false, mMergeSecondTaskAnimation=false, mIsLaunchUnityStart=false, mIsLaunchFromAssistantByDefault=false, mSkipRemoteTransitionfalse, mIsStartFromKeyguard=false flags=0x0, mWCT=null, mIsOpenMergeToInValidPredictive=false}]}
01-17 15:18:36.084  4883  4924 V WindowManagerShell:  Checking filter Pair{{types=[] flags=0x0] notFlags=0x100 checks=[{atype=home independent=true modes=[OPEN,TO_FRONT] flags=NONE mustBeTask=false order=TOP topActivity=ComponentInfo{com.android.launcher/com.android.launcher.Launcher} launchCookie=null windowingMode=undefined},{atype=standard independent=true modes=[CLOSE,TO_BACK] flags=NONE mustBeTask=false order=ANY topActivity=null launchCookie=null windowingMode=undefined}]} RemoteTransition { remoteTransition = android.window.IRemoteTransition$Stub$Proxy@e1f11e2, appThread = android.app.IApplicationThread$Stub$Proxy@179a973, debugName = QuickstepLaunchHome }}
01-17 15:18:36.084  4883  4924 V WindowManagerShell:  Delegate animation for (#5199) to null
01-17 15:18:36.084  4883  4924 V WindowManagerShell: start default transition animation, info = {id=5199 t=OPEN f=0x0 trk=0 r=[0@Point(0, 0)] c=[{m=OPEN f=FILLS_TASK leash=Surface(name=ActivityRecord{179522525 u0 com.google.android.gms/.mlkit.barcode.ui.BarcodeScanningActivityProxy t768})/@0x36e4289 sb=Rect(0, 0 - 0, 0) eb=Rect(0, 0 - 1080, 2376) epz=Point(1080, 2376) d=-1->0 r=-1->0:-1 component=com.google.android.gms/.mlkit.barcode.ui.BarcodeScanningActivityProxy opt={t=CUSTOM enterResId=0 changeResId=0 exitResId=0 mUserId=0}},{m=TO_BACK f=FILLS_TASK leash=Surface(name=ActivityRecord{230856808 u0 com.travels.travelling/expo.modules.devlauncher.launcher.DevLauncherActivity t768})/@0xd2e428e sb=Rect(0, 0 - 1080, 2376) eb=Rect(0, 0 - 1080, 2376) epz=Point(1080, 2376) d=0 component=com.travels.travelling/expo.modules.devlauncher.launcher.DevLauncherActivity opt={t=CUSTOM enterResId=0 changeResId=0 exitResId=0 mUserId=0}}] 
01-17 15:18:36.084  4883  4924 V WindowManagerShell: extendInfo=[
01-17 15:18:36.084  4883  4924 V WindowManagerShell:  OplusTransitionExtendedInfo{mTmpFinishT=null, mInOplusCompatMode=false, mIsProcessRunning=false, mHasMismatchBoundsTarget=false, mRecentsController=null, mRemoteTransition=null, mIsTranslucentActivityToHome=false, mAvoidInterceptKeyEventToHome=false, mIsFromHome=false, mParentLeash=null, mBackAnimClosingLeash=null, mIsOplusAnimRes=false, mKeepBgForContinuous=false, mIsBalAllow=false, mTaskNotInRecent=false, mIsPredictiveBackAnim=false, mIsMergedWithPredictive=false, mIsLaunchFromSpruce=false, mIsLaunchFromDrive=false, mGlobalSearchPageSwitch=false, mNeedNoAlphaGlobalSearchScene=false, mAssistScreenShowing=false, mSwipeUpBrowserScreenShowing=false, mUserIdTransition=-1
01-17 15:18:36.084  4883  4924 V WindowManagerShell: , mInRemoteScene=false, mInPreReady=false, mPreStart=false, mToken=null, mAbortByRemoteFromHome=false, mShellApplyToken=null, mRequestTransitionTaskId=768, mAbortTransitionOnShell=0, mStartFromShortcut=false, mRemovedTaskId=-1, mTransitionInterruptType=0, mMergeSecondTaskId=-1, mTaskIdStartFromRecents=0, mTransitionId=5199, mCanUseSpringSlideAnim=false, mTransitionLaunchFrom=0, mFoldChangeType=-1, mAnimStartingPosition=[0, 0, 0, 0], mIsOpeningStkDialogActivity=false, mIsNeedApplyStartTForEmbedded=false, mMergeSecondTaskAnimation=false, mIsLaunchUnityStart=false, mIsLaunchFromAssistantByDefault=false, mSkipRemoteTransitionfalse, mIsStartFromKeyguard=false flags=0x0, mWCT=null, mIsOpenMergeToInValidPredictive=false}]}
01-17 15:18:36.085  4883  4924 V WindowManagerShell: Transition animation finished (aborted=false), notifying core (#5199) android.os.BinderProxy@75e2442@0
01-17 15:18:36.085  4883  4924 D SplitScreen-->AppLockManager: setStartFromSafeControl mStartFromSafeControl=false
01-17 15:18:36.088  3522  3683 V WindowManager: Sent Transition (#5199) createdAt=01-17 15:18:35.956 via request=TransitionRequestInfo { type = OPEN, triggerTask = TaskInfo{userId=0 taskId=768 effectiveUid=10507 displayId=0 isRunning=true baseIntent=Intent { act=android.intent.action.MAIN cat=[android.intent.category.LAUNCHER] flg=0x10200000 cmp=com.travels.travelling/.MainActivity mCallingUid=10230 } baseActivity=ComponentInfo{com.travels.travelling/expo.modules.devlauncher.launcher.DevLauncherActivity} topActivity=ComponentInfo{com.travels.travelling/com.google.mlkit.vision.codescanner.internal.GmsBarcodeScanningDelegateActivity} origActivity=null realActivity=ComponentInfo{com.travels.travelling/com.travels.travelling.MainActivity}
01-17 15:18:36.088  3522  3683 V WindowManager:  numActivities=2 lastActiveTime=493444577 supportsSplitScreenMultiWindow=true supportsMultiWindow=true supportsPocketStudioMultiWindow=true isInFlexibleEmbedded = false uid = 10507 pid = 0 resizeMode=1 isResizeable=true minWidth=-1 minHeight=-1 defaultMinSize=220 token=WCT{RemoteToken{8607d88 Task{227d81f #768 type=standard A=10507:com.travels.travelling}}} topActivityType=1 pictureInPictureParams=null shouldDockBigOverlays=false launchIntoPipHostTaskId=-1 lastParentTaskIdBeforePip=-1 displayCutoutSafeInsets=Rect(0, 0 - 0, 0)
01-17 15:18:36.088  3522  3683 V WindowManager:  topActivityInfo=ActivityInfo{6b61d37 com.google.mlkit.vision.codescanner.internal.GmsBarcodeScanningDelegateActivity} launchCookies=[] positionInParent=Point(0, 0) parentTaskId=-1 isFocused=true isVisible=true isVisibleRequested=true isTopActivityNoDisplay=false isSleeping=false locusId=null displayAreaFeatureId=1 isTopActivityTransparent=false isActivityStackTransparent=false lastNonFullscreenBounds=Rect(266, 642 - 815, 1722) capturedLink=null capturedLinkTimestamp=0 requestedVisibleTypes=-9 topActivityRequestOpenInBrowserEducationTimestamp=0
01-17 15:18:36.088  3522  3683 V WindowManager:  appCompatTaskInfo=AppCompatTaskInfo { topActivityInSizeCompat=false topActivityInOplusCompatMode=false eligibleForLetterboxEducation= false isLetterboxEducationEnabled= false isLetterboxDoubleTapEnabled= false eligibleForUserAspectRatioButton= false topActivityBoundsLetterboxed= false isFromLetterboxDoubleTap= false topActivityLetterboxVerticalPosition= -1 topActivityLetterboxHorizontalPosition= -1 topActivityLetterboxWidth=-1 topActivityLetterboxHeight=-1 topActivityAppBounds=Rect(0, 0 - 1080, 2376) isUserFullscreenOverrideEnabled=false isSystemFullscreenOverrideEnabled=false hasMinAspectRatioOverride=false topActivityLetterboxBounds=null cameraCompatTaskInfo=CameraCompatTaskInfo { freeformCameraCompatMode=inactive}} topActivityMainWindowFrame=null topActivityLetterboxInsets=Rect(0, 0 - 0, 0)
01-17 15:18:36.088  3522  3683 V WindowManager:  mOplusExtraBundle = Bundle[{androidx.flexible.taskFrame=Rect(0, 0 - 0, 0), topOpaqueSystemBarsAppearance=0, androidx.flexible.Alpha=1.0, androidx.activity.task.attach.blur=0, androidx.activity.LaunchInsensible=0, androidx.activity.LaunchCornerRadius=0, key_flexible_task_state=0, topActivitySupportAppInnerSplit=false, key_flexible_task_animating_type=-1, key_flexible_task_root_activity_processname=com.travels.travelling, androidx.activity.LaunchScenario=0, is_oplus_clone_task=false, flexible_super_mini_state=false, topRunningActivityHash=139168663, androidx.activity.LaunchScale=1.0, androidx.activity.LaunchShadowRadius=0, is_transient_hide_for_task_info=false, key_flexible_task_root_activity_pid=14093, key_flexible_task_root_activity_uid=10507}]}, pipChange = null, remoteTransition = null, displayChange = null, flags = 0, debugId = 5199 }
01-17 15:18:36.088  3522  3683 V WindowManager:     startWCT=WindowContainerTransaction { changes= {} hops= [] errorCallbackToken=null taskFragmentOrganizer=null }
01-17 15:18:36.088  3522  3683 V WindowManager:     info={id=5199 t=OPEN f=0x0 trk=0 r=[0@Point(0, 0)] c=[
01-17 15:18:36.088  3522  3683 V WindowManager:         {m=OPEN f=FILLS_TASK leash=Surface(name=ActivityRecord{179522525 u0 com.google.android.gms/.mlkit.barcode.ui.BarcodeScanningActivityProxy t768})/@0xe70765b sb=Rect(0, 0 - 0, 0) eb=Rect(0, 0 - 1080, 2376) epz=Point(1080, 2376) d=-1->0 r=-1->0:-1 component=com.google.android.gms/.mlkit.barcode.ui.BarcodeScanningActivityProxy opt={t=CUSTOM enterResId=0 changeResId=0 exitResId=0 mUserId=0}},
01-17 15:18:36.088  3522  3683 V WindowManager:         {m=TO_BACK f=FILLS_TASK leash=Surface(name=ActivityRecord{230856808 u0 com.travels.travelling/expo.modules.devlauncher.launcher.DevLauncherActivity t768})/@0x14e5cdc sb=Rect(0, 0 - 1080, 2376) eb=Rect(0, 0 - 1080, 2376) epz=Point(1080, 2376) d=0 component=com.travels.travelling/expo.modules.devlauncher.launcher.DevLauncherActivity opt={t=CUSTOM enterResId=0 changeResId=0 exitResId=0 mUserId=0}}
01-17 15:18:36.088  3522  3683 V WindowManager:     ] 
01-17 15:18:36.088  3522  3683 V WindowManager: extendInfo=[
01-17 15:18:36.088  3522  3683 V WindowManager:  OplusTransitionExtendedInfo{mTmpFinishT=null, mInOplusCompatMode=false, mIsProcessRunning=false, mHasMismatchBoundsTarget=false, mRecentsController=null, mRemoteTransition=null, mIsTranslucentActivityToHome=false, mAvoidInterceptKeyEventToHome=false, mIsFromHome=false, mParentLeash=null, mBackAnimClosingLeash=null, mIsOplusAnimRes=false, mKeepBgForContinuous=false, mIsBalAllow=false, mTaskNotInRecent=false, mIsPredictiveBackAnim=false, mIsMergedWithPredictive=false, mIsLaunchFromSpruce=false, mIsLaunchFromDrive=false, mGlobalSearchPageSwitch=false, mNeedNoAlphaGlobalSearchScene=false, mAssistScreenShowing=false, mSwipeUpBrowserScreenShowing=false, mUserIdTransition=-1
