01-13 11:55:22.261  5166  5291 I DmpSdk-DefaultAnalyzer: callSafely cost = [15] ms
01-13 11:55:22.261  5166  5291 I DmpSdk-DefaultAnalyzer: Gson parse cost = [0] ms
01-13 11:55:22.261  5166  5291 I DmpSdk-DefaultAnalyzer: post preprocess cost = [0] ms
01-13 11:55:22.262 30458  1007 I DMP-AppInitializer: isAppAvailable for sdkQuery, caller: com.android.launcher
01-13 11:55:22.263 30458  1007 I DMP-SearchService: onQuery arg: customQuery, info: ***
01-13 11:55:22.263 30458  1007 I DMP-AbstractInvRecallStrategy: expression [$0|$1] parsed to reverse polish expression [$0$1|]
01-13 11:55:22.263 30458  1007 I DMP-PermissionUtil: isPermissionGranted, resource: localApp, basic: false
01-13 11:55:22.263 30458  1007 I DMP-PermissionUtil: unsupported resource or no permission required for resource: localApp
01-13 11:55:22.266 30458  1007 I SyntaxRequest: do not process, object[com.oplus.oss.enginecore.searchengine.sorter.RecallTypeGroupSorter@35154e] is not a loader
01-13 11:55:22.266 30458  1007 I SyntaxRequest: do not process, object[com.oplus.oss.enginecore.searchengine.sorter.RecallStrategyScoreSorter@b6c066f] is not a loader
01-13 11:55:22.266 30458  1007 I DMP-SyntaxRequest: useSnapShot = [false],TaskId = [null]
01-13 11:55:22.266 30458  1007 I DMP-SyntaxRequest: useSnapShot = [false],TaskId = [null]
01-13 11:55:22.267 30458  1007 I DMP-NewPageCache: indexId = [4] do not change
01-13 11:55:22.267 30458  1007 I DMP-DefaultSdkSearchProxy: do not hit page cache, start search
01-13 11:55:22.267 30458  1007 I DMP-LikeRecallStrategy: like query result cursor is null
01-13 11:55:22.267 30458  1007 I DMP-DefaultSearcherPlugin: resource name [localApp] recallStrategy [SubstringMatchRecallStrategy] recall num [0]
01-13 11:55:22.268 30458  7083 I DMP-LikeRecallStrategy: like query result cursor is null
01-13 11:55:22.268 30458  7085 I DMP-LikeRecallStrategy: like query result cursor is null
01-13 11:55:22.268 30458  7084 I DMP-LikeRecallStrategy: like query result cursor is null
01-13 11:55:22.268 30458  7083 I DMP-DefaultSearcherPlugin: resource name [localApp] recallStrategy [SubstringMatchRecallStrategy] recall num [0]
01-13 11:55:22.268 30458  1007 E DMP-DefaultSearcherPlugin: resource name [localApp] recallStrategy [DefaultRecallStrategy] recall result list is null
01-13 11:55:22.268 30458  7088 I DMP-DefaultSearcherPlugin: resource name [localApp] recallStrategy [SubstringMatchRecallStrategy] recall num [8]
01-13 11:55:22.268 30458  1007 I DMP-DefaultSearcherPlugin: resource name [localApp] recallStrategy [SubstringMatchRecallStrategy] recall num [11]
01-13 11:55:22.268 30458  7083 I DMP-DefaultSearcherPlugin: resource name [localApp] recallStrategy [SubstringMatchRecallStrategy] recall num [8]
01-13 11:55:22.268 30458  7088 I DMP-LikeRecallStrategy: like query result cursor is null
01-13 11:55:22.268 30458  7085 I DMP-DefaultSearcherPlugin: resource name [localApp] recallStrategy [SubstringMatchRecallStrategy] recall num [0]
01-13 11:55:22.268 30458  7089 I DMP-DefaultSearcherPlugin: resource name [localApp] recallStrategy [SubstringMatchRecallStrategy] recall num [8]
01-13 11:55:22.268 30458  1007 I DMP-LikeRecallStrategy: like query result cursor is null
01-13 11:55:22.268 30458  1007 I DMP-DefaultSearcherPlugin: resource name [localApp] recallStrategy [SubstringMatchRecallStrategy] recall num [0]
01-13 11:55:22.268 30458  7087 I DMP-DefaultSearcherPlugin: resource name [localApp] recallStrategy [SubstringMatchRecallStrategy] recall num [55]
01-13 11:55:22.268 30458  7084 I DMP-DefaultSearcherPlugin: resource name [localApp] recallStrategy [SubstringMatchRecallStrategy] recall num [0]
01-13 11:55:22.268 30458  7088 I DMP-DefaultSearcherPlugin: resource name [localApp] recallStrategy [SubstringMatchRecallStrategy] recall num [0]
01-13 11:55:22.269 30458  1007 I DMP-DefaultSearcherPlugin: search complete, result list has [12] kind recall list.
01-13 11:55:22.269 30458  1007 I DMP-DeleteIDManager: deleted docID number is {4=116},load cost:0
01-13 11:55:22.269 30458  1007 I DMP-DefaultSearcherPlugin: result length [55] before collect, delete num [0] filter num [0]
01-13 11:55:22.269 30458  1007 I DMP-DefaultSearcherPlugin: search after collect result length [55]
01-13 11:55:22.269 30458  1007 I DMP-SyntaxRequest: useSnapShot = [false],TaskId = [null]
01-13 11:55:22.269 30458  1007 I DMP-SdkAsyncCursor: get full brief from database cost = [0] ms
01-13 11:55:22.269 30458  1007 E DMP-IndexCoreConfig: fieldName[score] has no store field config
01-13 11:55:22.269 30458  1007 E DMP-IndexCoreConfig: fieldName[recallType] has no store field config
01-13 11:55:22.269 30458  1007 E DMP-IndexCoreConfig: fieldName[whole_pinyin_tag_index] has no store field config
01-13 11:55:22.270 30458  1007 E DMP-IndexCoreConfig: fieldName[docID] has no store field config
01-13 11:55:22.270 30458  1007 E DMP-IndexCoreConfig: fieldName[hitTerms] has no store field config
01-13 11:55:22.270 30458  1007 I DMP-SdkAsyncCursor: get metadata from database cost = [0] ms
01-13 11:55:22.270 30458  1007 I DMP-SdkAsyncCursor: fill window start: startPos = [0]; requiredPos = [0]
01-13 11:55:22.273 30458  1007 I DMP-SdkAsyncCursor: fill window from index 0 end; window capacity is [55]
01-13 11:55:22.273 30458  1007 I DMP-SdkAsyncCursor: firstFillTime cost = [3]
01-13 11:55:22.274 30458  1007 I DMP-SearchContext: index: [localApp], search_context_info: 
01-13 11:55:22.274 30458  1007 I DMP-SearchContext: mergedInverseList info: []
01-13 11:55:22.274 30458  1007 I DMP-SearchContext: recallResultNum size[55]
01-13 11:55:22.274 30458  1007 I DMP-SearchContext: invalid doc list num[0]
01-13 11:55:22.274 30458  1007 I DMP-SearchContext: result num[55]
01-13 11:55:22.274 30458  1007 I DMP-SearchContext: costs[[stage[all] cost[10], stage[check] cost[4], stage[SubstringMatchRecallStrategy do-search] cost[0], stage[DefaultRecallStrategy do-search] cost[1], stage[SubstringMatchRecallStrategy do-search] cost[0], stage[SubstringMatchRecallStrategy do-search] cost[0], stage[SubstringMatchRecallStrategy do-search] cost[0], stage[SubstringMatchRecallStrategy do-search] cost[0], stage[SubstringMatchRecallStrategy do-search] cost[0], stage[SubstringMatchRecallStrategy do-search] cost[0], stage[SubstringMatchRecallStrategy do-search] cost[0], stage[SubstringMatchRecallStrategy do-search] cost[0], stage[SubstringMatchRecallStrategy do-search] cost[0], stage[SubstringMatchRecallStrategy do-search] cost[0], stage[do-search] cost[1], stage[combine] cost[0], stage[collect] cost[0], stage[sorted-filter] cost[0], stage[assembleResult] cost[4]]]
01-13 11:55:22.274 30458  1007 I DMP-SearchContext: threadID[221]
01-13 11:55:22.276  5166  5291 I DmpSdk-Connections: connection over, result:CursorResponse:{code:0, message:success, data:android.content.ContentProviderClient$CursorWrapperInner@6b6527e}
01-13 11:55:22.277 30458  7092 I DMP-BuriedManager: submit:BuriedModel=[LogTag=101, EventId=500000, version=0.0.1, buildTime=2025-11-17 17:02:52, buildType=export-16.13.65_7b33f87_251117-release, message={"searchState":1,"costTime":12}]
01-13 11:55:22.295  1874  6141 E WifiHAL : WLAN_DIAG_TYPE_CONFIG - possible buffer over access, length=1472 count=16 hdr_size=8 payload len=12966
01-13 11:55:22.296  1874  6141 E WifiHAL : WLAN_DIAG_TYPE_CONFIG - possible buffer over access, length=1468 count=16 hdr_size=8 payload len=12966
01-13 11:55:22.297  1874  6141 E WifiHAL : WLAN_DIAG_TYPE_CONFIG - possible buffer over access, length=1476 count=16 hdr_size=8 payload len=12966
01-13 11:55:22.305  5153  5153 D VendorWifiService: onEvent event:9,action:1
01-13 11:55:22.309  3522  4560 D ScorerUtils: isLowTraffic: txTputKBps=0, rxTputKBps=0
01-13 11:55:22.309  3522  4560 D OplusWifiPower_TriggerCenter: mComponentCallback: wifistat
01-13 11:55:22.382  3301  3301 E OplusTouchDaemon: [prevent][curved_large_handle_V2][3008]: id:0 pos:1 center_down:1 (7071 31737)(0 0 0 0) 
01-13 11:55:22.383  3301  3301 E OplusTouchDaemon: [touchEvent][ts_report_touch_data][643]: first touch point id 0 [7071 31737    6    0    0    0    0]
01-13 11:55:22.385 26699 26699 D OplusViewDragTouchViewHelper: dispatchTouchView action = 4
01-13 11:55:22.385  8300  8300 E IJankManager: slideSceneEnd unknown scene 1000 mScene:-1
01-13 11:55:22.386  3522  4875 I [UAH_CLIENT]: UahEventAcquire, cmdid:37, pkg:none, identity:OplusUAwareInputHelper
01-13 11:55:22.387  3522  4875 D UAH-UahAdaptHelper: adaptSetNotification identity = OplusUAwareInputHelpersrc = 1000 , type 0 ,p1 = -1 ,p2 = -1 ,p3 = -1 ,p4 =
01-13 11:55:22.387  3522  4875 I [UAH_CLIENT]: uahRuleCtl, ruleId:1000, status:0
01-13 11:55:22.387  3522  3752 D PowerManagerService: userActivityNoUpdateLocked: groupId=0, eventTime=85960636, event=touch, flags=0x0, uid=1000
01-13 11:55:22.390  3522  4603 D GestureLog_OplusMultiPointerDetector: onTouchEvent------>start, mCurNumPointers=1, mCurrStatus=0 mIsDownIntervalTimeout=true, action=0 downTime=85960636 deviceId=6
01-13 11:55:22.414  3301  3301 E OplusTouchDaemon: [prevent][curved_large_handle_V2][3082]: up id(0) status: 1, 1, 1, 0.
01-13 11:55:22.415  3522  4875 D UAH-UahAdaptHelper: adaptSetNotification identity = OplusUAwareInputHelpersrc = 1000 , type 1 ,p1 = -1 ,p2 = -1 ,p3 = -1 ,p4 =
01-13 11:55:22.415  8300  8300 D OplusViewDragTouchViewHelper: dispatchTouchView action = 1
01-13 11:55:22.415  3522  4875 I [UAH_CLIENT]: uahRuleCtl, ruleId:1000, status:1
01-13 11:55:22.415  3522  3684 D OplusPanoramaWorkBranchController: notifyMotionUpOrCancel
01-13 11:55:22.416  8300  8300 W TooltipLifecycleManager: TooltipLifecycleManager.dismissTooltips():153 Tooltip with id SUGGESTION_VIEW_EDU_MINI_DIALOG not found in tooltipManager.
01-13 11:55:22.416  8300  8300 D ViewRootImplExtImpl: the up motion event handled by client, just return
01-13 11:55:22.417  5166  5291 I DmpSdk-DefaultAnalyzer: prepare segment queries cost [0] ms
01-13 11:55:22.418 30458 30469 I DMP-AppInitializer: isAppAvailable for sdkCall, caller: com.android.launcher
01-13 11:55:22.423 30458 30469 I DMP-DmpSdkTimeUtils: buildTimeEntitiesList return null
01-13 11:55:22.423 30458 30469 I DMP-QueryParserProxy: queries analyze result = [[{"characterPos":0,"isStopword":false,"synTerms":[],"tags":["ori"],"termPos":0,"weight":6.6,"word":"tr"}]], timeEntitiesListStr = null , timeRangeResStr = []
01-13 11:55:22.423 30458 30469 I DMP-QueryParserProxy: analyze query cost = 4 ms
01-13 11:55:22.423  5166  5291 I DmpSdk-Connections: connection over, result:BundleResponse:{code:0, message:success, data:Bundle[mParcelledData.dataSize=296]}
01-13 11:55:22.423  5166  5291 I DmpSdk-DefaultAnalyzer: callSafely cost = [5] ms
01-13 11:55:22.423  5166  5291 I DmpSdk-DefaultAnalyzer: Gson parse cost = [0] ms
01-13 11:55:22.423  5166  5291 I DmpSdk-DefaultAnalyzer: post preprocess cost = [0] ms
01-13 11:55:22.425 30458 30469 I DMP-AppInitializer: isAppAvailable for sdkQuery, caller: com.android.launcher
01-13 11:55:22.425 30458 30469 I DMP-SearchService: onQuery arg: customQuery, info: ***
01-13 11:55:22.425 30458 30469 I DMP-AbstractInvRecallStrategy: expression [$0|$1] parsed to reverse polish expression [$0$1|]
01-13 11:55:22.426 30458 30469 I DMP-PermissionUtil: isPermissionGranted, resource: localApp, basic: false
01-13 11:55:22.426 30458 30469 I DMP-PermissionUtil: unsupported resource or no permission required for resource: localApp
01-13 11:55:22.426  5166  5166 D OplusCursorFeedback: getExtraCursorWidth
01-13 11:55:22.426  5166  5166 D OplusCursorFeedback: getExtraLeftOffset
01-13 11:55:22.428 30458 30469 I SyntaxRequest: do not process, object[com.oplus.oss.enginecore.searchengine.sorter.RecallTypeGroupSorter@9065768] is not a loader
01-13 11:55:22.429 30458 30469 I SyntaxRequest: do not process, object[com.oplus.oss.enginecore.searchengine.sorter.RecallStrategyScoreSorter@8c51781] is not a loader
01-13 11:55:22.429 30458 30469 I DMP-SyntaxRequest: useSnapShot = [false],TaskId = [null]
01-13 11:55:22.429 30458 30469 I DMP-SyntaxRequest: useSnapShot = [false],TaskId = [null]
01-13 11:55:22.429 30458 30469 I DMP-NewPageCache: indexId = [4] do not change
01-13 11:55:22.429 30458 30469 I DMP-DefaultSdkSearchProxy: do not hit page cache, start search
01-13 11:55:22.429 30458 30469 I DMP-LikeRecallStrategy: like query result cursor is null
01-13 11:55:22.429 30458 30469 I DMP-DefaultSearcherPlugin: resource name [localApp] recallStrategy [SubstringMatchRecallStrategy] recall num [0]
01-13 11:55:22.429 30458  7088 I DMP-LikeRecallStrategy: like query result cursor is null
01-13 11:55:22.429 30458  7088 I DMP-DefaultSearcherPlugin: resource name [localApp] recallStrategy [SubstringMatchRecallStrategy] recall num [0]
01-13 11:55:22.429 30458  7087 I DMP-LikeRecallStrategy: like query result cursor is null
01-13 11:55:22.430 30458  7087 I DMP-DefaultSearcherPlugin: resource name [localApp] recallStrategy [SubstringMatchRecallStrategy] recall num [0]
01-13 11:55:22.430 30458  7089 I DMP-LikeRecallStrategy: like query result cursor is null
01-13 11:55:22.430 30458  7089 I DMP-DefaultSearcherPlugin: resource name [localApp] recallStrategy [SubstringMatchRecallStrategy] recall num [0]
01-13 11:55:22.430 30458  7085 I DMP-LikeRecallStrategy: like query result cursor is null
01-13 11:55:22.430 30458  7084 I DMP-LikeRecallStrategy: like query result cursor is null
01-13 11:55:22.430 30458  7085 I DMP-DefaultSearcherPlugin: resource name [localApp] recallStrategy [SubstringMatchRecallStrategy] recall num [0]
01-13 11:55:22.430 30458  7084 I DMP-DefaultSearcherPlugin: resource name [localApp] recallStrategy [SubstringMatchRecallStrategy] recall num [0]
01-13 11:55:22.430 30458  7083 I DMP-DefaultSearcherPlugin: resource name [localApp] recallStrategy [SubstringMatchRecallStrategy] recall num [2]
01-13 11:55:22.430 30458  7088 I DMP-LikeRecallStrategy: like query result cursor is null
01-13 11:55:22.430 30458  7088 I DMP-DefaultSearcherPlugin: resource name [localApp] recallStrategy [SubstringMatchRecallStrategy] recall num [0]
01-13 11:55:22.430 30458 30469 E DMP-DefaultSearcherPlugin: resource name [localApp] recallStrategy [DefaultRecallStrategy] recall result list is null
01-13 11:55:22.430 30458  7089 I DMP-LikeRecallStrategy: like query result cursor is null
01-13 11:55:22.430 30458  7089 I DMP-DefaultSearcherPlugin: resource name [localApp] recallStrategy [SubstringMatchRecallStrategy] recall num [0]
01-13 11:55:22.430 30458  7090 I DMP-DefaultSearcherPlugin: resource name [localApp] recallStrategy [SubstringMatchRecallStrategy] recall num [2]
01-13 11:55:22.431 30458  7087 I DMP-DefaultSearcherPlugin: resource name [localApp] recallStrategy [SubstringMatchRecallStrategy] recall num [4]
01-13 11:55:22.431 30458 30469 I DMP-DefaultSearcherPlugin: search complete, result list has [12] kind recall list.
01-13 11:55:22.431 30458 30469 I DMP-DeleteIDManager: deleted docID number is {4=116},load cost:0
01-13 11:55:22.431 30458 30469 I DMP-DefaultSearcherPlugin: result length [4] before collect, delete num [0] filter num [0]
01-13 11:55:22.431 30458 30469 I DMP-DefaultSearcherPlugin: search after collect result length [4]
01-13 11:55:22.431 30458 30469 I DMP-SyntaxRequest: useSnapShot = [false],TaskId = [null]
01-13 11:55:22.431 30458 30469 I DMP-SdkAsyncCursor: get full brief from database cost = [0] ms
01-13 11:55:22.431 30458 30469 E DMP-IndexCoreConfig: fieldName[score] has no store field config
01-13 11:55:22.431 30458 30469 E DMP-IndexCoreConfig: fieldName[recallType] has no store field config
01-13 11:55:22.431 30458 30469 E DMP-IndexCoreConfig: fieldName[whole_pinyin_tag_index] has no store field config
01-13 11:55:22.431 30458 30469 E DMP-IndexCoreConfig: fieldName[docID] has no store field config
01-13 11:55:22.431 30458 30469 E DMP-IndexCoreConfig: fieldName[hitTerms] has no store field config
01-13 11:55:22.431 30458 30469 I DMP-SdkAsyncCursor: get metadata from database cost = [0] ms
01-13 11:55:22.431 30458 30469 I DMP-SdkAsyncCursor: fill window start: startPos = [0]; requiredPos = [0]
01-13 11:55:22.432 30458 30469 I DMP-SdkAsyncCursor: fill window from index 0 end; window capacity is [4]
01-13 11:55:22.432 30458 30469 I DMP-SdkAsyncCursor: firstFillTime cost = [1]
01-13 11:55:22.433 30458 30469 I DMP-SearchContext: index: [localApp], search_context_info: 
01-13 11:55:22.433 30458 30469 I DMP-SearchContext: mergedInverseList info: []
01-13 11:55:22.433 30458 30469 I DMP-SearchContext: recallResultNum size[4]
01-13 11:55:22.433 30458 30469 I DMP-SearchContext: invalid doc list num[0]
01-13 11:55:22.433 30458 30469 I DMP-SearchContext: result num[4]
01-13 11:55:22.433 30458 30469 I DMP-SearchContext: costs[[stage[all] cost[7], stage[check] cost[4], stage[SubstringMatchRecallStrategy do-search] cost[0], stage[SubstringMatchRecallStrategy do-search] cost[0], stage[SubstringMatchRecallStrategy do-search] cost[1], stage[SubstringMatchRecallStrategy do-search] cost[0], stage[SubstringMatchRecallStrategy do-search] cost[0], stage[SubstringMatchRecallStrategy do-search] cost[0], stage[SubstringMatchRecallStrategy do-search] cost[0], stage[SubstringMatchRecallStrategy do-search] cost[0], stage[DefaultRecallStrategy do-search] cost[0], stage[SubstringMatchRecallStrategy do-search] cost[0], stage[SubstringMatchRecallStrategy do-search] cost[0], stage[SubstringMatchRecallStrategy do-search] cost[1], stage[do-search] cost[0], stage[combine] cost[0], stage[collect] cost[0], stage[sorted-filter] cost[0], stage[assembleResult] cost[1]]]
01-13 11:55:22.433 30458 30469 I DMP-SearchContext: threadID[183]
01-13 11:55:22.433  8300  8300 I KeyboardModeUtils: KeyboardModeUtils.getKeyboardBottomOffset():435 inch: 0.000000 ydpi: 449.756989 adjustKeyboardBottomByDisplaySize: false currentDensityDpi: 480 defaultDensityDpi: 480 keyboardBottomToScreenPx: 0 keyboardBottomToNavBarPx: -132 navBarHeight: 132
01-13 11:55:22.433  8300  8300 I BaseKeyboardSizeHelper: BaseKeyboardSizeHelper.calculateMaxKeyboardBodyHeight():73 leave 291 height for app when ime window height:2124, header height:132 and isFullscreenMode:false, so the max keyboard body height is:1701
01-13 11:55:22.433  8300  8300 I BaseKeyboardSizeHelper: BaseKeyboardSizeHelper.calculateMaxKeyboardBodyHeight():73 leave 291 height for app when ime window height:2124, header height:132 and isFullscreenMode:false, so the max keyboard body height is:1701
01-13 11:55:22.434  5166  5291 I DmpSdk-Connections: connection over, result:CursorResponse:{code:0, message:success, data:android.content.ContentProviderClient$CursorWrapperInner@a27297c}
01-13 11:55:22.435 30458  7092 I DMP-BuriedManager: submit:BuriedModel=[LogTag=101, EventId=500000, version=0.0.1, buildTime=2025-11-17 17:02:52, buildType=export-16.13.65_7b33f87_251117-release, message={"searchState":1,"costTime":8}]
01-13 11:55:22.449  1865 28802 I sensors-hal: handle_oplus_wise_rgb_event:160, wise_rgb:(41030)(cct,lux,ir)[5770.25, 767.26, 71.140182](rgbc)[41345.89, 25565.81, 17470.82, 73798.86](pwm,hbm,brl,algo)[0.0 0.0 3515.0 2.0],flag 58232
01-13 11:55:22.482 30526  6967 I FA      : Application backgrounded at: timestamp_millis: 1768285520482
01-13 11:55:22.526  2027  2027 D SensorFeature: name=ssc_screenshot_info ,index = 22
01-13 11:55:22.526  2027  2027 D SensorFeature: write 39 bytes:135651133692933,135651142026266,58233,0
01-13 11:55:22.549  3522  4367 V AlarmManager: sending alarm Alarm{baf5335 type 1 origWhen 1768285522549 whenElapsed 135651165 android} uid 1000 whenElapsed 135651165 windowLength 0 maxWhenElapsed 135651165 repeatInterval 0 action null component null tag StorgaeBandInfoAlarmTag flags 0x9 procName system_server
01-13 11:55:22.553  3522  4228 D osense.compress: com.jio.myjio do shrink, target ratio = 66, final ratio = 90, cur ratio = 43
01-13 11:55:22.557  3522 21469 E OplusStorageUFSBandwidth: storage_io_metrics_path is /proc/oplus_storage/io_metrics/forever/
01-13 11:55:22.560  3522 21469 E OplusStorageUFSBandwidth: Bandwidth - Read: 5.97 MB/s, Write: 0.50 MB/s
01-13 11:55:22.560  3522 21469 E OplusStorageUFSBandwidth: Task time: 3ms
01-13 11:55:22.562  3522 21469 E OplusStorageUFSBandwidth: Alarm set to trigger in 10 seconds
01-13 11:55:22.622  3522  4228 D osense.compress: com.whatsapp do shrink, target ratio = 59, final ratio = 90, cur ratio = 28
01-13 11:55:22.659  2055  2096 D BatteryChargeControl: bcc get no support from charging protocol
01-13 11:55:22.715  1865 28802 I sensors-hal: handle_oplus_wise_rgb_event:160, wise_rgb:(41035)(cct,lux,ir)[5799.34, 763.38, 71.125046](rgbc)[40618.51, 25059.72, 17129.30, 72505.63](pwm,hbm,brl,algo)[0.0 0.0 3515.0 2.0],flag 58233
01-13 11:55:22.715  1865 25043 I sensors-hal: handle_oplus_wise_rgb_event:189, high_pwm_light:lux 763.4,cct 5799.3,brl/algo/ir 3515.0/2.0/71.1,pwm/dc 0.0/0.0,rgbc 40210.156250/24820.898438/16974.550781/71839.421875,ts 135651141299661,cnt 41038,flag 58233
01-13 11:55:22.717  3522  4356 D FusionLightNextGen: process end reported = 1, mode: 0, cnt: 3160, lux 648.5, cct 5818.6, r/g/b/c: 40325.0/24917.6/17017.2/72107.2, R/G/B: 68.0/71.0/76.0, bri 3515.0, match 0.73, ir 0.077370, conf 5.0, ts 135651149582630
01-13 11:55:22.720  3301  3301 I synaLib : tcm: STATUS: Enter DOZE mode
01-13 11:55:22.846  2027  2027 D SensorFeature: name=ssc_screenshot_info ,index = 22
01-13 11:55:22.846  5153  5153 I Subsys-Service: runGcAutomatic dalvik memory info{max=22.01MB,free=9.77MB,allocated=12.25MB}
01-13 11:55:22.847  2027  2027 D SensorFeature: write 39 bytes:135651408332777,135651462185277,58234,0
01-13 11:55:22.847  1902  2179 I SDM     : DisplayBase::CommitThread: Received idle timeout, panel: cmd, timeout: 70000 us
01-13 11:55:22.856  1865 28806 I sensors-hal: handle_sns_std_sensor_event:104, oplus rgb_rear sample: (cct, lux, ir, x, y)[5200, 0, 2405, 407, 388]
01-13 11:55:22.857  1865 28806 I sensors-hal: handle_sns_std_sensor_event:106, oplus rgb_rear sample: (r, g, b, c w)[12, 7, 5, 17, 22]
01-13 11:55:22.857  3301  3301 I synaLib : tcm: STATUS: Exit DOZE mode
01-13 11:55:22.857  3301  3301 E OplusTouchDaemon: [prevent][curved_large_handle_V2][3008]: id:0 pos:1 center_down:1 (8314 21034)(0 0 0 0) 
01-13 11:55:22.857  3301  3301 E OplusTouchDaemon: [touchEvent][ts_report_touch_data][643]: first touch point id 0 [8314 21034    8    0    0    0    0]
01-13 11:55:22.859  3522  6913 I AICCTModule: SensorFilter: brightness threshold 1.4 screenNit is 799.76 ave enviroment lux is 657.3803 luxForNit 135.73804demarcationPoint200.0 result is true
01-13 11:55:22.860  3522  4875 I [UAH_CLIENT]: UahEventAcquire, cmdid:37, pkg:none, identity:OplusUAwareInputHelper
01-13 11:55:22.860 26699 26699 D OplusViewDragTouchViewHelper: dispatchTouchView action = 4
01-13 11:55:22.861  3522  3752 D PowerManagerService: userActivityNoUpdateLocked: groupId=0, eventTime=85961111, event=touch, flags=0x0, uid=1000
01-13 11:55:22.861  3522  4875 D UAH-UahAdaptHelper: adaptSetNotification identity = OplusUAwareInputHelpersrc = 1000 , type 0 ,p1 = -1 ,p2 = -1 ,p3 = -1 ,p4 =
01-13 11:55:22.861  3522  4875 I [UAH_CLIENT]: uahRuleCtl, ruleId:1000, status:0
01-13 11:55:22.862  5166  5166 E IJankManager: slideSceneEnd unknown scene 1000 mScene:-1
01-13 11:55:22.863  5166  5166 I PullDownAnimator: setActivityStarted: started=false
01-13 11:55:22.863  5166  5166 D QuickSwitchTouchController#41ae090-BaseSwipeDetector: setIsDelayReport:false
01-13 11:55:22.863  5166  5166 D NavBarToHomeTouchController#f3dad89-BaseSwipeDetector: setIsDelayReport:false
01-13 11:55:22.863  5166  5166 D OplusPortraitStatesTouchController#918d18e-BaseSwipeDetector: setUseRawPoint: false
01-13 11:55:22.863  5166  5166 D OplusPortraitStatesTouchController#918d18e-BaseSwipeDetector: setIsDelayReport:false
01-13 11:55:22.864  3522  4603 D GestureLog_OplusMultiPointerDetector: onTouchEvent------>start, mCurNumPointers=1, mCurrStatus=0 mIsDownIntervalTimeout=true, action=0 downTime=85961111 deviceId=6
01-13 11:55:22.866  3522  5691 I OplusPreStartController: preStartActivity Intent { act=android.intent.action.MAIN cat=[android.intent.category.LAUNCHER] flg=0x10200000 cmp=com.travels.travelling/.MainActivity }
01-13 11:55:22.867  5166  5166 E [OPLUS_AFS_CONFIG]: Failed to open AFS config file: /proc/oplus_afs_config/afs_config
01-13 11:55:22.867  5166  5166 E AFS_CONFIG: Failed to get scene config
01-13 11:55:22.867  5166  5166 E OplusAfsManager: afsConfigSceneConfigGet sceneType is null
01-13 11:55:22.875  3522  5691 I OplusPreStartController: isCapBitmapExists intent: Intent { act=android.intent.action.MAIN cat=[android.intent.category.LAUNCHER] flg=0x10200000 cmp=com.travels.travelling/.MainActivity }, requestRotation: SCREEN_ORIENTATION_PORTRAIT, surfaceRotation: ROTATION_0, targetRotation: ROTATION_0, uiMode: 33, found captures: false
01-13 11:55:22.879  8702  9292 I discovery::core::moni..: DiscMonitor: [trace_id=32015186388]DiscoveryComponentStatus { adaptive_sdp_client_status: Some("{\"1\":null,\"0\":\"0.0.0.0\"}"), adaptive_sdp_server_status: None, network_interface_states: Some({}) }
01-13 11:55:22.904  3301  3301 E OplusTouchDaemon: [prevent][curved_large_handle_V2][3082]: up id(0) status: 1, 1, 1, 0.
01-13 11:55:22.905  3522  4875 D UAH-UahAdaptHelper: adaptSetNotification identity = OplusUAwareInputHelpersrc = 1000 , type 1 ,p1 = -1 ,p2 = -1 ,p3 = -1 ,p4 =
01-13 11:55:22.905  3522  4875 I [UAH_CLIENT]: uahRuleCtl, ruleId:1000, status:1
01-13 11:55:22.906  5166  5166 E [OPLUS_AFS_CONFIG]: Failed to open AFS config file: /proc/oplus_afs_config/afs_config
01-13 11:55:22.906  5166  5166 E AFS_CONFIG: Failed to get scene config
01-13 11:55:22.906  5166  5166 E OplusAfsManager: afsConfigSceneConfigGet sceneType is null
01-13 11:55:22.906  5166  5166 E [OPLUS_AFS_CONFIG]: Failed to open AFS config file: /proc/oplus_afs_config/afs_config
01-13 11:55:22.906  5166  5166 E AFS_CONFIG: Failed to get scene config
01-13 11:55:22.906  5166  5166 E OplusAfsManager: afsConfigSceneConfigGet sceneType is null
01-13 11:55:22.907  3522  3684 D OplusPanoramaWorkBranchController: notifyMotionUpOrCancel
01-13 11:55:22.908  5166  5166 D AnimSeqTimeStamp: updateLastStartAppTime: 85961163
01-13 11:55:22.908  5166  5166 D AnimSeqTimeStamp: updateLastRecentFinishTime: 85961163
01-13 11:55:22.908  4883  7490 I SystemUi--NavBar: NoBackGesture-->display_id_0 updateGestureAreaRatio newSize: 66.0 ,mBottomGestureAreaHeightInMistouch: 66
01-13 11:55:22.908  5166  5166 D AnimSeqTimeStamp: resetLastRecentStartTime
01-13 11:55:22.908  5166  5166 D OplusViewDragTouchViewHelper: dispatchTouchView action = 1
01-13 11:55:22.908  5166  5166 D ViewRootImplExtImpl: the up motion event handled by client, just return
01-13 11:55:22.908  4883  7490 I SystemUi--NavBar: NoBackGesture-->display_id_0 updateGestureBottomArea: mBottomGestureAreaHeight = 66
01-13 11:55:22.909  3522  5691 E OplusAppQuickStart_AppQuickStartController: notifyStartActivity intent:Intent { act=android.intent.action.MAIN cat=[android.intent.category.LAUNCHER] flg=0x10200000 xflg=0x4 cmp=com.travels.travelling/.MainActivity bnds=[299,959][532,1247] (has extras) }
01-13 11:55:22.909 10740 15535 D ShellSubscriberWorkerThread: the first 8 bytes empty, and RestData length > 8 
01-13 11:55:22.911  3522  4550 I [UAH_CLIENT]: UahEventAcquire, cmdid:2, pkg:none, identity:com.android.server.wm
01-13 11:55:22.911  3522  3570 E OplusInputManagerService_jni: updateInvalidRegion start!!!
01-13 11:55:22.911  3522  3570 E InputDispatcherExtImpl: rectF left: 0.000000, top: 2310.000000, right: 1080.000000, bottom: 2376.000000 offset_left: 0.000000, offset_top: -78.000000, offset_right: 0.000000, offset_bottom: 0.000000, isClosedRegion:0
01-13 11:55:22.911  3522  3570 W InputDispatcherExtImpl: invalidRegions and dispatchRegions map setted, key: homegesture_displayid_0
01-13 11:55:22.912  3522  3570 E OplusInputManagerService_jni: updateInvalidRegion start!!!
01-13 11:55:22.912  3522  3570 E OplusInputManagerService_jni: updateInvalidRegion start!!!
01-13 11:55:22.912  3522  5691 D WindowManager: NFW_setClientVisible:ActivityRecord{91885079 u0 com.travels.travelling/.MainActivity clientVisible:true
01-13 11:55:22.913  3522  5691 V GrammaticalInflectionUtils: AttributionSource: android.content.AttributionSource@1875be88 does not have READ_SYSTEM_GRAMMATICAL_GENDER permission.
01-13 11:55:22.914  3522  5691 D FlexibleTaskController: isSupportFlexibleWindow target = com.travels.travelling/.MainActivity callPkg = FlexibleTaskController support = true ,caller = 3522
01-13 11:55:22.915  3522  5691 D ActivityStarterExtImpl: do not intercept for realCallingAppIsHomeApp or CallingAppIsHomeApp
01-13 11:55:22.915  3522  4548 D osense-blo-strict: switchingCnt = 1
01-13 11:55:22.917  3522  5691 D FlexibleWindowManagerService: isIgnoreAppearedAcrossTask:false
01-13 11:55:22.918  3522  5691 D FlexibleWindowManagerService: isIgnoreAppearedAcrossTask:false
01-13 11:55:22.918  3522  5691 D FlexibleTaskController: findSourceTaskForFreeForm: sourceRecord = ActivityRecord{79915536 u0 com.android.launcher/.Launcher t2} ,realCallingPid:5166 ,launchFromZoomMode:false ,prevTopTask:Task{cc3ee72 #2 type=home I=com.android.launcher/.Launcher}
01-13 11:55:22.918  3522  5691 D FlexibleTaskController: adjustOptionsForFlexibleTask not allow options follow process task's options, reason:9 ,reusedOptions:null
01-13 11:55:22.918  3522  5691 D FlexibleTaskController: isSupportFlexibleWindow target = com.travels.travelling/.MainActivity callPkg = FlexibleTaskController support = true ,caller = 3522
01-13 11:55:22.918  3522  5691 D FlexibleWindowManagerService: no reused task found for ActivityRecord{91885079 u0 com.travels.travelling/.MainActivity t-1}
01-13 11:55:22.919  3522  5691 D CompactServiceDelegate: updateDecorsManagerIfNeed return because not attachToProcess task:Task{70774b3 #397 type=standard}
01-13 11:55:22.919  3522  5691 D CompactServiceDelegate: updateDecorsManagerIfNeed return because not attachToProcess task:Task{70774b3 #397 type=standard}
01-13 11:55:22.920  3522  5691 D TaskExtImpl: setScenario --> 0 for #397
01-13 11:55:22.921  3522  5691 D SecondaryPageStartupPolicy: checkSecondaryPageStartupStatus not support sourcePackage=com.android.launcher
01-13 11:55:22.922  3522  5691 D OplusStartingWindowManager: we don't revise window flags for third app
01-13 11:55:22.922  3522  5691 D ActivityTaskManager: validateStartingWindowTheme:  Pkg=com.travels.travelling, Translucent=false, Floating=false, ShowWallpaper=false, Disable=false, LaunchSource=2, Prev=null, LaunchedFromPackage=com.android.launcher
01-13 11:55:22.922  3522  5691 D ActivityTaskManager: addStartingWindow for ActivityRecord{91885079 u0 com.travels.travelling/.MainActivity t397}, mainWin=null, state=INITIALIZING, isKeyguardLocked=false, isKeyguardGoingAway=false
01-13 11:55:22.922  3522  5691 D ActivityTaskManager: getStartingWindowType: , newTask=true, taskSwitch=true, processRunning=false, allowTaskSnapshot=true, activityCreated=false, activityAllDrawn=false, snapshot exist: false
01-13 11:55:22.922  3522  5691 D ActivityRecordExtImpl: handleStartingWindowForCompactWindow origin type:2, adjustType : 2
01-13 11:55:22.923  3522  5691 D TaskOrganizerController: TaskOrganizerController.addStartingWindow: call wmshell to addStartingWindow:ActivityRecord{91885079 u0 com.travels.travelling/.MainActivity t397}
01-13 11:55:22.924  3522  5691 D ActivityTrigger: ActivityTrigger activityPauseTrigger 
01-13 11:55:22.924  4883  4965 D PhoneStartingWindowTypeAlgorithm: preferredStartingWindowType newTask=true, taskSwitch=true, processRunning=false, allowTaskSnapshot=true, activityCreated=false, isSolidColorSplashScreen=false, legacySplashScreen=false, activityDrawn=false, windowless=false, topIsHome=false
01-13 11:55:22.924  4883  4965 D OplusShellStartingWindowManager: getReviseStartingWindowType not support, windowInfo is null
01-13 11:55:22.924  4883  4965 D OplusShellStartingWindowManager: adjustSuggestedWindowType originType: 1, wi: StartingWindowInfo{taskId=397 targetActivityInfo=null displayId=0 topActivityType=1 preferredStartingWindowType=28b mainWindowLayoutParams=null splashScreenThemeResId 7f140234, exi: OplusStartingWindowExtendedInfo{mAppToken=android.os.BinderProxy@500ac1d, mSupportSplashScreenPreview=false, mIsSystemApp=false, mIsExceptionListApp=false, mPreviewBitmap=null, mShouldDrawBackground=false, mForceLightMode=false, mForceNightMode=false, mNotSupportNightMode=false, mForcePreview=false, mForceBigIcon=false, mQuickStartingSurface=null, mForceSolidColorSplash=false}
01-13 11:55:22.924  4883  4965 D OplusShellStartingWindowManager: adjustSuggestedWindowType: skip no-system app and no-exception list app
01-13 11:55:22.925  4883  4966 D ShellStartingWindow: getWindowAttrs SplashScreenWindowAttrs{ mWindowBgResId: 106009b, mWindowBgColor: ff000000, mWindowBgImage: false, mSplashScreenIcon: true, mBrandingImage: false, mIconBgColor: 0, uiMode: 0}
01-13 11:55:22.925  4883  4966 I ShellStartingWindow: makeSplashScreenContentView themeBGColor: ff000000, isDark: true, last config hash: -216658116
01-13 11:55:22.925  4883  4966 D ShellStartingWindow: SplashScreenView build mIconBgColor:0, mThemeColor:-16777216
01-13 11:55:22.925  4883  4965 D WindowManager: Add to mViews: android.widget.FrameLayout{d062063 V.E...... ......I. 0,0-0,0 alpha=1.0 viewInfo = },pkg= com.travels.travelling
01-13 11:55:22.925  4883  4966 D ShellStartingWindow: inconsize = 576
01-13 11:55:22.925  3522  4550 I [UAH_CLIENT]: UahEventAcquire, cmdid:1, pkg:com.travels.travelling, identity:com.android.server.wm
01-13 11:55:22.925  4883  5327 D skia    : setRusSupported enable 1
01-13 11:55:22.926  3522  5691 D ActivityTaskManager: notifyTaskRemoved, task: Task{e58612d #396 type=standard A=10495:com.travels.travelling} trace:com.android.server.wm.RecentTasks.removeForAddTask:1888 com.android.server.wm.RecentTasks.add:1377 com.android.server.wm.ActivityStarter.startActivityInner:3017 com.android.server.wm.ActivityStarter.startActivityUnchecked:2156 com.android.server.wm.ActivityStarter.executeRequest:1906 
01-13 11:55:22.926  3522  5691 D ActivityTaskManager: notifyTaskAdded, task: Task{70774b3 #397 type=standard A=10495:com.travels.travelling} trace:com.android.server.wm.RecentTasks.add:1392 com.android.server.wm.ActivityStarter.startActivityInner:3017 com.android.server.wm.ActivityStarter.startActivityUnchecked:2156 com.android.server.wm.ActivityStarter.executeRequest:1906 com.android.server.wm.ActivityStarter.execute:1004 
01-13 11:55:22.927  3522  4964 V GrammaticalInflectionUtils: AttributionSource: android.content.AttributionSource@1875be88 does not have READ_SYSTEM_GRAMMATICAL_GENDER permission.
01-13 11:55:22.927  3522  3700 W UserAwareMgr: can not find match thread: UiThreadHelper for process system_server Pid: 3522
01-13 11:55:22.927  4883  4924 V WindowManagerShell: Transition requested (#1322): android.os.BinderProxy@a305fbf TransitionRequestInfo { type = OPEN, triggerTask = TaskInfo{userId=0 taskId=397 effectiveUid=10495 displayId=0 isRunning=true baseIntent=Intent { act=android.intent.action.MAIN cat=[android.intent.category.LAUNCHER] flg=0x10200000 cmp=com.travels.travelling/.MainActivity mCallingUid=10230 } baseActivity=ComponentInfo{com.travels.travelling/com.travels.travelling.MainActivity} topActivity=ComponentInfo{com.travels.travelling/com.travels.travelling.MainActivity} origActivity=null realActivity=ComponentInfo{com.travels.travelling/com.travels.travelling.MainActivity}
01-13 11:55:22.927  4883  4924 V WindowManagerShell:  numActivities=1 lastActiveTime=135651542 supportsSplitScreenMultiWindow=true supportsMultiWindow=true supportsPocketStudioMultiWindow=true isInFlexibleEmbedded = false uid = 10495 pid = 0 resizeMode=1 isResizeable=true minWidth=-1 minHeight=-1 defaultMinSize=220 token=WCT{android.window.IWindowContainerToken$Stub$Proxy@7f268c} topActivityType=1 pictureInPictureParams=null shouldDockBigOverlays=false launchIntoPipHostTaskId=-1 lastParentTaskIdBeforePip=-1 displayCutoutSafeInsets=Rect(0, 120 - 0, 0)
01-13 11:55:22.927  4883  4924 V WindowManagerShell:  topActivityInfo=ActivityInfo{2a41d5 com.travels.travelling.MainActivity} launchCookies=[android.os.BinderProxy@1cb1dea] positionInParent=Point(0, 0) parentTaskId=-1 isFocused=false isVisible=false isVisibleRequested=false isTopActivityNoDisplay=false isSleeping=false locusId=null displayAreaFeatureId=1 isTopActivityTransparent=false isActivityStackTransparent=false lastNonFullscreenBounds=Rect(276, 684 - 804, 1764) capturedLink=null capturedLinkTimestamp=0 requestedVisibleTypes=-9 topActivityRequestOpenInBrowserEducationTimestamp=0
01-13 11:55:22.927  4883  4924 V WindowManagerShell:  appCompatTaskInfo=AppCompatTaskInfo { topActivityInSizeCompat=false topActivityInOplusCompatMode=false eligibleForLetterboxEducation= false isLetterboxEducationEnabled= false isLetterboxDoubleTapEnabled= false eligibleForUserAspectRatioButton= false topActivityBoundsLetterboxed= false isFromLetterboxDoubleTap= false topActivityLetterboxVerticalPosition= -1 topActivityLetterboxHorizontalPosition= -1 topActivityLetterboxWidth=-1 topActivityLetterboxHeight=-1 topActivityAppBounds=Rect(0, 0 - 1080, 2376) isUserFullscreenOverrideEnabled=false isSystemFullscreenOverrideEnabled=false hasMinAspectRatioOverride=false topActivityLetterboxBounds=null cameraCompatTaskInfo=CameraCompatTaskInfo { freeformCameraCompatMode=inactive}} topActivityMainWindowFrame=null topActivityLetterboxInsets=Rect(0, 0 - 0, 0)
01-13 11:55:22.927  4883  4924 V WindowManagerShell:  mOplusExtraBundle = Bundle[mParcelledData.dataSize=1476]}, pipChange = null, remoteTransition = RemoteTransition { remoteTransition = android.window.IRemoteTransition$Stub$Proxy@39538db, appThread = android.app.IApplicationThread$Stub$Proxy@23e1f78, debugName = QuickstepLaunch }, displayChange = null, flags = 0, debugId = 1322 }
01-13 11:55:22.927  4883  4924 D ShellSplitScreen: logExit: no-op, mLoggerSessionId is null
01-13 11:55:22.927  4883  4924 V WindowManagerShell: RemoteTransition directly requested for (#1322) android.os.BinderProxy@a305fbf: RemoteTransition { remoteTransition = android.window.IRemoteTransition$Stub$Proxy@39538db, appThread = android.app.IApplicationThread$Stub$Proxy@23e1f78, debugName = QuickstepLaunch }
01-13 11:55:22.928  4883  4924 V WindowManagerShell: Transition (#1322): request handled by DefaultMixedHandler
01-13 11:55:22.928  3522  5691 D osense.compress: notifyActivityLaunched pkgName = com.travels.travelling, userId = 0
01-13 11:55:22.928  5166  5166 D InsetsController: hide(ime(), fromIme=false)
01-13 11:55:22.928  3522  5691 I ActivityTaskManager: START u0 {act=android.intent.action.MAIN cat=[android.intent.category.LAUNCHER] flg=0x10200000 xflg=0x4 cmp=com.travels.travelling/.MainActivity bnds=[299,959][532,1247] (has extras) mCallingUid=10230} with LAUNCH_SINGLE_TASK from uid 10230 (sr=79915536) (BAL_ALLOW_VISIBLE_WINDOW (callingUid has visible window)) result code=0
01-13 11:55:22.928  5166  5166 I ImeTracker: com.android.launcher:fee1e981: onRequestHide at ORIGIN_CLIENT reason HIDE_SOFT_INPUT_BY_INSETS_API fromUser false
01-13 11:55:22.928  5166  5166 W WindowOnBackDispatcher: sendCancelIfRunning: isInProgress=false callback=ImeCallback=ImeOnBackInvokedCallback@61496170 hash=182984400 Callback=android.window.IOnBackInvokedCallback$Stub$Proxy@416a364
01-13 11:55:22.928  5166  5166 D InsetsController: Setting requestedVisibleTypes to -9 (was -1)
01-13 11:55:22.929  5166  5166 I SplitScreenManager: Attached Launcher#8382289 ON_PAUSE
01-13 11:55:22.929  5166  5166 D AnimSeqTimeStamp: resetLastLaunchTaskTime
01-13 11:55:22.929  3522  4225 I AppSnapshotController: attachStartingWindow, win = Window{556f0a3 u0 Splash Screen com.travels.travelling}, shouldAppSnapshot = false
01-13 11:55:22.929  5034  6198 I iopgp   : Iopgp: TRANSACTION_IOPGP_PRELOAD Sequence_id = 55 pkg_name = com.travels.travelling uid = 10495 size = 1 isProfile = 1
01-13 11:55:22.929  3522  4225 D ActivityTaskManager: attachStartingWindow: mStartingData=SplashScreenStartingData{e6cd759 removeAfterTransaction= 0},mStartingWindow=Window{556f0a3 u0 Splash Screen com.travels.travelling}
01-13 11:55:22.929  3522  4225 I WindowManager: addWindow: New client android.os.BinderProxy@67537d2 : window=Window{556f0a3 u0 Splash Screen com.travels.travelling}
01-13 11:55:22.929  4883  4965 D ViewRootImplExtImpl: onDisplayChanged -1 for VRI android.view.ViewRootImpl@9a487b7
01-13 11:55:22.930  3522  3687 D FlexibleWindowManagerService: onFlexibleWindowTaskAppeared: task = 397, visible = false
01-13 11:55:22.930  3522  3687 D OplusFlexibleWindowMinimizedManagerHelper: onTaskAppered taskInfo:397
01-13 11:55:22.930  3522  3687 D OplusFlexibleDragToSplitAnimController: visibleFlexibleTaskInfos delete:397
01-13 11:55:22.930  3522  3687 E FlexibleWindowManagerService: notifyTaskObserverToAttachController not need to notify!
01-13 11:55:22.930  3522  3687 D FlexibleWindowManagerService: should not dispatch appeared task Task{70774b3 #397 type=standard A=10495:com.travels.travelling}
01-13 11:55:22.930  3522  3700 I UserAwareMgr: event is already released: SceneEvent{id=5007, maxWorkDurationMs=200, caller='[android]', eventFlags=256, fbPriority=1, keyThreads=[KeyThread{name=binder, owner=android, schedPolicy=ux, priority=HEAVY, maxThreadCount=16}], vipBinderGroup=null}, callingPid: 3522, appPid: 0
01-13 11:55:22.931  4883  4924 D ShellTaskOrganizer: Task appeared taskId=397, parentTaskId=-1, taskVisibility=false
01-13 11:55:22.931  4883  4924 D ShellTaskOrganizerExt: visibleFlexibleTaskInfos delete:397
01-13 11:55:22.931  4883  4924 D ShellTaskOrganizerExt: isOnCanvas size:0
01-13 11:55:22.931  4883  4924 D ShellTaskOrganizerExt: isOnThreeFlexibleCanvas size:0
01-13 11:55:22.931  3522  4675 D CoreBackPreview: Window{882e011 u0 com.android.launcher/com.android.launcher.Launcher}: Setting back callback OnBackInvokedCallbackInfo{mCallback=android.window.IOnBackInvokedCallback$Stub$Proxy@5caff1e, mPriority=0, mIsAnimationCallback=false, mOverrideBehavior=0}
01-13 11:55:22.931  3522  3570 I OplusHansManager : front pkg: com.travels.travelling, uid: 10495, prev pkg: com.android.launcher, prev uid: 10230
01-13 11:55:22.932  3522  3570 D RefreshRate: boostRefreshId choose max:currentRefreshRate:120.00001 targetRefreshRate:60.0 mCurrentPickRate:120.00001
01-13 11:55:22.932  3522  3570 D RefreshRate: Trigger app switch boost, ar=ActivityRecord{91885079 u0 com.travels.travelling/.MainActivity t397},currDisplayRate=120.00001,boostId=3
01-13 11:55:22.932  3522  4984 D NativeFreezeManager: freezeForAppSwitchScene mAppLaunchFzDxEnable enter, mFgAppPkgname com.travels.travelling
01-13 11:55:22.932  3522  3570 D RefreshRate: setDisplayConfigSpecs complete: targetMode={id=1, width=1264, height=2780, fps=120.00001, vsync=120.00001, synthetic=false, alternativeRefreshRates=[60.000004, 90.0], supportedHdrTypes=[1, 2, 3, 4]},srcMode={id=1, width=1264, height=2780, fps=120.00001, vsync=120.00001, synthetic=false, alternativeRefreshRates=[60.000004, 90.0], supportedHdrTypes=[1, 2, 3, 4]},sfModId=0,rate=120.00001
01-13 11:55:22.932  3522  3570 D RefreshRate: startAppSwitchBoost targetMode={id=1, width=1264, height=2780, fps=120.00001, vsync=120.00001, synthetic=false, alternativeRefreshRates=[60.000004, 90.0], supportedHdrTypes=[1, 2, 3, 4]} record=ActivityRecord{91885079 u0 com.travels.travelling/.MainActivity t397}: votes=PRIORITY_START_ANIMATION_BOOST -> Vote{mRefreshRate=120.0, mMinRefreshRate=120.0, mRequestSource=null};PRIORITY_WINDOW_REQUEST -> Vote{mRefreshRate=120.0, mMinRefreshRate=120.0, mRequestSource=null};
01-13 11:55:22.932  3522  3757 D RefreshRate: do setDisplayConfigSpecs  
01-13 11:55:22.932  3522  4550 D JobSchedulerServiceExtImpl: updateOsenseRestrictMode for 1 true false
01-13 11:55:22.932  2158  2459 D SurfaceFlinger: VRR [SurfaceFlinger] setDesiredDisplayModeSpecs, from process 3522, 0, 0, primaryRanges = [ 120.000008, 120.000008, 120.000008, 120.000008 ], appRequestRanges = [ 120.000008, 120.000008, 120.000008 120.000008 ]
01-13 11:55:22.932  3522  3570 V SensorManager: call sensorServiceCommonInterface name: setScreenShotDisable
01-13 11:55:22.932  3522  3570 D SensorServiceExtImpl: sensorServiceCommonInterface funcName = setScreenShotDisable, flag = 0, status = 0
01-13 11:55:22.932  2158  2158 I RefreshRateSelector: Display 4630946652107814787 policy changed
01-13 11:55:22.932  2158  2158 I RefreshRateSelector: Previous: {defaultModeId=0, allowGroupSwitching=false, primaryRanges={physical=[0.00 Hz, 120.00 Hz], render=[0.00 Hz, 120.00 Hz]}, appRequestRanges={physical=[0.00 Hz, 120.00 Hz], render=[0.00 Hz, 120.00 Hz]} idleScreenConfig=nullptr}
01-13 11:55:22.932  2158  2158 I RefreshRateSelector: Current:  DisplayManagerPolicy{defaultModeId=0, allowGroupSwitching=false, primaryRanges={physical=[120.00 Hz, 120.00 Hz], render=[120.00 Hz, 120.00 Hz]}, appRequestRanges={physical=[120.00 Hz, 120.00 Hz], render=[120.00 Hz, 120.00 Hz]} idleScreenConfig=nullptr}
01-13 11:55:22.932  2158  2158 I RefreshRateSelector: 0 mode changes were performed under the previous policy
01-13 11:55:22.932  3522  4550 I [UAH_CLIENT]: UahEventAcquire, cmdid:1, pkg:com.travels.travelling, identity:com.android.server.wm
01-13 11:55:22.932  2158  2158 D SurfaceFlinger: VRR [SurfaceFlinger] applyRefreshRateSelectorPolicy: 0 (120.00 Hz), policy: {defaultModeId=0, allowGroupSwitching=false, primaryRanges={physical=[120.00 Hz, 120.00 Hz], render=[120.00 Hz, 120.00 Hz]}, appRequestRanges={physical=[120.00 Hz, 120.00 Hz], render=[120.00 Hz, 120.00 Hz]} idleScreenConfig=nullptr}
01-13 11:55:22.932  2158  2158 D SurfaceFlinger: VRR [SurfaceFlinger] setDesiredActiveMode: displayId: 4630946652107814787, renderRate: 120, vsyncRate: 120, event: 1
01-13 11:55:22.932  2158  2158 D DisplayModeController: setDesiredMode 4630946652107814787 {mode={fps=120.00 Hz, modePtr={id=0, vsyncRate=120.00 Hz, peakRefreshRate=120.00 Hz}}, emitEvent=true, force=false}
01-13 11:55:22.933  3522  3570 D ActivityTaskManager: setAppVisibility(Token{92d6a70 ActivityRecord{91885079 u0 com.travels.travelling/.MainActivity t397}}, visible=true):  visible=false mVisibleRequested=false
01-13 11:55:22.933  2158  2774 D VRR [OTI]: handleIdle from 0 to 0
01-13 11:55:22.933  2158  2774 D VRR [OTI-HW]: isStateReady 0
01-13 11:55:22.933  2158  2774 D VRR [OTI-HW]: keep rate.
01-13 11:55:22.933  3522  3570 D ActivityTaskManager: setVisibility(Token{92d6a70 ActivityRecord{91885079 u0 com.travels.travelling/.MainActivity t397}}, visible=true) defer commitVisibility for transition collecting
01-13 11:55:22.933  3522  3570 V SensorManager: call sensorServiceCommonInterface name: setScreenShotDisable
01-13 11:55:22.933  3522  3570 D SensorServiceExtImpl: sensorServiceCommonInterface funcName = setScreenShotDisable, flag = 0, status = 0
01-13 11:55:22.933  4883  4965 E OplusBracketLog: [OplusViewMirrorManager] updateHostViewRootIfNeeded, not support android.view.ViewRootImpl@9a487b7
01-13 11:55:22.933  3522  3570 D ActivityTaskManager: setAppVisibility(Token{5cd7740 ActivityRecord{79915536 u0 com.android.launcher/.Launcher t2}}, visible=false):  visible=true mVisibleRequested=true
01-13 11:55:22.933  3522  4550 I [UAH_CLIENT]: UahEventAcquire, cmdid:1, pkg:com.travels.travelling, identity:com.android.server.wm
01-13 11:55:22.933  3522  3570 D ActivityTaskManager: setVisibility(Token{5cd7740 ActivityRecord{79915536 u0 com.android.launcher/.Launcher t2}}, visible=false) defer commitVisibility for transition collecting
01-13 11:55:22.933  4883  4965 D ViewRootImplExtImpl: wrapConfigInfoIntoFlags rotation=0, smallestScreenWidthDp=0, residentWS=false, scenario=0, bounds=Rect(0, 0 - 1080, 2376), relayoutAsync=false, flags=0, newFlags=1245708288, title=Splash Screen com.travels.travelling
01-13 11:55:22.933  3522  5213 W OplusHansManager : Failed to notify phone app uid : not register
01-13 11:55:22.934  3522  4225 D OplusWindowManagerServiceEnhance: setInsetAnimationTid: pid 5166 ,tid 5166 ,enable true ,uafEnable true
01-13 11:55:22.934  5166  5166 E DynamicFramerate [DynamicFrameRateManagerImpl]: setFrameRateInternalForWindow: TIMING_DO_WINDOW_ANIMATION request is = FrameRateRequest: {  mUniqueID = 113523149, mVelocity = -1, mPreviousFrameRate = 0, mBindWithSC = true, mSc = Surface(name=Surface(name=5ffd8a7 InputMethod)/@0x9ce68fd - animation-leash of insets_animation)/@0x6c439cd, mTransaction = android.view.SurfaceControl$Transaction@7a55095, Type = 20103 } , frameRate 120
01-13 11:55:22.934  3522  4675 V WindowManager: Relayout Window{556f0a3 u0 Splash Screen com.travels.travelling}: viewVisibility=0, oldvis=0, req=1080x2376 , apr = 0, vsysui=, x=0, y=0
01-13 11:55:22.934  3522  4675 I WindowManager: Window{556f0a3 u0 Splash Screen com.travels.travelling} state from NO_SURFACE to DRAW_PENDING; reason: resetDrawState
01-13 11:55:22.935  4883  4924 D ZoomController: onTaskMovedToFront, task id:397
01-13 11:55:22.935  4883  4924 I ZoomUiController: FloatHandle-isFloatHandleShow mPackageName = null
01-13 11:55:22.935  3522  4675 D WindowManager: NFW_findFocusedWindowIfNeeded:null mCurrentFocus:Window{882e011 u0 com.android.launcher/com.android.launcher.Launcher}
01-13 11:55:22.935  3522  4675 V WindowManager: Changing focus from Window{882e011 u0 com.android.launcher/com.android.launcher.Launcher} to null,diplayid=0
01-13 11:55:22.936  3522  3757 D DisplayModeDirector: setAppRequest displayId : 0  modeId: 1  requestedRefreshRate: 120.00001  requestedMinRefreshRateRange: 120.00001  requestedMaxRefreshRateRange: 120.00001
01-13 11:55:22.936  3522  3757 D VRR [OPlusRefreshRateService]:  setDirectorStates [flag: 1, state: 1, directorStateOff: 1]
01-13 11:55:22.936  3522  4675 D WindowManager: rotation(ROTATION_0) no changed  displayId = 0, lastOrientation = 1
