01-17 15:17:45.744  3522  3751 D AutomaticController[display=0]: brightness changed!!!finalLux:162.54, weightLux:162.54, automaticLux:162.54, lastFinalLux:563.2425, lastAutomaticLux:563.2425, deviceDirection:Darkening, environmentDirection:Darkening, scene:NormalScene, accelerateScale:1.0, updateProcess:[LargeChange], luxQueue:[162.53802, 162.53802, 162.53802, 162.53802, 162.53802], [(563.2425, 126.32425, 1771.7496)->(162.54, 92.74953, 1542.7146)], drag:null
01-17 15:17:45.744  3522  3755 D OplusFeatureBrightnessBarController: BrightnessBarController is not support.
01-17 15:17:45.744  3522  3751 D AutomaticController[display=0]: Detailed Statistics:PhoneState{TimeEvent{event:CALENDER_TIME id:1}-15:17:00, LuxEvent{event:MAIN_LUX lux:162.53802}, ProximityEvent{event:FAR id:1}, MotionEvent{event:MOTIONLESS id:0}, InOutDoorEvent{event:IN_DOOR id:0}, DarkModeEvent{event:DARK_MODE id:0}, NetworkEvent{event:WIFI id:0}}
01-17 15:17:45.748  3522  3751 D OplusBiometricsDisplayHelper: isFold: false, isUnblockByFp: null
01-17 15:17:46.009  3522  3755 D OplusBrightnessPhoneStateManager: LuxEvent{event:MAIN_LUX lux:475.95984} -> LuxEvent{event:MAIN_LUX lux:475.95984}
01-17 15:17:46.010  3522  3755 D OplusBrightnessAmbientAdapter[StabilityProcess]: updateRangeStrategy: reason[LuxChange ] baseLux:162.54, scene:NormalScene large{29.589998, 455.08} largeForAux{29.589998, 455.08} small{109.353745, 215.72624} null
01-17 15:17:46.276  3522  3755 D OplusBrightnessPhoneStateManager: LuxEvent{event:MAIN_LUX lux:577.01556} -> LuxEvent{event:MAIN_LUX lux:577.01556}
01-17 15:17:46.281  3522  3755 D OplusFeatureBrightnessBarController: BrightnessBarController is not support.
01-17 15:17:46.281  3522  3751 D AutomaticController[display=0]: brightness changed!!!finalLux:526.49, weightLux:526.49, automaticLux:526.49, lastFinalLux:162.54, lastAutomaticLux:162.54, deviceDirection:Brightening, environmentDirection:Brightening, scene:NormalScene, accelerateScale:1.0, updateProcess:[LargeChange], luxQueue:[475.95984, 577.01556], [(162.54, 92.74953, 1542.7146)->(526.49, 122.648994, 1748.414)], drag:null
01-17 15:17:46.284  3522  3751 D OplusBiometricsDisplayHelper: isFold: false, isUnblockByFp: null
01-17 15:17:46.540  3522  3755 D OplusBrightnessPhoneStateManager: LuxEvent{event:MAIN_LUX lux:577.01556} -> LuxEvent{event:MAIN_LUX lux:577.01556}
01-17 15:17:46.540  3522  3755 D OplusBrightnessAmbientAdapter[StabilityProcess]: updateRangeStrategy: reason[LuxChange ] baseLux:526.49, scene:NormalScene large{194.05624, 1169.735} largeForAux{194.05624, 1169.735} small{404.53015, 648.4498} null
01-17 15:17:46.812  3522  3755 D OplusBrightnessPhoneStateManager: LuxEvent{event:MAIN_LUX lux:577.01556} -> LuxEvent{event:MAIN_LUX lux:577.01556}
01-17 15:17:46.898  3522  4367 V AlarmManager: sending alarm Alarm{2c2a7c9 type 1 origWhen 1768643266896 whenElapsed 493395513 android} uid 1000 whenElapsed 493395513 windowLength 0 maxWhenElapsed 493395513 repeatInterval 0 action null component null tag StorgaeBandInfoAlarmTag flags 0x9 procName system_server
01-17 15:17:47.074  3522  3755 D OplusBrightnessPhoneStateManager: LuxEvent{event:MAIN_LUX lux:621.7041} -> LuxEvent{event:MAIN_LUX lux:621.7041}
01-17 15:17:47.161  3522  4228 D osense.compress: com.google.android.youtube do shrink, target ratio = 90, final ratio = 90, cur ratio = 88
01-17 15:17:47.168  3522  4228 D osense.compress: com.google.android.gm do shrink, target ratio = 83, final ratio = 90, cur ratio = 76
01-17 15:17:47.344  3522  3755 D OplusBrightnessPhoneStateManager: LuxEvent{event:MAIN_LUX lux:621.7041} -> LuxEvent{event:MAIN_LUX lux:621.7041}
01-17 15:17:47.607  3522  3755 D OplusBrightnessPhoneStateManager: LuxEvent{event:MAIN_LUX lux:623.44055} -> LuxEvent{event:MAIN_LUX lux:623.44055}
01-17 15:17:47.874  3522  3755 D OplusBrightnessPhoneStateManager: LuxEvent{event:MAIN_LUX lux:623.44055} -> LuxEvent{event:MAIN_LUX lux:623.44055}
01-17 15:17:48.144  3522  3755 D OplusBrightnessPhoneStateManager: LuxEvent{event:MAIN_LUX lux:623.44055} -> LuxEvent{event:MAIN_LUX lux:623.44055}
01-17 15:17:48.902  3522  4367 V AlarmManager: sending alarm Alarm{56f923d type 1 origWhen 1768643268902 whenElapsed 493397518 android} uid 1000 whenElapsed 493397518 windowLength 0 maxWhenElapsed 493397518 repeatInterval 0 action null component null tag StorgaeBandInfoAlarmTag flags 0x9 procName system_server
01-17 15:17:49.489  3522  4367 V AlarmManager: sending alarm Alarm{131c383 type 3 origWhen 493398102 whenElapsed 493398102 android} uid 1000 whenElapsed 493398102 windowLength 0 maxWhenElapsed 493398102 repeatInterval 0 action null component null tag *usage.launchTime* flags 0x9 procName system_server
01-17 15:17:49.521  3522  4259 V Configuration: Updating configuration, locales updated from [] to [en_GB,en_IN]
01-17 15:17:49.521  3522  4259 V Configuration: Updating configuration, locales updated from [] to [en_GB,en_IN]
01-17 15:17:49.522  3522  4259 V Configuration: Updating configuration, locales updated from [] to [en_GB,en_IN]
01-17 15:17:49.531  3522  4259 D IntervalStats: Unable to parse usage stats packages: [961]
01-17 15:17:49.535  3522  4259 V Configuration: Updating configuration, locales updated from [] to [en_GB,en_IN]
01-17 15:17:49.535  3522  4259 V Configuration: Updating configuration, locales updated from [] to [en_GB,en_IN]
01-17 15:17:49.536  3522  4259 V Configuration: Updating configuration, locales updated from [] to [en_GB,en_IN]
01-17 15:17:49.544  3522  4259 D IntervalStats: Unable to parse usage stats packages: [921]
01-17 15:17:49.548  3522  4259 V Configuration: Updating configuration, locales updated from [] to [en_GB,en_IN]
01-17 15:17:49.549  3522  4259 V Configuration: Updating configuration, locales updated from [] to [en_GB,en_IN]
01-17 15:17:49.549  3522  4259 V Configuration: Updating configuration, locales updated from [] to [en_GB]
01-17 15:17:49.549  3522  4259 V Configuration: Updating configuration, locales updated from [] to [en_GB,en_IN]
01-17 15:17:49.549  3522  4259 V Configuration: Updating configuration, locales updated from [] to [en_GB,en_IN]
01-17 15:17:49.549  3522  4259 V Configuration: Updating configuration, locales updated from [] to [en_GB]
01-17 15:17:49.549  3522  4259 V Configuration: Updating configuration, locales updated from [] to [en_GB]
01-17 15:17:49.549  3522  4259 V Configuration: Updating configuration, locales updated from [] to [en_GB,en_IN]
01-17 15:17:49.561  3522  4259 D IntervalStats: Unable to parse usage stats packages: [921, 961, 1007, 1008, 1009]
01-17 15:17:49.565  3522  4259 V Configuration: Updating configuration, locales updated from [] to [en_GB,en_IN]
01-17 15:17:49.565  3522  4259 V Configuration: Updating configuration, locales updated from [] to [en_GB,en_IN]
01-17 15:17:49.567  3522  4259 D IntervalStats: Unable to parse usage stats packages: [921, 1009, 1031, 1033, 1034]
01-17 15:17:49.569  3522  4259 V Configuration: Updating configuration, locales updated from [] to [en_GB,en_IN]
01-17 15:17:49.569  3522  4259 V Configuration: Updating configuration, locales updated from [] to [en_GB,en_IN]
01-17 15:17:49.572  3522  4259 D IntervalStats: Unable to parse usage stats packages: [1033, 1036, 1037]
01-17 15:17:49.574  3522  4259 V Configuration: Updating configuration, locales updated from [] to [en_GB,en_IN]
01-17 15:17:49.574  3522  4259 V Configuration: Updating configuration, locales updated from [] to [en_GB,en_IN]
01-17 15:17:49.578  3522  4259 D IntervalStats: Unable to parse usage stats packages: [1037, 1039, 1040]
01-17 15:17:49.579  3522  4259 V Configuration: Updating configuration, locales updated from [] to [en_GB,en_IN]
01-17 15:17:49.579  3522  4259 V Configuration: Updating configuration, locales updated from [] to [en_GB,en_IN]
01-17 15:17:49.581  3522  4259 D IntervalStats: Unable to parse usage stats packages: [1040]
01-17 15:17:49.582  3522  4259 D UsageStatsService: User[0] type=0 b=1768038469511 e=1768643269511 cb=1768577084611 ce=1768643256847 disk=1 all=1
01-17 15:17:50.906  3522  4367 V AlarmManager: sending alarm Alarm{9a963e2 type 1 origWhen 1768643270906 whenElapsed 493399522 android} uid 1000 whenElapsed 493399522 windowLength 0 maxWhenElapsed 493399522 repeatInterval 0 action null component null tag StorgaeBandInfoAlarmTag flags 0x9 procName system_server
01-17 15:17:52.876  3522  3729 D BatteryStatsImplExtImpl: mActiveProcesses size = 50
01-17 15:17:52.877  3522  3729 D BatteryStatsImplExtImpl: rpmhStats is null or interval time is too short.
01-17 15:17:52.910  3522  4367 V AlarmManager: sending alarm Alarm{20f8d3a type 1 origWhen 1768643272910 whenElapsed 493401526 android} uid 1000 whenElapsed 493401526 windowLength 0 maxWhenElapsed 493401526 repeatInterval 0 action null component null tag StorgaeBandInfoAlarmTag flags 0x9 procName system_server
01-17 15:17:54.912  3522  4367 V AlarmManager: sending alarm Alarm{9605760 type 1 origWhen 1768643274912 whenElapsed 493403528 android} uid 1000 whenElapsed 493403528 windowLength 0 maxWhenElapsed 493403528 repeatInterval 0 action null component null tag StorgaeBandInfoAlarmTag flags 0x9 procName system_server
01-17 15:17:55.910  3522  4228 D osense.compress: com.google.android.googlequicksearchbox do shrink, target ratio = 90, final ratio = 90, cur ratio = 88
01-17 15:17:56.924  3522  4367 V AlarmManager: sending alarm Alarm{59268d5 type 1 origWhen 1768643276924 whenElapsed 493405540 android} uid 1000 whenElapsed 493405540 windowLength 0 maxWhenElapsed 493405540 repeatInterval 0 action null component null tag StorgaeBandInfoAlarmTag flags 0x9 procName system_server
01-17 15:17:57.335  4883  5779 V OplusCustomizeCacheManager: queryCache name: cache_key.system_server.common_customize_cache11009 param: null
01-17 15:17:57.897  3522  4228 D osense.compress: com.google.android.gm do shrink, target ratio = 83, final ratio = 90, cur ratio = 76
01-17 15:17:58.501  3522  4228 D osense.compress: com.google.android.apps.chromecast.app do shrink, target ratio = 60, final ratio = 90, cur ratio = 31
01-17 15:17:58.926  3522  4367 V AlarmManager: sending alarm Alarm{53376b7 type 1 origWhen 1768643278926 whenElapsed 493407542 android} uid 1000 whenElapsed 493407542 windowLength 0 maxWhenElapsed 493407542 repeatInterval 0 action null component null tag StorgaeBandInfoAlarmTag flags 0x9 procName system_server
01-17 15:18:00.000  3522  4367 V AlarmManager: sending alarm Alarm{22485af type 3 origWhen 493408616 whenElapsed 493408616 android} uid 1000 whenElapsed 493408616 windowLength 0 maxWhenElapsed 493408616 repeatInterval 0 action null component null tag TIME_TICK flags 0x9 procName system_server
01-17 15:18:00.032  3522  3755 D OplusDisplayBrightnessBroadcastReceiver: onReceive action = android.intent.action.TIME_TICK , listeners = [com.android.server.display.color.eyeprotect.manager.AiCurveManager$RhythmBroadcastReceiverWithUpgradeUI@1d447e6, com.android.server.display.feature.ambience.events.event.TimeEvent$TimeChangeReceiver@aa172d8]
01-17 15:18:00.345  3522  5538 W AppOps  : Noting op not finished: uid 10128 pkg com.google.android.gms code 113 startTime of in progress event=1768643197023
01-17 15:18:00.349  3522  5538 W AppOps  : Noting op not finished: uid 10128 pkg com.google.android.gms code 113 startTime of in progress event=1768643197023
01-17 15:18:00.361  3522  5538 W AppOps  : Noting op not finished: uid 10128 pkg com.google.android.gms code 79 startTime of in progress event=1768643197023
01-17 15:18:00.933  3522  4367 V AlarmManager: sending alarm Alarm{ddcde84 type 1 origWhen 1768643280933 whenElapsed 493409549 android} uid 1000 whenElapsed 493409549 windowLength 0 maxWhenElapsed 493409549 repeatInterval 0 action null component null tag StorgaeBandInfoAlarmTag flags 0x9 procName system_server
01-17 15:18:01.346  3522  5590 W AppOps  : Noting op not finished: uid 10128 pkg com.google.android.gms code 113 startTime of in progress event=1768643197023
01-17 15:18:02.942  3522  4367 V AlarmManager: sending alarm Alarm{edd987 type 1 origWhen 1768643282942 whenElapsed 493411558 android} uid 1000 whenElapsed 493411558 windowLength 0 maxWhenElapsed 493411558 repeatInterval 0 action null component null tag StorgaeBandInfoAlarmTag flags 0x9 procName system_server
01-17 15:18:03.496 12940 12940 I AppWidgetManager: updateAppWidgetIds, mPackageName: com.spotify.music, appWidgetIds: [], views:android.widget.RemoteViews@98525d2
01-17 15:18:03.497  3522  5590 D AppWidgetServiceImpl: updateAppWidgetIds appWidgetIds is null or appWidgetIds.length == 0
01-17 15:18:03.501 12940 12940 I AppWidgetManager: updateAppWidgetIds, mPackageName: com.spotify.music, appWidgetIds: [], views:android.widget.RemoteViews@1a346a3
01-17 15:18:03.504  3522  5590 D AppWidgetServiceImpl: updateAppWidgetIds appWidgetIds is null or appWidgetIds.length == 0
01-17 15:18:03.513  3522  5590 W ActivityManager: Foreground service started from background can not have location/camera/microphone access: service com.spotify.music/com.spotify.app.music.service.SpotifyService
01-17 15:18:03.516  3522  3717 D NotificationService--OplusNotificationFixHelper: fixAppIcon: pkg=com.spotify.music
01-17 15:18:03.517  3522  3717 D NotificationService--OplusNotificationFixHelper: fixAppIcon: appIcon = null, pkg = com.spotify.music
01-17 15:18:03.518  3522  3717 I OplusStatusBarManagerServiceEnhance:  getTopIsFullscreen mTopIsFullscreen: false
01-17 15:18:03.519  3522  3522 D NotificationService--OplusNotificationManagerServiceExtImpl: isForwardToAssistants: true, case : Is local notification
01-17 15:18:03.519  3522  3522 D NotificationService: This application enqueue notifications is need postDelayed mcsAssistantDelayTime: 200
01-17 15:18:03.520  3522  5590 D NotificationService--OplusNotificationFixHelper: fixAppIcon: pkg=com.spotify.music
01-17 15:18:03.520  3522  5590 D NotificationService--OplusNotificationFixHelper: fixAppIcon: appIcon = null, pkg = com.spotify.music
01-17 15:18:03.521  3522  5590 I OplusStatusBarManagerServiceEnhance:  getTopIsFullscreen mTopIsFullscreen: false
01-17 15:18:03.521  3522  5590 W ActivityManager: Permission Denial: getTopApplicationInfo from pid=12940, uid=10349 requires oplus.permission.OPLUS_COMPONENT_SAFE
01-17 15:18:03.523  3522  5691 W ActivityManager: Foreground service started from background can not have location/camera/microphone access: service com.spotify.music/com.spotify.app.music.service.SpotifyService
01-17 15:18:03.524  3522  3717 D NotificationService--OplusNotificationFixHelper: fixAppIcon: pkg=com.spotify.music
01-17 15:18:03.524  3522  3717 D NotificationService--OplusNotificationFixHelper: fixAppIcon: appIcon = null, pkg = com.spotify.music
01-17 15:18:03.525  3522  5691 D NotificationService--OplusNotificationFixHelper: fixAppIcon: pkg=com.spotify.music
01-17 15:18:03.525  3522  5691 D NotificationService--OplusNotificationFixHelper: fixAppIcon: appIcon = null, pkg = com.spotify.music
01-17 15:18:03.526  3522  3522 D NotificationService--OplusNotificationManagerServiceExtImpl: isForwardToAssistants: true, case : Is local notification
01-17 15:18:03.526  3522  3522 D NotificationService: This application enqueue notifications is need postDelayed mcsAssistantDelayTime: 200
01-17 15:18:03.527  3522  3717 I OplusStatusBarManagerServiceEnhance:  getTopIsFullscreen mTopIsFullscreen: false
01-17 15:18:03.527  3522  5691 I OplusStatusBarManagerServiceEnhance:  getTopIsFullscreen mTopIsFullscreen: false
01-17 15:18:03.527  3522  5691 W ActivityManager: Permission Denial: getTopApplicationInfo from pid=12940, uid=10349 requires oplus.permission.OPLUS_COMPONENT_SAFE
01-17 15:18:03.533  3522  3522 D NotificationService--OplusNotificationManagerServiceExtImpl: isForwardToAssistants: true, case : Is local notification
01-17 15:18:03.533  3522  3522 D NotificationService: This application enqueue notifications is need postDelayed mcsAssistantDelayTime: 200
01-17 15:18:03.534  3522  3522 D NotificationService--OplusNotificationManagerServiceExtImpl: isForwardToAssistants: true, case : Is local notification
01-17 15:18:03.534  3522  3522 D NotificationService: This application enqueue notifications is need postDelayed mcsAssistantDelayTime: 200
01-17 15:18:03.535  3522  5691 I OplusMediaControlService: updateControllerMap begin
01-17 15:18:03.536  3522  5691 D OplusMediaControlService: isInMediaBlackList: com.google.android.youtube, 0
01-17 15:18:03.536  3522  5691 V OplusMediaControlService: this app is in media black list, pkgName: com.google.android.youtube
01-17 15:18:03.536  3522  5691 D OplusMediaControlService: isInMediaBlackList: com.google.android.youtube, 0
01-17 15:18:03.536  3522  5691 V OplusMediaControlService: this app is in media black list, pkgName: com.google.android.youtube
01-17 15:18:03.536  3522  5691 I OplusMediaControlService: updataPlayStateMap begin
01-17 15:18:03.536  3522  5691 I OplusMediaControlService: updateMetadataMap begin
01-17 15:18:03.536  3522  5691 I OplusMediaControlService: getPlayerInfo, playerId: 83316474, pkgname: com.spotify.music
01-17 15:18:03.536  3522  5691 I OplusMediaControlService: getPlayerInfo, playerId: 162746262, pkgname: tv.twitch.android.app
01-17 15:18:03.537  3522  5691 D OplusMediaControlService: isInMediaBlackList: com.google.android.youtube, 0
01-17 15:18:03.537  3522  5691 V OplusMediaControlService: this app is in media black list, pkgName: com.google.android.youtube
01-17 15:18:03.537  3522  5691 I OplusMediaControlService: getCurrentPlayerInfoList InfoList size: 2
01-17 15:18:03.542  3522  5538 I OplusMediaControlService: updateControllerMap begin
01-17 15:18:03.542  3522  5538 D OplusMediaControlService: isInMediaBlackList: com.google.android.youtube, 0
01-17 15:18:03.543  3522  5538 V OplusMediaControlService: this app is in media black list, pkgName: com.google.android.youtube
01-17 15:18:03.543  3522  5538 D OplusMediaControlService: isInMediaBlackList: com.google.android.youtube, 0
01-17 15:18:03.543  3522  5538 V OplusMediaControlService: this app is in media black list, pkgName: com.google.android.youtube
01-17 15:18:03.543  3522  5538 I OplusMediaControlService: updataPlayStateMap begin
01-17 15:18:03.543  3522  5538 I OplusMediaControlService: updateMetadataMap begin
01-17 15:18:03.543  3522  5538 I OplusMediaControlService: getPlayerInfo, playerId: 83316474, pkgname: com.spotify.music
01-17 15:18:03.544  3522  5538 I OplusMediaControlService: getPlayerInfo, playerId: 162746262, pkgname: tv.twitch.android.app
01-17 15:18:03.544  3522  5538 D OplusMediaControlService: isInMediaBlackList: com.google.android.youtube, 0
01-17 15:18:03.544  3522  5538 V OplusMediaControlService: this app is in media black list, pkgName: com.google.android.youtube
01-17 15:18:03.544  3522  5538 I OplusMediaControlService: getCurrentPlayerInfoList InfoList size: 2
01-17 15:18:03.547  3522  5590 I OplusMediaControlService: updateControllerMap begin
01-17 15:18:03.547  3522  5590 D OplusMediaControlService: isInMediaBlackList: com.google.android.youtube, 0
01-17 15:18:03.547  3522  5590 V OplusMediaControlService: this app is in media black list, pkgName: com.google.android.youtube
01-17 15:18:03.547  3522  5590 D OplusMediaControlService: isInMediaBlackList: com.google.android.youtube, 0
01-17 15:18:03.547  3522  5590 V OplusMediaControlService: this app is in media black list, pkgName: com.google.android.youtube
01-17 15:18:03.547  3522  5590 I OplusMediaControlService: updataPlayStateMap begin
01-17 15:18:03.547  3522  5590 I OplusMediaControlService: updateMetadataMap begin
01-17 15:18:03.547  3522  5590 I OplusMediaControlService: getPlayerInfo, playerId: 83316474, pkgname: com.spotify.music
01-17 15:18:03.548  3522  5590 I OplusMediaControlService: getPlayerInfo, playerId: 162746262, pkgname: tv.twitch.android.app
01-17 15:18:03.548  3522  5590 D OplusMediaControlService: isInMediaBlackList: com.google.android.youtube, 0
01-17 15:18:03.548  3522  5590 V OplusMediaControlService: this app is in media black list, pkgName: com.google.android.youtube
01-17 15:18:03.548  3522  5590 I OplusMediaControlService: getCurrentPlayerInfoList InfoList size: 2
01-17 15:18:03.551  3522  5590 I OplusMediaControlService: updateControllerMap begin
01-17 15:18:03.551  3522  5590 D OplusMediaControlService: isInMediaBlackList: com.google.android.youtube, 0
01-17 15:18:03.551  3522  5590 V OplusMediaControlService: this app is in media black list, pkgName: com.google.android.youtube
01-17 15:18:03.551  3522  5590 D OplusMediaControlService: isInMediaBlackList: com.google.android.youtube, 0
01-17 15:18:03.551  3522  5590 V OplusMediaControlService: this app is in media black list, pkgName: com.google.android.youtube
01-17 15:18:03.551  3522  5590 I OplusMediaControlService: updataPlayStateMap begin
01-17 15:18:03.551  3522  5590 I OplusMediaControlService: updateMetadataMap begin
01-17 15:18:03.551  3522  5590 I OplusMediaControlService: getPlayerInfo, playerId: 83316474, pkgname: com.spotify.music
01-17 15:18:03.552  3522  5590 I OplusMediaControlService: getPlayerInfo, playerId: 162746262, pkgname: tv.twitch.android.app
01-17 15:18:03.552  3522  5590 D OplusMediaControlService: isInMediaBlackList: com.google.android.youtube, 0
01-17 15:18:03.552  3522  5590 V OplusMediaControlService: this app is in media black list, pkgName: com.google.android.youtube
01-17 15:18:03.552  3522  5590 I OplusMediaControlService: getCurrentPlayerInfoList InfoList size: 2
01-17 15:18:04.944  3522  4367 V AlarmManager: sending alarm Alarm{e5636ac type 1 origWhen 1768643284944 whenElapsed 493413560 android} uid 1000 whenElapsed 493413560 windowLength 0 maxWhenElapsed 493413560 repeatInterval 0 action null component null tag StorgaeBandInfoAlarmTag flags 0x9 procName system_server
01-17 15:18:06.949  3522  4367 V AlarmManager: sending alarm Alarm{c1b1f7b type 1 origWhen 1768643286949 whenElapsed 493415565 android} uid 1000 whenElapsed 493415565 windowLength 0 maxWhenElapsed 493415565 repeatInterval 0 action null component null tag StorgaeBandInfoAlarmTag flags 0x9 procName system_server
01-17 15:18:07.946  3522  4228 D osense.compress: com.google.android.gm do shrink, target ratio = 83, final ratio = 90, cur ratio = 76
01-17 15:18:08.956  3522  4367 V AlarmManager: sending alarm Alarm{3e0e162 type 1 origWhen 1768643288956 whenElapsed 493417572 android} uid 1000 whenElapsed 493417572 windowLength 0 maxWhenElapsed 493417572 repeatInterval 0 action null component null tag StorgaeBandInfoAlarmTag flags 0x9 procName system_server
01-17 15:18:10.964  3522  4367 V AlarmManager: sending alarm Alarm{1b1f7e9 type 1 origWhen 1768643290964 whenElapsed 493419580 android} uid 1000 whenElapsed 493419580 windowLength 0 maxWhenElapsed 493419580 repeatInterval 0 action null component null tag StorgaeBandInfoAlarmTag flags 0x9 procName system_server
01-17 15:18:12.967  3522  4367 V AlarmManager: sending alarm Alarm{d901d1e type 1 origWhen 1768643292967 whenElapsed 493421583 android} uid 1000 whenElapsed 493421583 windowLength 0 maxWhenElapsed 493421583 repeatInterval 0 action null component null tag StorgaeBandInfoAlarmTag flags 0x9 procName system_server
01-17 15:18:12.977  3522  5538 W SettingsStatsUtil: Can not parse value to float: +network
01-17 15:18:14.970  3522  4367 V AlarmManager: sending alarm Alarm{2ace9f7 type 1 origWhen 1768643294970 whenElapsed 493423586 android} uid 1000 whenElapsed 493423586 windowLength 0 maxWhenElapsed 493423586 repeatInterval 0 action null component null tag StorgaeBandInfoAlarmTag flags 0x9 procName system_server
01-17 15:18:15.591  3522  4228 D osense.compress: try do inactive compress task
01-17 15:18:16.973  3522  4367 V AlarmManager: sending alarm Alarm{5159ec9 type 1 origWhen 1768643296973 whenElapsed 493425589 android} uid 1000 whenElapsed 493425589 windowLength 0 maxWhenElapsed 493425589 repeatInterval 0 action null component null tag StorgaeBandInfoAlarmTag flags 0x9 procName system_server
01-17 15:18:17.166  3522  4228 D osense.compress: com.google.android.youtube do shrink, target ratio = 90, final ratio = 90, cur ratio = 88
01-17 15:18:17.965  3522  4228 D osense.compress: com.google.android.gm do shrink, target ratio = 83, final ratio = 90, cur ratio = 76
01-17 15:18:18.502  3522  4228 D osense.compress: com.google.android.apps.chromecast.app do shrink, target ratio = 60, final ratio = 90, cur ratio = 31
01-17 15:18:18.991  3522  4367 V AlarmManager: sending alarm Alarm{d0b84a6 type 1 origWhen 1768643298991 whenElapsed 493427607 android} uid 1000 whenElapsed 493427607 windowLength 0 maxWhenElapsed 493427607 repeatInterval 0 action null component null tag StorgaeBandInfoAlarmTag flags 0x9 procName system_server
01-17 15:18:20.998  3522  4367 V AlarmManager: sending alarm Alarm{174827e type 1 origWhen 1768643300997 whenElapsed 493429614 android} uid 1000 whenElapsed 493429614 windowLength 0 maxWhenElapsed 493429614 repeatInterval 0 action null component null tag StorgaeBandInfoAlarmTag flags 0x9 procName system_server
01-17 15:18:23.003  3522  4367 V AlarmManager: sending alarm Alarm{f0c7273 type 1 origWhen 1768643303003 whenElapsed 493431619 android} uid 1000 whenElapsed 493431619 windowLength 0 maxWhenElapsed 493431619 repeatInterval 0 action null component null tag StorgaeBandInfoAlarmTag flags 0x9 procName system_server
01-17 15:18:25.018  3522  4367 V AlarmManager: sending alarm Alarm{52a4e06 type 1 origWhen 1768643305017 whenElapsed 493433633 android} uid 1000 whenElapsed 493433633 windowLength 0 maxWhenElapsed 493433633 repeatInterval 0 action null component null tag StorgaeBandInfoAlarmTag flags 0x9 procName system_server
01-17 15:18:25.921  3522  4228 D osense.compress: com.google.android.googlequicksearchbox do shrink, target ratio = 90, final ratio = 90, cur ratio = 88
01-17 15:18:27.023  3522  4367 V AlarmManager: sending alarm Alarm{827ba1d type 1 origWhen 1768643307022 whenElapsed 493435638 android} uid 1000 whenElapsed 493435638 windowLength 0 maxWhenElapsed 493435638 repeatInterval 0 action null component null tag StorgaeBandInfoAlarmTag flags 0x9 procName system_server
01-17 15:18:27.995  3522  4228 D osense.compress: com.google.android.gm do shrink, target ratio = 83, final ratio = 90, cur ratio = 76
01-17 15:18:29.034  3522  4367 V AlarmManager: sending alarm Alarm{3650fd5 type 1 origWhen 1768643309033 whenElapsed 493437649 android} uid 1000 whenElapsed 493437649 windowLength 0 maxWhenElapsed 493437649 repeatInterval 0 action null component null tag StorgaeBandInfoAlarmTag flags 0x9 procName system_server
01-17 15:18:31.046  3522  4367 V AlarmManager: sending alarm Alarm{40c2653 type 1 origWhen 1768643311046 whenElapsed 493439662 android} uid 1000 whenElapsed 493439662 windowLength 0 maxWhenElapsed 493439662 repeatInterval 0 action null component null tag StorgaeBandInfoAlarmTag flags 0x9 procName system_server
01-17 15:18:33.057  3522  4367 V AlarmManager: sending alarm Alarm{b4a9845 type 1 origWhen 1768643313057 whenElapsed 493441673 android} uid 1000 whenElapsed 493441673 windowLength 0 maxWhenElapsed 493441673 repeatInterval 0 action null component null tag StorgaeBandInfoAlarmTag flags 0x9 procName system_server
01-17 15:18:34.154  3522  5538 D ActivityManager: Async freezing 16408 com.qualcomm.qti.workloadclassifier
01-17 15:18:34.197  3522  5590 I ActivityManager: Death received, pid = 16408, processName = com.qualcomm.qti.workloadclassifier for thread android.os.BinderProxy@9fc737
01-17 15:18:34.197  3522  4850 I ActivityManager: Process com.qualcomm.qti.workloadclassifier (pid 16408) has died: cch+5 CEM 
01-17 15:18:35.078  3522  4367 V AlarmManager: sending alarm Alarm{82fdd3e type 1 origWhen 1768643315077 whenElapsed 493443694 android} uid 1000 whenElapsed 493443694 windowLength 0 maxWhenElapsed 493443694 repeatInterval 0 action null component null tag StorgaeBandInfoAlarmTag flags 0x9 procName system_server
01-17 15:18:35.887  3522  3752 D PowerManagerService: userActivityNoUpdateLocked: groupId=0, eventTime=339575072, event=touch, flags=0x0, uid=1000
01-17 15:18:35.925  3522  3684 D OplusPanoramaWorkBranchController: notifyMotionUpOrCancel
01-17 15:18:35.953  3522  5691 D WindowManager: NFW_setClientVisible:ActivityRecord{139168663 u0 com.travels.travelling/com.google.mlkit.vision.codescanner.internal.GmsBarcodeScanningDelegateActivity clientVisible:true
01-17 15:18:35.954  3522  5691 D FlexibleTaskController: isSupportFlexibleWindow target = com.travels.travelling/com.google.mlkit.vision.codescanner.internal.GmsBarcodeScanningDelegateActivity callPkg = FlexibleTaskController support = true ,caller = 3522
01-17 15:18:35.955  3522  5691 D ActivityStarterExtImpl: checkOpMode: 3
01-17 15:18:35.956  3522  3700 W QosScheduler: executeSceneQosStrategy failed! qos feature no enable
01-17 15:18:35.956  3522  5691 D FlexibleWindowManagerService: isIgnoreAppearedAcrossTask:false
01-17 15:18:35.957  3522  5691 D ActivityStarterExtImpl: setForceUpdateWindow, targetTask = Task{227d81f #768 type=standard A=10507:com.travels.travelling} r = ActivityRecord{139168663 u0 com.travels.travelling/com.google.mlkit.vision.codescanner.internal.GmsBarcodeScanningDelegateActivity t-1} notFinish =false
01-17 15:18:35.957  3522  5691 D FlexibleWindowManagerService: isIgnoreAppearedAcrossTask:false
01-17 15:18:35.957  3522  5691 D FlexibleTaskController: adjustOptionsForFlexibleTask skip adjust options reason:4
01-17 15:18:35.957  3522  5691 I InsensibleTaskController: adjustOptionsForInsensibleTask targetTask is resuse so not pureInsensibleOptions
01-17 15:18:35.957  3522  5691 I TaskFragmentExtImpl: reset pause in recents anim for mTaskFragment: Task{227d81f #768 type=standard A=10507:com.travels.travelling}
01-17 15:18:35.957  3522  5691 D FlexibleTaskController: isSupportFlexibleWindow target = com.travels.travelling/com.google.mlkit.vision.codescanner.internal.GmsBarcodeScanningDelegateActivity callPkg = FlexibleTaskController support = true ,caller = 3522
01-17 15:18:35.957  3522  5691 D FlexibleTaskController: shouldKeepFlexibleTask flexibleTask not active.
01-17 15:18:35.958  3522  5691 D ActivityStarterExtImpl: isLaunchingRootActivity = false
01-17 15:18:35.958  3522  5691 D ActivityStarterExtImpl: resume targetTask isVisibleRequested is true or in SkipCheckedList, need resume:targetTask=Task{227d81f #768 type=standard A=10507:com.travels.travelling}
01-17 15:18:35.959  3522  5691 D SecondaryPageStartupPolicy: checkSecondaryPageStartupStatus not support sourcePackage=com.travels.travelling
01-17 15:18:35.960  3522  5691 D OplusStartingWindowManager: we don't revise window flags for third app
01-17 15:18:35.960  3522  5691 D ActivityTaskManager: validateStartingWindowTheme:  Pkg=com.travels.travelling, Translucent=false, Floating=false, ShowWallpaper=false, Disable=false, LaunchSource=4, Prev=null, LaunchedFromPackage=com.travels.travelling
01-17 15:18:35.960  3522  5691 D ActivityTaskManager: addStartingWindow for ActivityRecord{139168663 u0 com.travels.travelling/com.google.mlkit.vision.codescanner.internal.GmsBarcodeScanningDelegateActivity t768}, mainWin=null, state=INITIALIZING, isKeyguardLocked=false, isKeyguardGoingAway=false
01-17 15:18:35.960  3522  5691 D ActivityTaskManager: getStartingWindowType: , newTask=false, taskSwitch=false, processRunning=true, allowTaskSnapshot=true, activityCreated=false, activityAllDrawn=false, snapshot exist: false
01-17 15:18:35.960  3522  5691 D ActivityRecordExtImpl: handleStartingWindowForCompactWindow origin type:0, adjustType : 0
01-17 15:18:35.960  3522  5691 D OplusWindowAnimationManager: applyNoAnimationForResumed resumed: ActivityRecord{230856808 u0 com.travels.travelling/expo.modules.devlauncher.launcher.DevLauncherActivity t768}
01-17 15:18:35.964  4883  4924 V WindowManagerShell: Transition requested (#5199): android.os.BinderProxy@75e2442 TransitionRequestInfo { type = OPEN, triggerTask = TaskInfo{userId=0 taskId=768 effectiveUid=10507 displayId=0 isRunning=true baseIntent=Intent { act=android.intent.action.MAIN cat=[android.intent.category.LAUNCHER] flg=0x10200000 cmp=com.travels.travelling/.MainActivity mCallingUid=10230 } baseActivity=ComponentInfo{com.travels.travelling/expo.modules.devlauncher.launcher.DevLauncherActivity} topActivity=ComponentInfo{com.travels.travelling/com.google.mlkit.vision.codescanner.internal.GmsBarcodeScanningDelegateActivity} origActivity=null realActivity=ComponentInfo{com.travels.travelling/com.travels.travelling.MainActivity}
01-17 15:18:35.964  4883  4924 V WindowManagerShell:  numActivities=2 lastActiveTime=493444577 supportsSplitScreenMultiWindow=true supportsMultiWindow=true supportsPocketStudioMultiWindow=true isInFlexibleEmbedded = false uid = 10507 pid = 0 resizeMode=1 isResizeable=true minWidth=-1 minHeight=-1 defaultMinSize=220 token=WCT{android.window.IWindowContainerToken$Stub$Proxy@f2dbc53} topActivityType=1 pictureInPictureParams=null shouldDockBigOverlays=false launchIntoPipHostTaskId=-1 lastParentTaskIdBeforePip=-1 displayCutoutSafeInsets=Rect(0, 0 - 0, 0)
01-17 15:18:35.964  4883  4924 V WindowManagerShell:  topActivityInfo=ActivityInfo{10ca990 com.google.mlkit.vision.codescanner.internal.GmsBarcodeScanningDelegateActivity} launchCookies=[] positionInParent=Point(0, 0) parentTaskId=-1 isFocused=true isVisible=true isVisibleRequested=true isTopActivityNoDisplay=false isSleeping=false locusId=null displayAreaFeatureId=1 isTopActivityTransparent=false isActivityStackTransparent=false lastNonFullscreenBounds=Rect(266, 642 - 815, 1722) capturedLink=null capturedLinkTimestamp=0 requestedVisibleTypes=-9 topActivityRequestOpenInBrowserEducationTimestamp=0
01-17 15:18:35.964  4883  4924 V WindowManagerShell:  appCompatTaskInfo=AppCompatTaskInfo { topActivityInSizeCompat=false topActivityInOplusCompatMode=false eligibleForLetterboxEducation= false isLetterboxEducationEnabled= false isLetterboxDoubleTapEnabled= false eligibleForUserAspectRatioButton= false topActivityBoundsLetterboxed= false isFromLetterboxDoubleTap= false topActivityLetterboxVerticalPosition= -1 topActivityLetterboxHorizontalPosition= -1 topActivityLetterboxWidth=-1 topActivityLetterboxHeight=-1 topActivityAppBounds=Rect(0, 0 - 1080, 2376) isUserFullscreenOverrideEnabled=false isSystemFullscreenOverrideEnabled=false hasMinAspectRatioOverride=false topActivityLetterboxBounds=null cameraCompatTaskInfo=CameraCompatTaskInfo { freeformCameraCompatMode=inactive}} topActivityMainWindowFrame=null topActivityLetterboxInsets=Rect(0, 0 - 0, 0)
01-17 15:18:35.964  4883  4924 V WindowManagerShell:  mOplusExtraBundle = Bundle[mParcelledData.dataSize=1548]}, pipChange = null, remoteTransition = null, displayChange = null, flags = 0, debugId = 5199 }
01-17 15:18:35.964  4883  4924 D ShellSplitScreen: logExit: no-op, mLoggerSessionId is null
01-17 15:18:35.964  3522  5691 I ActivityTaskManager: START u0 {flg=0x10000000 xflg=0x4 cmp=com.travels.travelling/com.google.mlkit.vision.codescanner.internal.GmsBarcodeScanningDelegateActivity (has extras) mCallingUid=10507} with LAUNCH_MULTIPLE from uid 10507 (sr=230856808) (BAL_ALLOW_VISIBLE_WINDOW (callingUid has visible window)) result code=0
01-17 15:18:35.970  3522  3687 I TaskOrganizerController: onTaskInfoChanged taskid 768 config { mBounds=Rect(0, 0 - 1080, 2376) mAppBounds=Rect(0, 0 - 1080, 2376) mMaxBounds=Rect(0, 0 - 1080, 2376) mDisplayRotation=ROTATION_0 mWindowingMode=fullscreen mActivityType=standard mAlwaysOnTop=undefined mRotation=ROTATION_0}
01-17 15:18:35.971  3522  3687 D OplusFlexibleDragToSplitAnimController: visibleFlexibleTaskInfos delete:768
01-17 15:18:35.971  3522  3687 E FlexibleWindowManagerService: notifyTaskObserverToAttachController not need to notify!
01-17 15:18:35.971  3522  3687 I FlexibleWindowManagerService: onFlexibleWindowTaskInfoChanged, return for cur task not embedded
01-17 15:18:35.972  3522  5243 D RefreshRate: boostRefreshId choose max:currentRefreshRate:90.0 targetRefreshRate:60.0 mCurrentPickRate:90.0
01-17 15:18:35.972  3522  5243 D RefreshRate: Trigger app switch boost, ar=ActivityRecord{139168663 u0 com.travels.travelling/com.google.mlkit.vision.codescanner.internal.GmsBarcodeScanningDelegateActivity t768},currDisplayRate=90.0,boostId=1
01-17 15:18:35.972  3522  5243 D RefreshRate: setDisplayConfigSpecs complete: targetMode={id=3, width=1264, height=2780, fps=90.0, vsync=90.0, synthetic=false, alternativeRefreshRates=[60.000004, 120.00001, 120.00001], supportedHdrTypes=[1, 2, 3, 4]},srcMode={id=3, width=1264, height=2780, fps=90.0, vsync=90.0, synthetic=false, alternativeRefreshRates=[60.000004, 120.00001, 120.00001], supportedHdrTypes=[1, 2, 3, 4]},sfModId=2,rate=90.0
01-17 15:18:35.972  3522  5243 D RefreshRate: startAppSwitchBoost targetMode={id=3, width=1264, height=2780, fps=90.0, vsync=90.0, synthetic=false, alternativeRefreshRates=[60.000004, 120.00001, 120.00001], supportedHdrTypes=[1, 2, 3, 4]} record=ActivityRecord{139168663 u0 com.travels.travelling/com.google.mlkit.vision.codescanner.internal.GmsBarcodeScanningDelegateActivity t768}: votes=PRIORITY_START_ANIMATION_BOOST -> Vote{mRefreshRate=90.0, mMinRefreshRate=90.0, mRequestSource=null};PRIORITY_WINDOW_REQUEST -> Vote{mRefreshRate=90.0, mMinRefreshRate=90.0, mRequestSource=null};
01-17 15:18:35.973  3522  3757 D RefreshRate: do setDisplayConfigSpecs  
01-17 15:18:35.973  3522  5243 I ActivityTaskManager: The Process com.travels.travelling Already Exists in BG. So sending its PID: 14093
01-17 15:18:35.973  3522  3757 D DisplayModeDirector: setAppRequest displayId : 0  modeId: 3  requestedRefreshRate: 90.0  requestedMinRefreshRateRange: 90.0  requestedMaxRefreshRateRange: 90.0
01-17 15:18:35.973  3522  5243 D ActivityTaskManager: setAppVisibility(Token{7abbda2 ActivityRecord{139168663 u0 com.travels.travelling/com.google.mlkit.vision.codescanner.internal.GmsBarcodeScanningDelegateActivity t768}}, visible=true):  visible=false mVisibleRequested=false
01-17 15:18:35.973  3522  3686 D BatteryStatsImplExtImpl: pausedBatteryLevel:93 activityFocusedTimeInMin:1
01-17 15:18:35.973  3522  5243 D ActivityTaskManager: setVisibility(Token{7abbda2 ActivityRecord{139168663 u0 com.travels.travelling/com.google.mlkit.vision.codescanner.internal.GmsBarcodeScanningDelegateActivity t768}}, visible=true) defer commitVisibility for transition collecting
01-17 15:18:35.973  3522  5243 D ActivityTaskManager: setAppVisibility(Token{14e27bd ActivityRecord{230856808 u0 com.travels.travelling/expo.modules.devlauncher.launcher.DevLauncherActivity t768}}, visible=false):  visible=true mVisibleRequested=true
01-17 15:18:35.974  3522  5243 D ActivityTaskManager: setVisibility(Token{14e27bd ActivityRecord{230856808 u0 com.travels.travelling/expo.modules.devlauncher.launcher.DevLauncherActivity t768}}, visible=false) defer commitVisibility for transition collecting
01-17 15:18:35.974  3522  4519 D BackgroundInstallControlService: Package event received: 0
01-17 15:18:35.974  3522  5243 D WindowManager: rotation(ROTATION_0) no changed  displayId = 0, lastOrientation = 1
01-17 15:18:35.975  3522  5243 I TaskOrganizerController: onTaskInfoChanged taskid 768 config { mBounds=Rect(0, 0 - 1080, 2376) mAppBounds=Rect(0, 0 - 1080, 2376) mMaxBounds=Rect(0, 0 - 1080, 2376) mDisplayRotation=ROTATION_0 mWindowingMode=fullscreen mActivityType=standard mAlwaysOnTop=undefined mRotation=ROTATION_0}
01-17 15:18:35.975  3522  5243 D OplusVisibleTasks:  notifyTasksNumChange no need to notify.
01-17 15:18:35.975  3522  5243 D OplusFlexibleDragToSplitAnimController: visibleFlexibleTaskInfos delete:768
01-17 15:18:35.975  3522  5243 E FlexibleWindowManagerService: notifyTaskObserverToAttachController not need to notify!
01-17 15:18:35.975  3522  5243 I FlexibleWindowManagerService: onFlexibleWindowTaskInfoChanged, return for cur task not embedded
01-17 15:18:35.975  3522  5243 D ActivityTaskManager: setAppVisibility(Token{7abbda2 ActivityRecord{139168663 u0 com.travels.travelling/com.google.mlkit.vision.codescanner.internal.GmsBarcodeScanningDelegateActivity t768}}, visible=true):  visible=false mVisibleRequested=true
01-17 15:18:35.975  3522  5243 D ActivityTaskManager: setVisibility(Token{7abbda2 ActivityRecord{139168663 u0 com.travels.travelling/com.google.mlkit.vision.codescanner.internal.GmsBarcodeScanningDelegateActivity t768}}, visible=true) defer commitVisibility for transition collecting
01-17 15:18:35.975  3522  5243 D OplusDexOptimizeManager: androidPackage inappropriate state!
01-17 15:18:35.975  3522  5243 D OplusFeatureColorMode: ColorMode getColorMode =0
01-17 15:18:35.975  3522  5243 D ColorDisplayServiceExtImpl: getWCGVersion1App, packageName=com.travels.travelling, sSupportWCG1 = true, sSupportWCG3 = false, nRet = 0
01-17 15:18:35.976  3522  5243 D ActivityTaskManager: NFW_setLastResumedActivityUncheckLocked:true r:ActivityRecord{139168663 u0 com.travels.travelling/com.google.mlkit.vision.codescanner.internal.GmsBarcodeScanningDelegateActivity t768} currentFocus:Window{f64936 u0 com.travels.travelling/expo.modules.devlauncher.launcher.DevLauncherActivity}
01-17 15:18:35.976  3522  5243 D WindowManager: NFW_findFocusedWindowIfNeeded:null mCurrentFocus:Window{f64936 u0 com.travels.travelling/expo.modules.devlauncher.launcher.DevLauncherActivity}
01-17 15:18:35.976  3522  5243 V WindowManager: Changing focus from Window{f64936 u0 com.travels.travelling/expo.modules.devlauncher.launcher.DevLauncherActivity} to null,diplayid=0
01-17 15:18:35.978  3522  5112 D OplusAppSwitchRuleInfo: generateActivityEnterInfo - launch_source_type =  , launch_source_traceid = 
01-17 15:18:35.979  3522  5243 D DisplayModeDirector: setAppRequest displayId : 0  modeId: 3  requestedRefreshRate: 0.0  requestedMinRefreshRateRange: 0.0  requestedMaxRefreshRateRange: 90.0
01-17 15:18:35.979  3522  3757 D VRR [OPlusRefreshRateService]:  setDirectorStates [flag: 1, state: 1, directorStateOff: 1]
01-17 15:18:35.983 14093 14093 D ResourcesManagerExtImpl: applyConfigurationToAppResourcesLocked app.getDisplayId() return callback.displayId:0
01-17 15:18:35.984 14093 14093 D OplusPredictiveBackController: should not HookOnBackInvokedCallbackEnabled for application com.google.mlkit.vision.codescanner.internal.GmsBarcodeScanningDelegateActivity@3229fbb hasOnBackInvokedCallBackEnabled
01-17 15:18:35.984 14093 14093 D OplusPredictiveBackController: should not HookOnBackInvokedCallbackEnabled for application com.google.mlkit.vision.codescanner.internal.GmsBarcodeScanningDelegateActivity@3229fbb hasOnBackInvokedCallBackEnabled
01-17 15:18:35.985  3522  3686 D OplusBatteryManager: getPsyBatteryRm: 5187
01-17 15:18:35.986  3522  3686 D BatteryStatsImplExtImpl: resumedUid:10507 resumedBatteryLevel:93  resumedPackage:com.travels.travelling  resumedBatteryRealtimeCapacity:5187
01-17 15:18:35.986  3522  5590 D WindowManager: NFW_setClientVisible:ActivityRecord{179522525 u0 com.google.android.gms/.mlkit.barcode.ui.BarcodeScanningActivityProxy clientVisible:true
01-17 15:18:35.986  3522  5590 D FlexibleTaskController: isSupportFlexibleWindow target = com.google.android.gms/.mlkit.barcode.ui.BarcodeScanningActivityProxy callPkg = FlexibleTaskController support = true ,caller = 3522
01-17 15:18:35.986  3522  4519 D BackgroundInstallControlService: Package event received: 0
01-17 15:18:35.989  3522  3700 W QosScheduler: executeSceneQosStrategy failed! qos feature no enable
01-17 15:18:35.989  3522  5590 D FlexibleWindowManagerService: isIgnoreAppearedAcrossTask:false
01-17 15:18:35.989  3522  5590 D ActivityStarterExtImpl: setForceUpdateWindow, targetTask = Task{227d81f #768 type=standard A=10507:com.travels.travelling} r = ActivityRecord{179522525 u0 com.google.android.gms/.mlkit.barcode.ui.BarcodeScanningActivityProxy t-1} notFinish =false
01-17 15:18:35.989  3522  5590 D FlexibleWindowManagerService: isIgnoreAppearedAcrossTask:false
01-17 15:18:35.989  3522  5590 D FlexibleTaskController: adjustOptionsForFlexibleTask skip adjust options reason:4
01-17 15:18:35.989  3522  5590 I InsensibleTaskController: adjustOptionsForInsensibleTask targetTask is resuse so not pureInsensibleOptions
01-17 15:18:35.989  3522  5590 D FlexibleTaskController: isSupportFlexibleWindow target = com.google.android.gms/.mlkit.barcode.ui.BarcodeScanningActivityProxy callPkg = FlexibleTaskController support = true ,caller = 3522
01-17 15:18:35.989  3522  5590 D FlexibleWindowManagerService: no reused task found for ActivityRecord{179522525 u0 com.google.android.gms/.mlkit.barcode.ui.BarcodeScanningActivityProxy t-1}
01-17 15:18:35.989  3522  5590 D ActivityStarterExtImpl: isLaunchingRootActivity = false
01-17 15:18:35.989  3522  5590 D ActivityStarterExtImpl: resume targetTask isVisibleRequested is true or in SkipCheckedList, need resume:targetTask=Task{227d81f #768 type=standard A=10507:com.travels.travelling}
01-17 15:18:35.990  3522  5590 D SecondaryPageStartupPolicy: checkSecondaryPageStartupStatus not support sourcePackage=com.travels.travelling
01-17 15:18:35.991  3522  5590 D OplusStartingWindowManager: reviseWindowFlagsForStarting: newTask=false, taskSwitch=false, processRunning=true, processState=0, preloadAppInfo=null
01-17 15:18:35.991  3522  5590 D OplusStartingWindowManager: not support SnapshotSplash, don't revise window flags for activity:ActivityRecord{179522525 u0 com.google.android.gms/.mlkit.barcode.ui.BarcodeScanningActivityProxy t768}
01-17 15:18:35.991  3522  5590 D ActivityTaskManager: validateStartingWindowTheme:  Pkg=com.google.android.gms, Translucent=false, Floating=false, ShowWallpaper=false, Disable=false, LaunchSource=4, Prev=null, LaunchedFromPackage=com.travels.travelling
01-17 15:18:35.991  3522  5590 D ActivityTaskManager: addStartingWindow for ActivityRecord{179522525 u0 com.google.android.gms/.mlkit.barcode.ui.BarcodeScanningActivityProxy t768}, mainWin=null, state=INITIALIZING, isKeyguardLocked=false, isKeyguardGoingAway=false
01-17 15:18:35.991  3522  5590 D ActivityTaskManager: getStartingWindowType: , newTask=false, taskSwitch=false, processRunning=true, allowTaskSnapshot=true, activityCreated=false, activityAllDrawn=false, snapshot exist: false
01-17 15:18:35.991  3522  5590 D ActivityRecordExtImpl: handleStartingWindowForCompactWindow origin type:0, adjustType : 0
01-17 15:18:35.991  3522  5590 D OplusWindowAnimationManager: applyNoAnimationForResumed resumed: ActivityRecord{139168663 u0 com.travels.travelling/com.google.mlkit.vision.codescanner.internal.GmsBarcodeScanningDelegateActivity t768}
01-17 15:18:35.992  3522  5590 I TaskOrganizerController: onTaskInfoChanged taskid 768 config { mBounds=Rect(0, 0 - 1080, 2376) mAppBounds=Rect(0, 0 - 1080, 2376) mMaxBounds=Rect(0, 0 - 1080, 2376) mDisplayRotation=ROTATION_0 mWindowingMode=fullscreen mActivityType=standard mAlwaysOnTop=undefined mRotation=ROTATION_0}
01-17 15:18:35.992  3522  5590 D OplusFlexibleDragToSplitAnimController: visibleFlexibleTaskInfos delete:768
01-17 15:18:35.992  3522  5590 E FlexibleWindowManagerService: notifyTaskObserverToAttachController not need to notify!
01-17 15:18:35.992  3522  5590 I FlexibleWindowManagerService: onFlexibleWindowTaskInfoChanged, return for cur task not embedded
01-17 15:18:35.993  3522  5590 I ActivityTaskManager: START u0 {act=com.google.android.gms.mlkit.ACTION_SCAN_BARCODE xflg=0x4 pkg=com.google.android.gms cmp=com.google.android.gms/.mlkit.barcode.ui.BarcodeScanningActivityProxy (has extras) mCallingUid=10507} with LAUNCH_MULTIPLE from uid 10507 (rr=139168663) (BAL_ALLOW_VISIBLE_WINDOW (callingUid has visible window)) result code=0
01-17 15:18:35.995  3522  3686 D FlexibleTaskController: not in list
01-17 15:18:35.997  3522  3686 W ProcessStats: Tracking association SourceState{dc8f635 system/1000 BFgs #758855} whose proc state 4 is better than process ProcessState{5742cb0 com.google.android.ext.services/10300 pkg=com.google.android.ext.services} proc state 14 (1 skipped)
01-17 15:18:35.997 14093 14093 D ActivityThread: ComponentInfo{com.travels.travelling/com.google.mlkit.vision.codescanner.internal.GmsBarcodeScanningDelegateActivity} checkFinished=false 2
01-17 15:18:35.997 14093 14093 D ResourcesManagerExtImpl: applyConfigurationToAppResourcesLocked app.getDisplayId() return callback.displayId:0
01-17 15:18:36.002  3522  5590 I WindowManager: addWindow: New client android.os.BinderProxy@4b97aaa : window=Window{fd5369b u0 com.travels.travelling/com.google.mlkit.vision.codescanner.internal.GmsBarcodeScanningDelegateActivity}
01-17 15:18:36.004 14093 14093 D OplusPredictiveBackController: should not HookOnBackInvokedCallbackEnabled for application com.google.mlkit.vision.codescanner.internal.GmsBarcodeScanningDelegateActivity@3229fbb hasOnBackInvokedCallBackEnabled
01-17 15:18:36.004 14093 14093 D OplusPredictiveBackController: should not HookOnBackInvokedCallbackEnabled for application com.google.mlkit.vision.codescanner.internal.GmsBarcodeScanningDelegateActivity@3229fbb hasOnBackInvokedCallBackEnabled
01-17 15:18:36.005  3522  5243 D CoreBackPreview: Window{fd5369b u0 com.travels.travelling/com.google.mlkit.vision.codescanner.internal.GmsBarcodeScanningDelegateActivity}: Setting back callback OnBackInvokedCallbackInfo{mCallback=android.window.IOnBackInvokedCallback$Stub$Proxy@93eba11, mPriority=0, mIsAnimationCallback=false, mOverrideBehavior=0}
01-17 15:18:36.005  3522  5590 V WindowManager: Relayout Window{fd5369b u0 com.travels.travelling/com.google.mlkit.vision.codescanner.internal.GmsBarcodeScanningDelegateActivity}: viewVisibility=0, oldvis=4, req=1080x2376 , apr = 0, vsysui=, x=0, y=0
01-17 15:18:36.005  3522  5590 I WindowManager: Window{fd5369b u0 com.travels.travelling/com.google.mlkit.vision.codescanner.internal.GmsBarcodeScanningDelegateActivity} state from NO_SURFACE to DRAW_PENDING; reason: resetDrawState
