01-17 13:50:10.291  3522  3786 I AppsFilter: interaction: PackageSetting{fc9a93a com.travels.travelling/10507} -> PackageSetting{1174453 com.google.android.permissioncontroller/10299} force queryable
01-17 13:50:10.291  3522  3786 I AppsFilter: interaction: PackageSetting{fc9a93a com.travels.travelling/10507} -> PackageSetting{58cc42 com.android.systemui.accessibility.accessibilitymenu/10243} force queryable
01-17 13:50:10.291  3522  3786 I AppsFilter: interaction: PackageSetting{fc9a93a com.travels.travelling/10507} -> PackageSetting{c3ef96d com.android.systemui.overlay.fingerprint.anim.huanying/10395} force queryable
01-17 13:50:10.291  3522  3786 I AppsFilter: interaction: PackageSetting{fc9a93a com.travels.travelling/10507} -> PackageSetting{e1d99a2 com.google.android.cellbroadcastservice.overlay/10009} force queryable
01-17 13:50:10.291  3522  3786 I AppsFilter: interaction: PackageSetting{fc9a93a com.travels.travelling/10507} -> PackageSetting{ab2d28d com.android.settings.intelligence/10229} force queryable
01-17 13:50:10.291  3522  3786 I AppsFilter: interaction: PackageSetting{fc9a93a com.travels.travelling/10507} -> PackageSetting{cb5f633 android.overlay.target/10072} force queryable
01-17 13:50:10.291  3522  3786 I AppsFilter: interaction: PackageSetting{fc9a93a com.travels.travelling/10507} -> PackageSetting{3eb6251 com.google.android.gm/10179} queries component
01-17 13:50:10.291  3522  3786 I AppsFilter: interaction: PackageSetting{fc9a93a com.travels.travelling/10507} -> PackageSetting{f58e9ea com.android.statementservice/10089} force queryable
01-17 13:50:10.291  3522  3786 I AppsFilter: interaction: PackageSetting{fc9a93a com.travels.travelling/10507} -> PackageSetting{8ef8df0 org.codeaurora.ims/10240} force queryable
01-17 13:50:10.291  3522  3786 I AppsFilter: interaction: PackageSetting{fc9a93a com.travels.travelling/10507} -> PackageSetting{fb27bbf com.coloros.assistantscreen/10186} force queryable
01-17 13:50:10.291  3522  3786 I AppsFilter: interaction: PackageSetting{fc9a93a com.travels.travelling/10507} -> PackageSetting{481cdde com.instagram.android/10385} queries component
01-17 13:50:10.291  3522  3786 I AppsFilter: interaction: PackageSetting{fc9a93a com.travels.travelling/10507} -> PackageSetting{2debf69 com.google.android.cellbroadcastreceiver.overlay/10015} force queryable
01-17 13:50:10.292  3522  3786 I AppsFilter: interaction: PackageSetting{fc9a93a com.travels.travelling/10507} -> PackageSetting{516a919 com.android.backupconfirm/10079} force queryable
01-17 13:50:10.292  3522  3786 I AppsFilter: interaction: PackageSetting{fc9a93a com.travels.travelling/10507} -> PackageSetting{3d46062 com.android.mtp/10078} force queryable
01-17 13:50:10.292  3522  3786 I AppsFilter: interaction: PackageSetting{fc9a93a com.travels.travelling/10507} -> PackageSetting{f5e7c63 com.android.egg/10103} force queryable
01-17 13:50:10.292  3522  3786 I AppsFilter: interaction: PackageSetting{fc9a93a com.travels.travelling/10507} -> PackageSetting{6789a92 com.google.android.sdksandbox/10317} force queryable
01-17 13:50:10.292  3522  3786 I AppsFilter: interaction: PackageSetting{fc9a93a com.travels.travelling/10507} -> PackageSetting{876fac7 com.oplus.keyguard.personality.clocks/10418} force queryable
01-17 13:50:10.292  3522  3786 I AppsFilter: interaction: PackageSetting{fc9a93a com.travels.travelling/10507} -> PackageSetting{8f5fee1 com.oneplus.gallery/10156} force queryable
01-17 13:50:10.292  3522  3786 I AppsFilter: interaction: PackageSetting{fc9a93a com.travels.travelling/10507} -> PackageSetting{516c048 com.qualcomm.wfd.service/10237} force queryable
01-17 13:50:10.292  3522  3786 I AppsFilter: interaction: PackageSetting{fc9a93a com.travels.travelling/10507} -> PackageSetting{4fb9aeb com.oplus.systemui.plugins/10267} force queryable
01-17 13:50:10.292  3522  3786 I AppsFilter: interaction: PackageSetting{fc9a93a com.travels.travelling/10507} -> PackageSetting{5c6b165 com.oplus.phonemanager/10154} force queryable
01-17 13:50:10.292  3522  3786 I AppsFilter: interaction: PackageSetting{fc9a93a com.travels.travelling/10507} -> PackageSetting{d361b57 com.qti.qualcomm.datastatusnotification/10157} force queryable
01-17 13:50:10.292  3522  3786 I AppsFilter: interaction: PackageSetting{fc9a93a com.travels.travelling/10507} -> PackageSetting{515bd2e com.brave.browser/10362} queries component
01-17 13:50:10.292  3522  3786 I AppsFilter: interaction: PackageSetting{fc9a93a com.travels.travelling/10507} -> PackageSetting{cf283a9 com.google.android.marvin.talkback/10182} force queryable
01-17 13:50:10.292  3522  3786 I AppsFilter: interaction: PackageSetting{fc9a93a com.travels.travelling/10507} -> PackageSetting{a22bb30 com.android.carrierconfig/10223} force queryable
01-17 13:50:10.292  3522  3786 I AppsFilter: interaction: PackageSetting{fc9a93a com.travels.travelling/10507} -> PackageSetting{b5fadee com.oplus.framework_bluetooth.overlay/10006} force queryable
01-17 13:50:10.292  3522  3786 I AppsFilter: interaction: PackageSetting{fc9a93a com.travels.travelling/10507} -> PackageSetting{3b09073 com.android.certinstaller/10244} force queryable
01-17 13:50:10.292  3522  3786 I AppsFilter: interaction: PackageSetting{fc9a93a com.travels.travelling/10507} -> PackageSetting{b6a935d com.flipkart.android/10501} queries component
01-17 13:50:10.292  3522  3786 I AppsFilter: interaction: PackageSetting{fc9a93a com.travels.travelling/10507} -> PackageSetting{2d534e2 com.oplus.cellularqoe/10425} force queryable
01-17 13:50:10.292  3522  3786 I AppsFilter: interaction: PackageSetting{fc9a93a com.travels.travelling/10507} -> PackageSetting{2cfc28f android.overlay.common/10027} force queryable
01-17 13:50:10.292  3522  3786 I AppsFilter: interaction: PackageSetting{fc9a93a com.travels.travelling/10507} -> PackageSetting{20af6c4 com.microsoftsdk.crossdeviceservicebroker/10096} force queryable
01-17 13:50:10.292  3522  3786 I AppsFilter: interaction: PackageSetting{fc9a93a com.travels.travelling/10507} -> PackageSetting{6f4edd7 com.google.android.adservices.api/10316} force queryable
01-17 13:50:10.292  3522  3786 I AppsFilter: interaction: PackageSetting{fc9a93a com.travels.travelling/10507} -> PackageSetting{79ce118 com.android.pacprocessor/10101} force queryable
01-17 13:50:10.292  3522  3786 I AppsFilter: interaction: PackageSetting{fc9a93a com.travels.travelling/10507} -> PackageSetting{a557cfb com.android.vending/10127} force queryable
01-17 13:50:10.292  3522  3786 I AppsFilter: interaction: PackageSetting{fc9a93a com.travels.travelling/10507} -> PackageSetting{9ac68f1 com.android.providers.downloads.ui/10078} force queryable
01-17 13:50:10.292  3522  3786 I AppsFilter: interaction: PackageSetting{fc9a93a com.travels.travelling/10507} -> PackageSetting{8b70e2c com.google.ar.lens/10170} queries component
01-17 13:50:10.292  3522  3786 I AppsFilter: interaction: PackageSetting{fc9a93a com.travels.travelling/10507} -> PackageSetting{957991c com.android.se.overlay.target/10076} force queryable
01-17 13:50:10.292  3522  3786 I AppsFilter: interaction: PackageSetting{fc9a93a com.travels.travelling/10507} -> PackageSetting{29ae925 com.qualcomm.uimremoteserver/10165} force queryable
01-17 13:50:10.292  3522  3786 I AppsFilter: interaction: PackageSetting{fc9a93a com.travels.travelling/10507} -> PackageSetting{8b6d200 com.android.avatarpicker/10416} force queryable
01-17 13:50:10.292  3522  3786 I AppsFilter: interaction: PackageSetting{fc9a93a com.travels.travelling/10507} -> PackageSetting{f639b32 com.oplus.keyguard.clock.gallery/10249} force queryable
01-17 13:50:10.293  3522  3786 I AppsFilter: interaction: PackageSetting{fc9a93a com.travels.travelling/10507} -> PackageSetting{15cc73d com.github.android/10365} queries component
01-17 13:50:10.293  3522  3786 I AppsFilter: interaction: PackageSetting{fc9a93a com.travels.travelling/10507} -> PackageSetting{20c4094 com.google.android.providers.media.module/10312} force queryable
01-17 13:50:10.293  3522  3786 I AppsFilter: interaction: PackageSetting{fc9a93a com.travels.travelling/10507} -> PackageSetting{d88fce7 in.amazon.mShop.android.shopping/10327} queries component
01-17 13:50:10.293  3522  3786 I AppsFilter: interaction: PackageSetting{fc9a93a com.travels.travelling/10507} -> PackageSetting{89a7aa6 net.thunderbird.android/10389} queries component
01-17 13:50:10.293  3522  3786 I AppsFilter: interaction: PackageSetting{fc9a93a com.travels.travelling/10507} -> PackageSetting{5fb4898 vendor.qti.iwlan/10105} force queryable
01-17 13:50:10.293  3522  3786 I AppsFilter: interaction: PackageSetting{fc9a93a com.travels.travelling/10507} -> PackageSetting{28e2dfc com.oplus.vdc/10236} force queryable
01-17 13:50:10.293  3522  3786 I AppsFilter: interaction: PackageSetting{fc9a93a com.travels.travelling/10507} -> PackageSetting{dca3fce com.oplus.ota/10254} force queryable
01-17 13:50:10.293  3522  3786 I AppsFilter: interaction: PackageSetting{fc9a93a com.travels.travelling/10507} -> PackageSetting{5b2ecc9 com.oplus.eid/10245} force queryable
01-17 13:50:10.293  3522  3786 I AppsFilter: interaction: PackageSetting{fc9a93a com.travels.travelling/10507} -> PackageSetting{69cbafa android.frameworkres.overlay.display.product/10063} force queryable
01-17 13:50:10.293  3522  3786 I AppsFilter: interaction: PackageSetting{fc9a93a com.travels.travelling/10507} -> PackageSetting{90ff8ab com.android.bluetooth.oplus.overlay/10008} force queryable
01-17 13:50:10.293  3522  3786 I AppsFilter: interaction: PackageSetting{fc9a93a com.travels.travelling/10507} -> PackageSetting{a8d9f5f com.qualcomm.qti.telephonyservice/10157} force queryable
01-17 13:50:10.293  3522  3786 I AppsFilter: interaction: PackageSetting{fc9a93a com.travels.travelling/10507} -> PackageSetting{a3427f7 com.oplus.themestore/10138} queries component
01-17 13:50:10.293  3522  3786 I AppsFilter: interaction: PackageSetting{fc9a93a com.travels.travelling/10507} -> PackageSetting{dde3c91 com.openai.chatgpt/10460} queries component
01-17 13:50:10.293  3522  3786 I AppsFilter: interaction: PackageSetting{fc9a93a com.travels.travelling/10507} -> PackageSetting{987a6b8 com.oplus.deepthinker/10226} force queryable
01-17 13:50:10.293  3522  3786 I AppsFilter: interaction: PackageSetting{fc9a93a com.travels.travelling/10507} -> PackageSetting{fff551b com.discord/10341} queries component
01-17 13:50:10.293  3522  3786 I AppsFilter: interaction: PackageSetting{fc9a93a com.travels.travelling/10507} -> PackageSetting{8d32b08 com.android.camerabigballconfig.overlay/10353} force queryable
01-17 13:50:10.293  3522  3786 I AppsFilter: interaction: PackageSetting{fc9a93a com.travels.travelling/10507} -> PackageSetting{c13fbb9 vendor.qti.hardware.cacert.server/10105} force queryable
01-17 13:50:10.293  3522  3786 I AppsFilter: interaction: PackageSetting{fc9a93a com.travels.travelling/10507} -> PackageSetting{935f2a1 oplus.frameworkres.overlay.display.product/10070} force queryable
01-17 13:50:10.293  3522  3786 I AppsFilter: interaction: PackageSetting{fc9a93a com.travels.travelling/10507} -> PackageSetting{88537ff com.google.android.apps.messaging/10287} queries component
01-17 13:50:10.293  3522  3786 I AppsFilter: interaction: PackageSetting{fc9a93a com.travels.travelling/10507} -> PackageSetting{56b8cc6 com.android.systemui.overlay.fingerprint.anim.none/10054} force queryable
01-17 13:50:10.293  3522  3786 I AppsFilter: interaction: PackageSetting{fc9a93a com.travels.travelling/10507} -> PackageSetting{ad37487 com.android.systemui.overlay.fingerprint.anim.halo/10064} force queryable
01-17 13:50:10.293  3522  3786 I AppsFilter: interaction: PackageSetting{fc9a93a com.travels.travelling/10507} -> PackageSetting{8b0a603 com.android.providers.downloads/10078} force queryable
01-17 13:50:10.293  3522  3786 I AppsFilter: interaction: PackageSetting{fc9a93a com.travels.travelling/10507} -> PackageSetting{50d65d com.android.companiondevicemanager/10095} force queryable
01-17 13:50:10.293  3522  3786 I AppsFilter: interaction: PackageSetting{fc9a93a com.travels.travelling/10507} -> PackageSetting{f3efb4 com.android.safetycenter.resources.overlay/10016} force queryable
01-17 13:50:10.293  3522  3786 I AppsFilter: interaction: PackageSetting{fc9a93a com.travels.travelling/10507} -> PackageSetting{589834 com.whatsapp/10384} queries component
01-17 13:50:10.293  3522  3786 I AppsFilter: interaction: PackageSetting{fc9a93a com.travels.travelling/10507} -> PackageSetting{41e17dd com.qualcomm.uimremoteclient/10163} force queryable
01-17 13:50:10.293  3522  3786 I AppsFilter: interaction: PackageSetting{fc9a93a com.travels.travelling/10507} -> PackageSetting{dd0e146 com.android.externalstorage/10083} force queryable
01-17 13:50:10.293  3522  3786 I AppsFilter: interaction: PackageSetting{fc9a93a com.travels.travelling/10507} -> PackageSetting{e41c921 com.instander.android/10436} queries component
01-17 13:50:10.293  3522  3786 I AppsFilter: interaction: PackageSetting{fc9a93a com.travels.travelling/10507} -> PackageSetting{e03af52 com.android.systemui.oplus.res.overlay/10067} force queryable
01-17 13:50:10.293  3522  3786 I AppsFilter: interaction: PackageSetting{fc9a93a com.travels.travelling/10507} -> PackageSetting{64ac014 com.android.launcher/10230} force queryable
01-17 13:50:10.293  3522  3786 I AppsFilter: interaction: PackageSetting{fc9a93a com.travels.travelling/10507} -> PackageSetting{d08ed0f com.oplus.mediacontroller/10259} force queryable
01-17 13:50:10.293  3522  3786 I AppsFilter: interaction: PackageSetting{fc9a93a com.travels.travelling/10507} -> PackageSetting{11045e9 com.oplus.location/10260} force queryable
01-17 13:50:10.293  3522  3786 I AppsFilter: interaction: PackageSetting{fc9a93a com.travels.travelling/10507} -> PackageSetting{5f978b3 com.google.android.federatedcompute/10319} force queryable
01-17 13:50:10.293  3522  3786 I AppsFilter: interaction: PackageSetting{fc9a93a com.travels.travelling/10507} -> PackageSetting{7bda604 com.qualcomm.qti.xrwifi/10242} force queryable
01-17 13:50:10.293  3522  3786 I AppsFilter: interaction: PackageSetting{fc9a93a com.travels.travelling/10507} -> PackageSetting{ca29d3b com.phonepe.app/10363} queries component
01-17 13:50:10.293  3522  3786 I AppsFilter: interaction: PackageSetting{fc9a93a com.travels.travelling/10507} -> PackageSetting{cbbca67 com.android.providers.media/10078} force queryable
01-17 13:50:10.293  3522  3786 I AppsFilter: interaction: PackageSetting{fc9a93a com.travels.travelling/10507} -> PackageSetting{897d7ca com.oneplus.note/10335} queries component
01-17 13:50:10.293  3522  3786 I AppsFilter: interaction: PackageSetting{fc9a93a com.travels.travelling/10507} -> PackageSetting{6b8156c org.telegram.messenger/10360} queries component
01-17 13:50:10.293  3522  3786 I AppsFilter: interaction: PackageSetting{fc9a93a com.travels.travelling/10507} -> PackageSetting{268d223 com.android.systemui.overlay.fingerprint.anim.sw/10062} force queryable
01-17 13:50:10.293  3522  3786 I AppsFilter: interaction: PackageSetting{fc9a93a com.travels.travelling/10507} -> PackageSetting{ba5320 com.android.systemui.overlay.fingerprint.anim.qy/10056} force queryable
01-17 13:50:10.293  3522  3786 I AppsFilter: interaction: PackageSetting{fc9a93a com.travels.travelling/10507} -> PackageSetting{f6954d9 com.android.systemui.overlay.fingerprint.anim.fy/10057} force queryable
01-17 13:50:10.293  3522  3786 I AppsFilter: interaction: PackageSetting{fc9a93a com.travels.travelling/10507} -> PackageSetting{1ce3e1f com.whereismytrain.android/10457} queries component
01-17 13:50:10.293  3522  3786 I AppsFilter: interaction: PackageSetting{fc9a93a com.travels.travelling/10507} -> PackageSetting{bca0e26 com.android.providers.calendar/10221} force queryable
01-17 13:50:10.293  3522  3786 I AppsFilter: interaction: PackageSetting{fc9a93a com.travels.travelling/10507} -> PackageSetting{79e540 com.coloros.smartsidebar/10218} queries component
01-17 13:50:10.293  3522  3786 I AppsFilter: interaction: PackageSetting{fc9a93a com.travels.travelling/10507} -> PackageSetting{cf32c72 com.google.android.googlequicksearchbox/10130} queries component
01-17 13:50:10.294  3522  3786 I AppsFilter: interaction: PackageSetting{fc9a93a com.travels.travelling/10507} -> PackageSetting{f0a5127 com.oneplus.oshare/10146} queries component
01-17 13:50:10.294  3522  3786 I AppsFilter: interaction: PackageSetting{fc9a93a com.travels.travelling/10507} -> PackageSetting{b3777e6 naukriApp.appModules.login/10388} queries component
01-17 13:50:10.294  3522  3786 I AppsFilter: interaction: PackageSetting{fc9a93a com.travels.travelling/10507} -> PackageSetting{da01641 com.microsoft.appmanager/10142} queries component
01-17 13:50:10.294  3522  3786 I AppsFilter: interaction: PackageSetting{fc9a93a com.travels.travelling/10507} -> PackageSetting{4071928 com.google.android.ext.services/10300} force queryable
01-17 13:50:10.294  3522  3786 I AppsFilter: interaction: PackageSetting{fc9a93a com.travels.travelling/10507} -> PackageSetting{4ba341a com.mattermost.rn/10343} queries component
01-17 13:50:10.294  3522  3786 I AppsFilter: interaction: PackageSetting{fc9a93a com.travels.travelling/10507} -> PackageSetting{a8c12c5 com.google.android.youtube/10181} queries component
01-17 13:50:10.294  3522  3786 I AppsFilter: interaction: PackageSetting{fc9a93a com.travels.travelling/10507} -> PackageSetting{896e9e com.android.systemui.overlay.fingerprint.anim.fireworks/10052} force queryable
01-17 13:50:10.294  3522  3786 I AppsFilter: interaction: PackageSetting{fc9a93a com.travels.travelling/10507} -> PackageSetting{66c6d7f android.frameworkres.overlay/10068} force queryable
01-17 13:50:10.300  3522  4228 D osense.compress: com.shazam.android do shrink, target ratio = 45, final ratio = 90, cur ratio = 0
01-17 13:50:10.341  3522  3786 D OplusPackageAbiHelper: notifyPackageAddOrChange :com.travels.travelling primaryabi = arm64-v8a secondabi = null
01-17 13:50:10.363  3522  3786 D PackageManagerServiceUtilsExtImpl: svc is empty, not 64-bit platform
01-17 13:50:10.364  3522  3786 I PackageManager: installation completed for package:com.travels.travelling. Final code path: /data/app/~~pivGuyGeDF421kHwR-9kSQ==/com.travels.travelling-e-ltAtT_8TOLCFTbQ6woTg==
01-17 13:50:10.365  3522  3786 I AppsFilter: interaction: PackageSetting{f8e04d6 com.android.microdroid.empty_payload/10309} -> PackageSetting{6b677 com.travels.travelling/10507} BLOCKED
01-17 13:50:10.365  3522  3786 I AppsFilter: interaction: PackageSetting{f70ce44 com.oplus.locationproxy/10200} -> PackageSetting{6b677 com.travels.travelling/10507} BLOCKED
01-17 13:50:10.365  3522  3786 I AppsFilter: interaction: PackageSetting{e78bb2d com.android.certinstaller/10244} -> PackageSetting{6b677 com.travels.travelling/10507} BLOCKED
01-17 13:50:10.365  3522  3786 I AppsFilter: interaction: PackageSetting{43d9862 com.oplus.location/10260} -> PackageSetting{6b677 com.travels.travelling/10507} BLOCKED
01-17 13:50:10.369  3522  3786 D InstallerExtImpl: Avoid to hold lock when rmPackageDir
01-17 13:50:10.404  3522  3786 D InstallerExtImpl: Avoid to hold lock when rmPackageDir
01-17 13:50:10.415  3522  3786 D UserUninstallRecorder: not care com.travels.travelling installed.
01-17 13:50:10.417  3522  3786 I ActivityManager: Force stopping com.travels.travelling appid=10507 user=0: pkg removed
01-17 13:50:10.454  3522  3786 I ActivityManager: Force stopping com.travels.travelling appid=10507 user=0: pkg removed
01-17 13:50:10.480  3522  3786 W PackageManager: do not hide app's stop state for: com.heytap.market
01-17 13:50:10.483  3522  4367 V AlarmManager: sending alarm Alarm{6c8950 type 1 origWhen 1768638010483 whenElapsed 488139099 android} uid 1000 whenElapsed 488139099 windowLength 0 maxWhenElapsed 488139099 repeatInterval 0 action null component null tag StorgaeBandInfoAlarmTag flags 0x9 procName system_server
01-17 13:50:10.487  3522  4518 D ShortcutService: received package broadcast intent: Intent { act=android.intent.action.PACKAGE_REMOVED dat=package: flg=0x4000010 (has extras) }
01-17 13:50:10.491  3522  4562 I Sandbox:Service: onReceive() Intent { act=android.intent.action.PACKAGE_REMOVED dat=package: flg=0x4000010 (has extras) } extra: Bundle[{android.intent.extra.REMOVED_FOR_ALL_USERS=true, android.intent.extra.DONT_KILL_APP=false, android.intent.extra.UID=10507, android.intent.extra.SYSTEM_UPDATE_UNINSTALL=false, android.intent.extra.USER_INITIATED=true, android.intent.extra.DATA_REMOVED=false, android.intent.extra.REPLACING=true, android.intent.extra.user_handle=0}]
01-17 13:50:10.503  3522  4359 D ActivityManager: reportOneUidFrozenStateChanged uid 10229 frozen = false
01-17 13:50:10.503  3522  3522 D ActivityManager: pid 9140 com.android.settings.intelligence received async transactions while frozen
01-17 13:50:10.504  3522  3522 D ActivityManager: sync unfroze 9140 com.android.settings.intelligence for 10
01-17 13:50:10.504  3522  3522 D ActivityManager: Cancel freezing 27892 com.heytap.mcs.appservice
01-17 13:50:10.508  3522  3522 D ActivityManager: pid 29419 com.oplus.onetrace received async transactions while frozen
01-17 13:50:10.509  3522  3522 D ActivityManager: sync unfroze 29419 com.oplus.onetrace for 10
01-17 13:50:10.509  3522  3522 D ActivityManager: pid 23947 com.android.DeviceAsWebcam received async transactions while frozen
01-17 13:50:10.509  3522  3522 D ActivityManager: sync unfroze 23947 com.android.DeviceAsWebcam for 10
01-17 13:50:10.538  3522  3718 I ActivityManager: Start proc 27947:com.oplus.phonemanager/u0a154 for broadcast {com.oplus.phonemanager/com.oplus.phonemanager.virusdetect.receiver.RealTimeMonitorReceiver}
01-17 13:50:10.538  3522  3684 I ActivityManager: ProcessObserver broadcast disabled
01-17 13:50:10.543  3522  4228 I MemoryOperationUtils: add 27947 to com.oplus.phonemanager
01-17 13:50:10.544  3522  3522 D DeviceIdleHelper: pacakge removed: name=com.travels.travelling not in PowerSaveWhitelist
01-17 13:50:10.544  3522  3522 D MultiApp-DataService: handlePackageChange: android.intent.action.PACKAGE_REMOVED for: com.travels.travelling
01-17 13:50:10.547  3522  3755 D DpcExtImpl[display=0]: mIsOplusTest = false
01-17 13:50:10.547  3522  3755 D OplusDisplayBrightnessBroadcastReceiver: onReceive action = android.intent.action.PACKAGE_REMOVED , listeners = [com.android.server.display.OplusDisplayPowerControllerExtImpl$OplusDpcExtBroadcastReceiver@a788269, com.android.server.display.feature.postprocess.OplusFeatureBrightnessBarController$BrightnessBarBroadcastReceiver@341b4ee]
01-17 13:50:10.580  3522  3718 I ActivityManager: Start proc 27949:com.android.keychain/1000 for service {com.android.keychain/com.android.keychain.KeyChainService}
01-17 13:50:10.580  3522  3684 I ActivityManager: ProcessObserver broadcast disabled
01-17 13:50:10.585  3522  3786 W PackageManager: do not hide app's stop state for: com.heytap.market
01-17 13:50:10.585  3522  4228 I MemoryOperationUtils: add 27949 to inactive
01-17 13:50:10.598  3522  3522 D OplusCustomizeService: pkgName = com.travels.travelling
01-17 13:50:10.598  3522  3522 D OplusCustomizeService: Add packages name is :com.travels.travelling;dir:/data/app/~~pivGuyGeDF421kHwR-9kSQ==/com.travels.travelling-e-ltAtT_8TOLCFTbQ6woTg==/base.apk
01-17 13:50:10.601  3522  4518 D ShortcutService: received package broadcast intent: Intent { act=android.intent.action.PACKAGE_ADDED dat=package: flg=0x4000010 (has extras) }
01-17 13:50:10.602  3522  4518 D ShortcutService: replacing package: com.travels.travelling userId=0
01-17 13:50:10.602  3522  4518 D ShortcutService: handlePackageUpdateFinished: com.travels.travelling userId=0
01-17 13:50:10.602  3522  4518 D ShortcutService: rescanPackageIfNeeded 0@com.travels.travelling, forceRescan=true , isNewApp=true
01-17 13:50:10.603  3522  4518 D ShortcutService: Package com.travels.travelling has 0 manifest shortcut(s), and 0 share target(s)
01-17 13:50:10.603  3522  3755 D DpcExtImpl[display=0]: mIsOplusTest = false
01-17 13:50:10.603  3522  3755 D OplusDisplayBrightnessBroadcastReceiver: onReceive action = android.intent.action.PACKAGE_ADDED , listeners = [com.android.server.display.OplusDisplayPowerControllerExtImpl$OplusDpcExtBroadcastReceiver@a788269, com.android.server.display.feature.postprocess.OplusFeatureBrightnessBarController$BrightnessBarBroadcastReceiver@341b4ee]
01-17 13:50:10.604  3522  3522 D MultiApp-DataService: handlePackageChange: android.intent.action.PACKAGE_ADDED for: com.travels.travelling
01-17 13:50:10.630  3522  4419 W PackageConfigPersister: App-specific configuration not found for packageName: com.travels.travelling and userId: 0
01-17 13:50:10.663  3522  3718 W ActivityManager: Slow operation: 59ms so far, now at startProcess: returned from zygote!
01-17 13:50:10.669  3522  3718 W ActivityManager: Slow operation: 65ms so far, now at startProcess: done updating battery stats
01-17 13:50:10.669  3522  3718 W ActivityManager: Slow operation: 65ms so far, now at startProcess: building log message
01-17 13:50:10.669  3522  3718 I ActivityManager: Start proc 27956:com.google.android.permissioncontroller/u0a299 for service {com.google.android.permissioncontroller/com.android.permissioncontroller.permission.service.PermissionControllerServiceImpl}
01-17 13:50:10.669  3522  3718 W ActivityManager: Slow operation: 65ms so far, now at startProcess: starting to update pids map
01-17 13:50:10.669  3522  3718 W ActivityManager: Slow operation: 65ms so far, now at startProcess: done updating pids map
01-17 13:50:10.670  3522  3684 I ActivityManager: ProcessObserver broadcast disabled
01-17 13:50:10.672   426   530 W ContextImpl: Calling a method in the system process without a qualified user: android.app.ContextImpl.startService:2032 android.content.ContextWrapper.startService:865 com.heytap.mcs.pkginstall.a.a:24 com.heytap.mcs.pkginstall.a.a:10 com.heytap.mcs.pkginstall.a.d:0 
01-17 13:50:10.679  3522  4402 I VibrationEffectConvertor: onInputMethodListUpdated received, info.size = 4
01-17 13:50:10.679  3522  4402 I VibrationEffectConvertor: userid = 0, packageName = com.google.android.tts
01-17 13:50:10.680  3522  4402 I VibrationEffectConvertor: userid = 0, packageName = com.google.android.inputmethod.latin
01-17 13:50:10.680  3522  4402 I VibrationEffectConvertor: userid = 0, packageName = com.snapchat.android
01-17 13:50:10.680  3522  4402 I VibrationEffectConvertor: userid = 0, packageName = com.oplus.securitykeyboard
01-17 13:50:10.684  3522  4228 I MemoryOperationUtils: add 27956 to inactive
01-17 13:50:10.690  3522  3522 D BackupManagerConstants: getFullBackupIntervalMilliseconds(...) returns 86400000
01-17 13:50:10.691  3522  3522 D BackupManagerConstants: getFullBackupRequiredNetworkType(...) returns 2
01-17 13:50:10.691  3522  3522 D BackupManagerConstants: getFullBackupRequireCharging(...) returns true
01-17 13:50:10.697  3522  3569 D OplusMediaControlService: dispatch getHistoryMediaPlayerInfoList
01-17 13:50:10.698  3522  3569 D OplusMediaControlService: InHistoryPlayInfoWhiteList: com.spotify.music, 0
01-17 13:50:10.698  3522  3569 I OplusMediaControlService: getHistoryMediaPlayerInfoList historyInfoList size: 1
01-17 13:50:10.708  3522  3718 I ActivityManager: Start proc 27990:com.oplus.romupdate/u0a210 for content provider {com.oplus.romupdate/com.oplusos.romupdate.provider.RomUpdateProvider}
01-17 13:50:10.708  3522  3684 I ActivityManager: ProcessObserver broadcast disabled
01-17 13:50:10.722  8702  8702 I Quality : GetResourcesInfo:177058750,/system_ext/priv-app/SystemUI/SystemUI.apk
01-17 13:50:10.743  3522  4402 I VibrationEffectConvertor: onInputMethodListUpdated received, info.size = 4
01-17 13:50:10.743  3522  4402 I VibrationEffectConvertor: userid = 0, packageName = com.google.android.tts
01-17 13:50:10.743  3522  4402 I VibrationEffectConvertor: userid = 0, packageName = com.google.android.inputmethod.latin
01-17 13:50:10.743  3522  4402 I VibrationEffectConvertor: userid = 0, packageName = com.snapchat.android
01-17 13:50:10.743  3522  4402 I VibrationEffectConvertor: userid = 0, packageName = com.oplus.securitykeyboard
01-17 13:50:10.762  3522  3522 W AlarmManager: Package com.travels.travelling, uid 10507 lost permission to set exact alarms!
01-17 13:50:10.762  3522  5242 D ActivityTaskManagerServiceExtImpl: preBindApplication record is null
01-17 13:50:10.770  3522  5243 D ActivityTaskManagerServiceExtImpl: preBindApplication record is null
01-17 13:50:10.771  3522 13766 V Configuration: Updating configuration, locales updated from [] to [en_US]
01-17 13:50:10.771  3522 13766 V Configuration: Updating configuration, locales updated from [] to [en_US]
01-17 13:50:10.771  3522 13766 V Configuration: Updating configuration, locales updated from [] to [en_US]
01-17 13:50:10.771  3522 13766 V Configuration: Updating configuration, locales updated from [] to [en_IN]
01-17 13:50:10.771  3522 13766 V Configuration: Updating configuration, locales updated from [] to [en_GB]
01-17 13:50:10.771  3522 13766 V Configuration: Updating configuration, locales updated from [] to [en_GB]
01-17 13:50:10.771  3522 13766 V Configuration: Updating configuration, locales updated from [] to [en_GB]
01-17 13:50:10.772  3522 13766 D IntervalStats: Unable to parse usage stats packages: [11, 273, 394, 406, 409, 410, 412, 413, 414, 415, 416, 418, 419, 420, 421, 422, 423, 424, 425, 426, 428, 429, 430, 431, 432, 435, 436, 438, 439, 440, 441, 442, 443, 444, 445, 446, 447, 448, 449, 453, 455, 456, 457, 458, 460, 461, 462, 463, 464, 465, 467, 468, 469, 472, 473, 474, 475, 476, 478, 479, 480, 481, 482, 483, 484, 485, 486, 488, 489, 490, 491, 492, 493, 494, 495, 496, 497, 498, 499, 500, 501, 502, 503, 504, 505, 506, 507, 508, 510, 511, 513, 514, 515, 516, 517, 518, 519, 520, 521, 522, 523, 525, 527, 528, 529, 530, 531, 532, 534, 535, 536, 537, 538, 539, 540, 541, 542, 543, 544, 545, 546, 548, 549, 550, 551, 552, 553, 554, 555, 556, 557, 558, 559, 560, 561, 562, 563, 564, 565, 566, 567, 568, 569, 570, 571, 572, 573, 574, 575, 576, 577, 578, 579, 580, 581, 582, 583, 586, 587, 588, 589, 590, 592, 594, 595, 597, 598, 599, 600, 601, 602, 603, 604, 605, 606, 607, 608, 609, 610, 611, 612, 613, 617, 618, 619, 620, 621, 622, 623, 624, 625, 626, 627, 628, 630, 631, 633, 634, 635, 636, 637, 638, 639, 640, 641, 642, 643, 644, 646, 647, 648, 649, 651, 652, 653, 654, 655, 656, 659, 660, 661, 664, 681, 682, 683, 716, 717]
01-17 13:50:10.775 27956 27956 V Configuration: Updating configuration, locales updated from [] to [en_GB]
01-17 13:50:10.776  3522  4223 V ActivityManager: Has totaly same connectionRecord, just reuse it!
01-17 13:50:10.782  3522 13766 V Configuration: Updating configuration, locales updated from [] to [en_US]
01-17 13:50:10.782  3522 13766 V Configuration: Updating configuration, locales updated from [] to [en_US]
01-17 13:50:10.782  3522 13766 V Configuration: Updating configuration, locales updated from [] to [en_US]
01-17 13:50:10.782  3522 13766 V Configuration: Updating configuration, locales updated from [] to [en_IN]
01-17 13:50:10.782  3522 13766 V Configuration: Updating configuration, locales updated from [] to [en_GB]
01-17 13:50:10.782  3522 13766 V Configuration: Updating configuration, locales updated from [] to [en_GB]
01-17 13:50:10.782 27947 27947 V Configuration: Updating configuration, locales updated from [] to [en_GB]
01-17 13:50:10.784  3522 13766 V Configuration: Updating configuration, locales updated from [] to [en_GB]
01-17 13:50:10.784  3522 13766 D IntervalStats: Unable to parse usage stats packages: [11, 273, 394, 406, 409, 410, 412, 413, 414, 415, 416, 418, 419, 420, 421, 422, 423, 424, 425, 426, 427, 428, 429, 430, 431, 432, 433, 435, 436, 438, 439, 440, 441, 442, 443, 444, 445, 446, 447, 448, 449, 453, 455, 456, 457, 458, 460, 461, 462, 463, 464, 465, 466, 467, 468, 469, 471, 472, 473, 474, 475, 476, 478, 479, 480, 481, 482, 483, 484, 485, 486, 488, 489, 490, 491, 492, 493, 494, 495, 496, 497, 498, 499, 500, 501, 502, 503, 504, 505, 506, 507, 508, 509, 510, 511, 513, 514, 515, 516, 517, 518, 519, 520, 521, 522, 523, 525, 527, 528, 529, 530, 531, 532, 533, 534, 535, 536, 537, 538, 539, 540, 541, 542, 543, 544, 545, 546, 547, 548, 549, 550, 551, 552, 553, 554, 555, 556, 557, 558, 559, 560, 561, 562, 563, 564, 565, 566, 567, 568, 569, 570, 571, 572, 573, 574, 575, 576, 577, 578, 579, 580, 581, 582, 583, 585, 586, 587, 588, 589, 590, 592, 594, 595, 597, 598, 599, 600, 601, 602, 603, 604, 605, 606, 607, 608, 609, 610, 611, 612, 613, 614, 615, 617, 618, 619, 620, 621, 622, 623, 624, 625, 626, 627, 628, 630, 631, 633, 634, 635, 636, 637, 638, 639, 640, 641, 642, 643, 644, 645, 646, 647, 648, 649, 651, 652, 653, 654, 655, 656, 657, 658, 659, 660, 661, 663, 664, 665, 666, 668, 669, 670, 671, 672, 673, 674, 676, 681, 682, 683, 686, 693, 710]
01-17 13:50:10.784  3522 13766 D UsageStatsService: User[0] type=3 b=1737188410764 e=1768638010764 cb=1760972125380 ce=1768638012309 disk=362 all=863
01-17 13:50:10.808  3522  5211 D ActivityTaskManagerServiceExtImpl: preBindApplication record is null
01-17 13:50:10.808  3522  8319 W AppOpService: Ignored setUidMode call for runtime permission app op: uid = 10282, code = FINE_LOCATION, mode = allow, callingUid = 1000, oldMode = allow
01-17 13:50:10.811  3522  4488 D ActivityTaskManagerServiceExtImpl: preBindApplication record is null
01-17 13:50:10.816  3522  4228 I MemoryOperationUtils: add 27990 to inactive
01-17 13:50:10.818 27990 27990 V Configuration: Updating configuration, locales updated from [] to [en_GB]
01-17 13:50:10.838  3522  5538 W ActivityManager: Unable to start service Intent { act=android.intent.action.VIEW dat=oaps://mk/... xflg=0x4 pkg=com.heytap.market (has extras) mCallingUid=1000 } U=0: not found
01-17 13:50:10.838  3522  3786 E OplusAppQuickStart_AppQuickStartController: Delete all capture files when pkg ratio changed, pkgs: [com.travels.travelling]
01-17 13:50:10.844  3522  3786 E OplusAppQuickStart_OplusAppQuickStart: success to delete file: com.travels.travelling_0_33_MAIN.webp
01-17 13:50:10.845  7255  7255 D ActivityThread: Package [com.travels.travelling] reported as REPLACED, but missing application info. Assuming REMOVED.
01-17 13:50:10.845 26686 26686 D ActivityThread: Package [com.travels.travelling] reported as REPLACED, but missing application info. Assuming REMOVED.
01-17 13:50:10.845 21420 21420 D ActivityThread: Package [com.travels.travelling] reported as REPLACED, but missing application info. Assuming REMOVED.
01-17 13:50:10.847 21616 21616 D ActivityThread: Package [com.travels.travelling] reported as REPLACED, but missing application info. Assuming REMOVED.
01-17 13:50:10.847  8300  8300 D ActivityThread: Package [com.travels.travelling] reported as REPLACED, but missing application info. Assuming REMOVED.
01-17 13:50:10.848  5704  5704 D ActivityThread: Package [com.travels.travelling] reported as REPLACED, but missing application info. Assuming REMOVED.
01-17 13:50:10.848   426   426 D ActivityThread: Package [com.travels.travelling] reported as REPLACED, but missing application info. Assuming REMOVED.
01-17 13:50:10.848  9140  9140 D ActivityThread: Package [com.travels.travelling] reported as REPLACED, but missing application info. Assuming REMOVED.
01-17 13:50:10.849 17414 17414 D ActivityThread: Package [com.travels.travelling] reported as REPLACED, but missing application info. Assuming REMOVED.
01-17 13:50:10.849   378   378 D ActivityThread: Package [com.travels.travelling] reported as REPLACED, but missing application info. Assuming REMOVED.
01-17 13:50:10.850 27949 27949 V Configuration: Updating configuration, locales updated from [] to [en_GB]
01-17 13:50:10.852   457   457 D ActivityThread: Package [com.travels.travelling] reported as REPLACED, but missing application info. Assuming REMOVED.
01-17 13:50:10.852  8914  8914 D ActivityThread: Package [com.travels.travelling] reported as REPLACED, but missing application info. Assuming REMOVED.
01-17 13:50:10.852 26625 26625 D ActivityThread: Package [com.travels.travelling] reported as REPLACED, but missing application info. Assuming REMOVED.
01-17 13:50:10.853  5203  5203 D ActivityThread: Package [com.travels.travelling] reported as REPLACED, but missing application info. Assuming REMOVED.
01-17 13:50:10.853  9520  9520 D ActivityThread: Package [com.travels.travelling] reported as REPLACED, but missing application info. Assuming REMOVED.
01-17 13:50:10.853 27520 27520 D ActivityThread: Package [com.travels.travelling] reported as REPLACED, but missing application info. Assuming REMOVED.
01-17 13:50:10.853  3522  8319 W AppOpService: Ignored setUidMode call for runtime permission app op: uid = 10282, code = FINE_LOCATION, mode = allow, callingUid = 1000, oldMode = allow
01-17 13:50:10.853 27892 27892 D ActivityThread: Package [com.travels.travelling] reported as REPLACED, but missing application info. Assuming REMOVED.
01-17 13:50:10.854 10740 10740 D ActivityThread: Package [com.travels.travelling] reported as REPLACED, but missing application info. Assuming REMOVED.
01-17 13:50:10.855 19311 19311 D ActivityThread: Package [com.travels.travelling] reported as REPLACED, but missing application info. Assuming REMOVED.
01-17 13:50:10.855 20248 20248 D ActivityThread: Package [com.travels.travelling] reported as REPLACED, but missing application info. Assuming REMOVED.
01-17 13:50:10.858 27864 27864 D ActivityThread: Package [com.travels.travelling] reported as REPLACED, but missing application info. Assuming REMOVED.
01-17 13:50:10.859  9506  9506 D ActivityThread: Package [com.travels.travelling] reported as REPLACED, but missing application info. Assuming REMOVED.
01-17 13:50:10.861 27603 27603 D ActivityThread: Package [com.travels.travelling] reported as REPLACED, but missing application info. Assuming REMOVED.
01-17 13:50:10.862 18671 18671 D ActivityThread: Package [com.travels.travelling] reported as REPLACED, but missing application info. Assuming REMOVED.
01-17 13:50:10.863  5532  5532 D ActivityThread: Package [com.travels.travelling] reported as REPLACED, but missing application info. Assuming REMOVED.
01-17 13:50:10.862  6662  6662 D ActivityThread: Package [com.travels.travelling] reported as REPLACED, but missing application info. Assuming REMOVED.
01-17 13:50:10.864  5166  5166 D ActivityThread: Package [com.travels.travelling] reported as REPLACED, but missing application info. Assuming REMOVED.
01-17 13:50:10.865  5995  5995 D ActivityThread: Package [com.travels.travelling] reported as REPLACED, but missing application info. Assuming REMOVED.
01-17 13:50:10.867  5678  5678 D ActivityThread: Package [com.travels.travelling] reported as REPLACED, but missing application info. Assuming REMOVED.
01-17 13:50:10.867  8702  8702 D ActivityThread: Package [com.travels.travelling] reported as REPLACED, but missing application info. Assuming REMOVED.
01-17 13:50:10.871  5361  5361 D ActivityThread: Package [com.travels.travelling] reported as REPLACED, but missing application info. Assuming REMOVED.
01-17 13:50:10.873 11207 11207 D ActivityThread: Package [com.travels.travelling] reported as REPLACED, but missing application info. Assuming REMOVED.
01-17 13:50:10.873 17524 17524 D ActivityThread: Package [com.travels.travelling] reported as REPLACED, but missing application info. Assuming REMOVED.
01-17 13:50:10.874  4817  4817 D ActivityThread: Package [com.travels.travelling] reported as REPLACED, but missing application info. Assuming REMOVED.
01-17 13:50:10.874  4257  4257 D ActivityThread: Package [com.travels.travelling] reported as REPLACED, but missing application info. Assuming REMOVED.
01-17 13:50:10.874 32752 32752 D ActivityThread: Package [com.travels.travelling] reported as REPLACED, but missing application info. Assuming REMOVED.
01-17 13:50:10.875   382   382 D ActivityThread: Package [com.travels.travelling] reported as REPLACED, but missing application info. Assuming REMOVED.
01-17 13:50:10.875 30743 30743 D ActivityThread: Package [com.travels.travelling] reported as REPLACED, but missing application info. Assuming REMOVED.
01-17 13:50:10.876 22889 22889 D ActivityThread: Package [com.travels.travelling] reported as REPLACED, but missing application info. Assuming REMOVED.
01-17 13:50:10.876 14305 14305 D ActivityThread: Package [com.travels.travelling] reported as REPLACED, but missing application info. Assuming REMOVED.
01-17 13:50:10.878  3052  3052 D ActivityThread: Package [com.travels.travelling] reported as REPLACED, but missing application info. Assuming REMOVED.
01-17 13:50:10.882 25861 25861 D ActivityThread: Package [com.travels.travelling] reported as REPLACED, but missing application info. Assuming REMOVED.
01-17 13:50:10.882  3542  3542 D ActivityThread: Package [com.travels.travelling] reported as REPLACED, but missing application info. Assuming REMOVED.
01-17 13:50:10.883 16667 16667 D ActivityThread: Package [com.travels.travelling] reported as REPLACED, but missing application info. Assuming REMOVED.
01-17 13:50:10.883 26799 26799 D ActivityThread: Package [com.travels.travelling] reported as REPLACED, but missing application info. Assuming REMOVED.
01-17 13:50:10.886 26761 26761 D ActivityThread: Package [com.travels.travelling] reported as REPLACED, but missing application info. Assuming REMOVED.
01-17 13:50:10.886 25862 25862 D ActivityThread: Package [com.travels.travelling] reported as REPLACED, but missing application info. Assuming REMOVED.
01-17 13:50:10.886 25348 25348 D ActivityThread: Package [com.travels.travelling] reported as REPLACED, but missing application info. Assuming REMOVED.
01-17 13:50:10.887 17341 17341 D ActivityThread: Package [com.travels.travelling] reported as REPLACED, but missing application info. Assuming REMOVED.
01-17 13:50:10.888  8367  8367 D ActivityThread: Package [com.travels.travelling] reported as REPLACED, but missing application info. Assuming REMOVED.
01-17 13:50:10.888 21716 21716 D ActivityThread: Package [com.travels.travelling] reported as REPLACED, but missing application info. Assuming REMOVED.
01-17 13:50:10.889 18418 18418 D ActivityThread: Package [com.travels.travelling] reported as REPLACED, but missing application info. Assuming REMOVED.
01-17 13:50:10.889 29419 29419 D ActivityThread: Package [com.travels.travelling] reported as REPLACED, but missing application info. Assuming REMOVED.
01-17 13:50:10.889 18448 18448 D ActivityThread: Package [com.travels.travelling] reported as REPLACED, but missing application info. Assuming REMOVED.
01-17 13:50:10.890 11546 11546 D ActivityThread: Package [com.travels.travelling] reported as REPLACED, but missing application info. Assuming REMOVED.
01-17 13:50:10.891 27994 27994 D ActivityThread: Package [com.travels.travelling] reported as REPLACED, but missing application info. Assuming REMOVED.
01-17 13:50:10.891  8479  8479 D ActivityThread: Package [com.travels.travelling] reported as REPLACED, but missing application info. Assuming REMOVED.
01-17 13:50:10.891  6745  6745 D ActivityThread: Package [com.travels.travelling] reported as REPLACED, but missing application info. Assuming REMOVED.
01-17 13:50:10.892  5153  5153 D ActivityThread: Package [com.travels.travelling] reported as REPLACED, but missing application info. Assuming REMOVED.
01-17 13:50:10.892  4994  4994 D ActivityThread: Package [com.travels.travelling] reported as REPLACED, but missing application info. Assuming REMOVED.
01-17 13:50:10.893  3522  3522 D ActivityThread: Package [com.travels.travelling] reported as REPLACED, but missing application info. Assuming REMOVED.
01-17 13:50:10.893  3522  3786 W PackageManager: do not hide app's stop state for: com.heytap.market
01-17 13:50:10.893  4950  4950 D ActivityThread: Package [com.travels.travelling] reported as REPLACED, but missing application info. Assuming REMOVED.
01-17 13:50:10.894  8971  8971 D ActivityThread: Package [com.travels.travelling] reported as REPLACED, but missing application info. Assuming REMOVED.
01-17 13:50:10.894 23702 23702 D ActivityThread: Package [com.travels.travelling] reported as REPLACED, but missing application info. Assuming REMOVED.
01-17 13:50:10.894 16671 16671 D ActivityThread: Package [com.travels.travelling] reported as REPLACED, but missing application info. Assuming REMOVED.
01-17 13:50:10.895  8438  8438 D ActivityThread: Package [com.travels.travelling] reported as REPLACED, but missing application info. Assuming REMOVED.
01-17 13:50:10.895 22960 22960 D ActivityThread: Package [com.travels.travelling] reported as REPLACED, but missing application info. Assuming REMOVED.
01-17 13:50:10.896  3522  3718 W ActivityManager: Slow operation: 69ms so far, now at startProcess: done updating battery stats
01-17 13:50:10.896  3522  3718 W ActivityManager: Slow operation: 69ms so far, now at startProcess: building log message
01-17 13:50:10.896  3522  3718 I ActivityManager: Start proc 28037:com.oplus.safecenter/1000 for broadcast {com.oplus.safecenter/com.oplus.safecenter.privacy.control.DeepProtectReceiver}
01-17 13:50:10.896  3522  3718 W ActivityManager: Slow operation: 69ms so far, now at startProcess: starting to update pids map
01-17 13:50:10.896 27193 27193 D ActivityThread: Package [com.travels.travelling] reported as REPLACED, but missing application info. Assuming REMOVED.
01-17 13:50:10.896  5023  5023 D ActivityThread: Package [com.travels.travelling] reported as REPLACED, but missing application info. Assuming REMOVED.
01-17 13:50:10.896  5067  5067 D ActivityThread: Package [com.travels.travelling] reported as REPLACED, but missing application info. Assuming REMOVED.
01-17 13:50:10.896  4937  4937 D ActivityThread: Package [com.travels.travelling] reported as REPLACED, but missing application info. Assuming REMOVED.
01-17 13:50:10.896 23947 23947 D ActivityThread: Package [com.travels.travelling] reported as REPLACED, but missing application info. Assuming REMOVED.
01-17 13:50:10.896  6324  6324 D ActivityThread: Package [com.travels.travelling] reported as REPLACED, but missing application info. Assuming REMOVED.
01-17 13:50:10.897  5126  5126 D ActivityThread: Package [com.travels.travelling] reported as REPLACED, but missing application info. Assuming REMOVED.
01-17 13:50:10.897  4882  4882 D ActivityThread: Package [com.travels.travelling] reported as REPLACED, but missing application info. Assuming REMOVED.
01-17 13:50:10.897  3522  3684 I ActivityManager: ProcessObserver broadcast disabled
01-17 13:50:10.897 23258 23258 D ActivityThread: Package [com.travels.travelling] reported as REPLACED, but missing application info. Assuming REMOVED.
01-17 13:50:10.898  6299  6299 D ActivityThread: Package [com.travels.travelling] reported as REPLACED, but missing application info. Assuming REMOVED.
01-17 13:50:10.898 20543 20543 D ActivityThread: Package [com.travels.travelling] reported as REPLACED, but missing application info. Assuming REMOVED.
01-17 13:50:10.898  3522  3718 W ActivityManager: Slow operation: 71ms so far, now at startProcess: done updating pids map
01-17 13:50:10.898 21235 21235 D ActivityThread: Package [com.travels.travelling] reported as REPLACED, but missing application info. Assuming REMOVED.
01-17 13:50:10.899  3522  4228 I MemoryOperationUtils: add 28037 to inactive
01-17 13:50:10.902  3522  4411 V AccessibilityManagerService: onUserStateChangedLocked for user 0 with forceUpdate: false mEnabledServices = [] mCrashedServices = [] hasMagnificationConnection=false
01-17 13:50:10.902  3522  4411 W MagnificationConnectionManager: requestConnection duplicated request: connect=false, mConnectionState=DISCONNECTED
01-17 13:50:10.904  4883  4883 D ActivityThread: Package [com.travels.travelling] reported as REPLACED, but missing application info. Assuming REMOVED.
01-17 13:50:10.905  4967  4967 D ActivityThread: Package [com.travels.travelling] reported as REPLACED, but missing application info. Assuming REMOVED.
01-17 13:50:10.905  3522  4411 V AccessibilityManagerService: onUserStateChangedLocked for user 0 with forceUpdate: false mEnabledServices = [] mCrashedServices = [] hasMagnificationConnection=false
01-17 13:50:10.905  3522  4411 W MagnificationConnectionManager: requestConnection duplicated request: connect=false, mConnectionState=DISCONNECTED
01-17 13:50:10.909  3522  5516 D ActivityTaskManagerServiceExtImpl: preBindApplication record is null
01-17 13:50:10.914  5053  5053 D ActivityThread: Package [com.travels.travelling] reported as REPLACED, but missing application info. Assuming REMOVED.
01-17 13:50:10.915  5008  5008 D ActivityThread: Package [com.travels.travelling] reported as REPLACED, but missing application info. Assuming REMOVED.
01-17 13:50:10.915 14144 14144 D ActivityThread: Package [com.travels.travelling] reported as REPLACED, but missing application info. Assuming REMOVED.
01-17 13:50:10.917 13280 13280 D ActivityThread: Package [com.travels.travelling] reported as REPLACED, but missing application info. Assuming REMOVED.
01-17 13:50:10.914  5105  5105 D ActivityThread: Package [com.travels.travelling] reported as REPLACED, but missing application info. Assuming REMOVED.
01-17 13:50:10.919  3522  3786 E OplusAppQuickStart_AppQuickStartController: Delete all capture files when pkg ratio changed, pkgs: [com.travels.travelling]
01-17 13:50:10.920 21420 21420 D ActivityThread: Package [com.travels.travelling] reported as REPLACED, but missing application info. Assuming REMOVED.
01-17 13:50:10.920 26686 26686 D ActivityThread: Package [com.travels.travelling] reported as REPLACED, but missing application info. Assuming REMOVED.
01-17 13:50:10.921  7255  7255 D ActivityThread: Package [com.travels.travelling] reported as REPLACED, but missing application info. Assuming REMOVED.
01-17 13:50:10.922  8300  8300 D ActivityThread: Package [com.travels.travelling] reported as REPLACED, but missing application info. Assuming REMOVED.
