01-17 13:49:46.373  3522  4367 V AlarmManager: sending alarm Alarm{6264e9a type 2 origWhen 488114989 whenElapsed 488114989 android} uid 1000 whenElapsed 488114989 windowLength 0 maxWhenElapsed 488114989 repeatInterval 0 action com.android.server.audio.action.CHECK_MUSIC_ACTIVE component null flags 0x9 procName system_server
01-17 13:49:46.403  3522  4367 V AlarmManager: sending alarm Alarm{304d2c1 type 1 origWhen 1768637986403 whenElapsed 488115019 android} uid 1000 whenElapsed 488115019 windowLength 0 maxWhenElapsed 488115019 repeatInterval 0 action null component null tag StorgaeBandInfoAlarmTag flags 0x9 procName system_server
01-17 13:49:46.727  3522  3786 D OplusDexOptimizeManager: packageName: com.travels.travelling Dexopt state is: run-from-apk
01-17 13:49:46.728  3522  3786 D OplusDexOptimizeManager: begin to dexopt :com.travels.travelling
01-17 13:49:46.735  3522 30705 W OplusSingleDexoptContainerImpl: oplus checkAndSetBeforeStart success: packageName= com.travels.travelling priority= 40 compilerFilter= verify
01-17 13:49:48.399  3522  4228 D osense.compress: com.instander.android do shrink, target ratio = 66, final ratio = 90, cur ratio = 42
01-17 13:49:48.421  3522  4367 V AlarmManager: sending alarm Alarm{3b1abec type 1 origWhen 1768637988421 whenElapsed 488117037 android} uid 1000 whenElapsed 488117037 windowLength 0 maxWhenElapsed 488117037 repeatInterval 0 action null component null tag StorgaeBandInfoAlarmTag flags 0x9 procName system_server
01-17 13:49:49.273  3522  4359 D ActivityManager: freezing 16803 com.google.android.rkpdapp
01-17 13:49:49.277  3522  4359 D ActivityManager: Freeze process 16803, not check file locks
01-17 13:49:49.277  3522  4359 D ActivityManager: reportOneUidFrozenStateChanged uid 10320 frozen = true
01-17 13:49:49.378  3522 30705 D OplusDexoptStatisticHelper: dexopt notify to athena: com.travels.travelling
01-17 13:49:49.397  3522 30705 W OplusDexoptStatisticHelper: recordDex2oatInfo: time:1768637989397,pid:0,alt:1913,cpt:3850,rea:repair-dex,flt:verify,rlt:20,path:/data/app/~~7nQP4yeYLfB0btwijx2rAA==/com.travels.travelling-TijblTn8_r5gl-hS75x3xA==/base.apk
01-17 13:49:49.400  3522 30705 D OplusDexOptimizeManager: FirstUseActivity packageName = com.travels.travelling is compiled which reason is : repair-dex and result is:  20
01-17 13:49:49.400  3522 30705 I OplusDexOptimizeManager: FirstUseActivity Pinning optimized code com.travels.travelling
01-17 13:49:49.402  5034  7800 I iopgp   : iopgp dexopt update, package = com.travels.travelling
01-17 13:49:49.402  5034  5034 D iopgp   : CleanSinglePackage: com.travels.travelling
01-17 13:49:50.020  3522  4359 D ActivityManager: freezing 6662 com.google.android.apps.messaging
01-17 13:49:50.043  3522  5216 E OplusCustomizePackageManagerService: getAdbInstallUninstallDisabled start
01-17 13:49:50.301  3522  4228 D osense.compress: com.shazam.android do shrink, target ratio = 45, final ratio = 90, cur ratio = 0
01-17 13:49:50.366  1466 27676 I keystore2: system/security/keystore2/watchdog/src/lib.rs:377 - Watchdog thread idle -> terminating. Have a great day.
01-17 13:49:50.434  3522  4367 V AlarmManager: sending alarm Alarm{94921fa type 1 origWhen 1768637990434 whenElapsed 488119050 android} uid 1000 whenElapsed 488119050 windowLength 0 maxWhenElapsed 488119050 repeatInterval 0 action null component null tag StorgaeBandInfoAlarmTag flags 0x9 procName system_server
01-17 13:49:51.032  3522  4359 D ActivityManager: Freezer deadlock watchdog
01-17 13:49:51.207  3522  4439 V NetworkPolicy: updateNetworkEnabledNL() return
01-17 13:49:51.207  3522  4439 V NetworkPolicy: updateNotificationsNL not process
01-17 13:49:51.469  3522  4228 D osense.compress: com.jio.myjio do shrink, target ratio = 75, final ratio = 90, cur ratio = 60
01-17 13:49:52.438  3522  4367 V AlarmManager: sending alarm Alarm{bd9259e type 1 origWhen 1768637992438 whenElapsed 488121054 android} uid 1000 whenElapsed 488121054 windowLength 0 maxWhenElapsed 488121054 repeatInterval 0 action null component null tag StorgaeBandInfoAlarmTag flags 0x9 procName system_server
01-17 13:49:52.652  3522  3717 I ActivityManager: Waited long enough for: ServiceRecord{19f0bb1 u0 com.qualcomm.qti.workloadclassifier/.WLCService c:com.qualcomm.qti.workloadclassifier}
01-17 13:49:52.820  3522  4488 D ActivityManager: sync unfroze 6662 com.google.android.apps.messaging for 7
01-17 13:49:52.821  3522  4488 W ProcessStats: Tracking association SourceState{a89904c com.google.android.apps.messaging/10287 BFgs #746881} whose proc state 4 is better than process ProcessState{df6ca2f com.google.android.gms/10128 pkg=com.google.android.gms} proc state 13 (48 skipped)
01-17 13:49:53.442  3522  4228 D osense.compress: com.linkedin.android do shrink, target ratio = 67, final ratio = 90, cur ratio = 45
01-17 13:49:53.481  3522  4439 V NetworkPolicy: updateNetworkEnabledNL() return
01-17 13:49:53.481  3522  4439 V NetworkPolicy: updateNotificationsNL not process
01-17 13:49:53.775  3522  4359 D ActivityManager: freezing 11836 com.google.android.gms.unstable
01-17 13:49:54.197  3522  4228 D osense.compress: com.instagram.android do shrink, target ratio = 64, final ratio = 70, cur ratio = 59
01-17 13:49:54.207  3522  4228 D osense.compress: com.facebook.katana do shrink, target ratio = 78, final ratio = 90, cur ratio = 66
01-17 13:49:54.214  3522  4228 D osense.compress: com.dubox.drive do shrink, target ratio = 62, final ratio = 90, cur ratio = 35
01-17 13:49:54.442  3522  4367 V AlarmManager: sending alarm Alarm{3c49802 type 1 origWhen 1768637994442 whenElapsed 488123058 android} uid 1000 whenElapsed 488123058 windowLength 0 maxWhenElapsed 488123058 repeatInterval 0 action null component null tag StorgaeBandInfoAlarmTag flags 0x9 procName system_server
01-17 13:49:54.591  3522  4488 D NotificationService--OplusNotificationFixHelper: fixAppIcon: pkg=com.google.android.googlequicksearchbox
01-17 13:49:54.591  3522  4488 D NotificationService--OplusNotificationFixHelper: fixAppIcon: appIcon = null, pkg = com.google.android.googlequicksearchbox
01-17 13:49:54.593  3522  4488 I OplusStatusBarManagerServiceEnhance:  getTopIsFullscreen mTopIsFullscreen: false
01-17 13:49:54.593  3522  4488 W ActivityManager: Permission Denial: getTopApplicationInfo from pid=21420, uid=10130 requires oplus.permission.OPLUS_COMPONENT_SAFE
01-17 13:49:54.594  3522  3522 D NotificationService--OplusNotificationManagerServiceExtImpl: isForwardToAssistants: true, case : Is local notification
01-17 13:49:54.594  3522  3522 D NotificationService: This application enqueue notifications is need postDelayed mcsAssistantDelayTime: 200
01-17 13:49:54.597  3522  4488 D NotificationService--OplusNotificationFixHelper: fixAppIcon: pkg=com.google.android.googlequicksearchbox
01-17 13:49:54.597  3522  4488 D NotificationService--OplusNotificationFixHelper: fixAppIcon: appIcon = null, pkg = com.google.android.googlequicksearchbox
01-17 13:49:54.598  3522  4488 I OplusStatusBarManagerServiceEnhance:  getTopIsFullscreen mTopIsFullscreen: false
01-17 13:49:54.598  3522  4488 W ActivityManager: Permission Denial: getTopApplicationInfo from pid=21420, uid=10130 requires oplus.permission.OPLUS_COMPONENT_SAFE
01-17 13:49:54.600  3522  3522 D NotificationService--OplusNotificationManagerServiceExtImpl: isForwardToAssistants: true, case : Is local notification
01-17 13:49:54.600  3522  3522 D NotificationService: This application enqueue notifications is need postDelayed mcsAssistantDelayTime: 200
01-17 13:49:54.614  3522  4649 D OAppNetControlService: Hans update:[10164=false][0|0] blackList:[10362, 10350, 10334, 10457, 10349, 10501, 10405, 10378, 10390, 10321, 10436, 10367, 10313, 10351, 10491]
01-17 13:49:54.625  3522  3725 D ActivityManager: sync unfroze 9506 com.google.android.googlequicksearchbox:search for 3
01-17 13:49:54.625  3522  3725 D ActivityManager: Async freezing 9506 com.google.android.googlequicksearchbox:search
01-17 13:49:54.626  3522  3725 D ActivityManager: Cancel freezing 9506 com.google.android.googlequicksearchbox:search
01-17 13:49:54.626  3522  3725 D ActivityManager: Async freezing 9506 com.google.android.googlequicksearchbox:search
01-17 13:49:54.626  3522  3725 D ActivityManager: Cancel freezing 9506 com.google.android.googlequicksearchbox:search
01-17 13:49:54.626  3522  3725 D ActivityManager: Async freezing 9506 com.google.android.googlequicksearchbox:search
01-17 13:49:54.627  3522  3725 D ActivityManager: Cancel freezing 9506 com.google.android.googlequicksearchbox:search
01-17 13:49:54.635  3522  5538 D ActivityManager: Async freezing 9506 com.google.android.googlequicksearchbox:search
01-17 13:49:54.742  3522  4228 D osense.compress: org.zwanoo.android.speedtest do shrink, target ratio = 45, final ratio = 90, cur ratio = 0
01-17 13:49:54.783  3522  4359 D ActivityManager: Freezer deadlock watchdog
01-17 13:49:54.861  4883  5318 W LocaleConfig: The resource file pointed to by the given resource ID isn't found.
01-17 13:49:54.862  4883  5318 W LocaleConfig: The resource file pointed to by the given resource ID isn't found.
01-17 13:49:55.746  3522  4439 V NetworkPolicy: updateNetworkEnabledNL() return
01-17 13:49:55.746  3522  4439 V NetworkPolicy: updateNotificationsNL not process
01-17 13:49:56.445  3522  4367 V AlarmManager: sending alarm Alarm{2037b61 type 1 origWhen 1768637996445 whenElapsed 488125061 android} uid 1000 whenElapsed 488125061 windowLength 0 maxWhenElapsed 488125061 repeatInterval 0 action null component null tag StorgaeBandInfoAlarmTag flags 0x9 procName system_server
01-17 13:49:57.370  3522  4228 D osense.compress: com.flipkart.android do shrink, target ratio = 83, final ratio = 90, cur ratio = 76
01-17 13:49:57.388  3522  4228 D osense.compress: com.dreamplug.androidapp do shrink, target ratio = 70, final ratio = 90, cur ratio = 51
01-17 13:49:57.395  3522  4228 D osense.compress: com.nordvpn.android do shrink, target ratio = 73, final ratio = 90, cur ratio = 56
01-17 13:49:57.405  3522  4228 D osense.compress: live.shorttv.apps do shrink, target ratio = 75, final ratio = 90, cur ratio = 61
01-17 13:49:58.068  3522  4439 V NetworkPolicy: updateNetworkEnabledNL() return
01-17 13:49:58.068  3522  4439 V NetworkPolicy: updateNotificationsNL not process
01-17 13:49:58.447  3522  4367 V AlarmManager: sending alarm Alarm{390fed1 type 1 origWhen 1768637998446 whenElapsed 488127063 android} uid 1000 whenElapsed 488127063 windowLength 0 maxWhenElapsed 488127063 repeatInterval 0 action null component null tag StorgaeBandInfoAlarmTag flags 0x9 procName system_server
01-17 13:49:58.577  3522  4228 D osense.compress: com.whereismytrain.android do shrink, target ratio = 84, final ratio = 90, cur ratio = 79
01-17 13:49:58.774  3522  4228 D osense.compress: com.google.android.gms do shrink, target ratio = 55, final ratio = 90, cur ratio = 21
01-17 13:49:59.634  3522  4649 D OAppNetControlService: Hans update:[10164=true][0|0] blackList:[10362, 10350, 10334, 10457, 10349, 10501, 10405, 10378, 10390, 10321, 10436, 10367, 10313, 10351, 10491, 10164]
01-17 13:50:00.002  3522  4367 V AlarmManager: sending alarm Alarm{3bfdd0e type 3 origWhen 488128617 whenElapsed 488128617 android} uid 1000 whenElapsed 488128617 windowLength 0 maxWhenElapsed 488128617 repeatInterval 0 action null component null tag TIME_TICK flags 0x9 procName system_server
01-17 13:50:00.050  3522  3755 D OplusDisplayBrightnessBroadcastReceiver: onReceive action = android.intent.action.TIME_TICK , listeners = [com.android.server.display.color.eyeprotect.manager.AiCurveManager$RhythmBroadcastReceiverWithUpgradeUI@1d447e6]
01-17 13:50:00.102  3522  4228 D osense.compress: com.Version1 do shrink, target ratio = 79, final ratio = 90, cur ratio = 69
01-17 13:50:00.359  3522  4439 V NetworkPolicy: updateNetworkEnabledNL() return
01-17 13:50:00.359  3522  4439 V NetworkPolicy: updateNotificationsNL not process
01-17 13:50:00.457  3522  4367 V AlarmManager: sending alarm Alarm{f48ad40 type 1 origWhen 1768638000455 whenElapsed 488129072 android} uid 1000 whenElapsed 488129072 windowLength 0 maxWhenElapsed 488129072 repeatInterval 0 action null component null tag StorgaeBandInfoAlarmTag flags 0x9 procName system_server
01-17 13:50:02.462  3522  4367 V AlarmManager: sending alarm Alarm{ad1ee04 type 1 origWhen 1768638002461 whenElapsed 488131077 android} uid 1000 whenElapsed 488131077 windowLength 0 maxWhenElapsed 488131077 repeatInterval 0 action null component null tag StorgaeBandInfoAlarmTag flags 0x9 procName system_server
01-17 13:50:03.068  3522  4439 V NetworkPolicy: updateNetworkEnabledNL() return
01-17 13:50:03.068  3522  4439 V NetworkPolicy: updateNotificationsNL not process
01-17 13:50:04.468  3522  4367 V AlarmManager: sending alarm Alarm{5084f7a type 1 origWhen 1768638004468 whenElapsed 488133084 android} uid 1000 whenElapsed 488133084 windowLength 0 maxWhenElapsed 488133084 repeatInterval 0 action null component null tag StorgaeBandInfoAlarmTag flags 0x9 procName system_server
01-17 13:50:04.631  3522  4228 D osense.compress: org.zwanoo.android.speedtest do shrink, target ratio = 45, final ratio = 90, cur ratio = 0
01-17 13:50:05.434  3522  4439 V NetworkPolicy: updateNetworkEnabledNL() return
01-17 13:50:05.434  3522  4439 V NetworkPolicy: updateNotificationsNL not process
01-17 13:50:05.692  3522  4228 D osense.compress: tv.accedo.airtel.wynk do shrink, target ratio = 45, final ratio = 90, cur ratio = 0
01-17 13:50:06.474  3522  4367 V AlarmManager: sending alarm Alarm{df8a359 type 1 origWhen 1768638006471 whenElapsed 488135087 android} uid 1000 whenElapsed 488135087 windowLength 0 maxWhenElapsed 488135087 repeatInterval 0 action null component null tag StorgaeBandInfoAlarmTag flags 0x9 procName system_server
01-17 13:50:07.477  3522  5216 D PackageInstallerSessionExtImpl: no pre: undesired name
01-17 13:50:07.479  3522  5216 D OplusInstallAccelerateManager: startAccelerate()
01-17 13:50:07.479  3522  5216 D OplusInstallAccelerateManager: operateCpuBouncingIfNeeded()
01-17 13:50:07.479  3522  5216 D OplusInstallAccelerateManager: originatingPackageName = unknown
01-17 13:50:07.479  3522  5216 D OplusInstallAccelerateManager: initiatingPackageName = com.android.shell
01-17 13:50:07.479  3522  5216 D OplusInstallAccelerateManager: installerPackageName = unknown
01-17 13:50:07.479  3522  5216 D OplusInstallAccelerateManager: disableCpuBouncing()
01-17 13:50:07.500  3522  4222 D PackageInstallerSessionExtImpl: not get pre-parsed ret
01-17 13:50:07.569  3522  5242 W ProcessStats: Tracking association SourceState{afb88d7 com.google.android.googlequicksearchbox:googleapp/10130 BTop #746911} whose proc state 2 is better than process ProcessState{df6ca2f com.google.android.gms/10128 pkg=com.google.android.gms} proc state 13 (20 skipped)
01-17 13:50:07.732  3522  4439 V NetworkPolicy: updateNetworkEnabledNL() return
01-17 13:50:07.732  3522  4439 V NetworkPolicy: updateNotificationsNL not process
01-17 13:50:07.899  3522  3685 D PackageInstallerSessionExtImpl: hasPreExtract: false
01-17 13:50:07.943  3522  3786 D ActivityManager: pid 21235 com.android.vending:quick_launch received async transactions while frozen
01-17 13:50:07.946  3522  3786 D ActivityManager: sync unfroze 21235 com.android.vending:quick_launch for 10
01-17 13:50:07.983  3522  3718 I ActivityManager: Start proc 27864:com.oplus.stdsp/u0a217 for broadcast {com.oplus.stdsp/com.oplus.cloud.cloudscan.stdspcore.PackageVerifyReceiver}
01-17 13:50:07.983  3522  3684 I ActivityManager: ProcessObserver broadcast disabled
01-17 13:50:07.986  3522  4228 I MemoryOperationUtils: add 27864 to inactive
01-17 13:50:08.014  3522  5516 D ActivityTaskManagerServiceExtImpl: preBindApplication record is null
01-17 13:50:08.027 27864 27864 V Configuration: Updating configuration, locales updated from [] to [en_GB]
01-17 13:50:08.037 19613 27135 I AconfigFlags: Using new flag storage
01-17 13:50:08.041 19613 27135 V Configuration: Updating configuration, locales updated from [] to [en_GB,en_IN]
01-17 13:50:08.042 19613 27135 D ParsingPackageUtilsExtImpl: adjustXmlValidator skip verify tag packageName: com.travels.travelling , bootCompleted: true
01-17 13:50:08.076 27864 27864 D ResourcesManagerExtImpl: applyConfigurationToAppResourcesLocked app.getDisplayId() return callback.displayId:-1
01-17 13:50:08.149  3522  5516 I ActivityManager: Flag disabled. Ignoring finishAttachApplication from uid: 10217. pid: 27864
01-17 13:50:08.157 27864 27864 I AconfigFlags: Using new flag storage
01-17 13:50:08.161 27864 27864 V Configuration: Updating configuration, locales updated from [] to [en_GB,en_IN]
01-17 13:50:08.162 27864 27864 D ParsingPackageUtilsExtImpl: adjustXmlValidator skip verify tag packageName: com.travels.travelling , bootCompleted: true
01-17 13:50:08.168  3522  3718 I ActivityManager: Start proc 27892:com.heytap.mcs.appservice/1000 for service {com.heytap.mcs/com.heytap.mcs.biz.appservice.McsSdkService}
01-17 13:50:08.168  3522  3684 I ActivityManager: ProcessObserver broadcast disabled
01-17 13:50:08.174  3522  4228 I MemoryOperationUtils: add 27892 to inactive
01-17 13:50:08.207  3522  5516 D ActivityTaskManagerServiceExtImpl: preBindApplication record is null
01-17 13:50:08.223 27892 27892 V Configuration: Updating configuration, locales updated from [] to [en_GB]
01-17 13:50:08.269  3522  5516 I ActivityManager: Flag disabled. Ignoring finishAttachApplication from uid: 1000. pid: 27892
01-17 13:50:08.288  3522  5516 D ActivityManager: Async freezing 27892 com.heytap.mcs.appservice
01-17 13:50:08.318  3522  5242 W SettingsStatsUtil: Can not parse value to float: +network
01-17 13:50:08.342 27892 27920 W ContextImpl: Calling a method in the system process without a qualified user: android.app.ContextImpl.startService:2032 android.content.ContextWrapper.startService:865 com.heytap.mcs.g.a.a:94 com.heytap.mcs.f.a.a:1 com.heytap.mcs.l.f.a:28 
01-17 13:50:08.400  3522  4228 D osense.compress: com.instander.android do shrink, target ratio = 67, final ratio = 90, cur ratio = 44
01-17 13:50:08.481  3522  4367 V AlarmManager: sending alarm Alarm{99a7cfa type 1 origWhen 1768638008481 whenElapsed 488137097 android} uid 1000 whenElapsed 488137097 windowLength 0 maxWhenElapsed 488137097 repeatInterval 0 action null component null tag StorgaeBandInfoAlarmTag flags 0x9 procName system_server
01-17 13:50:10.135  3522  3786 I PackageManager: Continuing with installation of file:///data/app/vmdl1731013421.tmp
01-17 13:50:10.136  3522  4222 D InstallDependencyHelper: No missing dependency for com.travels.travelling
01-17 13:50:10.137  3522  4222 D OplusPackageInstallInterceptManager: installStage send adb install pkg:com.travels.travelling   path: /data/app/vmdl1731013421.tmp/base.apk installFlags:4194418
01-17 13:50:10.138  3522  4222 D OplusPackageInstallInterceptManager: installStage send adb replace install, silent
01-17 13:50:10.138  3522  4222 D PackageManager: installStage com.travels.travelling, dir=/data/app/vmdl1731013421.tmp, installerPackageName=null, installerUid=2000, full=false
01-17 13:50:10.138  3522  4222 D PackageManager: installStage com.travels.travelling0
01-17 13:50:10.141  3522  3786 D PackageManager: installStage use for0
01-17 13:50:10.149  3522  3786 V Configuration: Updating configuration, locales updated from [] to [en_GB,en_IN]
01-17 13:50:10.149  3522  3786 D ParsingPackageUtilsExtImpl: adjustXmlValidator skip verify tag packageName: com.travels.travelling , bootCompleted: true
01-17 13:50:10.155  3522  3786 W OplusCustomizePmsFeature: getCustomDisallowInstallListFromPolicy disallowInstallList: []
01-17 13:50:10.158  3522  3786 W ContextImpl: Calling a method in the system process without a qualified user: android.app.ContextImpl.sendBroadcast:1296 com.android.server.pm.PackageManagerServiceExtImpl.sendOplusBroadcastForDownloadLink:4681 com.android.server.pm.InstallPackageHelper.preparePackage:2127 com.android.server.pm.InstallPackageHelper.prepareInstallPackages:1350 com.android.server.pm.InstallPackageHelper.installPackagesTraced:1096 
01-17 13:50:10.165  3522  3786 I PackageManager: Update package com.travels.travelling code path from /data/app/~~7nQP4yeYLfB0btwijx2rAA==/com.travels.travelling-TijblTn8_r5gl-hS75x3xA== to /data/app/vmdl1731013421.tmp; Retain data and using new
01-17 13:50:10.214  3522 23765 D OplusDexSceneManager: Starting attach context  for  com.travels.travelling reason: install
01-17 13:50:10.214  3522 23765 D OplusDexSceneManager: isTopAppFront ======= com.google.android.googlequicksearchbox:false
01-17 13:50:10.214  3522 23765 D OplusDexSceneManager: OplusDex Framework didnot works!
01-17 13:50:10.214  3522 23765 W OplusSingleDexoptContainerImpl: oplus checkAndSetBeforeStart success: packageName= com.travels.travelling priority= 60 compilerFilter= skip
01-17 13:50:10.232  3522  3786 I AppsFilter: interaction: PackageSetting{6e6bc0f com.android.microdroid.empty_payload/10309} -> PackageSetting{b9a863e com.travels.travelling/10507} BLOCKED
01-17 13:50:10.234  3522  3786 I AppsFilter: interaction: PackageSetting{cb35060 com.oplus.locationproxy/10200} -> PackageSetting{b9a863e com.travels.travelling/10507} BLOCKED
01-17 13:50:10.234  3522  3786 I AppsFilter: interaction: PackageSetting{3b09073 com.android.certinstaller/10244} -> PackageSetting{b9a863e com.travels.travelling/10507} BLOCKED
01-17 13:50:10.235  3522  3786 I AppsFilter: interaction: PackageSetting{11045e9 com.oplus.location/10260} -> PackageSetting{b9a863e com.travels.travelling/10507} BLOCKED
01-17 13:50:10.237  3522  3786 I AppsFilter: interaction: PackageSetting{6e6bc0f com.android.microdroid.empty_payload/10309} -> PackageSetting{fc9a93a com.travels.travelling/10507} BLOCKED
01-17 13:50:10.237  3522  3717 I ActivityManager: Force stopping com.travels.travelling appid=10507 user=-1: installPackageLI
01-17 13:50:10.237  3522  3786 I AppsFilter: interaction: PackageSetting{cb35060 com.oplus.locationproxy/10200} -> PackageSetting{fc9a93a com.travels.travelling/10507} BLOCKED
01-17 13:50:10.238  3522  3786 I AppsFilter: interaction: PackageSetting{3b09073 com.android.certinstaller/10244} -> PackageSetting{fc9a93a com.travels.travelling/10507} BLOCKED
01-17 13:50:10.238  3522  3786 I AppsFilter: interaction: PackageSetting{11045e9 com.oplus.location/10260} -> PackageSetting{fc9a93a com.travels.travelling/10507} BLOCKED
01-17 13:50:10.248  3522  3786 W PackageManager: Skipping non-preload apk path: /data/app/~~7nQP4yeYLfB0btwijx2rAA==/com.travels.travelling-TijblTn8_r5gl-hS75x3xA==/base.apk
01-17 13:50:10.277  3522  4984 I NativeFreezeManager: getCPULoad cpu Loading: 30
01-17 13:50:10.287  3522  3786 I AppsFilter: interaction: PackageSetting{fc9a93a com.travels.travelling/10507} -> PackageSetting{6f800ad com.snapchat.android/10345} queries component
01-17 13:50:10.287  3522  3786 I AppsFilter: interaction: PackageSetting{fc9a93a com.travels.travelling/10507} -> PackageSetting{7f3b9c4 com.oplus.nfcengineertest/10252} force queryable
01-17 13:50:10.288  3522  3786 I AppsFilter: interaction: PackageSetting{fc9a93a com.travels.travelling/10507} -> PackageSetting{1cadcd7 com.google.android.photopicker/10311} queries component
01-17 13:50:10.288  3522  3786 I AppsFilter: interaction: PackageSetting{fc9a93a com.travels.travelling/10507} -> PackageSetting{6da308d com.android.cellbroadcastreceiver.overlay.common/10025} force queryable
01-17 13:50:10.288  3522  3786 I AppsFilter: interaction: PackageSetting{fc9a93a com.travels.travelling/10507} -> PackageSetting{4923f22 com.android.providers.contacts/10081} force queryable
01-17 13:50:10.288  3522  3786 I AppsFilter: interaction: PackageSetting{fc9a93a com.travels.travelling/10507} -> PackageSetting{76f7418 com.oplus.plugin/10356} force queryable
01-17 13:50:10.288  3522  3786 I AppsFilter: interaction: PackageSetting{fc9a93a com.travels.travelling/10507} -> PackageSetting{25cf98a com.qualcomm.timeservice/10108} force queryable
01-17 13:50:10.288  3522  3786 I AppsFilter: interaction: PackageSetting{fc9a93a com.travels.travelling/10507} -> PackageSetting{4f1c7f5 com.oneplus.colorx/10167} force queryable
01-17 13:50:10.288  3522  3786 I AppsFilter: interaction: PackageSetting{fc9a93a com.travels.travelling/10507} -> PackageSetting{876712c com.qualcomm.qti.gpudrivers.pineapple.api34/10106} force queryable
01-17 13:50:10.288  3522  3786 I AppsFilter: interaction: PackageSetting{fc9a93a com.travels.travelling/10507} -> PackageSetting{706237e com.oplus.nrMode/10227} force queryable
01-17 13:50:10.288  3522  3786 I AppsFilter: interaction: PackageSetting{fc9a93a com.travels.travelling/10507} -> PackageSetting{e865139 notion.id/10374} queries component
01-17 13:50:10.288  3522  3786 I AppsFilter: interaction: PackageSetting{fc9a93a com.travels.travelling/10507} -> PackageSetting{4360500 com.qti.qcc/10265} force queryable
01-17 13:50:10.288  3522  3786 I AppsFilter: interaction: PackageSetting{fc9a93a com.travels.travelling/10507} -> PackageSetting{95e9f83 com.qti.dcf/10239} force queryable
01-17 13:50:10.288  3522  3786 I AppsFilter: interaction: PackageSetting{fc9a93a com.travels.travelling/10507} -> PackageSetting{f820e3d com.qualcomm.qti.qms.service.trustzoneaccess/10107} force queryable
01-17 13:50:10.288  3522  3786 I AppsFilter: interaction: PackageSetting{fc9a93a com.travels.travelling/10507} -> PackageSetting{dee4394 com.oplus.linker/10147} force queryable
01-17 13:50:10.288  3522  3786 I AppsFilter: interaction: PackageSetting{fc9a93a com.travels.travelling/10507} -> PackageSetting{aee05a6 com.android.traceur/10104} force queryable
01-17 13:50:10.288  3522  3786 I AppsFilter: interaction: PackageSetting{fc9a93a com.travels.travelling/10507} -> PackageSetting{2ef65da com.oplus.appsense/10423} force queryable
01-17 13:50:10.288  3522  3786 I AppsFilter: interaction: PackageSetting{fc9a93a com.travels.travelling/10507} -> PackageSetting{739e3c9 com.google.android.ondevicepersonalization.services/10318} force queryable
01-17 13:50:10.288  3522  3786 I AppsFilter: interaction: PackageSetting{fc9a93a com.travels.travelling/10507} -> PackageSetting{f7f4435 com.android.systemui/10234} force queryable
01-17 13:50:10.288  3522  3786 I AppsFilter: interaction: PackageSetting{fc9a93a com.travels.travelling/10507} -> PackageSetting{2a3ab93 com.qualcomm.qti.xrcb/10241} force queryable
01-17 13:50:10.288  3522  3786 I AppsFilter: interaction: PackageSetting{fc9a93a com.travels.travelling/10507} -> PackageSetting{421431f com.android.emergency/10112} force queryable
01-17 13:50:10.288  3522  3786 I AppsFilter: interaction: PackageSetting{fc9a93a com.travels.travelling/10507} -> PackageSetting{fc4f2f6 com.oplus.camera/10177} force queryable
01-17 13:50:10.288  3522  3786 I AppsFilter: interaction: PackageSetting{fc9a93a com.travels.travelling/10507} -> PackageSetting{99b96be com.android.providers.userdictionary/10081} force queryable
01-17 13:50:10.288  3522  3786 I AppsFilter: interaction: PackageSetting{fc9a93a com.travels.travelling/10507} -> PackageSetting{d888979 com.android.providers.blockednumber/10081} force queryable
01-17 13:50:10.288  3522  3786 I AppsFilter: interaction: PackageSetting{fc9a93a com.travels.travelling/10507} -> PackageSetting{8bb1e2a com.android.wallpaperbackup/10102} force queryable
01-17 13:50:10.288  3522  3786 I AppsFilter: interaction: PackageSetting{fc9a93a com.travels.travelling/10507} -> PackageSetting{8f4c6ff com.oplus.cosa/10187} force queryable
01-17 13:50:10.288  3522  3786 I AppsFilter: interaction: PackageSetting{fc9a93a com.travels.travelling/10507} -> PackageSetting{7fd3e1e com.oplus.cast/10135} force queryable
01-17 13:50:10.288  3522  3786 I AppsFilter: interaction: PackageSetting{fc9a93a com.travels.travelling/10507} -> PackageSetting{314b259 com.oplus.blur/10222} force queryable
01-17 13:50:10.288  3522  3786 I AppsFilter: interaction: PackageSetting{fc9a93a com.travels.travelling/10507} -> PackageSetting{fb186d2 com.dubox.drive/10313} queries component
01-17 13:50:10.288  3522  3786 I AppsFilter: interaction: PackageSetting{fc9a93a com.travels.travelling/10507} -> PackageSetting{442ec46 com.google.android.keep/10400} queries component
01-17 13:50:10.288  3522  3786 I AppsFilter: interaction: PackageSetting{fc9a93a com.travels.travelling/10507} -> PackageSetting{d5d0a2b com.fido.uafclient/10268} force queryable
01-17 13:50:10.288  3522  3786 I AppsFilter: interaction: PackageSetting{fc9a93a com.travels.travelling/10507} -> PackageSetting{d95227a com.android.vpndialogs/10235} force queryable
01-17 13:50:10.288  3522  3786 I AppsFilter: interaction: PackageSetting{fc9a93a com.travels.travelling/10507} -> PackageSetting{fbfd242 android.framework.res.rro.oneplus/10061} force queryable
01-17 13:50:10.288  3522  3786 I AppsFilter: interaction: PackageSetting{fc9a93a com.travels.travelling/10507} -> PackageSetting{51e3ea5 com.oplus.gesture/10261} force queryable
01-17 13:50:10.288  3522  3786 I AppsFilter: interaction: PackageSetting{fc9a93a com.travels.travelling/10507} -> PackageSetting{24d49c com.oplus.tai.wifiqoe/10266} force queryable
01-17 13:50:10.288  3522  3786 I AppsFilter: interaction: PackageSetting{fc9a93a com.travels.travelling/10507} -> PackageSetting{7c8d253 com.qualcomm.qti.uimGbaApp/10162} force queryable
01-17 13:50:10.288  3522  3786 I AppsFilter: interaction: PackageSetting{fc9a93a com.travels.travelling/10507} -> PackageSetting{4857b3 com.oplus.motionsense/10426} force queryable
01-17 13:50:10.288  3522  3786 I AppsFilter: interaction: PackageSetting{fc9a93a com.travels.travelling/10507} -> PackageSetting{bde9122 com.heytap.accessory/10126} force queryable
01-17 13:50:10.288  3522  3786 I AppsFilter: interaction: PackageSetting{fc9a93a com.travels.travelling/10507} -> PackageSetting{fc90790 com.google.android.overlay.modules.modulemetadata.forframework/10033} force queryable
01-17 13:50:10.288  3522  3786 I AppsFilter: interaction: PackageSetting{fc9a93a com.travels.travelling/10507} -> PackageSetting{8ab6904 com.coloros.video/10409} queries component
01-17 13:50:10.288  3522  3786 I AppsFilter: interaction: PackageSetting{fc9a93a com.travels.travelling/10507} -> PackageSetting{c1272ca com.oplus.engineercamera/10255} force queryable
01-17 13:50:10.288  3522  3786 I AppsFilter: interaction: PackageSetting{fc9a93a com.travels.travelling/10507} -> PackageSetting{2464889 com.qualcomm.location/10238} force queryable
01-17 13:50:10.288  3522  3786 I AppsFilter: interaction: PackageSetting{fc9a93a com.travels.travelling/10507} -> PackageSetting{f185e35 com.oplus.multiapp/10262} force queryable
01-17 13:50:10.289  3522  3786 I AppsFilter: interaction: PackageSetting{fc9a93a com.travels.travelling/10507} -> PackageSetting{9dc786c com.oplus.virtualcomm/10228} force queryable
01-17 13:50:10.289  3522  3786 I AppsFilter: interaction: PackageSetting{fc9a93a com.travels.travelling/10507} -> PackageSetting{4fcd08e com.google.android.overlay.modules.captiveportallogin.forframework/10017} force queryable
01-17 13:50:10.289  3522  3786 I AppsFilter: interaction: PackageSetting{fc9a93a com.travels.travelling/10507} -> PackageSetting{7ba88be com.heytap.browser/10190} queries component
01-17 13:50:10.289  3522  3786 I AppsFilter: interaction: PackageSetting{fc9a93a com.travels.travelling/10507} -> PackageSetting{9e40379 com.google.android.apps.nbu.paisa.user/10288} queries component
01-17 13:50:10.289  3522  3786 I AppsFilter: interaction: PackageSetting{fc9a93a com.travels.travelling/10507} -> PackageSetting{fa98e0e com.qualcomm.qti.cne/10105} force queryable
01-17 13:50:10.289  3522  3786 I AppsFilter: interaction: PackageSetting{fc9a93a com.travels.travelling/10507} -> PackageSetting{44c5a60 com.linkedin.android/10340} queries component
01-17 13:50:10.289  3522  3786 I AppsFilter: interaction: PackageSetting{fc9a93a com.travels.travelling/10507} -> PackageSetting{789f7c3 com.android.storagemanager/10231} force queryable
01-17 13:50:10.289  3522  3786 I AppsFilter: interaction: PackageSetting{fc9a93a com.travels.travelling/10507} -> PackageSetting{2af8027 com.google.android.gms.supervision/10111} force queryable
01-17 13:50:10.289  3522  3786 I AppsFilter: interaction: PackageSetting{fc9a93a com.travels.travelling/10507} -> PackageSetting{48802e6 com.oplus.keyguard.clock.graffiti/10251} force queryable
01-17 13:50:10.289  3522  3786 I AppsFilter: interaction: PackageSetting{fc9a93a com.travels.travelling/10507} -> PackageSetting{30440af com.android.safetycenter.styles.overlay/10012} force queryable
01-17 13:50:10.289  3522  3786 I AppsFilter: interaction: PackageSetting{fc9a93a com.travels.travelling/10507} -> PackageSetting{f880f1a com.google.mainline.adservices/10158} force queryable
01-17 13:50:10.289  3522  3786 I AppsFilter: interaction: PackageSetting{fc9a93a com.travels.travelling/10507} -> PackageSetting{70a8609 com.oplus.remotecontrol/10174} force queryable
01-17 13:50:10.289  3522  3786 I AppsFilter: interaction: PackageSetting{fc9a93a com.travels.travelling/10507} -> PackageSetting{729cb10 com.oplus.keyguard.clock.magazine/10253} force queryable
01-17 13:50:10.289  3522  3786 I AppsFilter: interaction: PackageSetting{fc9a93a com.travels.travelling/10507} -> PackageSetting{c8f09c2 com.android.wallpaper.livepicker/10272} force queryable
01-17 13:50:10.289  3522  3786 I AppsFilter: interaction: PackageSetting{fc9a93a com.travels.travelling/10507} -> PackageSetting{80d960d com.fido.fido2client/10247} force queryable
01-17 13:50:10.289  3522  3786 I AppsFilter: interaction: PackageSetting{fc9a93a com.travels.travelling/10507} -> PackageSetting{adf0cbc com.android.role.notes.enabled/10035} force queryable
01-17 13:50:10.289  3522  3786 I AppsFilter: interaction: PackageSetting{fc9a93a com.travels.travelling/10507} -> PackageSetting{a4554f8 com.oplus.stdsp/10217} force queryable
01-17 13:50:10.289  3522  3786 I AppsFilter: interaction: PackageSetting{fc9a93a com.travels.travelling/10507} -> PackageSetting{609d45b com.android.devicediagnostics/10396} force queryable
01-17 13:50:10.289  3522  3786 I AppsFilter: interaction: PackageSetting{fc9a93a com.travels.travelling/10507} -> PackageSetting{2a433f com.oplus.keyguard.style.widgets/10419} force queryable
01-17 13:50:10.289  3522  3786 I AppsFilter: interaction: PackageSetting{fc9a93a com.travels.travelling/10507} -> PackageSetting{c41e445 com.google.android.permissioncontroller.overlay.oplus/10011} force queryable
01-17 13:50:10.289  3522  3786 I AppsFilter: interaction: PackageSetting{fc9a93a com.travels.travelling/10507} -> PackageSetting{3733be6 com.facebook.katana/10386} queries component
01-17 13:50:10.289  3522  3786 I AppsFilter: interaction: PackageSetting{fc9a93a com.travels.travelling/10507} -> PackageSetting{df9679a com.android.wifi.resources.overlay.pineapple/10074} force queryable
01-17 13:50:10.289  3522  3786 I AppsFilter: interaction: PackageSetting{fc9a93a com.travels.travelling/10507} -> PackageSetting{bde38cb com.oplus.framework.rro.oneplus/10066} force queryable
01-17 13:50:10.289  3522  3786 I AppsFilter: interaction: PackageSetting{fc9a93a com.travels.travelling/10507} -> PackageSetting{bbc4499 com.google.mainline.telemetry/10161} force queryable
01-17 13:50:10.289  3522  3786 I AppsFilter: interaction: PackageSetting{fc9a93a com.travels.travelling/10507} -> PackageSetting{d3c7812 com.oplus.beaconlink/10185} force queryable
01-17 13:50:10.289  3522  3786 I AppsFilter: interaction: PackageSetting{fc9a93a com.travels.travelling/10507} -> PackageSetting{5edda74 com.google.android.documentsui/10084} queries component
01-17 13:50:10.289  3522  3786 I AppsFilter: interaction: PackageSetting{fc9a93a com.travels.travelling/10507} -> PackageSetting{ab5247 com.x8bit.bitwarden/10449} queries component
01-17 13:50:10.289  3522  3786 I AppsFilter: interaction: PackageSetting{fc9a93a com.travels.travelling/10507} -> PackageSetting{e41aa61 com.android.managedprovisioning/10086} force queryable
01-17 13:50:10.289  3522  3786 I AppsFilter: interaction: PackageSetting{fc9a93a com.travels.travelling/10507} -> PackageSetting{1dfe9c8 com.oplus.networksense/10422} force queryable
01-17 13:50:10.289  3522  3786 I AppsFilter: interaction: PackageSetting{fc9a93a com.travels.travelling/10507} -> PackageSetting{6f17a6b com.google.android.apps.photos/10294} queries component
01-17 13:50:10.289  3522  3786 I AppsFilter: interaction: PackageSetting{fc9a93a com.travels.travelling/10507} -> PackageSetting{aee38a8 com.oplus.framework.res.overlay/10069} force queryable
01-17 13:50:10.289  3522  3786 I AppsFilter: interaction: PackageSetting{fc9a93a com.travels.travelling/10507} -> PackageSetting{6a17fc1 com.google.android.overlay.modules.permissioncontroller.forframework/10032} force queryable
01-17 13:50:10.289  3522  3786 I AppsFilter: interaction: PackageSetting{fc9a93a com.travels.travelling/10507} -> PackageSetting{8eee36 com.android.providers.contactkeys/10081} force queryable
01-17 13:50:10.289  3522  3786 I AppsFilter: interaction: PackageSetting{fc9a93a com.travels.travelling/10507} -> PackageSetting{f7eb262 org.videolan.vlc/10361} queries component
01-17 13:50:10.289  3522  3786 I AppsFilter: interaction: PackageSetting{fc9a93a com.travels.travelling/10507} -> PackageSetting{c05fd2d com.qualcomm.qti.workloadclassifier/10271} force queryable
01-17 13:50:10.289  3522  3786 I AppsFilter: interaction: PackageSetting{fc9a93a com.travels.travelling/10507} -> PackageSetting{5c1d844 com.android.intentresolver/10085} force queryable
01-17 13:50:10.289  3522  3786 I AppsFilter: interaction: PackageSetting{fc9a93a com.travels.travelling/10507} -> PackageSetting{7f66366 com.google.android.wifi.resources.overlay.pineapple/10073} force queryable
01-17 13:50:10.289  3522  3786 I AppsFilter: interaction: PackageSetting{fc9a93a com.travels.travelling/10507} -> PackageSetting{d117ed6 com.android.proxyhandler/10088} force queryable
01-17 13:50:10.289  3522  3786 I AppsFilter: interaction: PackageSetting{fc9a93a com.travels.travelling/10507} -> PackageSetting{d372a5b com.qualcomm.qti.devicestatisticsservice/10157} force queryable
01-17 13:50:10.289  3522  3786 I AppsFilter: interaction: PackageSetting{fc9a93a com.travels.travelling/10507} -> PackageSetting{920aa98 com.android.credentialmanager/10082} force queryable
01-17 13:50:10.289  3522  3786 I AppsFilter: interaction: PackageSetting{fc9a93a com.travels.travelling/10507} -> PackageSetting{acc7c7b com.oplus.uxdesign/10270} force queryable
01-17 13:50:10.289  3522  3786 I AppsFilter: interaction: PackageSetting{fc9a93a com.travels.travelling/10507} -> PackageSetting{44cac0a com.qualcomm.qti.powersavemode/10263} force queryable
01-17 13:50:10.290  3522  3786 I AppsFilter: interaction: PackageSetting{fc9a93a com.travels.travelling/10507} -> PackageSetting{fdeb475 com.aiunit.aon/10168} force queryable
01-17 13:50:10.290  3522  3786 I AppsFilter: interaction: PackageSetting{fc9a93a com.travels.travelling/10507} -> PackageSetting{d893fac com.android.carrierdefaultapp/10099} force queryable
01-17 13:50:10.290  3522  3786 I AppsFilter: interaction: PackageSetting{fc9a93a com.travels.travelling/10507} -> PackageSetting{c5ca95f com.oplus.ambient.livealert/10415} force queryable
01-17 13:50:10.290  3522  3786 I AppsFilter: interaction: PackageSetting{fc9a93a com.travels.travelling/10507} -> PackageSetting{d1596a7 com.android.server.telecom.overlay.common/10039} force queryable
01-17 13:50:10.290  3522  3786 I AppsFilter: interaction: PackageSetting{fc9a93a com.travels.travelling/10507} -> PackageSetting{940eb80 com.nordvpn.android/10390} queries component
01-17 13:50:10.290  3522  3786 I AppsFilter: interaction: PackageSetting{fc9a93a com.travels.travelling/10507} -> PackageSetting{ac31003 com.android.cameraextensions/10093} force queryable
01-17 13:50:10.290  3522  3786 I AppsFilter: interaction: PackageSetting{fc9a93a com.travels.travelling/10507} -> PackageSetting{2423754 com.android.systemui.overlay.common/10041} force queryable
01-17 13:50:10.290  3522  3786 I AppsFilter: interaction: PackageSetting{fc9a93a com.travels.travelling/10507} -> PackageSetting{dff7755 com.android.calllogbackup/10081} force queryable
01-17 13:50:10.290  3522  3786 I AppsFilter: interaction: PackageSetting{fc9a93a com.travels.travelling/10507} -> PackageSetting{20556fd com.android.carrierconfig.overlay.common/10018} force queryable
01-17 13:50:10.290  3522  3786 I AppsFilter: interaction: PackageSetting{fc9a93a com.travels.travelling/10507} -> PackageSetting{1754ff2 com.android.phone.overlay.common/10044} force queryable
01-17 13:50:10.290  3522  3786 I AppsFilter: interaction: PackageSetting{fc9a93a com.travels.travelling/10507} -> PackageSetting{b1fc214 tv.twitch.android.app/10350} queries component
01-17 13:50:10.290  3522  3786 I AppsFilter: interaction: PackageSetting{fc9a93a com.travels.travelling/10507} -> PackageSetting{682c026 com.google.android.tts/10173} force queryable
01-17 13:50:10.290  3522  3786 I AppsFilter: interaction: PackageSetting{fc9a93a com.travels.travelling/10507} -> PackageSetting{739c20c com.google.android.gsf/10128} force queryable
01-17 13:50:10.290  3522  3786 I AppsFilter: interaction: PackageSetting{fc9a93a com.travels.travelling/10507} -> PackageSetting{e0e393f com.google.android.gms/10128} force queryable
01-17 13:50:10.290  3522  3786 I AppsFilter: interaction: PackageSetting{fc9a93a com.travels.travelling/10507} -> PackageSetting{2e49768 com.google.android.packageinstaller/10274} force queryable
01-17 13:50:10.290  3522  3786 I AppsFilter: interaction: PackageSetting{fc9a93a com.travels.travelling/10507} -> PackageSetting{bf5785a com.oneplus.filemanager/10202} queries component
01-17 13:50:10.290  3522  3786 I AppsFilter: interaction: PackageSetting{fc9a93a com.travels.travelling/10507} -> PackageSetting{47af643 com.android.systemui.overlay.fingerprint.anim.stripe/10058} force queryable
01-17 13:50:10.290  3522  3786 I AppsFilter: interaction: PackageSetting{fc9a93a com.travels.travelling/10507} -> PackageSetting{a3574c0 com.google.android.overlay.modules.healthfitness.forframework/10029} force queryable
01-17 13:50:10.290  3522  3786 I AppsFilter: interaction: PackageSetting{fc9a93a com.travels.travelling/10507} -> PackageSetting{b15554e com.android.chrome/10171} queries component
01-17 13:50:10.290  3522  3786 I AppsFilter: interaction: PackageSetting{fc9a93a com.travels.travelling/10507} -> PackageSetting{ed565f9 aon.frameworkres.overlay.product/10060} force queryable
01-17 13:50:10.290  3522  3786 I AppsFilter: interaction: PackageSetting{fc9a93a com.travels.travelling/10507} -> PackageSetting{d84793e com.android.wifi.resources.overlay.target/10075} force queryable
01-17 13:50:10.290  3522  3786 I AppsFilter: interaction: PackageSetting{fc9a93a com.travels.travelling/10507} -> PackageSetting{24cb39f com.android.systemui.overlay.fingerprint.anim.ripple/10059} force queryable
01-17 13:50:10.290  3522  3786 I AppsFilter: interaction: PackageSetting{fc9a93a com.travels.travelling/10507} -> PackageSetting{55d1cec com.android.SystemUIResOverlay/10065} force queryable
01-17 13:50:10.290  3522  3786 I AppsFilter: interaction: PackageSetting{fc9a93a com.travels.travelling/10507} -> PackageSetting{f943623 host.exp.exponent/10500} queries package
01-17 13:50:10.290  3522  3786 I AppsFilter: interaction: PackageSetting{fc9a93a com.travels.travelling/10507} -> PackageSetting{1fd68b5 android.frameworkres.overlay.Network/10014} force queryable
01-17 13:50:10.290  3522  3786 I AppsFilter: interaction: PackageSetting{fc9a93a com.travels.travelling/10507} -> PackageSetting{c7f90aa com.oplus.pscanvas/10258} force queryable
01-17 13:50:10.290  3522  3786 I AppsFilter: interaction: PackageSetting{fc9a93a com.travels.travelling/10507} -> PackageSetting{33e2b4c com.android.cellbroadcastreceiver/10080} force queryable
01-17 13:50:10.290  3522  3786 I AppsFilter: interaction: PackageSetting{fc9a93a com.travels.travelling/10507} -> PackageSetting{fcaeb4a com.google.android.wifi.resources.overlay.target/10077} force queryable
01-17 13:50:10.290  3522  3786 I AppsFilter: interaction: PackageSetting{fc9a93a com.travels.travelling/10507} -> PackageSetting{f27889e com.oplus.keyguard.clock.base/10250} force queryable
01-17 13:50:10.290  3522  3786 I AppsFilter: interaction: PackageSetting{fc9a93a com.travels.travelling/10507} -> PackageSetting{3142952 com.oplus.aiwriter/10412} force queryable
01-17 13:50:10.290  3522  3786 I AppsFilter: interaction: PackageSetting{fc9a93a com.travels.travelling/10507} -> PackageSetting{d9c39dd com.google.android.modulemetadata/10159} force queryable
01-17 13:50:10.290  3522  3786 I AppsFilter: interaction: PackageSetting{fc9a93a com.travels.travelling/10507} -> PackageSetting{8884687 com.google.android.apps.maps/10184} queries package
01-17 13:50:10.290  3522  3786 I AppsFilter: interaction: PackageSetting{fc9a93a com.travels.travelling/10507} -> PackageSetting{3541e06 com.google.android.apps.docs/10325} queries component
01-17 13:50:10.290  3522  3786 I AppsFilter: interaction: PackageSetting{fc9a93a com.travels.travelling/10507} -> PackageSetting{c8866c6 com.google.android.apps.bard/10166} queries component
01-17 13:50:10.290  3522  3786 I AppsFilter: interaction: PackageSetting{fc9a93a com.travels.travelling/10507} -> PackageSetting{252eabb com.android.settings.overlay.common/10037} force queryable
01-17 13:50:10.290  3522  3786 I AppsFilter: interaction: PackageSetting{fc9a93a com.travels.travelling/10507} -> PackageSetting{2bbaaab com.twitter.android/10380} queries component
01-17 13:50:10.290  3522  3786 I AppsFilter: interaction: PackageSetting{fc9a93a com.travels.travelling/10507} -> PackageSetting{5bff4fa com.oplus.nwestimate/10421} force queryable
01-17 13:50:10.290  3522  3786 I AppsFilter: interaction: PackageSetting{fc9a93a com.travels.travelling/10507} -> PackageSetting{6f5c31c com.oplus.sense.netprediction/10417} force queryable
01-17 13:50:10.290  3522  3786 I AppsFilter: interaction: PackageSetting{fc9a93a com.travels.travelling/10507} -> PackageSetting{cc4548f com.google.android.apps.nbu.files/10120} queries component
01-17 13:50:10.290  3522  3786 I AppsFilter: interaction: PackageSetting{fc9a93a com.travels.travelling/10507} -> PackageSetting{ce347ee com.oplus.virtualcomm2/10357} force queryable
01-17 13:50:10.290  3522  3786 I AppsFilter: interaction: PackageSetting{fc9a93a com.travels.travelling/10507} -> PackageSetting{abb93a2 com.android.bips/10224} queries component
01-17 13:50:10.291  3522  3786 I AppsFilter: interaction: PackageSetting{fc9a93a com.travels.travelling/10507} -> PackageSetting{5109b6d com.coloros.translate.engine/10149} force queryable
01-17 13:50:10.291  3522  3786 I AppsFilter: interaction: PackageSetting{fc9a93a com.travels.travelling/10507} -> PackageSetting{7045d31 com.fido.asm/10246} force queryable
01-17 13:50:10.291  3522  3786 I AppsFilter: interaction: PackageSetting{fc9a93a com.travels.travelling/10507} -> PackageSetting{92565d8 com.google.android.apps.wellbeing/10124} force queryable
01-17 13:50:10.291  3522  3786 I AppsFilter: interaction: PackageSetting{fc9a93a com.travels.travelling/10507} -> PackageSetting{8751bd8 com.android.systemui.overlay.fingerprint.anim.cosmos/10055} force queryable
01-17 13:50:10.291  3522  3786 I AppsFilter: interaction: PackageSetting{fc9a93a com.travels.travelling/10507} -> PackageSetting{968db31 com.google.android.overlay.modules.ext.services/10026} force queryable
01-17 13:50:10.291  3522  3786 I AppsFilter: interaction: PackageSetting{fc9a93a com.travels.travelling/10507} -> PackageSetting{d547216 com.android.wifi.resources.overlay.common/10043} force queryable
01-17 13:50:10.291  3522  3786 I AppsFilter: interaction: PackageSetting{fc9a93a com.travels.travelling/10507} -> PackageSetting{64a78fd com.coloros.accessibilityassistant/10194} force queryable
01-17 13:50:10.291  3522  3786 I AppsFilter: interaction: PackageSetting{fc9a93a com.travels.travelling/10507} -> PackageSetting{73802f4 net.oneplus.forums/10332} queries component
01-17 13:50:10.291  3522  3786 I AppsFilter: interaction: PackageSetting{fc9a93a com.travels.travelling/10507} -> PackageSetting{9802a8 com.oplus.eyeprotect/10257} force queryable
01-17 13:50:10.291  3522  3786 I AppsFilter: interaction: PackageSetting{fc9a93a com.travels.travelling/10507} -> PackageSetting{e48eacb com.android.oemextensions/10097} force queryable
01-17 13:50:10.291  3522  3786 I AppsFilter: interaction: PackageSetting{fc9a93a com.travels.travelling/10507} -> PackageSetting{a4cc645 com.oplus.sense.netscore/10420} force queryable
01-17 13:50:10.291  3522  3786 I AppsFilter: interaction: PackageSetting{fc9a93a com.travels.travelling/10507} -> PackageSetting{4a036bc com.android.sharedstoragebackup/10087} force queryable
01-17 13:50:10.291  3522  3786 I AppsFilter: interaction: PackageSetting{fc9a93a com.travels.travelling/10507} -> PackageSetting{7c7d2af com.oplus.cell.map/10424} force queryable
01-17 13:50:10.291  3522  3786 I AppsFilter: interaction: PackageSetting{fc9a93a com.travels.travelling/10507} -> PackageSetting{2aa29dc com.qualcomm.qcrilmsgtunnel/10157} force queryable
01-17 13:50:10.291  3522  3786 I AppsFilter: interaction: PackageSetting{fc9a93a com.travels.travelling/10507} -> PackageSetting{8070a89 com.google.android.setupwizard/10275} queries component
01-17 13:50:10.291  3522  3786 I AppsFilter: interaction: PackageSetting{fc9a93a com.travels.travelling/10507} -> PackageSetting{abb7797 com.google.android.wifi.resources.overlay.common/10042} force queryable
01-17 13:50:10.291  3522  3786 I AppsFilter: interaction: PackageSetting{fc9a93a com.travels.travelling/10507} -> PackageSetting{60c1d84 com.android.carrierconfig.oplus.overlay/10036} force queryable
01-17 13:50:10.291  3522  3786 I AppsFilter: interaction: PackageSetting{fc9a93a com.travels.travelling/10507} -> PackageSetting{8eb9190 com.oplus.tai.borderpresearch/10232} force queryable
