01-17 13:50:11.007 28061 28061 V Configuration: Updating configuration, locales updated from [] to [en_GB]
01-17 13:50:11.010  3522  3786 D PackageInstallerSessionExtImpl: recordSotaAppResult stagedSession is null
01-17 13:50:11.010  3522  3786 D PackageInstallerSession: Marking session 1731013421 as applied
01-17 13:50:11.010  3522  3786 D InstallerExtImpl: Avoid to hold lock when rmPackageDir
01-17 13:50:11.012  3522  3786 D OplusInstallAccelerateManager: stopAccelerate()
01-17 13:50:11.012  3522  3786 D OplusInstallAccelerateManager: operateCpuBouncingIfNeeded()
01-17 13:50:11.012  3522  3786 D OplusInstallAccelerateManager: originatingPackageName = unknown
01-17 13:50:11.012  3522  3786 D OplusInstallAccelerateManager: initiatingPackageName = com.android.shell
01-17 13:50:11.012  3522  3786 D OplusInstallAccelerateManager: installerPackageName = unknown
01-17 13:50:11.013  3522  4222 D InstallDependencyHelper: Session complete for 1731013421
01-17 13:50:11.017  3522  3780 D OplusInstallAccelerateManager: handleMessage(1000)
01-17 13:50:11.017  3522  3780 D OplusInstallAccelerateManager: recoveryCpuBouncingIfNeeded(1731013421, false)
01-17 13:50:11.017  3522  3780 D OplusInstallAccelerateManager: remove message 1731013421
01-17 13:50:11.017  3522  3780 D OplusInstallAccelerateManager: recoveryCpuBouncing()
01-17 13:50:11.028  3522  5690 W PackageManager: package com.google.android.permissioncontroller uid 10299 pid 27956 call SetEnabledSetting(com.google.android.permissioncontroller component = com.android.permissioncontroller.role.ui.SpecialAppAccessListActivity, 2, 0)
01-17 13:50:11.053 27947 27947 D ResourcesManagerExtImpl: applyConfigurationToAppResourcesLocked app.getDisplayId() return callback.displayId:-1
01-17 13:50:11.094  8081  8081 D ActivityThread: Package [com.travels.travelling] reported as REPLACED, but missing application info. Assuming REMOVED.
01-17 13:50:11.095  8081  8081 D ActivityThread: Package [com.travels.travelling] reported as REPLACED, but missing application info. Assuming REMOVED.
01-17 13:50:11.097  8081  8081 D ActivityThread: Package [com.travels.travelling] reported as REPLACED, but missing application info. Assuming REMOVED.
01-17 13:50:11.098  8081  8081 D ActivityThread: Package [com.travels.travelling] reported as REPLACED, but missing application info. Assuming REMOVED.
01-17 13:50:11.103  8081  8133 W ContextImpl: Calling a method in the system process without a qualified user: android.app.ContextImpl.sendBroadcast:1296 com.oplus.notificationmanager.AppModificationReceiver.notifyAppModified:4 com.oplus.notificationmanager.NotificationBackend.processPackageBroadcast:119 com.oplus.notificationmanager.NotificationBackend.lambda$onReceivedBroadcast$5:11 com.oplus.notificationmanager.NotificationBackend.f:0 
01-17 13:50:11.106  4648  4648 D ActivityThread: Package [com.travels.travelling] reported as REPLACED, but missing application info. Assuming REMOVED.
01-17 13:50:11.106  4648  4648 D ActivityThread: Package [com.travels.travelling] reported as REPLACED, but missing application info. Assuming REMOVED.
01-17 13:50:11.106  4648  4648 D ActivityThread: Package [com.travels.travelling] reported as REPLACED, but missing application info. Assuming REMOVED.
01-17 13:50:11.106  3522  4223 I ActivityManager: Flag disabled. Ignoring finishAttachApplication from uid: 10299. pid: 27956
01-17 13:50:11.106  4648  4648 D ActivityThread: Package [com.travels.travelling] reported as REPLACED, but missing application info. Assuming REMOVED.
01-17 13:50:11.111 21231 21231 D ActivityThread: Package [com.travels.travelling] reported as REPLACED, but missing application info. Assuming REMOVED.
01-17 13:50:11.111 27956 27956 D ActivityThread: Package [com.travels.travelling] reported as REPLACED, but missing application info. Assuming REMOVED.
01-17 13:50:11.111 27956 27956 D ActivityThread: Package [com.travels.travelling] reported as REPLACED, but missing application info. Assuming REMOVED.
01-17 13:50:11.111 27956 27956 D ActivityThread: Package [com.travels.travelling] reported as REPLACED, but missing application info. Assuming REMOVED.
01-17 13:50:11.111 27956 27956 D ActivityThread: Package [com.travels.travelling] reported as REPLACED, but missing application info. Assuming REMOVED.
01-17 13:50:11.111 21231 21231 D ActivityThread: Package [com.travels.travelling] reported as REPLACED, but missing application info. Assuming REMOVED.
01-17 13:50:11.112 21231 21231 D ActivityThread: Package [com.travels.travelling] reported as REPLACED, but missing application info. Assuming REMOVED.
01-17 13:50:11.112  8081  8133 W ContextImpl: Calling a method in the system process without a qualified user: android.app.ContextImpl.sendBroadcast:1296 com.oplus.notificationmanager.AppModificationReceiver.notifyAppModified:4 com.oplus.notificationmanager.NotificationBackend.processPackageBroadcast:119 com.oplus.notificationmanager.NotificationBackend.lambda$onReceivedBroadcast$5:11 com.oplus.notificationmanager.NotificationBackend.f:0 
01-17 13:50:11.112 21231 21231 D ActivityThread: Package [com.travels.travelling] reported as REPLACED, but missing application info. Assuming REMOVED.
01-17 13:50:11.116 19613 19613 D ActivityThread: Package [com.travels.travelling] reported as REPLACED, but missing application info. Assuming REMOVED.
01-17 13:50:11.116 19613 19613 D ActivityThread: Package [com.travels.travelling] reported as REPLACED, but missing application info. Assuming REMOVED.
01-17 13:50:11.116 19613 19613 D ActivityThread: Package [com.travels.travelling] reported as REPLACED, but missing application info. Assuming REMOVED.
01-17 13:50:11.116 19613 19613 D ActivityThread: Package [com.travels.travelling] reported as REPLACED, but missing application info. Assuming REMOVED.
01-17 13:50:11.129  3522  5690 I ActivityManager: Flag disabled. Ignoring finishAttachApplication from uid: 1000. pid: 28061
01-17 13:50:11.143  8081  8133 W ContextImpl: Calling a method in the system process without a qualified user: android.app.ContextImpl.sendBroadcast:1296 com.oplus.notificationmanager.AppModificationReceiver.notifyAppModified:4 com.oplus.notificationmanager.NotificationBackend.processPackageBroadcast:119 com.oplus.notificationmanager.NotificationBackend.lambda$onReceivedBroadcast$5:11 com.oplus.notificationmanager.NotificationBackend.f:0 
01-17 13:50:11.144  5034  7800 I iopgp   : PreloadService: TRANSACTION_IOPGP_ON_PACKAGES_CHANGED
01-17 13:50:11.144  5034  7800 I iopgp   : Iopgp: TRANSACTION_IOPGP_ON_PACKAGES_CHANGED  pkg_name = com.travels.travelling pkg_version = 1 isDeleted = 0
01-17 13:50:11.144  5034  5034 D iopgp   : Same version package com.travels.travelling with version 1
01-17 13:50:11.144  5034  5034 D iopgp   : OnPackageChangeEvent:old package version is 1
01-17 13:50:11.158  3522  3718 I ActivityManager: Start proc 28157:com.oplus.sau/1000 for broadcast {com.oplus.sau/com.oplusos.sau.strategy.AppReceiver}
01-17 13:50:11.158  3522  3684 I ActivityManager: ProcessObserver broadcast disabled
01-17 13:50:11.159  3522  4228 I MemoryOperationUtils: add 28157 to inactive
01-17 13:50:11.198  3522  5537 W ActivityManager: Receiver with filter android.content.IntentFilter@6c33861 already registered for pid 28061, callerPackage is com.heytap.mcs
01-17 13:50:11.214  3522  4223 I ActivityManager: Flag disabled. Ignoring finishAttachApplication from uid: 10210. pid: 27990
01-17 13:50:11.214 27990 27990 D ActivityThread: Package [com.travels.travelling] reported as REPLACED, but missing application info. Assuming REMOVED.
01-17 13:50:11.214 27990 27990 D ActivityThread: Package [com.travels.travelling] reported as REPLACED, but missing application info. Assuming REMOVED.
01-17 13:50:11.214 27990 27990 D ActivityThread: Package [com.travels.travelling] reported as REPLACED, but missing application info. Assuming REMOVED.
01-17 13:50:11.214 27990 27990 D ActivityThread: Package [com.travels.travelling] reported as REPLACED, but missing application info. Assuming REMOVED.
01-17 13:50:11.216 27892 27920 W ContextImpl: Calling a method in the system process without a qualified user: android.app.ContextImpl.startService:2032 android.content.ContextWrapper.startService:865 com.heytap.mcs.g.a.a:94 com.heytap.mcs.f.a.a:1 com.heytap.mcs.l.f.a:28 
01-17 13:50:11.217  3522  5211 D ActivityTaskManagerServiceExtImpl: preBindApplication record is null
01-17 13:50:11.235  3522  4223 W ActivityManager: Receiver with filter android.content.IntentFilter@f14b25b already registered for pid 28061, callerPackage is com.heytap.mcs
01-17 13:50:11.240 28157 28157 V Configuration: Updating configuration, locales updated from [] to [en_GB]
01-17 13:50:11.244  3522  5591 E OplusCustomizeRestrictionManagerService: isBiometricDisabled start
01-17 13:50:11.247  3522  5243 E OplusCustomizeRestrictionManagerService: isBiometricDisabled start
01-17 13:50:11.250  3522  3570 W ActivityManager: Unable to start service Intent { act= xflg=0x4 pkg=com.oplus.romupdate (has extras) mCallingUid=1000 } U=0: not found
01-17 13:50:11.280  3522  3718 I ActivityManager: Start proc 28218:com.oplus.securitypermission/1000 for broadcast {com.oplus.securitypermission/com.oplusos.securitypermission.permission.OplusPermissionReceiver}
01-17 13:50:11.285  3522  3684 I ActivityManager: ProcessObserver broadcast disabled
01-17 13:50:11.286  3522  4228 I MemoryOperationUtils: add 28218 to inactive
01-17 13:50:11.310  3522  4223 D ActivityTaskManagerServiceExtImpl: preBindApplication record is null
01-17 13:50:11.319  3522  5216 I ActivityManager: Flag disabled. Ignoring finishAttachApplication from uid: 10154. pid: 27947
01-17 13:50:11.334 27947 27947 D ActivityThread: Package [com.travels.travelling] reported as REPLACED, but missing application info. Assuming REMOVED.
01-17 13:50:11.335 27947 27947 D ActivityThread: Package [com.travels.travelling] reported as REPLACED, but missing application info. Assuming REMOVED.
01-17 13:50:11.336 27947 27947 D ActivityThread: Package [com.travels.travelling] reported as REPLACED, but missing application info. Assuming REMOVED.
01-17 13:50:11.337 27947 27947 D ActivityThread: Package [com.travels.travelling] reported as REPLACED, but missing application info. Assuming REMOVED.
01-17 13:50:11.349  3522  5216 I ActivityManager: Flag disabled. Ignoring finishAttachApplication from uid: 1000. pid: 28037
01-17 13:50:11.351  3522  4984 I NativeFreezeManager: Get dex2oat pid more than 3 times
01-17 13:50:11.352 28037 28037 D ActivityThread: Package [com.travels.travelling] reported as REPLACED, but missing application info. Assuming REMOVED.
01-17 13:50:11.354 28037 28037 D ActivityThread: Package [com.travels.travelling] reported as REPLACED, but missing application info. Assuming REMOVED.
01-17 13:50:11.354 28037 28037 D ActivityThread: Package [com.travels.travelling] reported as REPLACED, but missing application info. Assuming REMOVED.
01-17 13:50:11.365  3522  3718 I ActivityManager: Start proc 28275:com.google.android.packageinstaller/u0a274 for broadcast {com.google.android.packageinstaller/com.android.packageinstaller.PackageInstalledReceiver}
01-17 13:50:11.366 28157 28157 W ContextImpl: Calling a method in the system process without a qualified user: android.app.ContextImpl.startService:2032 android.content.ContextWrapper.startService:865 com.oplusos.sau.SAUApplication.onCreate:2502 android.app.Instrumentation.callApplicationOnCreate:1401 android.app.ActivityThread.handleBindApplication:8633 
01-17 13:50:11.366  3522  3684 I ActivityManager: ProcessObserver broadcast disabled
01-17 13:50:11.367  3522  4228 I MemoryOperationUtils: add 28275 to inactive
01-17 13:50:11.367 28157 28157 W ContextImpl: Calling a method in the system process without a qualified user: android.app.ContextImpl.startService:2032 android.content.ContextWrapper.startService:865 com.oplusos.sau.SAUApplication.onCreate:2512 android.app.Instrumentation.callApplicationOnCreate:1401 android.app.ActivityThread.handleBindApplication:8633 
01-17 13:50:11.371  3522  5216 I ActivityManager: Flag disabled. Ignoring finishAttachApplication from uid: 1000. pid: 28157
01-17 13:50:11.384 28218 28218 V Configuration: Updating configuration, locales updated from [] to [en_GB]
01-17 13:50:11.395  3522  5591 D ActivityTaskManagerServiceExtImpl: preBindApplication record is null
01-17 13:50:11.400  3522  3725 D CompatChangeReporter: Compat change id reported: 151861875; UID 10507; state: ENABLED
01-17 13:50:11.404  1466 28286 I keystore2: system/security/keystore2/src/database.rs:1412 - First database operation finished.
01-17 13:50:11.420  3522  3718 I ActivityManager: Start proc 28299:com.travels.travelling/u0a507 for broadcast {com.travels.travelling/expo.modules.notifications.service.NotificationsService}
01-17 13:50:11.420  3522  3684 I ActivityManager: ProcessObserver broadcast disabled
01-17 13:50:11.432  3522  4228 I MemoryOperationUtils: add 28299 to com.travels.travelling
01-17 13:50:11.433 28275 28275 V Configuration: Updating configuration, locales updated from [] to [en_GB]
01-17 13:50:11.440  3522  3718 I ActivityManager: Start proc 28305:com.oplus.dmp:main/u0a153 for content provider {com.oplus.dmp/com.oplus.oss.daemon.RemoteDaemonProxy}
01-17 13:50:11.441  3522  4228 I MemoryOperationUtils: add 28305 to inactive
01-17 13:50:11.442  3522  3684 I ActivityManager: ProcessObserver broadcast disabled
01-17 13:50:11.449  3522  4223 D PackageManager_InfoGetNullLogPrint: Target:com.heytap.quicksearchbox callingUid=10230 userid=0 flag=0xc0000 reason is AppInfo not found in mPackages
01-17 13:50:11.468  3522  4228 D osense.compress: com.jio.myjio do shrink, target ratio = 75, final ratio = 90, cur ratio = 61
01-17 13:50:11.475 28275 28275 D ResourcesManagerExtImpl: applyConfigurationToAppResourcesLocked app.getDisplayId() return callback.displayId:-1
01-17 13:50:11.489  3522  5243 I ActivityManager: Flag disabled. Ignoring finishAttachApplication from uid: 10274. pid: 28275
01-17 13:50:11.523  3522  5216 D ActivityManager: Async freezing 28275 com.google.android.packageinstaller
01-17 13:50:11.530  3522  3718 I ActivityManager: Start proc 28366:com.oplus.pantanal.ums:uiSetting/u0a152 for content provider {com.oplus.pantanal.ums/com.ums.aisetting.provider.AISettingDataProvider}
01-17 13:50:11.531  3522  3684 I ActivityManager: ProcessObserver broadcast disabled
01-17 13:50:11.532  3522  4228 I MemoryOperationUtils: add 28366 to inactive
01-17 13:50:11.539  3522  5211 D ActivityTaskManagerServiceExtImpl: preBindApplication record is null
01-17 13:50:11.544 28366 28366 V Configuration: Updating configuration, locales updated from [] to [en_GB]
01-17 13:50:11.548  3522  4223 D ActivityTaskManagerServiceExtImpl: preBindApplication record is null
01-17 13:50:11.563 28305 28305 V Configuration: Updating configuration, locales updated from [] to [en_GB]
01-17 13:50:11.579  3522  5211 D ActivityTaskManagerServiceExtImpl: preBindApplication record is null
01-17 13:50:11.630 28366 28366 D ResourcesManagerExtImpl: applyConfigurationToAppResourcesLocked app.getDisplayId() return callback.displayId:-1
01-17 13:50:11.638 28157 28157 W ContextImpl: Calling a method in the system process without a qualified user: android.app.ContextImpl.startService:2032 android.content.ContextWrapper.startService:865 q2.d.A:62 com.oplusos.sau.service.SAUAppService.onStartCommand:440 android.app.ActivityThread.handleServiceArgs:5868 
01-17 13:50:11.653 27947 28302 E ActivityThread: Failed to find provider info for com.nearme.romupdate.provider.db
01-17 13:50:11.684  3522  4223 I ActivityManager: Flag disabled. Ignoring finishAttachApplication from uid: 10152. pid: 28366
01-17 13:50:11.684  3522 27941 D OplusOsPackageManager: uploadInstallAppInfos:{installerPkg=null, code=1, abi1=arm64-v8a, abi2=null, update=1, cert=FAC61745DC;, targetSdkVersion=35, source=com.android.shell, app_pkg=com.travels.travelling, version=1.2.4, initiatingPkg=com.android.shell, md5=c7775898011f5e1ef1d8bb48716199ab}
01-17 13:50:11.687 28157 28157 W ContextImpl: Calling a method in the system process without a qualified user: android.app.ContextImpl.bindService:2135 android.content.ContextWrapper.bindService:901 com.oplusos.sau.aidl.SauBinderUpdateService.onCreate:48 android.app.ActivityThread.handleCreateService:5660 android.app.ActivityThread.-$$Nest$mhandleCreateService:0 
01-17 13:50:11.705  3522  5216 W OplusSelfProtectManager: [addProtectRecord] com.oplus.phonemanager not in whitelist, can't add to protect
01-17 13:50:11.706 28305 28305 D ResourcesManagerExtImpl: applyConfigurationToAppResourcesLocked app.getDisplayId() return callback.displayId:-1
01-17 13:50:11.713 28299 28299 V Configuration: Updating configuration, locales updated from [] to [en_GB]
01-17 13:50:11.745  3522  4223 W ActivityManager: Receiver with filter android.content.IntentFilter@10c439 already registered for pid 27947, callerPackage is com.oplus.phonemanager
01-17 13:50:11.791  3522  5591 W ActivityManager: Receiver with filter android.content.IntentFilter@3098caf already registered for pid 27947, callerPackage is com.oplus.phonemanager
01-17 13:50:11.817  1466 28286 I keystore2: system/security/keystore2/src/database.rs:1412 - First database operation finished.
01-17 13:50:11.856  3522  5537 D UsageStatsService: User[0] type=0 b=1768636563111 e=1768638011849 cb=1768577084611 ce=1768638013464 disk=0 all=27
01-17 13:50:11.878 27947 28507 E ActivityThread: Failed to find provider info for com.oplus.phonemanager.RiskDetectDataProvider
01-17 13:50:11.888  3522  3697 W AnrLogEnhancementHelperImpl: app side detected 3522 dynamic_receiver cost time = 1297
01-17 13:50:11.888  3522  3697 W LoadedApk: System took : 1298ms in onReceive of class android.content.pm.RegisteredServicesCache$1 for action : android.intent.action.PACKAGE_ADDED
01-17 13:50:11.904  3522  3570 D UsageStatsService: User[0] type=0 b=1768638011849 e=1768638011902 cb=1768577084611 ce=1768638013464 disk=0 all=0
01-17 13:50:11.909  3522  5516 W PackageManager: package com.oplus.dmp uid 10153 pid 28305 call SetEnabledSetting(com.oplus.dmp component = androidx.work.impl.background.systemjob.SystemJobService, 1, 0)
01-17 13:50:11.927  3522  5516 I ActivityManager: Flag disabled. Ignoring finishAttachApplication from uid: 10153. pid: 28305
01-17 13:50:11.935  3522  5216 D ActivityManager: pid 13002 com.heytap.htms:cloudctrl received async transactions while frozen
01-17 13:50:11.936  3522  5216 D ActivityManager: sync unfroze 13002 com.heytap.htms:cloudctrl for 7
01-17 13:50:11.937  3522  5216 D ActivityManager: pid 13099 com.heytap.htms received async transactions while frozen
01-17 13:50:11.937  3522  5216 D ActivityManager: sync unfroze 13099 com.heytap.htms for 7
01-17 13:50:11.938  3522  4359 D ActivityManager: reportOneUidFrozenStateChanged uid 10201 frozen = false
01-17 13:50:11.939 13002 13002 D ActivityThread: Package [com.travels.travelling] reported as REPLACED, but missing application info. Assuming REMOVED.
01-17 13:50:11.940 13099 13099 D ActivityThread: Package [com.travels.travelling] reported as REPLACED, but missing application info. Assuming REMOVED.
01-17 13:50:11.941  3522  5516 D CompatChangeReporter: Compat change id reported: 151861875; UID 10178; state: ENABLED
01-17 13:50:11.942 13002 13002 D ActivityThread: Package [com.travels.travelling] reported as REPLACED, but missing application info. Assuming REMOVED.
01-17 13:50:11.943 13002 13002 D ActivityThread: Package [com.travels.travelling] reported as REPLACED, but missing application info. Assuming REMOVED.
01-17 13:50:11.945 13002 13002 D ActivityThread: Package [com.travels.travelling] reported as REPLACED, but missing application info. Assuming REMOVED.
01-17 13:50:11.945  3522  5591 I ActivityManager: Flag disabled. Ignoring finishAttachApplication from uid: 1000. pid: 28218
01-17 13:50:11.950  3522  5591 D ActivityManager: Async freezing 13002 com.heytap.htms:cloudctrl
01-17 13:50:11.950  3522  5591 D ActivityManager: Async freezing 13099 com.heytap.htms
01-17 13:50:11.962  3522  3718 I ActivityManager: Start proc 28539:com.oplus.aiunit/u0a178 for content provider {com.oplus.aiunit/com.oplus.aiunit.AIUnitProvider}
01-17 13:50:11.963  3522  3684 I ActivityManager: ProcessObserver broadcast disabled
01-17 13:50:11.965  3522  4228 I MemoryOperationUtils: add 28539 to inactive
01-17 13:50:11.982 13099 13099 D ActivityThread: Package [com.travels.travelling] reported as REPLACED, but missing application info. Assuming REMOVED.
01-17 13:50:11.985 13099 13099 D ActivityThread: Package [com.travels.travelling] reported as REPLACED, but missing application info. Assuming REMOVED.
01-17 13:50:11.985 13099 13099 D ActivityThread: Package [com.travels.travelling] reported as REPLACED, but missing application info. Assuming REMOVED.
01-17 13:50:12.002  3522  5516 D ActivityTaskManagerServiceExtImpl: preBindApplication record is null
01-17 13:50:12.005  3522  4988 D TheiaCpuHighLoad: Not cpu high load:91
01-17 13:50:12.019 28539 28539 V Configuration: Updating configuration, locales updated from [] to [en_GB]
01-17 13:50:12.042  3522  4223 W PackageManager: package com.oplus.dmp uid 10153 pid 28305 call SetEnabledSetting(com.oplus.dmp component = androidx.work.impl.background.systemalarm.RescheduleReceiver, 1, 0)
01-17 13:50:12.065  3522  3718 I ActivityManager: Start proc 28568:com.google.android.odad/u0a115 for service {com.google.android.odad/com.google.android.apps.miphone.odad.contentprotection.ContentProtectionService}
01-17 13:50:12.066  3522  3684 I ActivityManager: ProcessObserver broadcast disabled
01-17 13:50:12.069  3522  4228 I MemoryOperationUtils: add 28568 to inactive
01-17 13:50:12.104  3522  5591 D ActivityTaskManagerServiceExtImpl: preBindApplication record is null
01-17 13:50:12.122 28568 28568 V Configuration: Updating configuration, locales updated from [] to [en_GB]
01-17 13:50:12.131 28539 28539 D ResourcesManagerExtImpl: applyConfigurationToAppResourcesLocked app.getDisplayId() return callback.displayId:-1
01-17 13:50:12.156  3522  3570 W ActivityManager: Receiver with filter android.content.IntentFilter@4583953 already registered for pid 27947, callerPackage is com.oplus.phonemanager
01-17 13:50:12.172 28568 28568 D ResourcesManagerExtImpl: applyConfigurationToAppResourcesLocked app.getDisplayId() return callback.displayId:-1
01-17 13:50:12.177  3522  5591 I ActivityManager: Flag disabled. Ignoring finishAttachApplication from uid: 10115. pid: 28568
01-17 13:50:12.192  3522  3522 I RemoteContentProtectionService: Connection status for: ComponentInfo{com.google.android.odad/com.google.android.apps.miphone.odad.contentprotection.ContentProtectionService} changed to: connected
01-17 13:50:12.233  3522  3570 I ActivityManager: Background started FGS: Allowed [callingPackage: com.google.android.odad; callingUid: 10115; uidState: IMPF; uidBFSL: n/a; intent: Intent { xflg=0x4 cmp=com.google.android.odad/com.google.android.apps.miphone.odad.backgroundwork.impl.WorkService (has extras) mCallingUid=10115 }; code:BACKGROUND_ACTIVITY_PERMISSION; tempAllowListReason:<null>; allowWiu:58; targetSdkVersion:36; callerTargetSdkVersion:36; startForegroundCount:0; bindFromPackage:null: isBindService:false]
01-17 13:50:12.243  3522  4223 W ForegroundServiceTypeLoggerModule: Foreground service start for UID: 10115 does not have any types
01-17 13:50:12.248  3522  3717 D NotificationService--OplusNotificationFixHelper: fixAppIcon: pkg=com.google.android.odad
01-17 13:50:12.248  3522  3717 D NotificationService--OplusNotificationFixHelper: fixAppIcon: appIcon = null, pkg = com.google.android.odad
01-17 13:50:12.276  3522  4223 D ActivityManager: Cancel freezing 13002 com.heytap.htms:cloudctrl
01-17 13:50:12.277  3522  4223 D ActivityManager: Cancel freezing 13099 com.heytap.htms
01-17 13:50:12.278  3522  5216 I OplusAppSwitchManagerService: appswitch registerAppSwitchObserver pName = com@@oplus@@aiunit_29472904 observer = com.oplus.app.IOplusAppSwitchObserver$Stub$Proxy@fd06c69 config = OplusAppSwitchConfig = {  observerFingerPrint = 210914347}
01-17 13:50:12.278  3522  5216 I OplusAppSwitchStateDispatcher: registerAppSwitchObserver addDynamicListener OK, info = OplusAppSwitchRuleInfo = {  observer = com.oplus.app.IOplusAppSwitchObserver$Stub$Proxy@fd06c69 observerFingerPrint = 210914347} rule size =0
01-17 13:50:12.281  3522  5591 D CompatChangeReporter: Compat change id reported: 319212206; UID 10178; state: ENABLED
01-17 13:50:12.285  3522  3570 D ActivityManager: Async freezing 13002 com.heytap.htms:cloudctrl
01-17 13:50:12.286  3522  3570 D ActivityManager: Async freezing 13099 com.heytap.htms
01-17 13:50:12.299  3522  5591 I ActivityManager: Flag disabled. Ignoring finishAttachApplication from uid: 10178. pid: 28539
01-17 13:50:12.300  3522  5216 W SettingsProvider: You shouldn't keep your settings in the secure settings. This will soon become an error!!!
01-17 13:50:12.318 27892 27920 W ContextImpl: Calling a method in the system process without a qualified user: android.app.ContextImpl.startService:2032 android.content.ContextWrapper.startService:865 com.heytap.mcs.g.a.a:94 com.heytap.mcs.f.a.a:1 com.heytap.mcs.l.f.a:28 
01-17 13:50:12.496  3522  4367 V AlarmManager: sending alarm Alarm{56860c6 type 1 origWhen 1768638012496 whenElapsed 488141112 android} uid 1000 whenElapsed 488141112 windowLength 0 maxWhenElapsed 488141112 repeatInterval 0 action null component null tag StorgaeBandInfoAlarmTag flags 0x9 procName system_server
01-17 13:50:12.635  3522  4223 W AppOpService: Ignored setUidMode call for runtime permission app op: uid = 10287, code = READ_CELL_BROADCASTS, mode = allow, callingUid = 1001, oldMode = allow
01-17 13:50:12.649  3522  4223 W AppOpService: Ignored setUidMode call for runtime permission app op: uid = 1001, code = READ_SMS, mode = allow, callingUid = 1001, oldMode = allow
01-17 13:50:12.651  3522  4223 W AppOpService: Ignored setUidMode call for runtime permission app op: uid = 1001, code = RECEIVE_SMS, mode = allow, callingUid = 1001, oldMode = allow
01-17 13:50:12.651  3522  4223 W AppOpService: Ignored setUidMode call for runtime permission app op: uid = 1001, code = RECEIVE_WAP_PUSH, mode = allow, callingUid = 1001, oldMode = allow
01-17 13:50:12.652  3522  4223 W AppOpService: Ignored setUidMode call for runtime permission app op: uid = 1001, code = SEND_SMS, mode = allow, callingUid = 1001, oldMode = allow
01-17 13:50:12.653  3522  4223 W AppOpService: Ignored setUidMode call for runtime permission app op: uid = 1001, code = READ_CELL_BROADCASTS, mode = allow, callingUid = 1001, oldMode = allow
01-17 13:50:13.043  3522  3786 I AppsFilter: interaction: PackageSetting{f8e04d6 com.android.microdroid.empty_payload/10309} -> PackageSetting{c3e6aaa com.oplus.dmp/10153} BLOCKED
01-17 13:50:13.043  3522  3786 I AppsFilter: interaction: PackageSetting{6b677 com.travels.travelling/10507} -> PackageSetting{c3e6aaa com.oplus.dmp/10153} BLOCKED
01-17 13:50:13.043  3522  3786 I AppsFilter: interaction: PackageSetting{f70ce44 com.oplus.locationproxy/10200} -> PackageSetting{c3e6aaa com.oplus.dmp/10153} BLOCKED
01-17 13:50:13.043  3522  3786 I AppsFilter: interaction: PackageSetting{e78bb2d com.android.certinstaller/10244} -> PackageSetting{c3e6aaa com.oplus.dmp/10153} BLOCKED
01-17 13:50:13.044  3522  3786 I AppsFilter: interaction: PackageSetting{43d9862 com.oplus.location/10260} -> PackageSetting{c3e6aaa com.oplus.dmp/10153} BLOCKED
01-17 13:50:13.080  3522  4402 I VibrationEffectConvertor: onInputMethodListUpdated received, info.size = 4
01-17 13:50:13.080  3522  4402 I VibrationEffectConvertor: userid = 0, packageName = com.google.android.tts
01-17 13:50:13.080  3522  4402 I VibrationEffectConvertor: userid = 0, packageName = com.google.android.inputmethod.latin
01-17 13:50:13.080  3522  4402 I VibrationEffectConvertor: userid = 0, packageName = com.snapchat.android
01-17 13:50:13.080  3522  4402 I VibrationEffectConvertor: userid = 0, packageName = com.oplus.securitykeyboard
01-17 13:50:13.087  3522  4411 V AccessibilityManagerService: onUserStateChangedLocked for user 0 with forceUpdate: false mEnabledServices = [] mCrashedServices = [] hasMagnificationConnection=false
01-17 13:50:13.087  3522  4411 W MagnificationConnectionManager: requestConnection duplicated request: connect=false, mConnectionState=DISCONNECTED
01-17 13:50:13.194  3522  3570 W ForegroundServiceTypeLoggerModule: FGS stop call for: 10115 has no types!
01-17 13:50:13.438 28299 28299 D ResourcesManagerExtImpl: applyConfigurationToAppResourcesLocked app.getDisplayId() return callback.displayId:-1
01-17 13:50:13.443  3522  4228 D osense.compress: com.linkedin.android do shrink, target ratio = 71, final ratio = 90, cur ratio = 52
01-17 13:50:13.721  3522  3570 D OplusUserManagerServiceEnhance: getMultiSystemUserId  res = -10000
01-17 13:50:13.821  3522  5591 D UsageStatsService: User[0] type=0 b=1768588200000 e=1768638013732 cb=1768577084611 ce=1768638013942 disk=0 all=1193
01-17 13:50:13.851  3522  3570 V Configuration: Updating configuration, locales updated from [] to [en_GB,en_IN]
01-17 13:50:13.851  3522  3570 V Configuration: Updating configuration, locales updated from [] to [en_GB,en_IN]
01-17 13:50:13.865  3522  3570 D IntervalStats: Unable to parse usage stats packages: [1040]
01-17 13:50:13.869  3522  3570 D UsageStatsService: User[0] type=0 b=1768501800000 e=1768588199999 cb=1768577084611 ce=1768638013942 disk=2390 all=2592
01-17 13:50:13.908 27947 28512 W ModemPowerProfile: getAverageBatteryDrainMaH called with unexpected key: 0x0, drain:SLEEP,RAT:DEFAULT
01-17 13:50:13.912 27947 28512 W ModemPowerProfile: getAverageBatteryDrainMaH called with unexpected key: 0x10000000, drain:IDLE,RAT:DEFAULT
01-17 13:50:13.912 27947 28512 W ModemPowerProfile: getAverageBatteryDrainMaH called with unexpected key: 0x20000000, drain:RX,RAT:DEFAULT
01-17 13:50:13.912 27947 28512 W ModemPowerProfile: getAverageBatteryDrainMaH called with unexpected key: 0x30000000, drain:TX,level:0,RAT:DEFAULT
01-17 13:50:13.913 27947 28512 W ModemPowerProfile: getAverageBatteryDrainMaH called with unexpected key: 0x31000000, drain:TX,level:1,RAT:DEFAULT
01-17 13:50:13.913 27947 28512 W ModemPowerProfile: getAverageBatteryDrainMaH called with unexpected key: 0x32000000, drain:TX,level:2,RAT:DEFAULT
01-17 13:50:13.914 27947 28512 W ModemPowerProfile: getAverageBatteryDrainMaH called with unexpected key: 0x33000000, drain:TX,level:3,RAT:DEFAULT
01-17 13:50:13.914 27947 28512 W ModemPowerProfile: getAverageBatteryDrainMaH called with unexpected key: 0x34000000, drain:TX,level:4,RAT:DEFAULT
01-17 13:50:14.136  3522  5591 I ActivityManager: Flag disabled. Ignoring finishAttachApplication from uid: 10507. pid: 28299
01-17 13:50:14.207  3522  4228 D osense.compress: com.facebook.katana do shrink, target ratio = 82, final ratio = 90, cur ratio = 74
01-17 13:50:14.211  3522  4228 D osense.compress: com.dubox.drive do shrink, target ratio = 64, final ratio = 90, cur ratio = 38
01-17 13:50:14.503  3522  4367 V AlarmManager: sending alarm Alarm{67d41f9 type 1 origWhen 1768638014503 whenElapsed 488143119 android} uid 1000 whenElapsed 488143119 windowLength 0 maxWhenElapsed 488143119 repeatInterval 0 action null component null tag StorgaeBandInfoAlarmTag flags 0x9 procName system_server
01-17 13:50:14.636  3522  4359 D ActivityManager: freezing 9506 com.google.android.googlequicksearchbox:search
01-17 13:50:15.193  3522  3522 I ServiceConnector.Impl: unbindJobThread: connection = ServiceConnector@293(Intent { act=android.service.contentcapture.ContentProtectionService xflg=0x4 cmp=com.google.android.odad/com.google.android.apps.miphone.odad.contentprotection.ContentProtectionService mCallingUid=1000 }, user: 0)[Unbinding...]service = android.service.contentcapture.IContentProtectionService$Stub$Proxy@f4e99bc mBinding = false
01-17 13:50:15.199  3522  3522 I RemoteContentProtectionService: Connection status for: ComponentInfo{com.google.android.odad/com.google.android.apps.miphone.odad.contentprotection.ContentProtectionService} changed to: disconnected
01-17 13:50:15.200  3522  3570 D ActivityManager: Async freezing 28568 com.google.android.odad
01-17 13:50:15.640  3522  4359 D ActivityManager: Freezer deadlock watchdog
01-17 13:50:15.733 27947 28220 E ActivityThread: Failed to find provider info for com.nearme.romupdate.provider.db
01-17 13:50:15.745 27947 28220 E ActivityThread: Failed to find provider info for com.nearme.romupdate.provider.db
01-17 13:50:15.750 27947 28220 E ActivityThread: Failed to find provider info for com.nearme.romupdate.provider.db
01-17 13:50:15.842  3522  5516 D ShortcutService: rescanPackageIfNeeded 0@com.oplus.phonemanager, forceRescan=false , isNewApp=false
01-17 13:50:15.845  3522  5591 D ShortcutService: rescanPackageIfNeeded 0@com.oplus.phonemanager, forceRescan=false , isNewApp=false
01-17 13:50:16.196 28061 28061 W ContextImpl: Calling a method in the system process without a qualified user: android.app.ContextImpl.startService:2032 android.content.ContextWrapper.startService:865 com.heytap.mcs.biz.statistics.StaticProcessTrackStatusManager.exitCurrentProcess:11 com.heytap.mcs.biz.statistics.StaticProcessTrackStatusManager$1.handleMessage:3 android.os.Handler.dispatchMessage:111 
01-17 13:50:16.243  3522  5537 I ActivityManager: Death received, pid = 28061, processName = com.heytap.mcs.statistics for thread android.os.BinderProxy@348e9cb
01-17 13:50:16.243  3522  8272 I ActivityManager: Process com.heytap.mcs.statistics (pid 28061) has died: vis IMPF
01-17 13:50:16.244   426   426 I ActivityThread: Removing dead content provider:android.content.ContentProviderProxy@f9e4343
01-17 13:50:16.504  3522  4367 V AlarmManager: sending alarm Alarm{d618866 type 1 origWhen 1768638016504 whenElapsed 488145120 android} uid 1000 whenElapsed 488145120 windowLength 0 maxWhenElapsed 488145120 repeatInterval 0 action null component null tag StorgaeBandInfoAlarmTag flags 0x9 procName system_server
01-17 13:50:16.836  3522  3684 D WindowManager: rotation(ROTATION_0) no changed  displayId = 0, lastOrientation = -1
01-17 13:50:16.848  3522  4385 I KEYLOG_OplusKeyEventUtil: mIsPowerKeyDown =true
01-17 13:50:16.848  3522  4385 I OplusJoystickManager: read game pad state for game manager -> false
01-17 13:50:16.848  3522  4385 W OplusJoystickManager: mInterceptGamepadKey is false
01-17 13:50:16.850  3522  4385 D OplusCustomizeRestrictionManagerService: isLongPressVolumeUpDisabled start
01-17 13:50:16.850  3522  4385 D STKeyLog_StrategyUnusedPhoneDetection: notifyKeyBeforeQueueing + keycode =26
01-17 13:50:16.850  3522  4385 D STKeyLog_StrategyBlackscreenshot: notifyKeyBeforeQueueing, downTime334550406, action=0, interactive=true
01-17 13:50:16.963  3522  3686 V STKeyLog_StrategyShutdown:  cancel Combined rule
01-17 13:50:16.963  3522  4385 I KEYLOG_OplusKeyEventUtil: mIsPowerKeyDown =false
01-17 13:50:16.963  3522  4385 I OplusJoystickManager: read game pad state for game manager -> false
01-17 13:50:16.963  3522  4385 W OplusJoystickManager: mInterceptGamepadKey is false
01-17 13:50:16.963  3522  4385 D OplusCustomizeRestrictionManagerService: isLongPressVolumeUpDisabled start
01-17 13:50:16.963  3522  4385 D STKeyLog_StrategyBlackscreenshot: notifyKeyBeforeQueueing, downTime334550406, action=1, interactive=true
01-17 13:50:16.964  3522  3684 V KEYLOG_SinglePowerKeyMonitor: PowerKey:onPress. isXiaoBuFloat = false isUnderWaterGraining = false
01-17 13:50:16.964  3522  3684 D KEYLOG_PhoneWindowManagerExtImpl: PowerKey: send base.powerPress, interactive=false downTime=334550406
01-17 13:50:16.965  3522  3684 D KEYLOG_PhoneWindowManager: powerPress: eventTime=334550406 interactive=true count=1 mShortPressOnPowerBehavior=1 mShouldEarlyShortPressOnPower=false
01-17 13:50:16.966  3522  4385 I HwShutdownRecord: RecoverSqlFunc running start, setprop false
01-17 13:50:16.966  3522  4385 I HwShutdownRecord: tmemory Remove Flag
01-17 13:50:16.973  3522  3684 D OplusPowerManagerHelper: goToSleepNoUpdateLocked  needIntercepet: false
01-17 13:50:16.973  3522  3684 I PowerGroup: Powering off display group due to power_button (groupId= 0, uid= 1000, millisSinceLastUserActivity=56318, lastUserActivityEvent=touch)...
01-17 13:50:16.974  3522  3684 I InputManager: displayId:0, displayInteractive:false
01-17 13:50:16.974  3522  3684 I PowerManagerService: Going to sleep due to power_button (uid 1000, screenOffTimeout=300000, activityTimeoutWM=-1, maxDimRatio=0.20000005, maxDimDur=7000)...
01-17 13:50:16.975  3522  3684 D OplusPowerManagerHelper: wakelock list dump: mLocks.size=1:
01-17 13:50:16.975  3522  3684 D OplusPowerManagerHelper: No.0: PARTIAL_WAKE_LOCK                activated(flags=1, uid=10154, pid=27947) total=5270ms)
01-17 13:50:16.975  3522  4402 I FlexibleWindowManagerService: mInteractivefalse
01-17 13:50:16.976  3522  3686 W WindowManager: captureTaskSnapshot mSnapshotMode= 0 source=Task{ae4f0fc #626 type=standard A=10130:com.google.android.googlequicksearchbox.googleapp}
01-17 13:50:16.977  3522  3686 D TaskSnapshotControllerExtImpl: createTaskSnapshot isCompatMode:false, isCompactWindow:false
01-17 13:50:16.977  3522  3686 W AbsAppSnapshotControllerExtImpl: updateExcludeLayers, addExcludeLayerList is null or empty, return excludeLayers
01-17 13:50:16.991  3522  3751 I DreamManagerService: Entering dreamland.
01-17 13:50:16.993  3522  3751 I PowerManagerService: Dozing...
01-17 13:50:16.993  3522  3686 D TaskSnapshotCache: putSnapshot mRunningCache top= ActivityRecord{101691538 u0 com.google.android.googlequicksearchbox/.InternalGoogleAppActivityEntrypoint t626}, mTaskId=626, snapshot=TaskSnapshot{ mId=1768638016977 mCaptureTime=488145609797444 mTopActivityComponent=com.google.android.googlequicksearchbox/com.google.android.apps.search.googleapp.activity.GoogleAppActivity mSnapshot=android.hardware.HardwareBuffer@46b1b5 (1080x2376) mColorSpace=sRGB IEC61966-2.1 (id=0, model=RGB) mOrientation=1 mRotation=0 mTaskSize=Point(1080, 2376) mOplusCompatMode=false mTopActivityBounds=[0,0][1080,2376] mHasDimLayer=false mContentInsets=[0,120][0,48] mLetterboxInsets=[0,0][0,0] mIsLowResolution=false mIsRealSnapshot=true mWindowingMode=1 mAppearance=0 mIsTranslucent=false mHasImeSurface=false mInternalReferences=2 mUiMode=21, mAppIdMap size= 7
01-17 13:50:16.999  3522  4506 I DreamController: Starting dream: name=ComponentInfo{com.android.systemui/com.android.systemui.doze.DozeService}, isPreviewMode=false, canDoze=true, userId=0, reason='power manager request'
01-17 13:50:16.999  3522  6249 E KernelCpuUidFreqTimeReader: Negative delta from freq time for uid: 90080, delta: -1
01-17 13:50:16.999  3522  6249 E KernelCpuUidFreqTimeReader: Negative delta from freq time for uid: 90100, delta: -10
01-17 13:50:17.002  3522  4747 D JobSchedulerServiceExtImpl: updateOsenseRestrictMode for 7 false false
01-17 13:50:17.010  3522  3522 D OplusFlexibleWindowMinimizedManagerHelper: onReceive, intent = android.intent.action.CLOSE_SYSTEM_DIALOGS reason:dream state:0
01-17 13:50:17.033  4883  4924 D OneHandedController: setLockedDisabled locked = true, enabled = false ,FeatureEnabled = false
01-17 13:50:17.038  4883  4883 V DreamService[DozeService]: onCreate()
01-17 13:50:17.044  4883  4883 V DreamService[DozeService]: onBind() intent = Intent { act=android.service.dreams.DreamService flg=0x800000 xflg=0x4 cmp=com.android.systemui/.doze.DozeService (has extras) mCallingUid=1000 }
01-17 13:50:17.045  3522  4506 I DreamController: onServiceConnected, attach!
01-17 13:50:17.046  4883  8621 I DreamServiceWrapper: attach
01-17 13:50:17.050  3522  4412 W OplusStorageManagerFeature: mScreenReceiver action:android.intent.action.DREAMING_STARTED
01-17 13:50:17.052  3522  4412 W OplusStorageManagerFeature: turn screenOff, maintPrepared:false
01-17 13:50:17.052  3522  4412 W OplusStorageManagerFeature: sendToTarget over,paramStr:5
01-17 13:50:17.054  4883  4883 V DreamService[DozeService]: onDreamingStarted()
01-17 13:50:17.054  4883  4883 V DreamService[DozeService]: UpdateDoze mDozeScreenState=0 mDozeScreenBrightness=-1 mDozeScreenBrightnessFloat=NaN
01-17 13:50:17.057  3522  4412 I OplusStorageManagerFeature: FsReserveSpace data partition fstype:f2fs
01-17 13:50:17.057  3522  4412 I OplusStorageManagerFeature: FsReserveSpace data device path:/dev/block/dm-77
01-17 13:50:17.064  3522  4412 E OplusStorageManagerFeature: FsReserveSpace read data label failed.java.nio.file.NotLinkException: /dev/block/dm-77
01-17 13:50:17.064  3522  4412 E OplusStorageManagerFeature: 	at sun.nio.fs.UnixFileSystemProvider.readSymbolicLink(UnixFileSystemProvider.java:515)
01-17 13:50:17.064  3522  4412 E OplusStorageManagerFeature: 	at java.nio.file.Files.readSymbolicLink(Files.java:1459)
01-17 13:50:17.064  3522  4412 E OplusStorageManagerFeature: 	at com.android.server.storage.OplusStorageManagerFeature.onMessageFsReserveSpace(OplusStorageManagerFeature.java:2311)
01-17 13:50:17.064  3522  4412 E OplusStorageManagerFeature: 	at com.android.server.storage.OplusStorageManagerFeature.onStorageManagerMessageHandle(OplusStorageManagerFeature.java:1637)
01-17 13:50:17.064  3522  4412 E OplusStorageManagerFeature: 	at com.android.server.StorageManagerService$StorageManagerServiceHandler.handleMessage(StorageManagerService.java:812)
01-17 13:50:17.064  3522  4412 E OplusStorageManagerFeature: 	at android.os.Handler.dispatchMessage(Handler.java:115)
01-17 13:50:17.064  3522  4412 E OplusStorageManagerFeature: 	at android.os.Looper.loopOnce(Looper.java:298)
01-17 13:50:17.064  3522  4412 E OplusStorageManagerFeature: 	at android.os.Looper.loop(Looper.java:408)
01-17 13:50:17.064  3522  4412 E OplusStorageManagerFeature: 	at android.os.HandlerThread.run(HandlerThread.java:85)
01-17 13:50:17.064  3522  4412 I OplusStorageManagerFeature: FsReserveSpace data label:dm-77
01-17 13:50:17.067  3522  5537 V WindowManager: Relayout Window{632b01a u0 NotificationShade}: viewVisibility=4, oldvis=4, req=1080x2376 , apr = 0, vsysui=, x=0, y=0
01-17 13:50:17.071  3522  3570 D DreamManagerService: Dream requested to start dozing: android.os.Binder@229d39b, screenState=UNKNOWN, reason=UNKNOWN, screenBrightnessFloat=NaN, screenBrightnessInt=-1, useNormalBrightnessForDoze=false
01-17 13:50:17.071  3522  3570 D OplusFeatureAOD: key:3522 tmp:2
01-17 13:50:17.071  3522  3570 D DisplayPowerController[display=0]: requestPowerState: policy=DOZE, useProximitySensor=false, screenBrightnessOverride=-1.0, useAutoBrightness=false, screenAutoBrightnessAdjustmentOverride=NaN, screenLowPowerBrightnessFactor=1.0, blockScreenOn=false, lowPowerMode=false, boostScreenBrightness=false, dozeScreenBrightness=NaN, dozeScreenState=UNKNOWN, dozeScreenStateReason=DREAM_MANAGER, useNormalBrightnessForDoze=false, waitForNegativeProximity=false displayReady=false pendingRequest=true
01-17 13:50:17.071  3522  3570 D DisplayManagerServiceExtImpl: request size(4,1),dpc=com.android.server.display.DisplayPowerController@e318956 size(0,1),flags=0X200F,id(0,0,local:4630946652107814787),enable=true,ready=false,waitForNegativeProximity=false policy=DOZE,useProximitySensor=false,dozeState=UNKNOWN,screenBrightnessOverride=-1.000000,useAuto=false,lowPower=false,lowPowerFactor=1.000000
01-17 13:50:17.072  3522  3751 D OplusFeatureAntiDizzy:  animateLongTakeStateChange, policy 1
01-17 13:50:17.072  3522  3751 D AutomaticController[display=0]: Change the enable setting from false to true while dozing
01-17 13:50:17.072  3522  3757 D VRR [OPlusRefreshRateService]: handleScreenStateChangeWarning state : 1
01-17 13:50:17.072  3522  3757 D DisplayManagerServiceExtImpl: scheduleTraversalLocked intraversal=false
01-17 13:50:17.072  3522  3751 D AutomaticController[display=0]: setAutoStrategyEnabled: enable=true, mAutoStrategyEnable=false
01-17 13:50:17.072  3522  3687 D DisplayManagerService: performTraversalInternal pendingTraversal
01-17 13:50:17.072  3522  3687 D DisplayDevice: setLayerStackLocked id=local:4630946652107814787 token=android.os.BinderProxy@d283663 stack=0->0
01-17 13:50:17.072  3522  3686 D DisplayManagerService: MSG_REQUEST_TRAVERSAL pendingCompleted=false
01-17 13:50:17.072  3522  3751 D OplusBiometricsDisplayHelper: isFold: false, isUnblockByFp: null
01-17 13:50:17.072  3522  3751 D DpcExtImpl[display=0]: RECORD:onUpdatePowerState policy:1 state:2 brightness:1789
01-17 13:50:17.072  3522  3751 D DisplayPowerController[display=0]: updatePowerStateInternal policy:BRIGHT->DOZE,state:ON->ON policy=DOZE, useProximitySensor=false, screenBrightnessOverride=-1.0, useAutoBrightness=false, screenAutoBrightnessAdjustmentOverride=NaN, screenLowPowerBrightnessFactor=1.0, blockScreenOn=false, lowPowerMode=false, boostScreenBrightness=false, dozeScreenBrightness=NaN, dozeScreenState=UNKNOWN, dozeScreenStateReason=DREAM_MANAGER, useNormalBrightnessForDoze=false
01-17 13:50:17.073  3522  3751 D OplusPowerManagerHelper: [onGoToSleep]
01-17 13:50:17.082  3522  3751 E OplusCustomizeRestrictionManagerService: isBiometricDisabled start
01-17 13:50:17.082  3522  3751 D OplusPowerManagerHelper: [requestKeyguard]
01-17 13:50:17.082  3522  3751 D OplusFeatureAOD: notifySfUnBlockScreenOn
01-17 13:50:17.086  3522  3752 D NotifierExtImpl: notifyScreenOnOff: on = false
01-17 13:50:17.086  3522  3752 D OplusPowerManagerServiceEnhance: notifyScreenOnOff on=false
01-17 13:50:17.095  3522  3686 D WindowManager: NFW_findFocusedWindowIfNeeded:Window{cf61ce1 u0 com.google.android.googlequicksearchbox/com.google.android.googlequicksearchbox.InternalGoogleAppActivityEntrypoint} mCurrentFocus:Window{cf61ce1 u0 com.google.android.googlequicksearchbox/com.google.android.googlequicksearchbox.InternalGoogleAppActivityEntrypoint}
01-17 13:50:17.097  3522  3700 I UserAwareMgr: handleTopAppChanged: com.android.systemui, pid: 4883, uid: 10234
01-17 13:50:17.102  3522  5591 E Biometrics/FingerprintProvider/FingerprintServiceProviderExtImpl: current client is null.
01-17 13:50:17.103  3522  5591 D OplusUserManagerServiceEnhance: getMultiSystemUserId  res = -10000
01-17 13:50:17.104  3522  5591 E OplusCustomizeRestrictionManagerService: isBiometricDisabled start
01-17 13:50:17.104  3522  5591 D LockSettingsService: [getStrongAuthForUser]  userId = 0
01-17 13:50:17.104  3522  5591 D BiometricUtils: isEncrypted: false isLockdown: false
01-17 13:50:17.117  3522  4493 E OplusCustomizeRestrictionManagerService: isBiometricDisabled start
01-17 13:50:17.118  3522  4493 D BiometricService: Sensor ID(4), oemStrength: 4095, updatedStrength: 4095, modality 8, state: 0, cookie: 0, sensorId 4, hasEnrollments: true cannot participate in Keystore operations
01-17 13:50:17.118  3522  4493 E OplusCustomizeRestrictionManagerService: isBiometricDisabled start
01-17 13:50:17.118  3522  4513 D BiometricScheduler: [Added] {[1510] com.android.server.biometrics.sensors.fingerprint.aidl.FingerprintAuthenticationClient, proto=3, owner=com.android.systemui, cookie=0, requestId=780, userId=0}, new queue size: 1, interruptable: true
01-17 13:50:17.118  3522  4493 E OplusCustomizeRestrictionManagerService: isBiometricDisabled start
01-17 13:50:17.118  3522  4513 D BiometricScheduler: [Polled] {[1510] com.android.server.biometrics.sensors.fingerprint.aidl.FingerprintAuthenticationClient, proto=3, owner=com.android.systemui, cookie=0, requestId=780, userId=0}, State: 0
01-17 13:50:17.118  3522  4493 I TrustManagerService: User is unlockable by non-strong face auth
01-17 13:50:17.118  3522  4513 D GestureAvailabilityTracker: Notifying gesture availability, active=false
01-17 13:50:17.118  3522  4513 D BiometricScheduler: [Started] {[1510] com.android.server.biometrics.sensors.fingerprint.aidl.FingerprintAuthenticationClient, proto=3, owner=com.android.systemui, cookie=0, requestId=780, userId=0}
01-17 13:50:17.118  3522  4513 D BiometricStateCallback: State updated from 0 to 2, client {[1510] com.android.server.biometrics.sensors.fingerprint.aidl.FingerprintAuthenticationClient, proto=3, owner=com.android.systemui, cookie=0, requestId=780, userId=0}
01-17 13:50:17.118  3522  4412 W OplusStorageManagerFeature: Ready to deal actionParam:5
01-17 13:50:17.122  3522  5537 D OplusBatteryServiceFeature: setSmartCoolDown: coolDown = 0, normalCoolDown = 0, pkgName = com.google.android.googlequicksearchbox
01-17 13:50:17.123  1466  1482 I keystore2: system/security/keystore2/src/authorization.rs:153 - on_device_locked(user_id=0, unlocking_sids=[2930972042195377607], weak_unlock_enabled=true)
01-17 13:50:17.126  3522  4513 D Biometrics/AuthenticationClient: Requesting auth for com.android.systemui
01-17 13:50:17.127  3522  4513 D SensorOverlays: showUdfpsOverlay : 1, 4
01-17 13:50:17.127  3522  3522 D OplusCustomizeAIStatistics: onReceive android.intent.action.SCREEN_OFF
01-17 13:50:17.131  1190 28698 D vold    : ufshid started
01-17 13:50:17.132  1190 28698 W vold    : old hid version is not suitable
01-17 13:50:17.132  1190 28698 D vold    : ufshid end
01-17 13:50:17.139  3522  3686 D WindowManager: NFW_findFocusedWindowIfNeeded:Window{cf61ce1 u0 com.google.android.googlequicksearchbox/com.google.android.googlequicksearchbox.InternalGoogleAppActivityEntrypoint} mCurrentFocus:Window{cf61ce1 u0 com.google.android.googlequicksearchbox/com.google.android.googlequicksearchbox.InternalGoogleAppActivityEntrypoint}
01-17 13:50:17.149  3522  4631 I Quality : BitmapCompressInfo:1080,2376,0,95,101742187
01-17 13:50:17.153  4883  4883 D InsetsController: Setting requestedVisibleTypes to -11 (was -9)
