01-17 13:50:17.154  3522  3700 I UserAwareMgr: event is already released: SceneEvent{id=5017, maxWorkDurationMs=1500, caller='[android]', eventFlags=0, fbPriority=1, keyThreads=[KeyThread{name=InsetsAnimation, owner=self, schedPolicy=ux, priority=ANIMATOR, maxThreadCount=1}, KeyThread{name=UIThread, owner=self, schedPolicy=ux, priority=ANIMATOR, maxThreadCount=1}, KeyThread{name=main, owner=self, schedPolicy=ux, priority=ANIMATOR, maxThreadCount=1}], vipBinderGroup=null}, callingPid: 3522, appPid: 0
01-17 13:50:17.158  3522  5537 D OplusDisplayManagerServiceEnhance: setSpecBrightness gear = 0 reason = com.google.android.googlequicksearchbox@temperature@33@normal rate = -1
01-17 13:50:17.159  3522  3755 I OplusDisplayFeatureManager: handleMessage MSG_TEMPERATURE_LIMIT_BRIGHTNESS_CHANGED.
01-17 13:50:17.161  3522  3755 D OplusFeatureTemperatureLimitBrightness: new parameter!ControlInfo:[ gear = 0 reason = com.google.android.googlequicksearchbox@temperature@33@normal gearNit = 9999.0 package = com.google.android.googlequicksearchbox type = temperature temperature = 33 priority = normal rate = -1] HadDragPoint = true mode = 0
01-17 13:50:17.161  3522  3755 D OplusFeatureTemperatureLimitBrightness: isResetUpdate = false isNormalUpdate = false isSafetyRegulationsForceUpdate = false mLastLimitNit = 500.0
01-17 13:50:17.165  3522  3751 D AutomaticController[display=0]: Change the enable setting from false to true while dozing
01-17 13:50:17.165  3522  3751 D OplusBiometricsDisplayHelper: isFold: false, isUnblockByFp: null
01-17 13:50:17.167  3522  3569 I StatusBarManagerService: disableLocked, what:1000000, pkg:com.android.systemui userId: 0 token:android.os.BinderProxy@93aee81 net1:1000000 net2:0
01-17 13:50:17.169  3522  4513 D OplusUserManagerServiceEnhance: getMultiSystemUserId  res = -10000
01-17 13:50:17.169  3522  5537 D LockSettingsService: [scheduleNonStrongBiometricIdleTimeout]  userId = 0
01-17 13:50:17.170  3522  4513 V BiometricSchedulerOperation: started: {[1510] com.android.server.biometrics.sensors.fingerprint.aidl.FingerprintAuthenticationClient, proto=3, owner=com.android.systemui, cookie=0, requestId=780, userId=0}, State: 2
01-17 13:50:17.175  3522  3701 I PowerManagerService: onFlip(): Face up.
01-17 13:50:17.175  3522  3701 D PowerManagerService: onFlip: isFaceDown=false
01-17 13:50:17.175  3522  3701 D PowerManagerService: userActivityNoUpdateLocked: groupId=0, eventTime=334550742, event=other, flags=0x0, uid=1000
01-17 13:50:17.180  3522  5690 V WindowManager: Relayout Window{ac4679a u0 NavigationBar_displayId_0}: viewVisibility=0, oldvis=0, req=1080x132 , apr = 0, vsysui=, x=0, y=0
01-17 13:50:17.182  3522  3569 D PowerManagerService: userActivityNoUpdateLocked: groupId=0, eventTime=334550737, event=other, flags=0x0, uid=10234
01-17 13:50:17.184  3522  5690 V WindowManager: Relayout Window{632b01a u0 NotificationShade}: viewVisibility=0, oldvis=4, req=1080x2376 , apr = 0, vsysui=, x=0, y=0
01-17 13:50:17.184  3522  5690 I WindowManager: Window{632b01a u0 NotificationShade} state from NO_SURFACE to DRAW_PENDING; reason: resetDrawState
01-17 13:50:17.185  3522  4365 D OplusAlarmAdjustment: MSG_SCREEN_OFF,  adjustInterval =300000 ms, mDefaultAlignInterval=300000 ms, mScreenOffElapsed=488145801 ms
01-17 13:50:17.186  3522  5690 D WindowManager: NFW_findFocusedWindowIfNeeded:Window{632b01a u0 NotificationShade} mCurrentFocus:Window{cf61ce1 u0 com.google.android.googlequicksearchbox/com.google.android.googlequicksearchbox.InternalGoogleAppActivityEntrypoint}
01-17 13:50:17.186  3522  5690 V WindowManager: Changing focus from Window{cf61ce1 u0 com.google.android.googlequicksearchbox/com.google.android.googlequicksearchbox.InternalGoogleAppActivityEntrypoint} to Window{632b01a u0 NotificationShade},diplayid=0
01-17 13:50:17.186  3522  4550 E UAH-Framework: invalid window type -1
01-17 13:50:17.187  3522  3757 D VRR [OPlusSurfaceFlingerController]:  setComplexSceneEnable : false
01-17 13:50:17.187  3522  5690 D WindowManager: BarWindow--setVisible: id=2, oldState=0, state=2, mFocuseWindow= Window{632b01a u0 NotificationShade} call: 
01-17 13:50:17.188  3522  5690 D WindowManager: rotation(ROTATION_0) no changed  displayId = 0, lastOrientation = 5
01-17 13:50:17.189  4883  4883 W VRI[NotificationShade]: updateBlastSurfaceIfNeeded, surfaceSize:Point(1080, 2376), lastSurfaceSize:Point(1080, 2376), format:-3, blastBufferQueue:null
01-17 13:50:17.194  3522  3687 D WindowManager: NFW_setClientVisible:WallpaperWindowToken{bcfe312 showWhenLocked=true} clientVisible:true
01-17 13:50:17.196  3522  3687 D VRR [OPlusRefreshRatePolicy]: setRefreshRatePolicy policy=POLICY_SYSTEM, refreshRate=90, statusOn=false
01-17 13:50:17.196  3522  3687 D VRR [OPlusRefreshRatePolicy]: setRefreshRatePolicy policy=POLICY_SYSTEM, refreshRate=120, statusOn=true
01-17 13:50:17.196  3522  3687 D RefreshRate: Refresh rate changing from 90.0 to 120.00001,maxRefreshRate=120.00001 FOR:{
01-17 13:50:17.196  3522  3687 D RefreshRate:     | COURSE[;keyguardShown:3]
01-17 13:50:17.196  3522  3687 D RefreshRate:     | VOTES[PRIORITY_WINDOW_REQUEST -> Vote{mRefreshRate=120.0, mMinRefreshRate=120.0, mRequestSource=null};]
01-17 13:50:17.196  3522  3687 D RefreshRate:     | TIME:2026-01-17 08:20:17}
01-17 13:50:17.197  3522  3687 D DisplayModeDirector: setAppRequest displayId : 0  modeId: 1  requestedRefreshRate: 0.0  requestedMinRefreshRateRange: 0.0  requestedMaxRefreshRateRange: 120.00001
01-17 13:50:17.197  3522  3686 D DisplayManagerServiceExtImpl: scheduleTraversalLocked intraversal=false
01-17 13:50:17.197  3522  3686 D DisplayManagerService: MSG_REQUEST_TRAVERSAL pendingCompleted=false
01-17 13:50:17.198  3522  3687 D DisplayManagerService: performTraversalInternal pendingTraversal
01-17 13:50:17.198  3522  3687 D DisplayDevice: setLayerStackLocked id=local:4630946652107814787 token=android.os.BinderProxy@d283663 stack=0->0
01-17 13:50:17.199  3522  5690 D ActivityTaskManager: setLockScreenShownLocked from false to true
01-17 13:50:17.199  3522  5690 D TaskSnapshotControllerExtImpl: skipSnapShotForSleeping task=Task{ae4f0fc #626 type=standard A=10130:com.google.android.googlequicksearchbox.googleapp}, durTime=205822396
01-17 13:50:17.200  3522  5690 D WindowManager: Create SleepToken: tag=keyguard, displayId=0
01-17 13:50:17.200  3522  5690 D ActivityTaskManager: Top Process State changed to PROCESS_STATE_TOP_SLEEPING
01-17 13:50:17.200  3522  5690 D WindowManager:  setIsSleeping from  false to true this=Display{#0 state=ON size=1080x2376 ROTATION_0}
01-17 13:50:17.201  4883  4924 V WindowManagerShell: Transition requested (#5115): android.os.BinderProxy@8d649c9 TransitionRequestInfo { type = TO_FRONT, triggerTask = null, pipChange = null, remoteTransition = null, displayChange = null, flags = 2048, debugId = 5115 }
01-17 13:50:17.203  3522  3757 D LocalDisplayAdapter: setDesiredDisplayModeSpecsAsync: display unique id = local:4630946652107814787, display mode specs = defaultMode=0 allowGroupSwitching=false primaryRanges=physical: (0.0 120.0) render:  (0.0 120.0) appRequestRanges=physical: (0.0 120.0) render:  (0.0 120.0) idleScreenRefreshRate=null
01-17 13:50:17.203  3522  3700 I UserAwareMgr: handleScreenLockedChanged, shouldSleep: true,pids: null
01-17 13:50:17.203  3522  3700 I UserAwareMgr: handleTopAppChanged: com.android.systemui, pid: 4883, uid: 10234
01-17 13:50:17.204  3522  5690 D ActivityTaskManager: setAppVisibility(Token{61332db ActivityRecord{101691538 u0 com.google.android.googlequicksearchbox/.InternalGoogleAppActivityEntrypoint t626}}, visible=false):  visible=true mVisibleRequested=true
01-17 13:50:17.204  3522  3700 W UserAwareMgr: app is already on the top: {pkgName='com.android.systemui', serviceName='', procName=com.android.systemui, pid=4883, uid=10234, appId=0, owner='systemui', flags='tp|system_app', renderTid=5327, hwuiTids=[5313, 5315], glTids=null, threadInfos={VolumeDialogControllerImpl={threadName='VolumeDialogControllerImpl', tid=5487, currentThreadCount=1, maxThreadCount=1, extendTids=null}, ll.splashscreen={threadName='ll.splashscreen', tid=4965, currentThreadCount=1, maxThreadCount=16, extendTids=null}, KeyguardWorkerThread={threadName='KeyguardWorkerThread', tid=5128, currentThreadCount=1, maxThreadCount=1, extendTids=null}, OnScreenFingerprint WorkerThread={threadName='OnScreenFingerprint WorkerThread', tid=5598, currentThreadCount=1, maxThreadCount=1, extendTids=null}, SysUiTileBg={threadName='SysUiTileBg', tid=5779, currentThreadCount=1, maxThreadCount=1, extendTids=null}, ImageWallpaper={threadName='ImageWallpaper', tid=5684, currentThreadCount=1, maxThreadCount=1, extendTids=null}, KgdAnimThread={threadName='KgdAnimThread', tid=5130, currentThreadCount=1, maxThreadCount=1, extendTids=null}, GestureUI={threadName='GestureUI', tid=5374, currentThreadCount=1, maxThreadCount=1, extendTids=null}, SysUiLng={threadName='SysUiLng', tid=5676, currentThreadCount=1, maxThreadCount=1, extendTids=null}, SysUiQsBg={threadName='SysUiQsBg', tid=5311, currentThreadCount=1, maxThreadCount=1, extendTids=null}, wmshell.main={threadName='wmshell.main', tid=4924, currentThreadCount=1, maxThreadCount=1, extendTids=null}, ll.splashworker={threadName='ll.splashworker', tid=4966, currentThreadCount=1, maxThreadCount=16, extendTids=null}, wmshell.anim={threadName='wmshell.anim', tid=4936, currentThreadCount=1, maxThreadCount=16, extendTids=null}, OnScreenFingerprint OpticalUIUpdateThread={threadName='OnScreenFingerprint OpticalUIUpdateThread', tid=5604, currentThreadCount=1, maxThreadCount=1, extendTids=null}}, mVideoActivityList=[], mStates=0}
01-17 13:50:17.204  3522  3700 W UserAwareMgr: top app not changed: com.android.systemui, pid: 4883
01-17 13:50:17.204  3522  5690 D ActivityTaskManager: setVisibility(Token{61332db ActivityRecord{101691538 u0 com.google.android.googlequicksearchbox/.InternalGoogleAppActivityEntrypoint t626}}, visible=false) defer commitVisibility for transition collecting
01-17 13:50:17.205  3522  5690 D DeviceStateProviderImpl: keyguard show or sleep: true mLastReportedState 0
01-17 13:50:17.205  3522  5690 V FlexibleTaskController: notifyKeyguardStateChanged keyguardShowing = true ; displayId = 0
01-17 13:50:17.210  3522  3687 E OplusAppQuickStart_AppQuickStartController: not start from launcher transition:5115
01-17 13:50:17.210  3522  3687 D Transition: collectOrderChanges onTopTasksEnd: [Task{ae4f0fc #626 type=standard A=10130:com.google.android.googlequicksearchbox.googleapp}], reportedOnTop:null, mOnTopTasksStart: [Task{ae4f0fc #626 type=standard A=10130:com.google.android.googlequicksearchbox.googleapp}], TDA child: [Task{1b6ba52 #760 type=standard A=10345:com.snapchat.android}, Task{585d1c2 #706 type=standard A=10386:com.facebook.katana}, Task{ea6c5bb #749 type=standard A=10362:com.brave.browser}, Task{764b4d9 #692 type=standard A=10390:com.nordvpn.android}, Task{743906 #679 type=standard A=10341:com.discord}, Task{2ef1313 #643 type=standard A=10127:com.android.vending}, Task{b5132aa #680 type=standard A=10501:com.flipkart.android}, Task{34c4419 #638 type=standard A=10177:com.oplus.camera nonResizable}, Task{b263b17 #3 type=undefined}, Task{28ccfae #644 type=standard A=10504:com.booking}, Task{d2cafb9 #647 type=standard I=com.google.android.apps.authenticator2/.main.MainActivity nonResizable}, Task{d6dd4d1 #653 type=standard A=10365:com.github.android}, Task{68476ba #664 type=standard A=10120:com.google.android.apps.nbu.files}, Task{f9f2aeb #669 type=standard A=10188:com.oneplus.calculator}, Task{8ce4df8 #676 type=standard A=10172:google.android.task.calendar}, Task{e500933 #633 type=standard A=10497:com.makemytrip}, Task{4ff304f #678 type=standard A=10171:com.android.chrome}, Task{745a1eb #699 type=standard A=10460:com.openai.chatgpt}, Task{ddd528c #700 type=standard A=10413:com.coloros.compass2 nonResizable}, Task{65c8467 #623 type=standard A=10349:com.spotify.music}, Task{6c7ffde #634 type=standard I=com.mattermost.rn/.MainActivity}, Task{4991f95 #711 type=standard A=10340:com.linkedin.android}, Task{dcd8799 #714 type=standard A=10202:com.oneplus.filemanager}, Task{f978033 #710 type=standard A=10340:com.linkedin.android}, Task{ec46af8 #652 type=standard A=10179:com.google.android.gm}, Task{aa1adac #734 type=standard A=10340:com.linkedin.android}, Task{924c9ba #735 type=standard A=10340:com.linkedin.android}, Task{47cfa61 #659 type=standard A=10360:org.telegram.messenger}, Task{ac51749 #677 type=standard A=10335:com.oneplus.note}, Task{10fabda #740 type=standard A=10500:host.exp.exponent}, Task{909074c #671 type=standard I=com.google.android.googlequicksearchbox/com.google.android.apps.search.assistant.surfaces.voice.robin.main.MainActivity minWidth=1155 minHeight=1225}, Task{6fd9b70 #746 type=standard A=10378:com.dreamplug.androidapp nonResizable}, Task{845bb7c #668 type=standard I=com.google.android.apps.nbu.paisa.user/com.google.nbu.paisa.flutter.gpay.app.NotificationActivity}, Task{7c126ce #762 type=standard A=10181:com.google.android.youtube}, Task{8e25b07 #665 type=standard A=10350:tv.twitch.android.app}, Task{9931073 #662 type=standard A=10384:com.whatsapp}, Task{bc006d7 #627 type=standard A=10385:com.instagram.android}, Task{18e1978 #705 type=standard A=1000:com.android.settings.root}, Task{cad9b5d #765 type=standard I=com.google.android.apps.safetyhub/.LauncherActivity}, Task{853d977 #624 type=standard A=10362:com.brave.browser}, Task{dd74941 #1 type=home}, Task{ae4f0fc #626 type=standard A=10130:com.google.android.googlequicksearchbox.googleapp}]
01-17 13:50:17.211  3522  3687 D ContinuousTransitionController: updateAnimTargetIfNeed, open from launcher transition has displayArea target, remove it, ChangeInfo{5a1fcc8 container=DefaultTaskDisplayArea@136778196 flags=0x10}
01-17 13:50:17.211  3522  3687 D ContinuousTransitionController: cleanEndParentForChangeInfo, ChangeInfo{badc161 container=Task{ae4f0fc #626 type=standard A=10130:com.google.android.googlequicksearchbox.googleapp} flags=0x10}
01-17 13:50:17.211  3522  3687 D OplusFlexibleActivityTransitionManager: fixTransitType type result:3, targets: [ChangeInfo{badc161 container=Task{ae4f0fc #626 type=standard A=10130:com.google.android.googlequicksearchbox.googleapp} flags=0x10}]
01-17 13:50:17.212  3522  3687 D OplusTransitionAnimationManager: activityRecordCount0fullScreenArBeHindStartingWindow null
01-17 13:50:17.212  3522  3687 D QuickBackInputPolicy: resetInputInterceptState for remoteTransition: false
01-17 13:50:17.213  3522  3687 D OplusTransitionController: onTransactionReady, transition: 5115, info: {id=5115 t=TO_FRONT f=0x840 trk=0 r=[0@Point(0, 0)] c=[{WCT{RemoteToken{2270f73 Task{ae4f0fc #626 type=standard A=10130:com.google.android.googlequicksearchbox.googleapp}}} m=TO_BACK f=NONE leash=Surface(name=Task=626)/@0x741f93a sb=Rect(0, 0 - 1080, 2376) eb=Rect(0, 0 - 1080, 2376) epz=Point(1080, 2376) d=0 taskParent=-1}] 
01-17 13:50:17.213  3522  3687 D OplusTransitionController: extendInfo=[
01-17 13:50:17.213  3522  3687 D OplusTransitionController:  OplusTransitionExtendedInfo{mTmpFinishT=null, mInOplusCompatMode=false, mIsProcessRunning=false, mHasMismatchBoundsTarget=false, mRecentsController=null, mRemoteTransition=null, mIsTranslucentActivityToHome=false, mAvoidInterceptKeyEventToHome=false, mIsFromHome=false, mParentLeash=null, mBackAnimClosingLeash=null, mIsOplusAnimRes=false, mKeepBgForContinuous=false, mIsBalAllow=false, mTaskNotInRecent=false, mIsPredictiveBackAnim=false, mIsMergedWithPredictive=false, mIsLaunchFromSpruce=false, mIsLaunchFromDrive=false, mGlobalSearchPageSwitch=false, mNeedNoAlphaGlobalSearchScene=false, mAssistScreenShowing=false, mSwipeUpBrowserScreenShowing=false, mUserIdTransition=0
01-17 13:50:17.213  3522  3687 D OplusTransitionController: , mInRemoteScene=false, mInPreReady=false, mPreStart=false, mToken=null, mAbortByRemoteFromHome=false, mShellApplyToken=null, mRequestTransitionTaskId=-1, mAbortTransitionOnShell=0, mStartFromShortcut=false, mRemovedTaskId=-1, mTransitionInterruptType=0, mMergeSecondTaskId=-1, mTaskIdStartFromRecents=0, mTransitionId=5115, mCanUseSpringSlideAnim=false, mTransitionLaunchFrom=0, mFoldChangeType=-1, mAnimStartingPosition=[0, 0, 0, 0], mIsOpeningStkDialogActivity=false, mIsNeedApplyStartTForEmbedded=false, mMergeSecondTaskAnimation=false, mIsLaunchUnityStart=false, mIsLaunchFromAssistantByDefault=false, mSkipRemoteTransitionfalse, mIsStartFromKeyguard=false flags=0x0, mWCT=null, mIsOpenMergeToInValidPredictive=false}]}, targets : [ChangeInfo{badc161 container=Task{ae4f0fc #626 type=standard A=10130:com.google.android.googlequicksearchbox.googleapp} flags=0x10}], participants: {ActivityRecord{101691538 u0 com.google.android.googlequicksearchbox/.InternalGoogleAppActivityEntrypoint t626}}
01-17 13:50:17.214  3522  3687 W WindowManager: captureTaskSnapshot mSnapshotMode= 0 source=Task{ae4f0fc #626 type=standard A=10130:com.google.android.googlequicksearchbox.googleapp}
01-17 13:50:17.215  4883  5774 V WindowManagerShell: onTransitionReady(transaction=15126875387890)
01-17 13:50:17.215  3522  3687 D TaskSnapshotControllerExtImpl: createTaskSnapshot isCompatMode:false, isCompactWindow:false
01-17 13:50:17.215  3522  3687 W AbsAppSnapshotControllerExtImpl: updateExcludeLayers, addExcludeLayerList is null or empty, return excludeLayers
01-17 13:50:17.215  4883  4924 V WindowManagerShell: onTransitionReady (#5115) android.os.BinderProxy@8d649c9: {id=5115 t=TO_FRONT f=0x840 trk=0 r=[0@Point(0, 0)] c=[
01-17 13:50:17.215  4883  4924 V WindowManagerShell:         {m=TO_BACK f=NONE leash=Surface(name=Task=626)/@0x454e432 sb=Rect(0, 0 - 1080, 2376) eb=Rect(0, 0 - 1080, 2376) epz=Point(1080, 2376) d=0 taskParent=-1}
01-17 13:50:17.215  4883  4924 V WindowManagerShell:     ] 
01-17 13:50:17.215  4883  4924 V WindowManagerShell: extendInfo=[
01-17 13:50:17.215  4883  4924 V WindowManagerShell:  OplusTransitionExtendedInfo{mTmpFinishT=null, mInOplusCompatMode=false, mIsProcessRunning=false, mHasMismatchBoundsTarget=false, mRecentsController=null, mRemoteTransition=null, mIsTranslucentActivityToHome=false, mAvoidInterceptKeyEventToHome=false, mIsFromHome=false, mParentLeash=null, mBackAnimClosingLeash=null, mIsOplusAnimRes=false, mKeepBgForContinuous=false, mIsBalAllow=false, mTaskNotInRecent=false, mIsPredictiveBackAnim=false, mIsMergedWithPredictive=false, mIsLaunchFromSpruce=false, mIsLaunchFromDrive=false, mGlobalSearchPageSwitch=false, mNeedNoAlphaGlobalSearchScene=false, mAssistScreenShowing=false, mSwipeUpBrowserScreenShowing=false, mUserIdTransition=0
01-17 13:50:17.215  4883  4924 V WindowManagerShell: , mInRemoteScene=false, mInPreReady=false, mPreStart=false, mToken=null, mAbortByRemoteFromHome=false, mShellApplyToken=null, mRequestTransitionTaskId=-1, mAbortTransitionOnShell=0, mStartFromShortcut=false, mRemovedTaskId=-1, mTransitionInterruptType=0, mMergeSecondTaskId=-1, mTaskIdStartFromRecents=0, mTransitionId=5115, mCanUseSpringSlideAnim=false, mTransitionLaunchFrom=0, mFoldChangeType=-1, mAnimStartingPosition=[0, 0, 0, 0], mIsOpeningStkDialogActivity=false, mIsNeedApplyStartTForEmbedded=false, mMergeSecondTaskAnimation=false, mIsLaunchUnityStart=false, mIsLaunchFromAssistantByDefault=false, mSkipRemoteTransitionfalse, mIsStartFromKeyguard=false flags=0x0, mWCT=null, mIsOpenMergeToInValidPredictive=false}]}
01-17 13:50:17.215  4883  4924 V WindowManagerShell: Playing animation for (#5115) android.os.BinderProxy@8d649c9@0
01-17 13:50:17.215  3522  3700 I UserAwareMgr: handleAppChangedToBg, pkgName: com.google.android.googlequicksearchbox, pid: 21420
01-17 13:50:17.215  4883  4924 V WindowManagerShell: start keyguard appearing transition, info = {id=5115 t=TO_FRONT f=0x840 trk=0 r=[0@Point(0, 0)] c=[{m=TO_BACK f=NONE leash=Surface(name=Task=626)/@0x454e432 sb=Rect(0, 0 - 1080, 2376) eb=Rect(0, 0 - 1080, 2376) epz=Point(1080, 2376) d=0 taskParent=-1}] 
01-17 13:50:17.215  4883  4924 V WindowManagerShell: extendInfo=[
01-17 13:50:17.215  4883  4924 V WindowManagerShell:  OplusTransitionExtendedInfo{mTmpFinishT=null, mInOplusCompatMode=false, mIsProcessRunning=false, mHasMismatchBoundsTarget=false, mRecentsController=null, mRemoteTransition=null, mIsTranslucentActivityToHome=false, mAvoidInterceptKeyEventToHome=false, mIsFromHome=false, mParentLeash=null, mBackAnimClosingLeash=null, mIsOplusAnimRes=false, mKeepBgForContinuous=false, mIsBalAllow=false, mTaskNotInRecent=false, mIsPredictiveBackAnim=false, mIsMergedWithPredictive=false, mIsLaunchFromSpruce=false, mIsLaunchFromDrive=false, mGlobalSearchPageSwitch=false, mNeedNoAlphaGlobalSearchScene=false, mAssistScreenShowing=false, mSwipeUpBrowserScreenShowing=false, mUserIdTransition=0
01-17 13:50:17.215  4883  4924 V WindowManagerShell: , mInRemoteScene=false, mInPreReady=false, mPreStart=false, mToken=null, mAbortByRemoteFromHome=false, mShellApplyToken=null, mRequestTransitionTaskId=-1, mAbortTransitionOnShell=0, mStartFromShortcut=false, mRemovedTaskId=-1, mTransitionInterruptType=0, mMergeSecondTaskId=-1, mTaskIdStartFromRecents=0, mTransitionId=5115, mCanUseSpringSlideAnim=false, mTransitionLaunchFrom=0, mFoldChangeType=-1, mAnimStartingPosition=[0, 0, 0, 0], mIsOpeningStkDialogActivity=false, mIsNeedApplyStartTForEmbedded=false, mMergeSecondTaskAnimation=false, mIsLaunchUnityStart=false, mIsLaunchFromAssistantByDefault=false, mSkipRemoteTransitionfalse, mIsStartFromKeyguard=false flags=0x0, mWCT=null, mIsOpenMergeToInValidPredictive=false}]}
01-17 13:50:17.215  4883  4924 D KeyguardService: Starts IRemoteAnimationRunner: info={id=5115 t=TO_FRONT f=0x840 trk=0 r=[0@Point(0, 0)] c=[{m=TO_BACK f=NONE leash=Surface(name=Task=626)/@0x454e432 sb=Rect(0, 0 - 1080, 2376) eb=Rect(0, 0 - 1080, 2376) epz=Point(1080, 2376) d=0 taskParent=-1}] 
01-17 13:50:17.215  4883  4924 D KeyguardService: extendInfo=[
01-17 13:50:17.215  4883  4924 D KeyguardService:  OplusTransitionExtendedInfo{mTmpFinishT=null, mInOplusCompatMode=false, mIsProcessRunning=false, mHasMismatchBoundsTarget=false, mRecentsController=null, mRemoteTransition=null, mIsTranslucentActivityToHome=false, mAvoidInterceptKeyEventToHome=false, mIsFromHome=false, mParentLeash=null, mBackAnimClosingLeash=null, mIsOplusAnimRes=false, mKeepBgForContinuous=false, mIsBalAllow=false, mTaskNotInRecent=false, mIsPredictiveBackAnim=false, mIsMergedWithPredictive=false, mIsLaunchFromSpruce=false, mIsLaunchFromDrive=false, mGlobalSearchPageSwitch=false, mNeedNoAlphaGlobalSearchScene=false, mAssistScreenShowing=false, mSwipeUpBrowserScreenShowing=false, mUserIdTransition=0
01-17 13:50:17.215  4883  4924 D KeyguardService: , mInRemoteScene=false, mInPreReady=false, mPreStart=false, mToken=null, mAbortByRemoteFromHome=false, mShellApplyToken=null, mRequestTransitionTaskId=-1, mAbortTransitionOnShell=0, mStartFromShortcut=false, mRemovedTaskId=-1, mTransitionInterruptType=0, mMergeSecondTaskId=-1, mTaskIdStartFromRecents=0, mTransitionId=5115, mCanUseSpringSlideAnim=false, mTransitionLaunchFrom=0, mFoldChangeType=-1, mAnimStartingPosition=[0, 0, 0, 0], mIsOpeningStkDialogActivity=false, mIsNeedApplyStartTForEmbedded=false, mMergeSecondTaskAnimation=false, mIsLaunchUnityStart=false, mIsLaunchFromAssistantByDefault=false, mSkipRemoteTransitionfalse, mIsStartFromKeyguard=false flags=0x0, mWCT=null, mIsOpenMergeToInValidPredictive=false}]}
01-17 13:50:17.216  4883  4924 D KeyguardService: Unexpected transit type: 3
01-17 13:50:17.217  4883  4924 V WindowManagerShell:  animated by com.android.wm.shell.keyguard.KeyguardTransitionHandler@acc6570
01-17 13:50:17.217  1466  1482 I keystore2: system/security/keystore2/src/super_key.rs:973 - UnlockedDeviceRequired super keys for user 0 are retained in plaintext, with biometric-encrypted copy too.
01-17 13:50:17.217  1466 28286 I keystore2: system/security/keystore2/src/database.rs:1412 - First database operation finished.
01-17 13:50:17.218  3522  3700 I UserAwareMgr: handleAppChangedToBg, pkgName: com.google.android.googlequicksearchbox, pid: 26686
01-17 13:50:17.219  3522  3700 I UserAwareMgr: handleAppChangedToBg, pkgName: com.google.android.adservices.api, pid: 7255
01-17 13:50:17.219  3522  3700 W UserAwareMgr: app not not found or not visible: null
01-17 13:50:17.219  3522  3700 W UserAwareMgr: handleAppChangedToBg process is empty
01-17 13:50:17.220  3522  3687 D TaskSnapshotCache: putSnapshot mRunningCache top= ActivityRecord{101691538 u0 com.google.android.googlequicksearchbox/.InternalGoogleAppActivityEntrypoint t626}, mTaskId=626, snapshot=TaskSnapshot{ mId=1768638017214 mCaptureTime=488145836193173 mTopActivityComponent=com.google.android.googlequicksearchbox/com.google.android.apps.search.googleapp.activity.GoogleAppActivity mSnapshot=android.hardware.HardwareBuffer@d342ae3 (1080x2376) mColorSpace=sRGB IEC61966-2.1 (id=0, model=RGB) mOrientation=1 mRotation=0 mTaskSize=Point(1080, 2376) mOplusCompatMode=false mTopActivityBounds=[0,0][1080,2376] mHasDimLayer=false mContentInsets=[0,120][0,48] mLetterboxInsets=[0,0][0,0] mIsLowResolution=false mIsRealSnapshot=true mWindowingMode=1 mAppearance=0 mIsTranslucent=false mHasImeSurface=false mInternalReferences=2 mUiMode=21, mAppIdMap size= 7
01-17 13:50:17.223  3522  3683 V WindowManager: Sent Transition (#5115) createdAt=01-17 13:50:17.199 via request=TransitionRequestInfo { type = TO_FRONT, triggerTask = null, pipChange = null, remoteTransition = null, displayChange = null, flags = 2048, debugId = 5115 }
01-17 13:50:17.223  3522  3683 V WindowManager:     startWCT=WindowContainerTransaction { changes= {} hops= [] errorCallbackToken=null taskFragmentOrganizer=null }
01-17 13:50:17.225  3522  5216 I BLASTSyncEngine: onCommitted syncId: 5115, timeout: false ran: false
01-17 13:50:17.225  3522  3683 V WindowManager:     info={id=5115 t=TO_FRONT f=0x840 trk=0 r=[0@Point(0, 0)] c=[
01-17 13:50:17.225  3522  3683 V WindowManager:         {WCT{RemoteToken{2270f73 Task{ae4f0fc #626 type=standard A=10130:com.google.android.googlequicksearchbox.googleapp}}} m=TO_BACK f=NONE leash=Surface(name=Task=626)/@0x741f93a sb=Rect(0, 0 - 1080, 2376) eb=Rect(0, 0 - 1080, 2376) epz=Point(1080, 2376) d=0 taskParent=-1}
01-17 13:50:17.225  3522  3683 V WindowManager:     ] 
01-17 13:50:17.225  3522  3683 V WindowManager: extendInfo=[
01-17 13:50:17.225  3522  3683 V WindowManager:  OplusTransitionExtendedInfo{mTmpFinishT=null, mInOplusCompatMode=false, mIsProcessRunning=false, mHasMismatchBoundsTarget=false, mRecentsController=null, mRemoteTransition=null, mIsTranslucentActivityToHome=false, mAvoidInterceptKeyEventToHome=false, mIsFromHome=false, mParentLeash=null, mBackAnimClosingLeash=null, mIsOplusAnimRes=false, mKeepBgForContinuous=false, mIsBalAllow=false, mTaskNotInRecent=false, mIsPredictiveBackAnim=false, mIsMergedWithPredictive=false, mIsLaunchFromSpruce=false, mIsLaunchFromDrive=false, mGlobalSearchPageSwitch=false, mNeedNoAlphaGlobalSearchScene=false, mAssistScreenShowing=false, mSwipeUpBrowserScreenShowing=false, mUserIdTransition=0
01-17 13:50:17.225  3522  3683 V WindowManager: , mInRemoteScene=false, mInPreReady=false, mPreStart=false, mToken=null, mAbortByRemoteFromHome=false, mShellApplyToken=null, mRequestTransitionTaskId=-1, mAbortTransitionOnShell=0, mStartFromShortcut=false, mRemovedTaskId=-1, mTransitionInterruptType=0, mMergeSecondTaskId=-1, mTaskIdStartFromRecents=0, mTransitionId=5115, mCanUseSpringSlideAnim=false, mTransitionLaunchFrom=0, mFoldChangeType=-1, mAnimStartingPosition=[0, 0, 0, 0], mIsOpeningStkDialogActivity=false, mIsNeedApplyStartTForEmbedded=false, mMergeSecondTaskAnimation=false, mIsLaunchUnityStart=false, mIsLaunchFromAssistantByDefault=false, mSkipRemoteTransitionfalse, mIsStartFromKeyguard=false flags=0x0, mWCT=null, mIsOpenMergeToInValidPredictive=false}]}
01-17 13:50:17.227  3522  4485 I WindowManager: Window{632b01a u0 NotificationShade} state from DRAW_PENDING to COMMIT_DRAW_PENDING; reason: finishDrawingLocked
01-17 13:50:17.227  4883  4883 W VRI[NotificationShade]: updateBlastSurfaceIfNeeded, surfaceSize:Point(1080, 2376), lastSurfaceSize:Point(1080, 2376), format:-3, blastBufferQueue:android.graphics.BLASTBufferQueue@18af218
01-17 13:50:17.228  3522  3687 I WindowManager: Window{632b01a u0 NotificationShade} state from COMMIT_DRAW_PENDING to READY_TO_SHOW; reason: commitFinishDrawingLocked
01-17 13:50:17.228  3522  3687 I WindowManager: Window{632b01a u0 NotificationShade} state from READY_TO_SHOW to HAS_DRAWN; reason: performShowLocked
01-17 13:50:17.229  3522  4485 V WindowManager: Relayout Window{632b01a u0 NotificationShade}: viewVisibility=0, oldvis=0, req=1080x2376 , apr = 0, vsysui=, x=0, y=0
01-17 13:50:17.231  3522  3570 D OplusUserManagerServiceEnhance: getMultiSystemUserId  res = -10000
01-17 13:50:17.232  3522  3686 V UsbDeviceManager: onKeyguardStateChanged: isShowing:true secure:true user:0
01-17 13:50:17.232  1190  1489 D vold    : Cannot find key for 0
01-17 13:50:17.232  1190  1489 D vold    : Cannot find key for 0
01-17 13:50:17.232  1190  1489 I vold    : evict_sensitive_key: 1,sensitiveType=0
01-17 13:50:17.232  1190  1489 I vold    : evict_sensitive_key: 1
01-17 13:50:17.233  1190  1489 D vold    : Cannot find key for 0
01-17 13:50:17.233  1190  1489 D vold    : Cannot find key for 0
01-17 13:50:17.233  1190  1489 I vold    : evict_sensitive_key: 1,sensitiveType=1
01-17 13:50:17.233  1190  1489 I vold    : evict_sensitive_key: 1
01-17 13:50:17.233  3522  3686 E OplusStorageManagerFeature: clear Ae Be key
01-17 13:50:17.234  4883  4883 W VRI[StatusBar]: handleResized abandoned!
01-17 13:50:17.235  4883  4883 W VRI[NotificationShade]: handleResized, msg:, frameChanged:false, configChanged:false, displayChanged:false, attachedFrameChanged:false, compatScaleChanged:false, pendingDragResizing=false
01-17 13:50:17.235  4883  4883 W VRI[NavigationBar_displayId_0]: handleResized abandoned!
01-17 13:50:17.235  3522  3700 I UserAwareMgr: handleFgAppChanged, pkgName: com.android.systemui, pid: 4883, isVisible: true, fgAppType: FG2
01-17 13:50:17.235  3522  3700 I UserAwareMgr: fg app status not changed, beforeVisible: true, currentVisible: true
01-17 13:50:17.237  3522  5591 D SystemServerTiming: getUserSwitchability-0
01-17 13:50:17.237  3522  5591 D SystemServerTiming: TM.isInCall
01-17 13:50:17.238  3522  5591 D SystemServerTiming: hasUserRestriction-DISALLOW_USER_SWITCH
01-17 13:50:17.238  3522  5591 D SystemServerTiming: getInt-ALLOW_USER_SWITCHING_WHEN_SYSTEM_USER_LOCKED
01-17 13:50:17.238  3522  5591 D SystemServerTiming: isUserUnlocked-USER_SYSTEM
01-17 13:50:17.240  4883  5223 W VRI[ScreenDecorOverlay]: handleResized abandoned!
01-17 13:50:17.241  4883  5223 W VRI[ScreenDecorOverlayBottom]: handleResized abandoned!
01-17 13:50:17.241  3522  3683 D UsbDeviceManager: setEnabledFunctions [functions= ,forceRestart=false ,usbDataUnlocked=false ,mUsbDataUnlocked=false ,operationId=1631]
01-17 13:50:17.241  3522  3683 D UsbDeviceManager: oplusFunctions: none
01-17 13:50:17.242  3522  3683 I UsbDeviceManager: boot reason is reboot
01-17 13:50:17.242  3522  3683 I UsbDeviceManager: boot reason is reboot
01-17 13:50:17.242  3522  3683 D UsbDeviceManager: UsbFunc: [functions: adb, oemFunctions: adb, mCurrentFunctionsStr: adb, mCurrentOemFunctions: none, forceRestart: false, mCurrentFunctionsApplied: true]
01-17 13:50:17.250  3522  3686 D OplusAccessControlManagerService: onKeyguardStateChanged : true
01-17 13:50:17.255  3522  5537 D ActivityTaskManager: Skipping, invisible task: Task{cc3ee72 #2 type=home I=com.android.launcher/.Launcher}
01-17 13:50:17.255  3522  5537 D OplusSplitScreenManagerService: com.snapchat.android unSupportsSplitScreen by blockList or ForbidActivityList
01-17 13:50:17.255  3522  5537 D OplusSplitScreenManagerService: com.android.settings unSupportsSplitScreen by blockList or ForbidActivityList
01-17 13:50:17.255  3522  5537 D OplusSplitScreenManagerService: com.android.settings unSupportsSplitScreen by blockList or ForbidActivityList
01-17 13:50:17.260  3522  5537 D OplusSplitScreenManagerService: com.discord unSupportsSplitScreen by blockList or ForbidActivityList
01-17 13:50:17.262  3522  5537 D ActivityTaskManager: after skip size:41,pre-Filtered:com.google.android.googlequicksearchbox # com.travels.travelling # com.brave.browser # com.snapchat.android # com.google.android.apps.safetyhub # com.android.settings # com.instagram.android # com.whatsapp # tv.twitch.android.app # com.google.android.youtube # com.facebook.katana # com.brave.browser # com.google.android.apps.nbu.paisa.user # com.dreamplug.androidapp # com.nordvpn.android # com.google.android.googlequicksearchbox # host.exp.exponent # com.oneplus.note # org.telegram.messenger # com.linkedin.android # com.linkedin.android # com.google.android.gm # com.oneplus.filemanager # com.linkedin.android # com.linkedin.android # com.mattermost.rn # com.spotify.music # com.coloros.compass2 # com.openai.chatgpt # com.discord # com.android.vending # com.flipkart.android # com.android.chrome # com.makemytrip # com.google.android.calendar # com.oneplus.calculator # com.google.android.apps.nbu.files # com.github.android # com.google.android.apps.authenticator2 # com.booking # com.oplus.camera # 
01-17 13:50:17.263  3522  3686 I DisplayDeviceRepository: Display device changed render timings: "Built-in Screen", renderFrameRate=120.00001, presentationDeadlineNanos=14329999, appVsyncOffsetNanos=6336667, frameRateOverrides=[]
01-17 13:50:17.263  3522  3686 D LogicalDisplayExt: set displayInfo flag FLAG_ROTATES_WITH_CONTENT
01-17 13:50:17.270  3522  3686 D DisplayManagerService: Delivering display event: displayId=0, event=EVENT_DISPLAY_REFRESH_RATE_CHANGED
01-17 13:50:17.274  3522  3684 D WindowManager: DeferredDisplayUpdater: partially applying DisplayInfo(1264 x 2780) immediately
01-17 13:50:17.276  3522  3684 D OplusVFXScreenEffectFeature: notifySFCompatWindowStateChange entered false
01-17 13:50:17.276  3522  3684 D FSS_FoldScreenBlackCoverController: displayChangeToOn, dc:Display{#0 state=ON size=1080x2376 ROTATION_0}
01-17 13:50:17.300  3522  4519 D BackgroundInstallControlService: Package event received: 0
01-17 13:50:17.308  3522  3755 D OplusFeatureColorMode: +updateUserDreaming
01-17 13:50:17.313  3522  3757 D VRR [OPlusRefreshRateService]: handleConfigIdChange physicalDisplayId: 4630946652107814787 configId: 0 renderPeriod: 8333333
01-17 13:50:17.313  3522  3757 D VRR [OPlusGameStatusManager]: updateGameState mOSyncFeatureSwitch: false mIsGamePolicy: false
01-17 13:50:17.313  3522  3757 D VRR [OPlusGameStatusManager]: updateGameAccelerationStatus pkgName: com.google.android.googlequicksearchbox mOSyncFeatureSwitch: false mIsGamePolicy: false mHeartStop: true mHasFlickerRisk: false mForceAcceleration: false mToastReady: false enable: false
01-17 13:50:17.313  3522  4649 D OAppNetControlService: Hans update:[10164=false][0|0] blackList:[10362, 10350, 10334, 10457, 10349, 10501, 10405, 10378, 10390, 10321, 10436, 10367, 10313, 10351, 10491]
01-17 13:50:17.320  3522  5211 W AlarmManager: Alarms must either supply a PendingIntent or an AlarmReceiver
01-17 13:50:17.328 27146 27146 D ActivityThread: Package [com.travels.travelling] reported as REPLACED, but missing application info. Assuming REMOVED.
01-17 13:50:17.331 27146 27146 D ActivityThread: Package [com.travels.travelling] reported as REPLACED, but missing application info. Assuming REMOVED.
01-17 13:50:17.331  3522  3569 W AppOps  : Noting op not finished: uid 10128 pkg com.google.android.gms code 113 startTime of in progress event=1768636370567
01-17 13:50:17.332 27146 27146 D ActivityThread: Package [com.travels.travelling] reported as REPLACED, but missing application info. Assuming REMOVED.
01-17 13:50:17.340  3522  3569 W AppOps  : Noting op not finished: uid 10128 pkg com.google.android.gms code 113 startTime of in progress event=1768636371105
01-17 13:50:17.347  3522  5211 W AppOps  : Noting op not finished: uid 10128 pkg com.google.android.gms code 79 startTime of in progress event=1768636370624
01-17 13:50:17.347 27146 27146 D ActivityThread: Package [com.travels.travelling] reported as REPLACED, but missing application info. Assuming REMOVED.
01-17 13:50:17.371  3522  3522 D OIM_OplusInputGestureMonitorUtils: mScreenReceiver action= android.intent.action.SCREEN_OFF KeyguardLockedState =true
01-17 13:50:17.395  3522  3757 D VRR [OPlusSAManager]: updateAutoMinfps for 4630946652107814787 with nits: 129.077, mHistOK true, mAmbientOK true, mCctOK true, mIrOK true, mBrightnessOK true, isPkgOK true, SA min fps: 119
01-17 13:50:17.403  3522  4511 I MR2ServiceImpl: Updating composite discovery preference | preference: RouteDiscoveryRequest{ preferredFeatures={}, activeScan=false }, active routers: []
01-17 13:50:17.417  3522  4228 D osense.compress: com.flipkart.android do shrink, target ratio = 88, final ratio = 90, cur ratio = 83
01-17 13:50:17.418  3522  4228 D osense.compress: com.dreamplug.androidapp do shrink, target ratio = 76, final ratio = 90, cur ratio = 62
01-17 13:50:17.434  3522  4228 D osense.compress: com.nordvpn.android do shrink, target ratio = 79, final ratio = 90, cur ratio = 69
01-17 13:50:17.434  3522  4228 D osense.compress: live.shorttv.apps do shrink, target ratio = 80, final ratio = 90, cur ratio = 71
01-17 13:50:17.437  3522  4412 W OplusStorageManagerFeature: mScreenReceiver action:android.intent.action.SCREEN_OFF
01-17 13:50:17.441  3522  4412 W OplusStorageManagerFeature: turn screenOff, maintPrepared:false
01-17 13:50:17.441  3522  4412 W OplusStorageManagerFeature: sendToTarget over,paramStr:5
01-17 13:50:17.444  3522  4412 W OplusStorageManagerFeature: Ready to deal actionParam:5
01-17 13:50:17.453  3522  3569 D CompatChangeReporter: Compat change id reported: 311208629; UID 10164; state: ENABLED
01-17 13:50:17.454  3522  3569 W JobScheduler: Job didn't exist in JobStore: #org.zwanoo.android.speedtest/-1331025784
01-17 13:50:17.455  1190 28740 D vold    : ufshid started
01-17 13:50:17.455  1190 28740 W vold    : old hid version is not suitable
01-17 13:50:17.455  1190 28740 D vold    : ufshid end
01-17 13:50:17.464  3522  3755 D OplusDisplayBrightnessBroadcastReceiver: onReceive action = android.intent.action.SCREEN_OFF , listeners = [com.android.server.display.color.OplusFeatureColorMode$UserSwitchedReceiver@a3e5053, com.android.server.display.color.eyeprotect.manager.AiEyeProtectManagerController$ScreenChangedReceiverWithUpgradeUI@865500c]
01-17 13:50:17.467  3522  5690 D CompatChangeReporter: Compat change id reported: 311402873; UID 10178; state: ENABLED
01-17 13:50:17.467  3522  5690 D CompatChangeReporter: Compat change id reported: 323349338; UID 10178; state: ENABLED
01-17 13:50:17.467  3522  4385 I KEYLOG_OplusKeyEventUtil: mIsPowerKeyDown =true
01-17 13:50:17.469  3522  4385 I OplusJoystickManager: read game pad state for game manager -> false
01-17 13:50:17.469  3522  4385 W OplusJoystickManager: mInterceptGamepadKey is false
01-17 13:50:17.469  3522  4385 D OplusCustomizeRestrictionManagerService: isLongPressVolumeUpDisabled start
01-17 13:50:17.469  3522  4385 D STKeyLog_StrategyBlackscreenshot: notifyKeyBeforeQueueing, downTime334551033, action=0, interactive=false
01-17 13:50:17.471  3522  4385 E Orms_ManagerInner: cannot connect to orms core service!
01-17 13:50:17.472  3522  4385 D OplusPowerManagerHelper: [isFaceAutoUnlockEnabled]
01-17 13:50:17.472  3522  4385 E OplusCustomizeRestrictionManagerService: isBiometricDisabled start
01-17 13:50:17.472  3522  4385 D OplusPowerManagerHelper: [onWakeUp]
01-17 13:50:17.472  3522  4385 E OplusCustomizeRestrictionManagerService: isBiometricDisabled start
01-17 13:50:17.472  3522  4385 D Biometrics/Face/FaceProviderExtImpl: onWakeUp wakeupReason = android.policy:POWER
01-17 13:50:17.472  3522  4385 D OplusPowerManagerHelper: [requestKeyguard]
01-17 13:50:17.472  3522  4385 I PowerGroup: Waking up power group from Dozing (groupId=0, uid=1000, reason=WAKE_REASON_POWER_BUTTON, details=android.policy:POWER)...
01-17 13:50:17.472  3522  4385 D PowerManagerService: userActivityNoUpdateLocked: groupId=0, eventTime=334551033, event=other, flags=0x0, uid=1000
01-17 13:50:17.473  3522  4385 I InputManager: displayId:0, displayInteractive:true
01-17 13:50:17.473  3522  4385 I PowerManagerService: Waking up from Dozing (uid=1000, reason=WAKE_REASON_POWER_BUTTON, details=android.policy:POWER)...
01-17 13:50:17.474  3522  4385 D OplusScreenOffTorchHelper: onWakeUp
01-17 13:50:17.474  3522  4402 I FlexibleWindowManagerService: mInteractivetrue
01-17 13:50:17.474  3522  4385 D DpcExtImpl[display=0]: setBrightnessNoAnimation, noAnimation = false
01-17 13:50:17.474  3522  4385 D DisplayPowerController[display=0]: requestPowerState: policy=BRIGHT, useProximitySensor=false, screenBrightnessOverride=-1.0, useAutoBrightness=false, screenAutoBrightnessAdjustmentOverride=NaN, screenLowPowerBrightnessFactor=1.0, blockScreenOn=false, lowPowerMode=false, boostScreenBrightness=false, dozeScreenBrightness=NaN, dozeScreenState=UNKNOWN, dozeScreenStateReason=DEFAULT_POLICY, useNormalBrightnessForDoze=false, waitForNegativeProximity=false displayReady=false pendingRequest=true
01-17 13:50:17.475  3522  4385 D DisplayManagerServiceExtImpl: request size(4,1),dpc=com.android.server.display.DisplayPowerController@e318956 size(0,1),flags=0X200F,id(0,0,local:4630946652107814787),enable=true,ready=false,waitForNegativeProximity=false policy=BRIGHT,useProximitySensor=false,dozeState=UNKNOWN,screenBrightnessOverride=-1.000000,useAuto=false,lowPower=false,lowPowerFactor=1.000000
01-17 13:50:17.476  3522  4385 D OplusScreenTimeEvent: reportWakeUpTime 334551033
01-17 13:50:17.477  3522  4515 D Biometrics/Face/FaceProviderExtImpl: startWakeUp
01-17 13:50:17.480  3522  3757 D VRR [OPlusRefreshRateService]: handleScreenStateChangeWarning state : 2
01-17 13:50:17.480  3522  3757 D DisplayManagerServiceExtImpl: scheduleTraversalLocked intraversal=false
01-17 13:50:17.481  3522  3751 D Biometrics_DEBUG: [PowerManagerService] sensor is optical
01-17 13:50:17.481  3522  3751 I DreamManagerService: Leaving dreamland.
01-17 13:50:17.481  3522  3751 D OplusFeatureAOD: key:3522 tmp:2
01-17 13:50:17.483  4883  8621 D KeyguardService: Finish IRemoteAnimationRunner.
01-17 13:50:17.484  4883  4924 V WindowManagerShell: Transition animation finished (aborted=false), notifying core (#5115) android.os.BinderProxy@8d649c9@0
01-17 13:50:17.484  4883  4924 D SplitScreen-->AppLockManager: setStartFromSafeControl mStartFromSafeControl=false
01-17 13:50:17.484  3522  3757 D VRR [OPlusExternalRefreshRateManager]: notifyDisableOtiMode: true
01-17 13:50:17.484  3522  3757 D VRR [OPlusExternalRefreshRateManager]:  [OTI] handleTouchIdlePauseState: Force
01-17 13:50:17.485  3522  5242 D Transition: finishTransition ar ActivityRecord{101691538 u0 com.google.android.googlequicksearchbox/.InternalGoogleAppActivityEntrypoint t626}, isVisibleRequested=false, state=PAUSED, visibleAtTransitionEndTokens={}, this=TransitionRecord{3c3cee5 id=5115 track=0 type=TO_FRONT flags=0x840 state=2 c=[
01-17 13:50:17.485  3522  5242 D Transition:    ChangeInfo{d870dba container=Display{#0 state=ON size=1080x2376 ROTATION_0} flags=0x0}
01-17 13:50:17.485  3522  5242 D Transition:    ChangeInfo{8bb46b container=ActivityRecord{101691538 u0 com.google.android.googlequicksearchbox/.InternalGoogleAppActivityEntrypoint t626} flags=0x0}
01-17 13:50:17.485  3522  5242 D Transition:    ChangeInfo{5a1fcc8 container=DefaultTaskDisplayArea@136778196 flags=0x10}
01-17 13:50:17.485  3522  5242 D Transition:    ChangeInfo{badc161 container=Task{ae4f0fc #626 type=standard A=10130:com.google.android.googlequicksearchbox.googleapp} flags=0x10}
01-17 13:50:17.485  3522  5242 D Transition: ]
01-17 13:50:17.485  3522  5242 D Transition: }
01-17 13:50:17.486  3522  5536 D Transition: finishTransaction-onCommitted syncId=5115
01-17 13:50:17.487  3522  3757 D VRR [OPlusSurfaceFlingerController]:  setTouchIdleShouldPause : true
01-17 13:50:17.489  3522  5242 D ActivityTaskManager: commitVisibility: ActivityRecord{101691538 u0 com.google.android.googlequicksearchbox/.InternalGoogleAppActivityEntrypoint t626}: visible=false visibleRequested=false, isInTransition=false 
01-17 13:50:17.489  3522  5242 D WindowManager: NFW_setClientVisible:ActivityRecord{101691538 u0 com.google.android.googlequicksearchbox/.InternalGoogleAppActivityEntrypoint t626} clientVisible:false
01-17 13:50:17.489  3522  5242 D OplusTransitionController: finishTransition, transition: TransitionRecord{3c3cee5 id=5115 track=0 type=TO_FRONT flags=0x840 state=4 c=[
01-17 13:50:17.489  3522  5242 D OplusTransitionController:    ChangeInfo{d870dba container=Display{#0 state=ON size=1080x2376 ROTATION_0} flags=0x0}
01-17 13:50:17.489  3522  5242 D OplusTransitionController:    ChangeInfo{8bb46b container=ActivityRecord{101691538 u0 com.google.android.googlequicksearchbox/.InternalGoogleAppActivityEntrypoint t626} flags=0x0}
01-17 13:50:17.489  3522  5242 D OplusTransitionController:    ChangeInfo{5a1fcc8 container=DefaultTaskDisplayArea@136778196 flags=0x10}
01-17 13:50:17.489  3522  5242 D OplusTransitionController:    ChangeInfo{badc161 container=Task{ae4f0fc #626 type=standard A=10130:com.google.android.googlequicksearchbox.googleapp} flags=0x10}
01-17 13:50:17.489  3522  5242 D OplusTransitionController: ]
01-17 13:50:17.489  3522  5242 D OplusTransitionController: }
01-17 13:50:17.489  3522  5242 I OplusRecentsAnimationController: finishTransition transition.mType=3,task=Task{ddd528c #700 type=standard A=10413:com.coloros.compass2 nonResizable}
01-17 13:50:17.489  3522  5242 I TaskFragmentExtImpl: reset pause in recents anim for mTaskFragment: Task{ddd528c #700 type=standard A=10413:com.coloros.compass2 nonResizable}
01-17 13:50:17.489  3522  5242 D FlexibleTaskTransitionController:  finishTransition pendingRecentToFlexibleTask:null,isRotationTransition:false ,pendingRecentToFlexible:null ,transition:TransitionRecord{3c3cee5 id=5115 track=0 type=TO_FRONT flags=0x840 state=4 c=[
01-17 13:50:17.489  3522  5242 D FlexibleTaskTransitionController:    ChangeInfo{d870dba container=Display{#0 state=ON size=1080x2376 ROTATION_0} flags=0x0}
01-17 13:50:17.489  3522  5242 D FlexibleTaskTransitionController:    ChangeInfo{8bb46b container=ActivityRecord{101691538 u0 com.google.android.googlequicksearchbox/.InternalGoogleAppActivityEntrypoint t626} flags=0x0}
01-17 13:50:17.489  3522  5242 D FlexibleTaskTransitionController:    ChangeInfo{5a1fcc8 container=DefaultTaskDisplayArea@136778196 flags=0x10}
01-17 13:50:17.489  3522  5242 D FlexibleTaskTransitionController:    ChangeInfo{badc161 container=Task{ae4f0fc #626 type=standard A=10130:com.google.android.googlequicksearchbox.googleapp} flags=0x10}
01-17 13:50:17.489  3522  5242 D FlexibleTaskTransitionController: ]
01-17 13:50:17.489  3522  5242 D FlexibleTaskTransitionController: }
01-17 13:50:17.490  3522  5242 D KEYLOG_PhoneWindowManager: setKeyguardOccludedLw occluded=false,false,false
01-17 13:50:17.490  3522  5242 D RefreshRate: ***** request traversal for refresh rate change, reason is highTempRefreshRateChanged: false, windowRefreshRateChanged: true, flexibleWindowStateChanged: false, has float/zoom window *****
01-17 13:50:17.490  3522  5242 D TransitionControllerExtImpl: NFW_send RECOMPUTE_FOCUS in finishTransition
01-17 13:50:17.490  4883  4924 D ShellTaskOrganizer: onTransitionFinish, isRecent:false
01-17 13:50:17.490  4883  4924 V WindowManagerShell: Track 0 became idle
01-17 13:50:17.490  4883  4924 V WindowManagerShell: All active transition animations finished
01-17 13:50:17.491  4883  4924 D ShellSplitScreen: onStartedWakingUp
01-17 13:50:17.491  3522  3687 D DisplayManagerService: performTraversalInternal pendingTraversal
01-17 13:50:17.491  3522  3687 D DisplayDevice: setLayerStackLocked id=local:4630946652107814787 token=android.os.BinderProxy@d283663 stack=0->0
01-17 13:50:17.491  3522  3687 I TaskOrganizerController: onTaskInfoChanged taskid 626 config { mBounds=Rect(0, 0 - 1080, 2376) mAppBounds=Rect(0, 0 - 1080, 2376) mMaxBounds=Rect(0, 0 - 1080, 2376) mDisplayRotation=ROTATION_0 mWindowingMode=fullscreen mActivityType=standard mAlwaysOnTop=undefined mRotation=ROTATION_0}
01-17 13:50:17.492  3522  3687 D OplusFlexibleDragToSplitAnimController: visibleFlexibleTaskInfos delete:626
01-17 13:50:17.492  3522  3687 E FlexibleWindowManagerService: notifyTaskObserverToAttachController not need to notify!
01-17 13:50:17.492  3522  3687 I FlexibleWindowManagerService: onFlexibleWindowTaskInfoChanged, return for cur task not embedded
01-17 13:50:17.494  3522  3686 D DisplayManagerService: MSG_REQUEST_TRAVERSAL pendingCompleted=false
01-17 13:50:17.506  3522  3700 W UserAwareMgr: can not find match thread: VideoCodec for process com.heytap.colorfulengine Pid: 27994
01-17 13:50:17.506  3522  3700 W UserAwareMgr: can not find match thread: GLPhoto for process com.heytap.colorfulengine Pid: 27994
01-17 13:50:17.506  3522  3700 W UserAwareMgr: can not find match thread: MediaCodec_looper for process com.heytap.colorfulengine Pid: 27994
01-17 13:50:17.506  3522  3752 W ContextImpl: Calling a method in the system process without a qualified user: android.app.ContextImpl.sendBroadcast:1281 com.android.server.am.OplusAppStartupConfig.handleCountRestrictedList:2042 com.android.server.am.OplusAppStartupManager.updateScreenStatus:5758 com.android.server.OplusSysStateManager$LocalService.onWakefulnessChanged:417 com.android.server.power.NotifierExtImpl.onWakefulnessChanged:145 
01-17 13:50:17.506  3522  3700 W UserAwareMgr: can not find match thread: VideoCodec for process com.heytap.colorfulengine Pid: 27994
01-17 13:50:17.506  3522  3700 W UserAwareMgr: can not find match thread: GLPhoto for process com.heytap.colorfulengine Pid: 27994
01-17 13:50:17.506  3522  3700 W UserAwareMgr: can not find match thread: MediaCodec_looper for process com.heytap.colorfulengine Pid: 27994
